ip-10-0-0-64.ap-southeast-2.compute.internal:80 203.145.182.245 - - [11/Sep/2018:10:58:28 +0000] "OPTIONS /loyalty/added HTTP/1.1" 200 410 "-" "Mozilla/5.0 (Windows NT 10.0; Win64; x64) AppleWebKit/537.36 (KHTML, like Gecko) Chrome/68.0.3440.106 Safari/537.36"

ip-10-0-0-64.ap-southeast-2.compute.internal:80 203.145.182.245 - - [11/Sep/2018:10:58:28 +0000] "OPTIONS /property/property_linked HTTP/1.1" 200 410 "-" "Mozilla/5.0 (Windows NT 10.0; Win64; x64) AppleWebKit/537.36 (KHTML, like Gecko) Chrome/68.0.3440.106 Safari/537.36"

ip-10-0-0-64.ap-southeast-2.compute.internal:80 203.145.182.245 - - [11/Sep/2018:10:58:29 +0000] "OPTIONS /compare/by_salary HTTP/1.1" 200 410 "-" "Mozilla/5.0 (Windows NT 10.0; Win64; x64) AppleWebKit/537.36 (KHTML, like Gecko) Chrome/68.0.3440.106 Safari/537.36"

ip-10-0-0-64.ap-southeast-2.compute.internal:80 121.244.36.135 - - [11/Sep/2018:10:58:29 +0000] "OPTIONS /financial/summary HTTP/1.1" 200 410 "-" "Mozilla/5.0 (Windows NT 10.0; Win64; x64) AppleWebKit/537.36 (KHTML, like Gecko) Chrome/68.0.3440.106 Safari/537.36"

ip-10-0-0-64.ap-southeast-2.compute.internal:80 203.145.182.245 - - [11/Sep/2018:10:58:30 +0000] "OPTIONS /financial/worth HTTP/1.1" 200 410 "-" "Mozilla/5.0 (Windows NT 10.0; Win64; x64) AppleWebKit/537.36 (KHTML, like Gecko) Chrome/68.0.3440.106 Safari/537.36"

ip-10-0-0-64.ap-southeast-2.compute.internal:80 121.244.36.135 - - [11/Sep/2018:10:59:06 +0000] "OPTIONS /property/property_linked HTTP/1.1" 200 410 "-" "Mozilla/5.0 (Windows NT 10.0; Win64; x64) AppleWebKit/537.36 (KHTML, like Gecko) Chrome/68.0.3440.106 Safari/537.36"

ip-10-0-0-64.ap-southeast-2.compute.internal:80 121.244.36.135 - - [11/Sep/2018:10:59:06 +0000] "OPTIONS /loyalty/added HTTP/1.1" 200 410 "-" "Mozilla/5.0 (Windows NT 10.0; Win64; x64) AppleWebKit/537.36 (KHTML, like Gecko) Chrome/68.0.3440.106 Safari/537.36"

ip-10-0-0-64.ap-southeast-2.compute.internal:80 121.244.36.135 - - [11/Sep/2018:10:59:06 +0000] "OPTIONS /property/property_linked HTTP/1.1" 200 410 "-" "Mozilla/5.0 (Windows NT 10.0; Win64; x64) AppleWebKit/537.36 (KHTML, like Gecko) Chrome/68.0.3440.106 Safari/537.36"

ip-10-0-0-64.ap-southeast-2.compute.internal:80 121.244.36.135 - - [11/Sep/2018:11:00:45 +0000] "OPTIONS /financial/worth HTTP/1.1" 200 410 "-" "Mozilla/5.0 (Windows NT 10.0; Win64; x64) AppleWebKit/537.36 (KHTML, like Gecko) Chrome/68.0.3440.106 Safari/537.36"

ip-10-0-0-64.ap-southeast-2.compute.internal:80 121.244.36.135 - - [11/Sep/2018:11:00:53 +0000] "OPTIONS /compare/by_salary HTTP/1.1" 200 410 "-" "Mozilla/5.0 (Windows NT 10.0; Win64; x64) AppleWebKit/537.36 (KHTML, like Gecko) Chrome/68.0.3440.106 Safari/537.36"

ip-10-0-0-64.ap-southeast-2.compute.internal:80 121.244.36.135 - - [11/Sep/2018:11:00:53 +0000] "OPTIONS /map_widget/maps HTTP/1.1" 200 410 "-" "Mozilla/5.0 (Windows NT 10.0; Win64; x64) AppleWebKit/537.36 (KHTML, like Gecko) Chrome/68.0.3440.106 Safari/537.36"

ip-10-0-0-64.ap-southeast-2.compute.internal:80 121.244.36.135 - - [11/Sep/2018:11:00:53 +0000] "OPTIONS /financial/summary HTTP/1.1" 200 410 "-" "Mozilla/5.0 (Windows NT 10.0; Win64; x64) AppleWebKit/537.36 (KHTML, like Gecko) Chrome/68.0.3440.106 Safari/537.36"

ip-10-0-0-64.ap-southeast-2.compute.internal:80 203.145.182.245 - - [11/Sep/2018:11:00:53 +0000] "OPTIONS /financial/worth HTTP/1.1" 200 410 "-" "Mozilla/5.0 (Windows NT 10.0; Win64; x64) AppleWebKit/537.36 (KHTML, like Gecko) Chrome/68.0.3440.106 Safari/537.36"

ip-10-0-0-64.ap-southeast-2.compute.internal:80 121.244.36.135 - - [11/Sep/2018:11:01:11 +0000] "OPTIONS /surveys/completeness HTTP/1.1" 200 410 "-" "Mozilla/5.0 (Windows NT 10.0; Win64; x64) AppleWebKit/537.36 (KHTML, like Gecko) Chrome/68.0.3440.106 Safari/537.36"

ip-10-0-0-64.ap-southeast-2.compute.internal:80 121.244.36.135 - - [11/Sep/2018:11:01:11 +0000] "OPTIONS /surveys/total/points HTTP/1.1" 200 410 "-" "Mozilla/5.0 (Windows NT 10.0; Win64; x64) AppleWebKit/537.36 (KHTML, like Gecko) Chrome/68.0.3440.106 Safari/537.36"

ip-10-0-0-64.ap-southeast-2.compute.internal:80 121.244.36.135 - - [11/Sep/2018:11:01:11 +0000] "OPTIONS /loyalty/redeemed/points HTTP/1.1" 200 410 "-" "Mozilla/5.0 (Windows NT 10.0; Win64; x64) AppleWebKit/537.36 (KHTML, like Gecko) Chrome/68.0.3440.106 Safari/537.36"

ip-10-0-0-64.ap-southeast-2.compute.internal:80 121.244.36.135 - - [11/Sep/2018:11:01:11 +0000] "OPTIONS /map_widget/maps HTTP/1.1" 200 410 "-" "Mozilla/5.0 (Windows NT 10.0; Win64; x64) AppleWebKit/537.36 (KHTML, like Gecko) Chrome/68.0.3440.106 Safari/537.36"

ip-10-0-0-64.ap-southeast-2.compute.internal:80 121.244.36.135 - - [11/Sep/2018:11:01:11 +0000] "OPTIONS /loyalty/added HTTP/1.1" 200 410 "-" "Mozilla/5.0 (Windows NT 10.0; Win64; x64) AppleWebKit/537.36 (KHTML, like Gecko) Chrome/68.0.3440.106 Safari/537.36"

ip-10-0-0-64.ap-southeast-2.compute.internal:80 121.244.36.135 - - [11/Sep/2018:11:01:11 +0000] "OPTIONS /property/property_linked HTTP/1.1" 200 410 "-" "Mozilla/5.0 (Windows NT 10.0; Win64; x64) AppleWebKit/537.36 (KHTML, like Gecko) Chrome/68.0.3440.106 Safari/537.36"

ip-10-0-0-64.ap-southeast-2.compute.internal:80 121.244.36.135 - - [11/Sep/2018:11:01:11 +0000] "OPTIONS /loyalty/added HTTP/1.1" 200 410 "-" "Mozilla/5.0 (Windows NT 10.0; Win64; x64) AppleWebKit/537.36 (KHTML, like Gecko) Chrome/68.0.3440.106 Safari/537.36"

ip-10-0-0-64.ap-southeast-2.compute.internal:80 121.244.36.135 - - [11/Sep/2018:11:01:11 +0000] "OPTIONS /property/property_linked HTTP/1.1" 200 410 "-" "Mozilla/5.0 (Windows NT 10.0; Win64; x64) AppleWebKit/537.36 (KHTML, like Gecko) Chrome/68.0.3440.106 Safari/537.36"

ip-10-0-0-64.ap-southeast-2.compute.internal:80 121.244.36.135 - - [11/Sep/2018:11:01:13 +0000] "OPTIONS /compare/by_salary HTTP/1.1" 200 410 "-" "Mozilla/5.0 (Windows NT 10.0; Win64; x64) AppleWebKit/537.36 (KHTML, like Gecko) Chrome/68.0.3440.106 Safari/537.36"

ip-10-0-0-64.ap-southeast-2.compute.internal:80 121.244.36.135 - - [11/Sep/2018:11:01:13 +0000] "OPTIONS /financial/summary HTTP/1.1" 200 410 "-" "Mozilla/5.0 (Windows NT 10.0; Win64; x64) AppleWebKit/537.36 (KHTML, like Gecko) Chrome/68.0.3440.106 Safari/537.36"

ip-10-0-0-64.ap-southeast-2.compute.internal:80 121.244.36.135 - - [11/Sep/2018:11:01:13 +0000] "OPTIONS /financial/worth HTTP/1.1" 200 410 "-" "Mozilla/5.0 (Windows NT 10.0; Win64; x64) AppleWebKit/537.36 (KHTML, like Gecko) Chrome/68.0.3440.106 Safari/537.36"

ip-10-0-0-64.ap-southeast-2.compute.internal:80 121.244.36.135 - - [11/Sep/2018:11:01:38 +0000] "OPTIONS /compare/by_salary HTTP/1.1" 200 410 "-" "Mozilla/5.0 (Windows NT 10.0; Win64; x64) AppleWebKit/537.36 (KHTML, like Gecko) Chrome/68.0.3440.106 Safari/537.36"

ip-10-0-0-64.ap-southeast-2.compute.internal:80 121.244.36.135 - - [11/Sep/2018:11:01:38 +0000] "OPTIONS /map_widget/maps HTTP/1.1" 200 410 "-" "Mozilla/5.0 (Windows NT 10.0; Win64; x64) AppleWebKit/537.36 (KHTML, like Gecko) Chrome/68.0.3440.106 Safari/537.36"

ip-10-0-0-64.ap-southeast-2.compute.internal:80 121.244.36.135 - - [11/Sep/2018:11:01:38 +0000] "OPTIONS /financial/summary HTTP/1.1" 200 410 "-" "Mozilla/5.0 (Windows NT 10.0; Win64; x64) AppleWebKit/537.36 (KHTML, like Gecko) Chrome/68.0.3440.106 Safari/537.36"

ip-10-0-0-64.ap-southeast-2.compute.internal:80 203.145.182.245 - - [11/Sep/2018:11:01:38 +0000] "OPTIONS /financial/worth HTTP/1.1" 200 410 "-" "Mozilla/5.0 (Windows NT 10.0; Win64; x64) AppleWebKit/537.36 (KHTML, like Gecko) Chrome/68.0.3440.106 Safari/537.36"

ip-10-0-0-64.ap-southeast-2.compute.internal:80 203.145.182.245 - - [11/Sep/2018:11:04:20 +0000] "OPTIONS /surveys/completeness HTTP/1.1" 200 410 "-" "Mozilla/5.0 (Windows NT 10.0; Win64; x64) AppleWebKit/537.36 (KHTML, like Gecko) Chrome/68.0.3440.106 Safari/537.36"

ip-10-0-0-64.ap-southeast-2.compute.internal:80 203.145.182.245 - - [11/Sep/2018:11:04:20 +0000] "OPTIONS /compare/by_salary HTTP/1.1" 200 410 "-" "Mozilla/5.0 (Windows NT 10.0; Win64; x64) AppleWebKit/537.36 (KHTML, like Gecko) Chrome/68.0.3440.106 Safari/537.36"

ip-10-0-0-64.ap-southeast-2.compute.internal:80 121.244.36.135 - - [11/Sep/2018:11:04:20 +0000] "OPTIONS /financial/summary HTTP/1.1" 200 410 "-" "Mozilla/5.0 (Windows NT 10.0; Win64; x64) AppleWebKit/537.36 (KHTML, like Gecko) Chrome/68.0.3440.106 Safari/537.36"

ip-10-0-0-64.ap-southeast-2.compute.internal:80 121.244.36.135 - - [11/Sep/2018:11:04:20 +0000] "OPTIONS /financial/worth HTTP/1.1" 200 410 "-" "Mozilla/5.0 (Windows NT 10.0; Win64; x64) AppleWebKit/537.36 (KHTML, like Gecko) Chrome/68.0.3440.106 Safari/537.36"

ip-10-0-0-64.ap-southeast-2.compute.internal:80 121.244.36.135 - - [11/Sep/2018:11:05:12 +0000] "OPTIONS /compare/by_salary HTTP/1.1" 200 410 "-" "Mozilla/5.0 (Windows NT 10.0; Win64; x64) AppleWebKit/537.36 (KHTML, like Gecko) Chrome/68.0.3440.106 Safari/537.36"

ip-10-0-0-64.ap-southeast-2.compute.internal:80 121.244.36.135 - - [11/Sep/2018:11:05:13 +0000] "OPTIONS /map_widget/maps HTTP/1.1" 200 410 "-" "Mozilla/5.0 (Windows NT 10.0; Win64; x64) AppleWebKit/537.36 (KHTML, like Gecko) Chrome/68.0.3440.106 Safari/537.36"

ip-10-0-0-64.ap-southeast-2.compute.internal:80 121.244.36.135 - - [11/Sep/2018:11:05:14 +0000] "OPTIONS /financial/summary HTTP/1.1" 200 410 "-" "Mozilla/5.0 (Windows NT 10.0; Win64; x64) AppleWebKit/537.36 (KHTML, like Gecko) Chrome/68.0.3440.106 Safari/537.36"

ip-10-0-0-64.ap-southeast-2.compute.internal:80 121.244.36.135 - - [11/Sep/2018:11:05:15 +0000] "OPTIONS /financial/worth HTTP/1.1" 200 410 "-" "Mozilla/5.0 (Windows NT 10.0; Win64; x64) AppleWebKit/537.36 (KHTML, like Gecko) Chrome/68.0.3440.106 Safari/537.36"

ip-10-0-0-64.ap-southeast-2.compute.internal:80 121.244.36.135 - - [11/Sep/2018:11:06:19 +0000] "OPTIONS /map_widget/maps HTTP/1.1" 200 410 "-" "Mozilla/5.0 (Windows NT 10.0; Win64; x64) AppleWebKit/537.36 (KHTML, like Gecko) Chrome/68.0.3440.106 Safari/537.36"

ip-10-0-0-64.ap-southeast-2.compute.internal:80 121.244.36.135 - - [11/Sep/2018:11:06:19 +0000] "OPTIONS /financial/summary HTTP/1.1" 200 410 "-" "Mozilla/5.0 (Windows NT 10.0; Win64; x64) AppleWebKit/537.36 (KHTML, like Gecko) Chrome/68.0.3440.106 Safari/537.36"

ip-10-0-0-64.ap-southeast-2.compute.internal:80 121.244.36.135 - - [11/Sep/2018:11:06:19 +0000] "OPTIONS /compare/by_salary HTTP/1.1" 200 410 "-" "Mozilla/5.0 (Windows NT 10.0; Win64; x64) AppleWebKit/537.36 (KHTML, like Gecko) Chrome/68.0.3440.106 Safari/537.36"

ip-10-0-0-64.ap-southeast-2.compute.internal:80 121.244.36.135 - - [11/Sep/2018:11:06:20 +0000] "OPTIONS /financial/worth HTTP/1.1" 200 410 "-" "Mozilla/5.0 (Windows NT 10.0; Win64; x64) AppleWebKit/537.36 (KHTML, like Gecko) Chrome/68.0.3440.106 Safari/537.36"

ip-10-0-0-64.ap-southeast-2.compute.internal:80 121.244.36.135 - - [11/Sep/2018:11:06:27 +0000] "OPTIONS /map_widget/maps HTTP/1.1" 200 410 "-" "Mozilla/5.0 (Windows NT 10.0; Win64; x64) AppleWebKit/537.36 (KHTML, like Gecko) Chrome/68.0.3440.106 Safari/537.36"

ip-10-0-0-64.ap-southeast-2.compute.internal:80 121.244.36.135 - - [11/Sep/2018:11:06:27 +0000] "OPTIONS /financial/summary HTTP/1.1" 200 410 "-" "Mozilla/5.0 (Windows NT 10.0; Win64; x64) AppleWebKit/537.36 (KHTML, like Gecko) Chrome/68.0.3440.106 Safari/537.36"

ip-10-0-0-64.ap-southeast-2.compute.internal:80 121.244.36.135 - - [11/Sep/2018:11:06:28 +0000] "OPTIONS /financial/worth HTTP/1.1" 200 410 "-" "Mozilla/5.0 (Windows NT 10.0; Win64; x64) AppleWebKit/537.36 (KHTML, like Gecko) Chrome/68.0.3440.106 Safari/537.36"

ip-10-0-0-64.ap-southeast-2.compute.internal:80 121.244.36.135 - - [11/Sep/2018:11:06:27 +0000] "OPTIONS /compare/by_salary HTTP/1.1" 200 410 "-" "Mozilla/5.0 (Windows NT 10.0; Win64; x64) AppleWebKit/537.36 (KHTML, like Gecko) Chrome/68.0.3440.106 Safari/537.36"

ip-10-0-0-64.ap-southeast-2.compute.internal:80 121.244.36.135 - - [11/Sep/2018:11:06:53 +0000] "OPTIONS /property/property_linked HTTP/1.1" 200 410 "-" "Mozilla/5.0 (Windows NT 10.0; Win64; x64) AppleWebKit/537.36 (KHTML, like Gecko) Chrome/68.0.3440.106 Safari/537.36"

ip-10-0-0-64.ap-southeast-2.compute.internal:80 121.244.36.135 - - [11/Sep/2018:11:06:54 +0000] "OPTIONS /loyalty/added HTTP/1.1" 200 410 "-" "Mozilla/5.0 (Windows NT 10.0; Win64; x64) AppleWebKit/537.36 (KHTML, like Gecko) Chrome/68.0.3440.106 Safari/537.36"

ip-10-0-0-64.ap-southeast-2.compute.internal:80 121.244.36.135 - - [11/Sep/2018:11:06:54 +0000] "OPTIONS /property/property_linked HTTP/1.1" 200 410 "-" "Mozilla/5.0 (Windows NT 10.0; Win64; x64) AppleWebKit/537.36 (KHTML, like Gecko) Chrome/68.0.3440.106 Safari/537.36"

ip-10-0-0-64.ap-southeast-2.compute.internal:80 121.244.36.135 - - [11/Sep/2018:11:07:43 +0000] "OPTIONS /compare/by_salary HTTP/1.1" 200 410 "-" "Mozilla/5.0 (Windows NT 10.0; Win64; x64) AppleWebKit/537.36 (KHTML, like Gecko) Chrome/68.0.3440.106 Safari/537.36"

ip-10-0-0-64.ap-southeast-2.compute.internal:80 121.244.36.135 - - [11/Sep/2018:11:07:43 +0000] "OPTIONS /map_widget/maps HTTP/1.1" 200 410 "-" "Mozilla/5.0 (Windows NT 10.0; Win64; x64) AppleWebKit/537.36 (KHTML, like Gecko) Chrome/68.0.3440.106 Safari/537.36"

ip-10-0-0-64.ap-southeast-2.compute.internal:80 121.244.36.135 - - [11/Sep/2018:11:07:43 +0000] "OPTIONS /financial/summary HTTP/1.1" 200 410 "-" "Mozilla/5.0 (Windows NT 10.0; Win64; x64) AppleWebKit/537.36 (KHTML, like Gecko) Chrome/68.0.3440.106 Safari/537.36"

ip-10-0-0-64.ap-southeast-2.compute.internal:80 203.145.182.245 - - [11/Sep/2018:11:07:43 +0000] "OPTIONS /financial/worth HTTP/1.1" 200 410 "-" "Mozilla/5.0 (Windows NT 10.0; Win64; x64) AppleWebKit/537.36 (KHTML, like Gecko) Chrome/68.0.3440.106 Safari/537.36"

ip-10-0-0-64.ap-southeast-2.compute.internal:80 121.244.36.135 - - [11/Sep/2018:11:10:02 +0000] "OPTIONS /compare/by_salary HTTP/1.1" 200 410 "-" "Mozilla/5.0 (Windows NT 10.0; Win64; x64) AppleWebKit/537.36 (KHTML, like Gecko) Chrome/68.0.3440.106 Safari/537.36"

ip-10-0-0-64.ap-southeast-2.compute.internal:80 121.244.36.135 - - [11/Sep/2018:11:10:02 +0000] "OPTIONS /map_widget/maps HTTP/1.1" 200 410 "-" "Mozilla/5.0 (Windows NT 10.0; Win64; x64) AppleWebKit/537.36 (KHTML, like Gecko) Chrome/68.0.3440.106 Safari/537.36"

ip-10-0-0-64.ap-southeast-2.compute.internal:80 121.244.36.135 - - [11/Sep/2018:11:10:02 +0000] "OPTIONS /financial/summary HTTP/1.1" 200 410 "-" "Mozilla/5.0 (Windows NT 10.0; Win64; x64) AppleWebKit/537.36 (KHTML, like Gecko) Chrome/68.0.3440.106 Safari/537.36"

ip-10-0-0-64.ap-southeast-2.compute.internal:80 121.244.36.135 - - [11/Sep/2018:11:10:02 +0000] "OPTIONS /financial/worth HTTP/1.1" 200 410 "-" "Mozilla/5.0 (Windows NT 10.0; Win64; x64) AppleWebKit/537.36 (KHTML, like Gecko) Chrome/68.0.3440.106 Safari/537.36"

ip-10-0-0-64.ap-southeast-2.compute.internal:80 121.244.36.135 - - [11/Sep/2018:11:11:29 +0000] "OPTIONS /compare/by_salary HTTP/1.1" 200 410 "-" "Mozilla/5.0 (Windows NT 10.0; Win64; x64) AppleWebKit/537.36 (KHTML, like Gecko) Chrome/68.0.3440.106 Safari/537.36"

ip-10-0-0-64.ap-southeast-2.compute.internal:80 121.244.36.135 - - [11/Sep/2018:11:11:29 +0000] "OPTIONS /map_widget/maps HTTP/1.1" 200 410 "-" "Mozilla/5.0 (Windows NT 10.0; Win64; x64) AppleWebKit/537.36 (KHTML, like Gecko) Chrome/68.0.3440.106 Safari/537.36"

ip-10-0-0-64.ap-southeast-2.compute.internal:80 121.244.36.135 - - [11/Sep/2018:11:11:29 +0000] "OPTIONS /financial/summary HTTP/1.1" 200 410 "-" "Mozilla/5.0 (Windows NT 10.0; Win64; x64) AppleWebKit/537.36 (KHTML, like Gecko) Chrome/68.0.3440.106 Safari/537.36"

ip-10-0-0-64.ap-southeast-2.compute.internal:80 121.244.36.135 - - [11/Sep/2018:11:11:29 +0000] "OPTIONS /financial/worth HTTP/1.1" 200 410 "-" "Mozilla/5.0 (Windows NT 10.0; Win64; x64) AppleWebKit/537.36 (KHTML, like Gecko) Chrome/68.0.3440.106 Safari/537.36"

ip-10-0-0-64.ap-southeast-2.compute.internal:80 121.244.36.135 - - [11/Sep/2018:11:11:50 +0000] "OPTIONS /compare/by_salary HTTP/1.1" 200 410 "-" "Mozilla/5.0 (Windows NT 10.0; Win64; x64) AppleWebKit/537.36 (KHTML, like Gecko) Chrome/68.0.3440.106 Safari/537.36"

ip-10-0-0-64.ap-southeast-2.compute.internal:80 121.244.36.135 - - [11/Sep/2018:11:11:50 +0000] "OPTIONS /map_widget/maps HTTP/1.1" 200 410 "-" "Mozilla/5.0 (Windows NT 10.0; Win64; x64) AppleWebKit/537.36 (KHTML, like Gecko) Chrome/68.0.3440.106 Safari/537.36"

ip-10-0-0-64.ap-southeast-2.compute.internal:80 121.244.36.135 - - [11/Sep/2018:11:11:50 +0000] "OPTIONS /financial/summary HTTP/1.1" 200 410 "-" "Mozilla/5.0 (Windows NT 10.0; Win64; x64) AppleWebKit/537.36 (KHTML, like Gecko) Chrome/68.0.3440.106 Safari/537.36"

ip-10-0-0-64.ap-southeast-2.compute.internal:80 203.145.182.245 - - [11/Sep/2018:11:11:50 +0000] "OPTIONS /financial/worth HTTP/1.1" 200 410 "-" "Mozilla/5.0 (Windows NT 10.0; Win64; x64) AppleWebKit/537.36 (KHTML, like Gecko) Chrome/68.0.3440.106 Safari/537.36"

ip-10-0-0-64.ap-southeast-2.compute.internal:80 121.244.36.135 - - [11/Sep/2018:11:13:02 +0000] "OPTIONS /compare/by_salary HTTP/1.1" 200 410 "-" "Mozilla/5.0 (Windows NT 10.0; Win64; x64) AppleWebKit/537.36 (KHTML, like Gecko) Chrome/68.0.3440.106 Safari/537.36"

ip-10-0-0-64.ap-southeast-2.compute.internal:80 121.244.36.135 - - [11/Sep/2018:11:13:02 +0000] "OPTIONS /financial/summary HTTP/1.1" 200 410 "-" "Mozilla/5.0 (Windows NT 10.0; Win64; x64) AppleWebKit/537.36 (KHTML, like Gecko) Chrome/68.0.3440.106 Safari/537.36"

ip-10-0-0-64.ap-southeast-2.compute.internal:80 121.244.36.135 - - [11/Sep/2018:11:13:02 +0000] "OPTIONS /map_widget/maps HTTP/1.1" 200 410 "-" "Mozilla/5.0 (Windows NT 10.0; Win64; x64) AppleWebKit/537.36 (KHTML, like Gecko) Chrome/68.0.3440.106 Safari/537.36"

ip-10-0-0-64.ap-southeast-2.compute.internal:80 203.145.182.245 - - [11/Sep/2018:11:13:02 +0000] "OPTIONS /financial/worth HTTP/1.1" 200 410 "-" "Mozilla/5.0 (Windows NT 10.0; Win64; x64) AppleWebKit/537.36 (KHTML, like Gecko) Chrome/68.0.3440.106 Safari/537.36"

ip-10-0-0-64.ap-southeast-2.compute.internal:80 121.244.36.135 - - [11/Sep/2018:11:13:25 +0000] "OPTIONS /compare/by_salary HTTP/1.1" 200 410 "-" "Mozilla/5.0 (Windows NT 10.0; Win64; x64) AppleWebKit/537.36 (KHTML, like Gecko) Chrome/68.0.3440.106 Safari/537.36"

ip-10-0-0-64.ap-southeast-2.compute.internal:80 121.244.36.135 - - [11/Sep/2018:11:13:25 +0000] "OPTIONS /map_widget/maps HTTP/1.1" 200 410 "-" "Mozilla/5.0 (Windows NT 10.0; Win64; x64) AppleWebKit/537.36 (KHTML, like Gecko) Chrome/68.0.3440.106 Safari/537.36"

ip-10-0-0-64.ap-southeast-2.compute.internal:80 121.244.36.135 - - [11/Sep/2018:11:13:25 +0000] "OPTIONS /financial/summary HTTP/1.1" 200 410 "-" "Mozilla/5.0 (Windows NT 10.0; Win64; x64) AppleWebKit/537.36 (KHTML, like Gecko) Chrome/68.0.3440.106 Safari/537.36"

ip-10-0-0-64.ap-southeast-2.compute.internal:80 203.145.182.245 - - [11/Sep/2018:11:13:26 +0000] "OPTIONS /financial/worth HTTP/1.1" 200 410 "-" "Mozilla/5.0 (Windows NT 10.0; Win64; x64) AppleWebKit/537.36 (KHTML, like Gecko) Chrome/68.0.3440.106 Safari/537.36"

ip-10-0-0-64.ap-southeast-2.compute.internal:80 121.244.36.135 - - [11/Sep/2018:11:14:02 +0000] "OPTIONS /compare/by_salary HTTP/1.1" 200 410 "-" "Mozilla/5.0 (Windows NT 10.0; Win64; x64) AppleWebKit/537.36 (KHTML, like Gecko) Chrome/68.0.3440.106 Safari/537.36"

ip-10-0-0-64.ap-southeast-2.compute.internal:80 121.244.36.135 - - [11/Sep/2018:11:14:02 +0000] "OPTIONS /map_widget/maps HTTP/1.1" 200 410 "-" "Mozilla/5.0 (Windows NT 10.0; Win64; x64) AppleWebKit/537.36 (KHTML, like Gecko) Chrome/68.0.3440.106 Safari/537.36"

ip-10-0-0-64.ap-southeast-2.compute.internal:80 121.244.36.135 - - [11/Sep/2018:11:14:02 +0000] "OPTIONS /financial/summary HTTP/1.1" 200 410 "-" "Mozilla/5.0 (Windows NT 10.0; Win64; x64) AppleWebKit/537.36 (KHTML, like Gecko) Chrome/68.0.3440.106 Safari/537.36"

ip-10-0-0-64.ap-southeast-2.compute.internal:80 203.145.182.245 - - [11/Sep/2018:11:14:02 +0000] "OPTIONS /financial/worth HTTP/1.1" 200 410 "-" "Mozilla/5.0 (Windows NT 10.0; Win64; x64) AppleWebKit/537.36 (KHTML, like Gecko) Chrome/68.0.3440.106 Safari/537.36"

ip-10-0-0-64.ap-southeast-2.compute.internal:80 121.244.36.135 - - [11/Sep/2018:11:14:44 +0000] "OPTIONS /compare/by_salary HTTP/1.1" 200 410 "-" "Mozilla/5.0 (Windows NT 10.0; Win64; x64) AppleWebKit/537.36 (KHTML, like Gecko) Chrome/68.0.3440.106 Safari/537.36"

ip-10-0-0-64.ap-southeast-2.compute.internal:80 121.244.36.135 - - [11/Sep/2018:11:14:44 +0000] "OPTIONS /financial/summary HTTP/1.1" 200 410 "-" "Mozilla/5.0 (Windows NT 10.0; Win64; x64) AppleWebKit/537.36 (KHTML, like Gecko) Chrome/68.0.3440.106 Safari/537.36"

ip-10-0-0-64.ap-southeast-2.compute.internal:80 121.244.36.135 - - [11/Sep/2018:11:14:44 +0000] "OPTIONS /map_widget/maps HTTP/1.1" 200 410 "-" "Mozilla/5.0 (Windows NT 10.0; Win64; x64) AppleWebKit/537.36 (KHTML, like Gecko) Chrome/68.0.3440.106 Safari/537.36"

ip-10-0-0-64.ap-southeast-2.compute.internal:80 203.145.182.245 - - [11/Sep/2018:11:14:45 +0000] "OPTIONS /financial/worth HTTP/1.1" 200 410 "-" "Mozilla/5.0 (Windows NT 10.0; Win64; x64) AppleWebKit/537.36 (KHTML, like Gecko) Chrome/68.0.3440.106 Safari/537.36"

ip-10-0-0-64.ap-southeast-2.compute.internal:80 121.244.36.135 - - [11/Sep/2018:11:15:14 +0000] "OPTIONS /compare/by_salary HTTP/1.1" 200 410 "-" "Mozilla/5.0 (Windows NT 10.0; Win64; x64) AppleWebKit/537.36 (KHTML, like Gecko) Chrome/68.0.3440.106 Safari/537.36"

ip-10-0-0-64.ap-southeast-2.compute.internal:80 121.244.36.135 - - [11/Sep/2018:11:15:14 +0000] "OPTIONS /map_widget/maps HTTP/1.1" 200 410 "-" "Mozilla/5.0 (Windows NT 10.0; Win64; x64) AppleWebKit/537.36 (KHTML, like Gecko) Chrome/68.0.3440.106 Safari/537.36"

ip-10-0-0-64.ap-southeast-2.compute.internal:80 121.244.36.135 - - [11/Sep/2018:11:15:14 +0000] "OPTIONS /financial/summary HTTP/1.1" 200 410 "-" "Mozilla/5.0 (Windows NT 10.0; Win64; x64) AppleWebKit/537.36 (KHTML, like Gecko) Chrome/68.0.3440.106 Safari/537.36"

ip-10-0-0-64.ap-southeast-2.compute.internal:80 203.145.182.245 - - [11/Sep/2018:11:15:14 +0000] "OPTIONS /financial/worth HTTP/1.1" 200 410 "-" "Mozilla/5.0 (Windows NT 10.0; Win64; x64) AppleWebKit/537.36 (KHTML, like Gecko) Chrome/68.0.3440.106 Safari/537.36"

ip-10-0-0-64.ap-southeast-2.compute.internal:80 121.244.36.135 - - [11/Sep/2018:11:15:43 +0000] "OPTIONS /compare/by_salary HTTP/1.1" 200 410 "-" "Mozilla/5.0 (Windows NT 10.0; Win64; x64) AppleWebKit/537.36 (KHTML, like Gecko) Chrome/68.0.3440.106 Safari/537.36"

ip-10-0-0-64.ap-southeast-2.compute.internal:80 121.244.36.135 - - [11/Sep/2018:11:15:43 +0000] "OPTIONS /map_widget/maps HTTP/1.1" 200 410 "-" "Mozilla/5.0 (Windows NT 10.0; Win64; x64) AppleWebKit/537.36 (KHTML, like Gecko) Chrome/68.0.3440.106 Safari/537.36"

ip-10-0-0-64.ap-southeast-2.compute.internal:80 121.244.36.135 - - [11/Sep/2018:11:15:43 +0000] "OPTIONS /financial/summary HTTP/1.1" 200 410 "-" "Mozilla/5.0 (Windows NT 10.0; Win64; x64) AppleWebKit/537.36 (KHTML, like Gecko) Chrome/68.0.3440.106 Safari/537.36"

ip-10-0-0-64.ap-southeast-2.compute.internal:80 121.244.36.135 - - [11/Sep/2018:11:15:43 +0000] "OPTIONS /financial/worth HTTP/1.1" 200 410 "-" "Mozilla/5.0 (Windows NT 10.0; Win64; x64) AppleWebKit/537.36 (KHTML, like Gecko) Chrome/68.0.3440.106 Safari/537.36"

ip-10-0-0-64.ap-southeast-2.compute.internal:80 121.244.36.135 - - [11/Sep/2018:11:16:27 +0000] "OPTIONS /compare/by_salary HTTP/1.1" 200 410 "-" "Mozilla/5.0 (Windows NT 10.0; Win64; x64) AppleWebKit/537.36 (KHTML, like Gecko) Chrome/68.0.3440.106 Safari/537.36"

ip-10-0-0-64.ap-southeast-2.compute.internal:80 121.244.36.135 - - [11/Sep/2018:11:16:27 +0000] "OPTIONS /map_widget/maps HTTP/1.1" 200 410 "-" "Mozilla/5.0 (Windows NT 10.0; Win64; x64) AppleWebKit/537.36 (KHTML, like Gecko) Chrome/68.0.3440.106 Safari/537.36"

ip-10-0-0-64.ap-southeast-2.compute.internal:80 121.244.36.135 - - [11/Sep/2018:11:16:27 +0000] "OPTIONS /financial/summary HTTP/1.1" 200 410 "-" "Mozilla/5.0 (Windows NT 10.0; Win64; x64) AppleWebKit/537.36 (KHTML, like Gecko) Chrome/68.0.3440.106 Safari/537.36"

ip-10-0-0-64.ap-southeast-2.compute.internal:80 203.145.182.245 - - [11/Sep/2018:11:16:28 +0000] "OPTIONS /financial/worth HTTP/1.1" 200 410 "-" "Mozilla/5.0 (Windows NT 10.0; Win64; x64) AppleWebKit/537.36 (KHTML, like Gecko) Chrome/68.0.3440.106 Safari/537.36"

ip-10-0-0-64.ap-southeast-2.compute.internal:80 121.244.36.135 - - [11/Sep/2018:11:16:54 +0000] "OPTIONS /compare/by_salary HTTP/1.1" 200 410 "-" "Mozilla/5.0 (Windows NT 10.0; Win64; x64) AppleWebKit/537.36 (KHTML, like Gecko) Chrome/68.0.3440.106 Safari/537.36"

ip-10-0-0-64.ap-southeast-2.compute.internal:80 121.244.36.135 - - [11/Sep/2018:11:16:54 +0000] "OPTIONS /map_widget/maps HTTP/1.1" 200 410 "-" "Mozilla/5.0 (Windows NT 10.0; Win64; x64) AppleWebKit/537.36 (KHTML, like Gecko) Chrome/68.0.3440.106 Safari/537.36"

ip-10-0-0-64.ap-southeast-2.compute.internal:80 121.244.36.135 - - [11/Sep/2018:11:16:54 +0000] "OPTIONS /financial/summary HTTP/1.1" 200 410 "-" "Mozilla/5.0 (Windows NT 10.0; Win64; x64) AppleWebKit/537.36 (KHTML, like Gecko) Chrome/68.0.3440.106 Safari/537.36"

ip-10-0-0-64.ap-southeast-2.compute.internal:80 203.145.182.245 - - [11/Sep/2018:11:16:54 +0000] "OPTIONS /financial/worth HTTP/1.1" 200 410 "-" "Mozilla/5.0 (Windows NT 10.0; Win64; x64) AppleWebKit/537.36 (KHTML, like Gecko) Chrome/68.0.3440.106 Safari/537.36"

ip-10-0-0-64.ap-southeast-2.compute.internal:80 121.244.36.135 - - [11/Sep/2018:11:17:21 +0000] "OPTIONS /compare/by_salary HTTP/1.1" 200 410 "-" "Mozilla/5.0 (Windows NT 10.0; Win64; x64) AppleWebKit/537.36 (KHTML, like Gecko) Chrome/68.0.3440.106 Safari/537.36"

ip-10-0-0-64.ap-southeast-2.compute.internal:80 121.244.36.135 - - [11/Sep/2018:11:17:21 +0000] "OPTIONS /map_widget/maps HTTP/1.1" 200 410 "-" "Mozilla/5.0 (Windows NT 10.0; Win64; x64) AppleWebKit/537.36 (KHTML, like Gecko) Chrome/68.0.3440.106 Safari/537.36"

ip-10-0-0-64.ap-southeast-2.compute.internal:80 121.244.36.135 - - [11/Sep/2018:11:17:21 +0000] "OPTIONS /financial/summary HTTP/1.1" 200 410 "-" "Mozilla/5.0 (Windows NT 10.0; Win64; x64) AppleWebKit/537.36 (KHTML, like Gecko) Chrome/68.0.3440.106 Safari/537.36"

ip-10-0-0-64.ap-southeast-2.compute.internal:80 121.244.36.135 - - [11/Sep/2018:11:17:21 +0000] "OPTIONS /financial/worth HTTP/1.1" 200 410 "-" "Mozilla/5.0 (Windows NT 10.0; Win64; x64) AppleWebKit/537.36 (KHTML, like Gecko) Chrome/68.0.3440.106 Safari/537.36"

ip-10-0-0-64.ap-southeast-2.compute.internal:80 121.244.36.135 - - [11/Sep/2018:11:18:15 +0000] "OPTIONS /compare/by_salary HTTP/1.1" 200 410 "-" "Mozilla/5.0 (Windows NT 10.0; Win64; x64) AppleWebKit/537.36 (KHTML, like Gecko) Chrome/68.0.3440.106 Safari/537.36"

ip-10-0-0-64.ap-southeast-2.compute.internal:80 121.244.36.135 - - [11/Sep/2018:11:18:15 +0000] "OPTIONS /map_widget/maps HTTP/1.1" 200 410 "-" "Mozilla/5.0 (Windows NT 10.0; Win64; x64) AppleWebKit/537.36 (KHTML, like Gecko) Chrome/68.0.3440.106 Safari/537.36"

ip-10-0-0-64.ap-southeast-2.compute.internal:80 121.244.36.135 - - [11/Sep/2018:11:18:15 +0000] "OPTIONS /financial/summary HTTP/1.1" 200 410 "-" "Mozilla/5.0 (Windows NT 10.0; Win64; x64) AppleWebKit/537.36 (KHTML, like Gecko) Chrome/68.0.3440.106 Safari/537.36"

ip-10-0-0-64.ap-southeast-2.compute.internal:80 203.145.182.245 - - [11/Sep/2018:11:18:15 +0000] "OPTIONS /financial/worth HTTP/1.1" 200 410 "-" "Mozilla/5.0 (Windows NT 10.0; Win64; x64) AppleWebKit/537.36 (KHTML, like Gecko) Chrome/68.0.3440.106 Safari/537.36"

ip-10-0-0-64.ap-southeast-2.compute.internal:80 121.244.36.135 - - [11/Sep/2018:11:18:32 +0000] "OPTIONS /compare/by_salary HTTP/1.1" 200 410 "-" "Mozilla/5.0 (Windows NT 10.0; Win64; x64) AppleWebKit/537.36 (KHTML, like Gecko) Chrome/68.0.3440.106 Safari/537.36"

ip-10-0-0-64.ap-southeast-2.compute.internal:80 121.244.36.135 - - [11/Sep/2018:11:18:32 +0000] "OPTIONS /map_widget/maps HTTP/1.1" 200 410 "-" "Mozilla/5.0 (Windows NT 10.0; Win64; x64) AppleWebKit/537.36 (KHTML, like Gecko) Chrome/68.0.3440.106 Safari/537.36"

ip-10-0-0-64.ap-southeast-2.compute.internal:80 121.244.36.135 - - [11/Sep/2018:11:18:32 +0000] "OPTIONS /financial/summary HTTP/1.1" 200 410 "-" "Mozilla/5.0 (Windows NT 10.0; Win64; x64) AppleWebKit/537.36 (KHTML, like Gecko) Chrome/68.0.3440.106 Safari/537.36"

ip-10-0-0-64.ap-southeast-2.compute.internal:80 203.145.182.245 - - [11/Sep/2018:11:18:33 +0000] "OPTIONS /financial/worth HTTP/1.1" 200 410 "-" "Mozilla/5.0 (Windows NT 10.0; Win64; x64) AppleWebKit/537.36 (KHTML, like Gecko) Chrome/68.0.3440.106 Safari/537.36"

ip-10-0-0-64.ap-southeast-2.compute.internal:80 125.17.6.141 - - [11/Sep/2018:11:19:20 +0000] "OPTIONS /surveys/total/points HTTP/1.1" 200 410 "-" "Mozilla/5.0 (Windows NT 10.0; Win64; x64; rv:62.0) Gecko/20100101 Firefox/62.0"

ip-10-0-0-64.ap-southeast-2.compute.internal:80 125.17.6.141 - - [11/Sep/2018:11:19:20 +0000] "OPTIONS /loyalty/redeemed/points HTTP/1.1" 200 410 "-" "Mozilla/5.0 (Windows NT 10.0; Win64; x64; rv:62.0) Gecko/20100101 Firefox/62.0"

ip-10-0-0-64.ap-southeast-2.compute.internal:80 125.17.6.141 - - [11/Sep/2018:11:19:20 +0000] "OPTIONS /map_widget/maps HTTP/1.1" 200 410 "-" "Mozilla/5.0 (Windows NT 10.0; Win64; x64; rv:62.0) Gecko/20100101 Firefox/62.0"

ip-10-0-0-64.ap-southeast-2.compute.internal:80 125.17.6.141 - - [11/Sep/2018:11:19:20 +0000] "OPTIONS /loyalty/added HTTP/1.1" 200 410 "-" "Mozilla/5.0 (Windows NT 10.0; Win64; x64; rv:62.0) Gecko/20100101 Firefox/62.0"

ip-10-0-0-64.ap-southeast-2.compute.internal:80 125.17.6.141 - - [11/Sep/2018:11:19:20 +0000] "OPTIONS /property/property_linked HTTP/1.1" 200 410 "-" "Mozilla/5.0 (Windows NT 10.0; Win64; x64; rv:62.0) Gecko/20100101 Firefox/62.0"

ip-10-0-0-64.ap-southeast-2.compute.internal:80 125.17.6.141 - - [11/Sep/2018:11:19:21 +0000] "OPTIONS /loyalty/added HTTP/1.1" 200 410 "-" "Mozilla/5.0 (Windows NT 10.0; Win64; x64; rv:62.0) Gecko/20100101 Firefox/62.0"

ip-10-0-0-64.ap-southeast-2.compute.internal:80 125.17.6.141 - - [11/Sep/2018:11:19:21 +0000] "OPTIONS /property/property_linked HTTP/1.1" 200 410 "-" "Mozilla/5.0 (Windows NT 10.0; Win64; x64; rv:62.0) Gecko/20100101 Firefox/62.0"

ip-10-0-0-64.ap-southeast-2.compute.internal:80 121.244.36.135 - - [11/Sep/2018:11:20:39 +0000] "OPTIONS /compare/by_salary HTTP/1.1" 200 410 "-" "Mozilla/5.0 (Windows NT 10.0; Win64; x64) AppleWebKit/537.36 (KHTML, like Gecko) Chrome/68.0.3440.106 Safari/537.36"

ip-10-0-0-64.ap-southeast-2.compute.internal:80 121.244.36.135 - - [11/Sep/2018:11:20:39 +0000] "OPTIONS /map_widget/maps HTTP/1.1" 200 410 "-" "Mozilla/5.0 (Windows NT 10.0; Win64; x64) AppleWebKit/537.36 (KHTML, like Gecko) Chrome/68.0.3440.106 Safari/537.36"

ip-10-0-0-64.ap-southeast-2.compute.internal:80 121.244.36.135 - - [11/Sep/2018:11:20:39 +0000] "OPTIONS /financial/summary HTTP/1.1" 200 410 "-" "Mozilla/5.0 (Windows NT 10.0; Win64; x64) AppleWebKit/537.36 (KHTML, like Gecko) Chrome/68.0.3440.106 Safari/537.36"

ip-10-0-0-64.ap-southeast-2.compute.internal:80 203.145.182.245 - - [11/Sep/2018:11:20:39 +0000] "OPTIONS /financial/worth HTTP/1.1" 200 410 "-" "Mozilla/5.0 (Windows NT 10.0; Win64; x64) AppleWebKit/537.36 (KHTML, like Gecko) Chrome/68.0.3440.106 Safari/537.36"

ip-10-0-0-64.ap-southeast-2.compute.internal:80 121.244.36.135 - - [11/Sep/2018:11:21:40 +0000] "OPTIONS /map_widget/maps HTTP/1.1" 200 410 "-" "Mozilla/5.0 (Windows NT 10.0; Win64; x64) AppleWebKit/537.36 (KHTML, like Gecko) Chrome/68.0.3440.106 Safari/537.36"

ip-10-0-0-64.ap-southeast-2.compute.internal:80 121.244.36.135 - - [11/Sep/2018:11:21:40 +0000] "OPTIONS /compare/by_salary HTTP/1.1" 200 410 "-" "Mozilla/5.0 (Windows NT 10.0; Win64; x64) AppleWebKit/537.36 (KHTML, like Gecko) Chrome/68.0.3440.106 Safari/537.36"

ip-10-0-0-64.ap-southeast-2.compute.internal:80 121.244.36.135 - - [11/Sep/2018:11:21:40 +0000] "OPTIONS /financial/summary HTTP/1.1" 200 410 "-" "Mozilla/5.0 (Windows NT 10.0; Win64; x64) AppleWebKit/537.36 (KHTML, like Gecko) Chrome/68.0.3440.106 Safari/537.36"

ip-10-0-0-64.ap-southeast-2.compute.internal:80 121.244.36.135 - - [11/Sep/2018:11:21:40 +0000] "OPTIONS /financial/worth HTTP/1.1" 200 410 "-" "Mozilla/5.0 (Windows NT 10.0; Win64; x64) AppleWebKit/537.36 (KHTML, like Gecko) Chrome/68.0.3440.106 Safari/537.36"

ip-10-0-0-64.ap-southeast-2.compute.internal:80 121.244.36.135 - - [11/Sep/2018:11:22:48 +0000] "OPTIONS /compare/in_area HTTP/1.1" 200 410 "-" "Mozilla/5.0 (Windows NT 10.0; Win64; x64) AppleWebKit/537.36 (KHTML, like Gecko) Chrome/68.0.3440.106 Safari/537.36"

ip-10-0-0-64.ap-southeast-2.compute.internal:80 121.244.36.135 - - [11/Sep/2018:11:22:48 +0000] "OPTIONS /surveys/total/points HTTP/1.1" 200 410 "-" "Mozilla/5.0 (Windows NT 10.0; Win64; x64) AppleWebKit/537.36 (KHTML, like Gecko) Chrome/68.0.3440.106 Safari/537.36"

ip-10-0-0-64.ap-southeast-2.compute.internal:80 121.244.36.135 - - [11/Sep/2018:11:22:48 +0000] "OPTIONS /loyalty/redeemed/points HTTP/1.1" 200 410 "-" "Mozilla/5.0 (Windows NT 10.0; Win64; x64) AppleWebKit/537.36 (KHTML, like Gecko) Chrome/68.0.3440.106 Safari/537.36"

ip-10-0-0-64.ap-southeast-2.compute.internal:80 121.244.36.135 - - [11/Sep/2018:11:22:48 +0000] "OPTIONS /map_widget/maps HTTP/1.1" 200 410 "-" "Mozilla/5.0 (Windows NT 10.0; Win64; x64) AppleWebKit/537.36 (KHTML, like Gecko) Chrome/68.0.3440.106 Safari/537.36"

ip-10-0-0-64.ap-southeast-2.compute.internal:80 121.244.36.135 - - [11/Sep/2018:11:22:48 +0000] "OPTIONS /loyalty/added HTTP/1.1" 200 410 "-" "Mozilla/5.0 (Windows NT 10.0; Win64; x64) AppleWebKit/537.36 (KHTML, like Gecko) Chrome/68.0.3440.106 Safari/537.36"

ip-10-0-0-64.ap-southeast-2.compute.internal:80 121.244.36.135 - - [11/Sep/2018:11:22:49 +0000] "OPTIONS /property/property_linked HTTP/1.1" 200 410 "-" "Mozilla/5.0 (Windows NT 10.0; Win64; x64) AppleWebKit/537.36 (KHTML, like Gecko) Chrome/68.0.3440.106 Safari/537.36"

ip-10-0-0-64.ap-southeast-2.compute.internal:80 121.244.36.135 - - [11/Sep/2018:11:22:49 +0000] "OPTIONS /loyalty/added HTTP/1.1" 200 410 "-" "Mozilla/5.0 (Windows NT 10.0; Win64; x64) AppleWebKit/537.36 (KHTML, like Gecko) Chrome/68.0.3440.106 Safari/537.36"

ip-10-0-0-64.ap-southeast-2.compute.internal:80 121.244.36.135 - - [11/Sep/2018:11:22:49 +0000] "OPTIONS /property/property_linked HTTP/1.1" 200 410 "-" "Mozilla/5.0 (Windows NT 10.0; Win64; x64) AppleWebKit/537.36 (KHTML, like Gecko) Chrome/68.0.3440.106 Safari/537.36"

ip-10-0-0-64.ap-southeast-2.compute.internal:80 121.244.36.135 - - [11/Sep/2018:11:23:18 +0000] "OPTIONS /compare/by_salary HTTP/1.1" 200 410 "-" "Mozilla/5.0 (Windows NT 10.0; Win64; x64) AppleWebKit/537.36 (KHTML, like Gecko) Chrome/68.0.3440.106 Safari/537.36"

ip-10-0-0-64.ap-southeast-2.compute.internal:80 121.244.36.135 - - [11/Sep/2018:11:23:18 +0000] "OPTIONS /map_widget/maps HTTP/1.1" 200 410 "-" "Mozilla/5.0 (Windows NT 10.0; Win64; x64) AppleWebKit/537.36 (KHTML, like Gecko) Chrome/68.0.3440.106 Safari/537.36"

ip-10-0-0-64.ap-southeast-2.compute.internal:80 121.244.36.135 - - [11/Sep/2018:11:23:18 +0000] "OPTIONS /financial/summary HTTP/1.1" 200 410 "-" "Mozilla/5.0 (Windows NT 10.0; Win64; x64) AppleWebKit/537.36 (KHTML, like Gecko) Chrome/68.0.3440.106 Safari/537.36"

ip-10-0-0-64.ap-southeast-2.compute.internal:80 203.145.182.245 - - [11/Sep/2018:11:23:18 +0000] "OPTIONS /financial/worth HTTP/1.1" 200 410 "-" "Mozilla/5.0 (Windows NT 10.0; Win64; x64) AppleWebKit/537.36 (KHTML, like Gecko) Chrome/68.0.3440.106 Safari/537.36"

ip-10-0-0-64.ap-southeast-2.compute.internal:80 121.244.36.135 - - [11/Sep/2018:11:23:37 +0000] "OPTIONS /compare/in_area HTTP/1.1" 200 410 "-" "Mozilla/5.0 (Windows NT 10.0; Win64; x64) AppleWebKit/537.36 (KHTML, like Gecko) Chrome/68.0.3440.106 Safari/537.36"

ip-10-0-0-64.ap-southeast-2.compute.internal:80 121.244.36.135 - - [11/Sep/2018:11:23:37 +0000] "OPTIONS /surveys/total/points HTTP/1.1" 200 410 "-" "Mozilla/5.0 (Windows NT 10.0; Win64; x64) AppleWebKit/537.36 (KHTML, like Gecko) Chrome/68.0.3440.106 Safari/537.36"

ip-10-0-0-64.ap-southeast-2.compute.internal:80 121.244.36.135 - - [11/Sep/2018:11:23:37 +0000] "OPTIONS /loyalty/redeemed/points HTTP/1.1" 200 410 "-" "Mozilla/5.0 (Windows NT 10.0; Win64; x64) AppleWebKit/537.36 (KHTML, like Gecko) Chrome/68.0.3440.106 Safari/537.36"

ip-10-0-0-64.ap-southeast-2.compute.internal:80 121.244.36.135 - - [11/Sep/2018:11:23:37 +0000] "OPTIONS /map_widget/maps HTTP/1.1" 200 410 "-" "Mozilla/5.0 (Windows NT 10.0; Win64; x64) AppleWebKit/537.36 (KHTML, like Gecko) Chrome/68.0.3440.106 Safari/537.36"

ip-10-0-0-64.ap-southeast-2.compute.internal:80 121.244.36.135 - - [11/Sep/2018:11:23:37 +0000] "OPTIONS /loyalty/added HTTP/1.1" 200 410 "-" "Mozilla/5.0 (Windows NT 10.0; Win64; x64) AppleWebKit/537.36 (KHTML, like Gecko) Chrome/68.0.3440.106 Safari/537.36"

ip-10-0-0-64.ap-southeast-2.compute.internal:80 121.244.36.135 - - [11/Sep/2018:11:23:37 +0000] "OPTIONS /property/property_linked HTTP/1.1" 200 410 "-" "Mozilla/5.0 (Windows NT 10.0; Win64; x64) AppleWebKit/537.36 (KHTML, like Gecko) Chrome/68.0.3440.106 Safari/537.36"

ip-10-0-0-64.ap-southeast-2.compute.internal:80 121.244.36.135 - - [11/Sep/2018:11:23:37 +0000] "OPTIONS /loyalty/added HTTP/1.1" 200 410 "-" "Mozilla/5.0 (Windows NT 10.0; Win64; x64) AppleWebKit/537.36 (KHTML, like Gecko) Chrome/68.0.3440.106 Safari/537.36"

ip-10-0-0-64.ap-southeast-2.compute.internal:80 121.244.36.135 - - [11/Sep/2018:11:23:37 +0000] "OPTIONS /property/property_linked HTTP/1.1" 200 410 "-" "Mozilla/5.0 (Windows NT 10.0; Win64; x64) AppleWebKit/537.36 (KHTML, like Gecko) Chrome/68.0.3440.106 Safari/537.36"

ip-10-0-0-64.ap-southeast-2.compute.internal:80 121.244.36.135 - - [11/Sep/2018:11:24:51 +0000] "OPTIONS /compare/in_area HTTP/1.1" 200 410 "-" "Mozilla/5.0 (Windows NT 10.0; Win64; x64) AppleWebKit/537.36 (KHTML, like Gecko) Chrome/68.0.3440.106 Safari/537.36"

ip-10-0-0-64.ap-southeast-2.compute.internal:80 121.244.36.135 - - [11/Sep/2018:11:24:51 +0000] "OPTIONS /surveys/total/points HTTP/1.1" 200 410 "-" "Mozilla/5.0 (Windows NT 10.0; Win64; x64) AppleWebKit/537.36 (KHTML, like Gecko) Chrome/68.0.3440.106 Safari/537.36"

ip-10-0-0-64.ap-southeast-2.compute.internal:80 121.244.36.135 - - [11/Sep/2018:11:24:51 +0000] "OPTIONS /loyalty/redeemed/points HTTP/1.1" 200 410 "-" "Mozilla/5.0 (Windows NT 10.0; Win64; x64) AppleWebKit/537.36 (KHTML, like Gecko) Chrome/68.0.3440.106 Safari/537.36"

ip-10-0-0-64.ap-southeast-2.compute.internal:80 121.244.36.135 - - [11/Sep/2018:11:24:51 +0000] "OPTIONS /map_widget/maps HTTP/1.1" 200 410 "-" "Mozilla/5.0 (Windows NT 10.0; Win64; x64) AppleWebKit/537.36 (KHTML, like Gecko) Chrome/68.0.3440.106 Safari/537.36"

ip-10-0-0-64.ap-southeast-2.compute.internal:80 121.244.36.135 - - [11/Sep/2018:11:24:51 +0000] "OPTIONS /loyalty/added HTTP/1.1" 200 410 "-" "Mozilla/5.0 (Windows NT 10.0; Win64; x64) AppleWebKit/537.36 (KHTML, like Gecko) Chrome/68.0.3440.106 Safari/537.36"

ip-10-0-0-64.ap-southeast-2.compute.internal:80 203.145.182.245 - - [11/Sep/2018:11:24:52 +0000] "OPTIONS /property/property_linked HTTP/1.1" 200 410 "-" "Mozilla/5.0 (Windows NT 10.0; Win64; x64) AppleWebKit/537.36 (KHTML, like Gecko) Chrome/68.0.3440.106 Safari/537.36"

ip-10-0-0-64.ap-southeast-2.compute.internal:80 121.244.36.135 - - [11/Sep/2018:11:24:52 +0000] "OPTIONS /loyalty/added HTTP/1.1" 200 410 "-" "Mozilla/5.0 (Windows NT 10.0; Win64; x64) AppleWebKit/537.36 (KHTML, like Gecko) Chrome/68.0.3440.106 Safari/537.36"

ip-10-0-0-64.ap-southeast-2.compute.internal:80 121.244.36.135 - - [11/Sep/2018:11:24:52 +0000] "OPTIONS /property/property_linked HTTP/1.1" 200 410 "-" "Mozilla/5.0 (Windows NT 10.0; Win64; x64) AppleWebKit/537.36 (KHTML, like Gecko) Chrome/68.0.3440.106 Safari/537.36"

ip-10-0-0-64.ap-southeast-2.compute.internal:80 121.244.36.135 - - [11/Sep/2018:11:25:25 +0000] "OPTIONS /compare/by_salary HTTP/1.1" 200 410 "-" "Mozilla/5.0 (Windows NT 10.0; Win64; x64) AppleWebKit/537.36 (KHTML, like Gecko) Chrome/68.0.3440.106 Safari/537.36"

ip-10-0-0-64.ap-southeast-2.compute.internal:80 121.244.36.135 - - [11/Sep/2018:11:25:25 +0000] "OPTIONS /map_widget/maps HTTP/1.1" 200 410 "-" "Mozilla/5.0 (Windows NT 10.0; Win64; x64) AppleWebKit/537.36 (KHTML, like Gecko) Chrome/68.0.3440.106 Safari/537.36"

ip-10-0-0-64.ap-southeast-2.compute.internal:80 121.244.36.135 - - [11/Sep/2018:11:25:25 +0000] "OPTIONS /financial/summary HTTP/1.1" 200 410 "-" "Mozilla/5.0 (Windows NT 10.0; Win64; x64) AppleWebKit/537.36 (KHTML, like Gecko) Chrome/68.0.3440.106 Safari/537.36"

ip-10-0-0-64.ap-southeast-2.compute.internal:80 121.244.36.135 - - [11/Sep/2018:11:25:25 +0000] "OPTIONS /financial/worth HTTP/1.1" 200 410 "-" "Mozilla/5.0 (Windows NT 10.0; Win64; x64) AppleWebKit/537.36 (KHTML, like Gecko) Chrome/68.0.3440.106 Safari/537.36"

ip-10-0-0-64.ap-southeast-2.compute.internal:80 121.244.36.135 - - [11/Sep/2018:11:26:18 +0000] "OPTIONS /compare/by_salary HTTP/1.1" 200 410 "-" "Mozilla/5.0 (Windows NT 10.0; Win64; x64) AppleWebKit/537.36 (KHTML, like Gecko) Chrome/68.0.3440.106 Safari/537.36"

ip-10-0-0-64.ap-southeast-2.compute.internal:80 121.244.36.135 - - [11/Sep/2018:11:26:18 +0000] "OPTIONS /map_widget/maps HTTP/1.1" 200 410 "-" "Mozilla/5.0 (Windows NT 10.0; Win64; x64) AppleWebKit/537.36 (KHTML, like Gecko) Chrome/68.0.3440.106 Safari/537.36"

ip-10-0-0-64.ap-southeast-2.compute.internal:80 121.244.36.135 - - [11/Sep/2018:11:26:18 +0000] "OPTIONS /financial/summary HTTP/1.1" 200 410 "-" "Mozilla/5.0 (Windows NT 10.0; Win64; x64) AppleWebKit/537.36 (KHTML, like Gecko) Chrome/68.0.3440.106 Safari/537.36"

ip-10-0-0-64.ap-southeast-2.compute.internal:80 203.145.182.245 - - [11/Sep/2018:11:26:19 +0000] "OPTIONS /financial/worth HTTP/1.1" 200 410 "-" "Mozilla/5.0 (Windows NT 10.0; Win64; x64) AppleWebKit/537.36 (KHTML, like Gecko) Chrome/68.0.3440.106 Safari/537.36"

ip-10-0-0-64.ap-southeast-2.compute.internal:80 121.244.36.135 - - [11/Sep/2018:11:27:33 +0000] "OPTIONS /compare/in_area HTTP/1.1" 200 410 "-" "Mozilla/5.0 (Windows NT 10.0; Win64; x64) AppleWebKit/537.36 (KHTML, like Gecko) Chrome/68.0.3440.106 Safari/537.36"

ip-10-0-0-64.ap-southeast-2.compute.internal:80 121.244.36.135 - - [11/Sep/2018:11:27:33 +0000] "OPTIONS /surveys/total/points HTTP/1.1" 200 410 "-" "Mozilla/5.0 (Windows NT 10.0; Win64; x64) AppleWebKit/537.36 (KHTML, like Gecko) Chrome/68.0.3440.106 Safari/537.36"

ip-10-0-0-64.ap-southeast-2.compute.internal:80 121.244.36.135 - - [11/Sep/2018:11:27:33 +0000] "OPTIONS /loyalty/redeemed/points HTTP/1.1" 200 410 "-" "Mozilla/5.0 (Windows NT 10.0; Win64; x64) AppleWebKit/537.36 (KHTML, like Gecko) Chrome/68.0.3440.106 Safari/537.36"

ip-10-0-0-64.ap-southeast-2.compute.internal:80 121.244.36.135 - - [11/Sep/2018:11:27:33 +0000] "OPTIONS /map_widget/maps HTTP/1.1" 200 410 "-" "Mozilla/5.0 (Windows NT 10.0; Win64; x64) AppleWebKit/537.36 (KHTML, like Gecko) Chrome/68.0.3440.106 Safari/537.36"

ip-10-0-0-64.ap-southeast-2.compute.internal:80 121.244.36.135 - - [11/Sep/2018:11:27:33 +0000] "OPTIONS /loyalty/added HTTP/1.1" 200 410 "-" "Mozilla/5.0 (Windows NT 10.0; Win64; x64) AppleWebKit/537.36 (KHTML, like Gecko) Chrome/68.0.3440.106 Safari/537.36"

ip-10-0-0-64.ap-southeast-2.compute.internal:80 203.145.182.245 - - [11/Sep/2018:11:27:33 +0000] "OPTIONS /property/property_linked HTTP/1.1" 200 410 "-" "Mozilla/5.0 (Windows NT 10.0; Win64; x64) AppleWebKit/537.36 (KHTML, like Gecko) Chrome/68.0.3440.106 Safari/537.36"

ip-10-0-0-64.ap-southeast-2.compute.internal:80 121.244.36.135 - - [11/Sep/2018:11:27:34 +0000] "OPTIONS /loyalty/added HTTP/1.1" 200 410 "-" "Mozilla/5.0 (Windows NT 10.0; Win64; x64) AppleWebKit/537.36 (KHTML, like Gecko) Chrome/68.0.3440.106 Safari/537.36"

ip-10-0-0-64.ap-southeast-2.compute.internal:80 121.244.36.135 - - [11/Sep/2018:11:27:34 +0000] "OPTIONS /property/property_linked HTTP/1.1" 200 410 "-" "Mozilla/5.0 (Windows NT 10.0; Win64; x64) AppleWebKit/537.36 (KHTML, like Gecko) Chrome/68.0.3440.106 Safari/537.36"

ip-10-0-0-64.ap-southeast-2.compute.internal:80 121.244.36.135 - - [11/Sep/2018:11:28:40 +0000] "OPTIONS /compare/by_salary HTTP/1.1" 200 410 "-" "Mozilla/5.0 (Windows NT 10.0; Win64; x64) AppleWebKit/537.36 (KHTML, like Gecko) Chrome/68.0.3440.106 Safari/537.36"

ip-10-0-0-64.ap-southeast-2.compute.internal:80 121.244.36.135 - - [11/Sep/2018:11:28:40 +0000] "OPTIONS /map_widget/maps HTTP/1.1" 200 410 "-" "Mozilla/5.0 (Windows NT 10.0; Win64; x64) AppleWebKit/537.36 (KHTML, like Gecko) Chrome/68.0.3440.106 Safari/537.36"

ip-10-0-0-64.ap-southeast-2.compute.internal:80 121.244.36.135 - - [11/Sep/2018:11:28:40 +0000] "OPTIONS /financial/summary HTTP/1.1" 200 410 "-" "Mozilla/5.0 (Windows NT 10.0; Win64; x64) AppleWebKit/537.36 (KHTML, like Gecko) Chrome/68.0.3440.106 Safari/537.36"

ip-10-0-0-64.ap-southeast-2.compute.internal:80 203.145.182.245 - - [11/Sep/2018:11:28:41 +0000] "OPTIONS /financial/worth HTTP/1.1" 200 410 "-" "Mozilla/5.0 (Windows NT 10.0; Win64; x64) AppleWebKit/537.36 (KHTML, like Gecko) Chrome/68.0.3440.106 Safari/537.36"

ip-10-0-0-64.ap-southeast-2.compute.internal:80 121.244.36.135 - - [11/Sep/2018:11:30:42 +0000] "OPTIONS /compare/in_area HTTP/1.1" 200 410 "-" "Mozilla/5.0 (Windows NT 10.0; Win64; x64) AppleWebKit/537.36 (KHTML, like Gecko) Chrome/68.0.3440.106 Safari/537.36"

ip-10-0-0-64.ap-southeast-2.compute.internal:80 121.244.36.135 - - [11/Sep/2018:11:30:42 +0000] "OPTIONS /surveys/total/points HTTP/1.1" 200 410 "-" "Mozilla/5.0 (Windows NT 10.0; Win64; x64) AppleWebKit/537.36 (KHTML, like Gecko) Chrome/68.0.3440.106 Safari/537.36"

ip-10-0-0-64.ap-southeast-2.compute.internal:80 121.244.36.135 - - [11/Sep/2018:11:30:42 +0000] "OPTIONS /loyalty/redeemed/points HTTP/1.1" 200 410 "-" "Mozilla/5.0 (Windows NT 10.0; Win64; x64) AppleWebKit/537.36 (KHTML, like Gecko) Chrome/68.0.3440.106 Safari/537.36"

ip-10-0-0-64.ap-southeast-2.compute.internal:80 121.244.36.135 - - [11/Sep/2018:11:30:42 +0000] "OPTIONS /map_widget/maps HTTP/1.1" 200 410 "-" "Mozilla/5.0 (Windows NT 10.0; Win64; x64) AppleWebKit/537.36 (KHTML, like Gecko) Chrome/68.0.3440.106 Safari/537.36"

ip-10-0-0-64.ap-southeast-2.compute.internal:80 121.244.36.135 - - [11/Sep/2018:11:30:42 +0000] "OPTIONS /loyalty/added HTTP/1.1" 200 410 "-" "Mozilla/5.0 (Windows NT 10.0; Win64; x64) AppleWebKit/537.36 (KHTML, like Gecko) Chrome/68.0.3440.106 Safari/537.36"

ip-10-0-0-64.ap-southeast-2.compute.internal:80 203.145.182.245 - - [11/Sep/2018:11:30:42 +0000] "OPTIONS /property/property_linked HTTP/1.1" 200 410 "-" "Mozilla/5.0 (Windows NT 10.0; Win64; x64) AppleWebKit/537.36 (KHTML, like Gecko) Chrome/68.0.3440.106 Safari/537.36"

ip-10-0-0-64.ap-southeast-2.compute.internal:80 121.244.36.135 - - [11/Sep/2018:11:30:43 +0000] "OPTIONS /loyalty/added HTTP/1.1" 200 410 "-" "Mozilla/5.0 (Windows NT 10.0; Win64; x64) AppleWebKit/537.36 (KHTML, like Gecko) Chrome/68.0.3440.106 Safari/537.36"

ip-10-0-0-64.ap-southeast-2.compute.internal:80 121.244.36.135 - - [11/Sep/2018:11:30:43 +0000] "OPTIONS /property/property_linked HTTP/1.1" 200 410 "-" "Mozilla/5.0 (Windows NT 10.0; Win64; x64) AppleWebKit/537.36 (KHTML, like Gecko) Chrome/68.0.3440.106 Safari/537.36"

ip-10-0-0-64.ap-southeast-2.compute.internal:80 121.244.36.135 - - [11/Sep/2018:11:30:54 +0000] "OPTIONS /compare/in_area HTTP/1.1" 200 410 "-" "Mozilla/5.0 (Windows NT 10.0; Win64; x64) AppleWebKit/537.36 (KHTML, like Gecko) Chrome/68.0.3440.106 Safari/537.36"

ip-10-0-0-64.ap-southeast-2.compute.internal:80 121.244.36.135 - - [11/Sep/2018:11:30:54 +0000] "OPTIONS /surveys/total/points HTTP/1.1" 200 410 "-" "Mozilla/5.0 (Windows NT 10.0; Win64; x64) AppleWebKit/537.36 (KHTML, like Gecko) Chrome/68.0.3440.106 Safari/537.36"

ip-10-0-0-64.ap-southeast-2.compute.internal:80 121.244.36.135 - - [11/Sep/2018:11:30:54 +0000] "OPTIONS /loyalty/redeemed/points HTTP/1.1" 200 410 "-" "Mozilla/5.0 (Windows NT 10.0; Win64; x64) AppleWebKit/537.36 (KHTML, like Gecko) Chrome/68.0.3440.106 Safari/537.36"

ip-10-0-0-64.ap-southeast-2.compute.internal:80 121.244.36.135 - - [11/Sep/2018:11:30:54 +0000] "OPTIONS /map_widget/maps HTTP/1.1" 200 410 "-" "Mozilla/5.0 (Windows NT 10.0; Win64; x64) AppleWebKit/537.36 (KHTML, like Gecko) Chrome/68.0.3440.106 Safari/537.36"

ip-10-0-0-64.ap-southeast-2.compute.internal:80 121.244.36.135 - - [11/Sep/2018:11:30:54 +0000] "OPTIONS /loyalty/added HTTP/1.1" 200 410 "-" "Mozilla/5.0 (Windows NT 10.0; Win64; x64) AppleWebKit/537.36 (KHTML, like Gecko) Chrome/68.0.3440.106 Safari/537.36"

ip-10-0-0-64.ap-southeast-2.compute.internal:80 203.145.182.245 - - [11/Sep/2018:11:30:55 +0000] "OPTIONS /property/property_linked HTTP/1.1" 200 410 "-" "Mozilla/5.0 (Windows NT 10.0; Win64; x64) AppleWebKit/537.36 (KHTML, like Gecko) Chrome/68.0.3440.106 Safari/537.36"

ip-10-0-0-64.ap-southeast-2.compute.internal:80 121.244.36.135 - - [11/Sep/2018:11:30:55 +0000] "OPTIONS /loyalty/added HTTP/1.1" 200 410 "-" "Mozilla/5.0 (Windows NT 10.0; Win64; x64) AppleWebKit/537.36 (KHTML, like Gecko) Chrome/68.0.3440.106 Safari/537.36"

ip-10-0-0-64.ap-southeast-2.compute.internal:80 121.244.36.135 - - [11/Sep/2018:11:30:55 +0000] "OPTIONS /property/property_linked HTTP/1.1" 200 410 "-" "Mozilla/5.0 (Windows NT 10.0; Win64; x64) AppleWebKit/537.36 (KHTML, like Gecko) Chrome/68.0.3440.106 Safari/537.36"

ip-10-0-0-64.ap-southeast-2.compute.internal:80 121.244.36.135 - - [11/Sep/2018:11:31:46 +0000] "OPTIONS /compare/by_salary HTTP/1.1" 200 410 "-" "Mozilla/5.0 (Windows NT 10.0; Win64; x64) AppleWebKit/537.36 (KHTML, like Gecko) Chrome/68.0.3440.106 Safari/537.36"

ip-10-0-0-64.ap-southeast-2.compute.internal:80 121.244.36.135 - - [11/Sep/2018:11:31:46 +0000] "OPTIONS /map_widget/maps HTTP/1.1" 200 410 "-" "Mozilla/5.0 (Windows NT 10.0; Win64; x64) AppleWebKit/537.36 (KHTML, like Gecko) Chrome/68.0.3440.106 Safari/537.36"

ip-10-0-0-64.ap-southeast-2.compute.internal:80 121.244.36.135 - - [11/Sep/2018:11:31:46 +0000] "OPTIONS /financial/summary HTTP/1.1" 200 410 "-" "Mozilla/5.0 (Windows NT 10.0; Win64; x64) AppleWebKit/537.36 (KHTML, like Gecko) Chrome/68.0.3440.106 Safari/537.36"

