ip-10-0-0-64.ap-southeast-2.compute.internal:80 121.244.36.135 - - [11/Sep/2018:11:31:47 +0000] "OPTIONS /financial/worth HTTP/1.1" 200 410 "-" "Mozilla/5.0 (Windows NT 10.0; Win64; x64) AppleWebKit/537.36 (KHTML, like Gecko) Chrome/68.0.3440.106 Safari/537.36"

ip-10-0-0-64.ap-southeast-2.compute.internal:80 121.244.36.135 - - [11/Sep/2018:11:31:53 +0000] "OPTIONS /surveys/completeness HTTP/1.1" 200 410 "-" "Mozilla/5.0 (Windows NT 10.0; Win64; x64) AppleWebKit/537.36 (KHTML, like Gecko) Chrome/68.0.3440.106 Safari/537.36"

ip-10-0-0-64.ap-southeast-2.compute.internal:80 121.244.36.135 - - [11/Sep/2018:11:31:53 +0000] "OPTIONS /loyalty/added HTTP/1.1" 200 410 "-" "Mozilla/5.0 (Windows NT 10.0; Win64; x64) AppleWebKit/537.36 (KHTML, like Gecko) Chrome/68.0.3440.106 Safari/537.36"

ip-10-0-0-64.ap-southeast-2.compute.internal:80 121.244.36.135 - - [11/Sep/2018:11:31:54 +0000] "OPTIONS /financial/summary HTTP/1.1" 200 410 "-" "Mozilla/5.0 (Windows NT 10.0; Win64; x64) AppleWebKit/537.36 (KHTML, like Gecko) Chrome/68.0.3440.106 Safari/537.36"

ip-10-0-0-64.ap-southeast-2.compute.internal:80 121.244.36.135 - - [11/Sep/2018:11:31:54 +0000] "OPTIONS /financial/worth HTTP/1.1" 200 410 "-" "Mozilla/5.0 (Windows NT 10.0; Win64; x64) AppleWebKit/537.36 (KHTML, like Gecko) Chrome/68.0.3440.106 Safari/537.36"

ip-10-0-0-64.ap-southeast-2.compute.internal:80 121.244.36.135 - - [11/Sep/2018:11:32:18 +0000] "OPTIONS /compare/by_salary HTTP/1.1" 200 410 "-" "Mozilla/5.0 (Windows NT 10.0; Win64; x64) AppleWebKit/537.36 (KHTML, like Gecko) Chrome/68.0.3440.106 Safari/537.36"

ip-10-0-0-64.ap-southeast-2.compute.internal:80 121.244.36.135 - - [11/Sep/2018:11:32:18 +0000] "OPTIONS /map_widget/maps HTTP/1.1" 200 410 "-" "Mozilla/5.0 (Windows NT 10.0; Win64; x64) AppleWebKit/537.36 (KHTML, like Gecko) Chrome/68.0.3440.106 Safari/537.36"

ip-10-0-0-64.ap-southeast-2.compute.internal:80 121.244.36.135 - - [11/Sep/2018:11:32:18 +0000] "OPTIONS /financial/summary HTTP/1.1" 200 410 "-" "Mozilla/5.0 (Windows NT 10.0; Win64; x64) AppleWebKit/537.36 (KHTML, like Gecko) Chrome/68.0.3440.106 Safari/537.36"

ip-10-0-0-64.ap-southeast-2.compute.internal:80 121.244.36.135 - - [11/Sep/2018:11:32:18 +0000] "OPTIONS /financial/worth HTTP/1.1" 200 410 "-" "Mozilla/5.0 (Windows NT 10.0; Win64; x64) AppleWebKit/537.36 (KHTML, like Gecko) Chrome/68.0.3440.106 Safari/537.36"

ip-10-0-0-64.ap-southeast-2.compute.internal:80 121.244.36.135 - - [11/Sep/2018:11:33:26 +0000] "OPTIONS /surveys/completeness HTTP/1.1" 200 410 "-" "Mozilla/5.0 (X11; Linux x86_64) AppleWebKit/537.36 (KHTML, like Gecko) Ubuntu Chromium/68.0.3440.106 Chrome/68.0.3440.106 Safari/537.36"

ip-10-0-0-64.ap-southeast-2.compute.internal:80 121.244.36.135 - - [11/Sep/2018:11:33:45 +0000] "OPTIONS /compare/in_area HTTP/1.1" 200 410 "-" "Mozilla/5.0 (Windows NT 10.0; Win64; x64) AppleWebKit/537.36 (KHTML, like Gecko) Chrome/68.0.3440.106 Safari/537.36"

ip-10-0-0-64.ap-southeast-2.compute.internal:80 121.244.36.135 - - [11/Sep/2018:11:33:45 +0000] "OPTIONS /surveys/total/points HTTP/1.1" 200 410 "-" "Mozilla/5.0 (Windows NT 10.0; Win64; x64) AppleWebKit/537.36 (KHTML, like Gecko) Chrome/68.0.3440.106 Safari/537.36"

ip-10-0-0-64.ap-southeast-2.compute.internal:80 121.244.36.135 - - [11/Sep/2018:11:33:45 +0000] "OPTIONS /loyalty/redeemed/points HTTP/1.1" 200 410 "-" "Mozilla/5.0 (Windows NT 10.0; Win64; x64) AppleWebKit/537.36 (KHTML, like Gecko) Chrome/68.0.3440.106 Safari/537.36"

ip-10-0-0-64.ap-southeast-2.compute.internal:80 121.244.36.135 - - [11/Sep/2018:11:33:45 +0000] "OPTIONS /loyalty/added HTTP/1.1" 200 410 "-" "Mozilla/5.0 (Windows NT 10.0; Win64; x64) AppleWebKit/537.36 (KHTML, like Gecko) Chrome/68.0.3440.106 Safari/537.36"

ip-10-0-0-64.ap-southeast-2.compute.internal:80 121.244.36.135 - - [11/Sep/2018:11:33:45 +0000] "OPTIONS /map_widget/maps HTTP/1.1" 200 410 "-" "Mozilla/5.0 (Windows NT 10.0; Win64; x64) AppleWebKit/537.36 (KHTML, like Gecko) Chrome/68.0.3440.106 Safari/537.36"

ip-10-0-0-64.ap-southeast-2.compute.internal:80 203.145.182.245 - - [11/Sep/2018:11:33:45 +0000] "OPTIONS /property/property_linked HTTP/1.1" 200 410 "-" "Mozilla/5.0 (Windows NT 10.0; Win64; x64) AppleWebKit/537.36 (KHTML, like Gecko) Chrome/68.0.3440.106 Safari/537.36"

ip-10-0-0-64.ap-southeast-2.compute.internal:80 121.244.36.135 - - [11/Sep/2018:11:33:45 +0000] "OPTIONS /loyalty/added HTTP/1.1" 200 410 "-" "Mozilla/5.0 (Windows NT 10.0; Win64; x64) AppleWebKit/537.36 (KHTML, like Gecko) Chrome/68.0.3440.106 Safari/537.36"

ip-10-0-0-64.ap-southeast-2.compute.internal:80 121.244.36.135 - - [11/Sep/2018:11:33:45 +0000] "OPTIONS /property/property_linked HTTP/1.1" 200 410 "-" "Mozilla/5.0 (Windows NT 10.0; Win64; x64) AppleWebKit/537.36 (KHTML, like Gecko) Chrome/68.0.3440.106 Safari/537.36"

ip-10-0-0-64.ap-southeast-2.compute.internal:80 121.244.36.135 - - [11/Sep/2018:11:34:14 +0000] "OPTIONS /compare/by_salary HTTP/1.1" 200 410 "-" "Mozilla/5.0 (Windows NT 10.0; Win64; x64) AppleWebKit/537.36 (KHTML, like Gecko) Chrome/68.0.3440.106 Safari/537.36"

ip-10-0-0-64.ap-southeast-2.compute.internal:80 121.244.36.135 - - [11/Sep/2018:11:34:14 +0000] "OPTIONS /map_widget/maps HTTP/1.1" 200 410 "-" "Mozilla/5.0 (Windows NT 10.0; Win64; x64) AppleWebKit/537.36 (KHTML, like Gecko) Chrome/68.0.3440.106 Safari/537.36"

ip-10-0-0-64.ap-southeast-2.compute.internal:80 121.244.36.135 - - [11/Sep/2018:11:34:14 +0000] "OPTIONS /financial/summary HTTP/1.1" 200 410 "-" "Mozilla/5.0 (Windows NT 10.0; Win64; x64) AppleWebKit/537.36 (KHTML, like Gecko) Chrome/68.0.3440.106 Safari/537.36"

ip-10-0-0-64.ap-southeast-2.compute.internal:80 121.244.36.135 - - [11/Sep/2018:11:34:14 +0000] "OPTIONS /financial/worth HTTP/1.1" 200 410 "-" "Mozilla/5.0 (Windows NT 10.0; Win64; x64) AppleWebKit/537.36 (KHTML, like Gecko) Chrome/68.0.3440.106 Safari/537.36"

ip-10-0-0-64.ap-southeast-2.compute.internal:80 121.244.36.135 - - [11/Sep/2018:11:34:57 +0000] "OPTIONS /compare/by_salary HTTP/1.1" 200 410 "-" "Mozilla/5.0 (Windows NT 10.0; Win64; x64) AppleWebKit/537.36 (KHTML, like Gecko) Chrome/68.0.3440.106 Safari/537.36"

ip-10-0-0-64.ap-southeast-2.compute.internal:80 121.244.36.135 - - [11/Sep/2018:11:34:57 +0000] "OPTIONS /map_widget/maps HTTP/1.1" 200 410 "-" "Mozilla/5.0 (Windows NT 10.0; Win64; x64) AppleWebKit/537.36 (KHTML, like Gecko) Chrome/68.0.3440.106 Safari/537.36"

ip-10-0-0-64.ap-southeast-2.compute.internal:80 121.244.36.135 - - [11/Sep/2018:11:34:57 +0000] "OPTIONS /financial/summary HTTP/1.1" 200 410 "-" "Mozilla/5.0 (Windows NT 10.0; Win64; x64) AppleWebKit/537.36 (KHTML, like Gecko) Chrome/68.0.3440.106 Safari/537.36"

ip-10-0-0-64.ap-southeast-2.compute.internal:80 121.244.36.135 - - [11/Sep/2018:11:34:57 +0000] "OPTIONS /financial/worth HTTP/1.1" 200 410 "-" "Mozilla/5.0 (Windows NT 10.0; Win64; x64) AppleWebKit/537.36 (KHTML, like Gecko) Chrome/68.0.3440.106 Safari/537.36"

ip-10-0-0-64.ap-southeast-2.compute.internal:80 121.244.36.135 - - [11/Sep/2018:11:35:18 +0000] "OPTIONS /compare/in_area HTTP/1.1" 200 410 "-" "Mozilla/5.0 (Windows NT 10.0; Win64; x64) AppleWebKit/537.36 (KHTML, like Gecko) Chrome/68.0.3440.106 Safari/537.36"

ip-10-0-0-64.ap-southeast-2.compute.internal:80 121.244.36.135 - - [11/Sep/2018:11:35:18 +0000] "OPTIONS /surveys/total/points HTTP/1.1" 200 410 "-" "Mozilla/5.0 (Windows NT 10.0; Win64; x64) AppleWebKit/537.36 (KHTML, like Gecko) Chrome/68.0.3440.106 Safari/537.36"

ip-10-0-0-64.ap-southeast-2.compute.internal:80 121.244.36.135 - - [11/Sep/2018:11:35:18 +0000] "OPTIONS /loyalty/redeemed/points HTTP/1.1" 200 410 "-" "Mozilla/5.0 (Windows NT 10.0; Win64; x64) AppleWebKit/537.36 (KHTML, like Gecko) Chrome/68.0.3440.106 Safari/537.36"

ip-10-0-0-64.ap-southeast-2.compute.internal:80 121.244.36.135 - - [11/Sep/2018:11:35:18 +0000] "OPTIONS /map_widget/maps HTTP/1.1" 200 410 "-" "Mozilla/5.0 (Windows NT 10.0; Win64; x64) AppleWebKit/537.36 (KHTML, like Gecko) Chrome/68.0.3440.106 Safari/537.36"

ip-10-0-0-64.ap-southeast-2.compute.internal:80 121.244.36.135 - - [11/Sep/2018:11:35:18 +0000] "OPTIONS /loyalty/added HTTP/1.1" 200 410 "-" "Mozilla/5.0 (Windows NT 10.0; Win64; x64) AppleWebKit/537.36 (KHTML, like Gecko) Chrome/68.0.3440.106 Safari/537.36"

ip-10-0-0-64.ap-southeast-2.compute.internal:80 203.145.182.245 - - [11/Sep/2018:11:35:18 +0000] "OPTIONS /property/property_linked HTTP/1.1" 200 410 "-" "Mozilla/5.0 (Windows NT 10.0; Win64; x64) AppleWebKit/537.36 (KHTML, like Gecko) Chrome/68.0.3440.106 Safari/537.36"

ip-10-0-0-64.ap-southeast-2.compute.internal:80 121.244.36.135 - - [11/Sep/2018:11:35:18 +0000] "OPTIONS /loyalty/added HTTP/1.1" 200 410 "-" "Mozilla/5.0 (Windows NT 10.0; Win64; x64) AppleWebKit/537.36 (KHTML, like Gecko) Chrome/68.0.3440.106 Safari/537.36"

ip-10-0-0-64.ap-southeast-2.compute.internal:80 121.244.36.135 - - [11/Sep/2018:11:35:18 +0000] "OPTIONS /property/property_linked HTTP/1.1" 200 410 "-" "Mozilla/5.0 (Windows NT 10.0; Win64; x64) AppleWebKit/537.36 (KHTML, like Gecko) Chrome/68.0.3440.106 Safari/537.36"

ip-10-0-0-64.ap-southeast-2.compute.internal:80 121.244.36.135 - - [11/Sep/2018:11:35:43 +0000] "OPTIONS /compare/by_salary HTTP/1.1" 200 410 "-" "Mozilla/5.0 (Windows NT 10.0; Win64; x64) AppleWebKit/537.36 (KHTML, like Gecko) Chrome/68.0.3440.106 Safari/537.36"

ip-10-0-0-64.ap-southeast-2.compute.internal:80 121.244.36.135 - - [11/Sep/2018:11:35:43 +0000] "OPTIONS /financial/summary HTTP/1.1" 200 410 "-" "Mozilla/5.0 (Windows NT 10.0; Win64; x64) AppleWebKit/537.36 (KHTML, like Gecko) Chrome/68.0.3440.106 Safari/537.36"

ip-10-0-0-64.ap-southeast-2.compute.internal:80 121.244.36.135 - - [11/Sep/2018:11:35:43 +0000] "OPTIONS /map_widget/maps HTTP/1.1" 200 410 "-" "Mozilla/5.0 (Windows NT 10.0; Win64; x64) AppleWebKit/537.36 (KHTML, like Gecko) Chrome/68.0.3440.106 Safari/537.36"

ip-10-0-0-64.ap-southeast-2.compute.internal:80 203.145.182.245 - - [11/Sep/2018:11:35:44 +0000] "OPTIONS /financial/worth HTTP/1.1" 200 410 "-" "Mozilla/5.0 (Windows NT 10.0; Win64; x64) AppleWebKit/537.36 (KHTML, like Gecko) Chrome/68.0.3440.106 Safari/537.36"

ip-10-0-0-64.ap-southeast-2.compute.internal:80 121.244.36.135 - - [11/Sep/2018:11:36:57 +0000] "OPTIONS /compare/in_area HTTP/1.1" 200 410 "-" "Mozilla/5.0 (Windows NT 10.0; Win64; x64) AppleWebKit/537.36 (KHTML, like Gecko) Chrome/68.0.3440.106 Safari/537.36"

ip-10-0-0-64.ap-southeast-2.compute.internal:80 121.244.36.135 - - [11/Sep/2018:11:36:57 +0000] "OPTIONS /surveys/total/points HTTP/1.1" 200 410 "-" "Mozilla/5.0 (Windows NT 10.0; Win64; x64) AppleWebKit/537.36 (KHTML, like Gecko) Chrome/68.0.3440.106 Safari/537.36"

ip-10-0-0-64.ap-southeast-2.compute.internal:80 121.244.36.135 - - [11/Sep/2018:11:36:57 +0000] "OPTIONS /loyalty/redeemed/points HTTP/1.1" 200 410 "-" "Mozilla/5.0 (Windows NT 10.0; Win64; x64) AppleWebKit/537.36 (KHTML, like Gecko) Chrome/68.0.3440.106 Safari/537.36"

ip-10-0-0-64.ap-southeast-2.compute.internal:80 121.244.36.135 - - [11/Sep/2018:11:36:57 +0000] "OPTIONS /map_widget/maps HTTP/1.1" 200 410 "-" "Mozilla/5.0 (Windows NT 10.0; Win64; x64) AppleWebKit/537.36 (KHTML, like Gecko) Chrome/68.0.3440.106 Safari/537.36"

ip-10-0-0-64.ap-southeast-2.compute.internal:80 121.244.36.135 - - [11/Sep/2018:11:36:57 +0000] "OPTIONS /loyalty/added HTTP/1.1" 200 410 "-" "Mozilla/5.0 (Windows NT 10.0; Win64; x64) AppleWebKit/537.36 (KHTML, like Gecko) Chrome/68.0.3440.106 Safari/537.36"

ip-10-0-0-64.ap-southeast-2.compute.internal:80 121.244.36.135 - - [11/Sep/2018:11:36:57 +0000] "OPTIONS /property/property_linked HTTP/1.1" 200 410 "-" "Mozilla/5.0 (Windows NT 10.0; Win64; x64) AppleWebKit/537.36 (KHTML, like Gecko) Chrome/68.0.3440.106 Safari/537.36"

ip-10-0-0-64.ap-southeast-2.compute.internal:80 121.244.36.135 - - [11/Sep/2018:11:36:57 +0000] "OPTIONS /loyalty/added HTTP/1.1" 200 410 "-" "Mozilla/5.0 (Windows NT 10.0; Win64; x64) AppleWebKit/537.36 (KHTML, like Gecko) Chrome/68.0.3440.106 Safari/537.36"

ip-10-0-0-64.ap-southeast-2.compute.internal:80 121.244.36.135 - - [11/Sep/2018:11:36:57 +0000] "OPTIONS /property/property_linked HTTP/1.1" 200 410 "-" "Mozilla/5.0 (Windows NT 10.0; Win64; x64) AppleWebKit/537.36 (KHTML, like Gecko) Chrome/68.0.3440.106 Safari/537.36"

ip-10-0-0-64.ap-southeast-2.compute.internal:80 203.145.182.245 - - [11/Sep/2018:11:37:13 +0000] "OPTIONS /surveys/completeness HTTP/1.1" 200 410 "-" "Mozilla/5.0 (X11; Linux x86_64) AppleWebKit/537.36 (KHTML, like Gecko) Ubuntu Chromium/68.0.3440.106 Chrome/68.0.3440.106 Safari/537.36"

ip-10-0-0-64.ap-southeast-2.compute.internal:80 121.244.36.135 - - [11/Sep/2018:11:37:13 +0000] "OPTIONS /property/property_linked HTTP/1.1" 200 410 "-" "Mozilla/5.0 (X11; Linux x86_64) AppleWebKit/537.36 (KHTML, like Gecko) Ubuntu Chromium/68.0.3440.106 Chrome/68.0.3440.106 Safari/537.36"

ip-10-0-0-64.ap-southeast-2.compute.internal:80 121.244.36.135 - - [11/Sep/2018:11:38:19 +0000] "OPTIONS /compare/in_area HTTP/1.1" 200 410 "-" "Mozilla/5.0 (Windows NT 10.0; Win64; x64) AppleWebKit/537.36 (KHTML, like Gecko) Chrome/68.0.3440.106 Safari/537.36"

ip-10-0-0-64.ap-southeast-2.compute.internal:80 121.244.36.135 - - [11/Sep/2018:11:38:19 +0000] "OPTIONS /surveys/total/points HTTP/1.1" 200 410 "-" "Mozilla/5.0 (Windows NT 10.0; Win64; x64) AppleWebKit/537.36 (KHTML, like Gecko) Chrome/68.0.3440.106 Safari/537.36"

ip-10-0-0-64.ap-southeast-2.compute.internal:80 121.244.36.135 - - [11/Sep/2018:11:38:19 +0000] "OPTIONS /loyalty/redeemed/points HTTP/1.1" 200 410 "-" "Mozilla/5.0 (Windows NT 10.0; Win64; x64) AppleWebKit/537.36 (KHTML, like Gecko) Chrome/68.0.3440.106 Safari/537.36"

ip-10-0-0-64.ap-southeast-2.compute.internal:80 121.244.36.135 - - [11/Sep/2018:11:38:19 +0000] "OPTIONS /map_widget/maps HTTP/1.1" 200 410 "-" "Mozilla/5.0 (Windows NT 10.0; Win64; x64) AppleWebKit/537.36 (KHTML, like Gecko) Chrome/68.0.3440.106 Safari/537.36"

ip-10-0-0-64.ap-southeast-2.compute.internal:80 121.244.36.135 - - [11/Sep/2018:11:38:19 +0000] "OPTIONS /loyalty/added HTTP/1.1" 200 410 "-" "Mozilla/5.0 (Windows NT 10.0; Win64; x64) AppleWebKit/537.36 (KHTML, like Gecko) Chrome/68.0.3440.106 Safari/537.36"

ip-10-0-0-64.ap-southeast-2.compute.internal:80 121.244.36.135 - - [11/Sep/2018:11:38:19 +0000] "OPTIONS /property/property_linked HTTP/1.1" 200 410 "-" "Mozilla/5.0 (Windows NT 10.0; Win64; x64) AppleWebKit/537.36 (KHTML, like Gecko) Chrome/68.0.3440.106 Safari/537.36"

ip-10-0-0-64.ap-southeast-2.compute.internal:80 121.244.36.135 - - [11/Sep/2018:11:38:19 +0000] "OPTIONS /loyalty/added HTTP/1.1" 200 410 "-" "Mozilla/5.0 (Windows NT 10.0; Win64; x64) AppleWebKit/537.36 (KHTML, like Gecko) Chrome/68.0.3440.106 Safari/537.36"

ip-10-0-0-64.ap-southeast-2.compute.internal:80 121.244.36.135 - - [11/Sep/2018:11:38:19 +0000] "OPTIONS /property/property_linked HTTP/1.1" 200 410 "-" "Mozilla/5.0 (Windows NT 10.0; Win64; x64) AppleWebKit/537.36 (KHTML, like Gecko) Chrome/68.0.3440.106 Safari/537.36"

ip-10-0-0-64.ap-southeast-2.compute.internal:80 121.244.36.135 - - [11/Sep/2018:11:41:20 +0000] "OPTIONS /compare/in_area HTTP/1.1" 200 410 "-" "Mozilla/5.0 (Windows NT 10.0; Win64; x64) AppleWebKit/537.36 (KHTML, like Gecko) Chrome/68.0.3440.106 Safari/537.36"

ip-10-0-0-64.ap-southeast-2.compute.internal:80 121.244.36.135 - - [11/Sep/2018:11:41:20 +0000] "OPTIONS /surveys/total/points HTTP/1.1" 200 410 "-" "Mozilla/5.0 (Windows NT 10.0; Win64; x64) AppleWebKit/537.36 (KHTML, like Gecko) Chrome/68.0.3440.106 Safari/537.36"

ip-10-0-0-64.ap-southeast-2.compute.internal:80 121.244.36.135 - - [11/Sep/2018:11:41:20 +0000] "OPTIONS /loyalty/redeemed/points HTTP/1.1" 200 410 "-" "Mozilla/5.0 (Windows NT 10.0; Win64; x64) AppleWebKit/537.36 (KHTML, like Gecko) Chrome/68.0.3440.106 Safari/537.36"

ip-10-0-0-64.ap-southeast-2.compute.internal:80 121.244.36.135 - - [11/Sep/2018:11:41:20 +0000] "OPTIONS /map_widget/maps HTTP/1.1" 200 410 "-" "Mozilla/5.0 (Windows NT 10.0; Win64; x64) AppleWebKit/537.36 (KHTML, like Gecko) Chrome/68.0.3440.106 Safari/537.36"

ip-10-0-0-64.ap-southeast-2.compute.internal:80 121.244.36.135 - - [11/Sep/2018:11:41:20 +0000] "OPTIONS /loyalty/added HTTP/1.1" 200 410 "-" "Mozilla/5.0 (Windows NT 10.0; Win64; x64) AppleWebKit/537.36 (KHTML, like Gecko) Chrome/68.0.3440.106 Safari/537.36"

ip-10-0-0-64.ap-southeast-2.compute.internal:80 203.145.182.245 - - [11/Sep/2018:11:41:21 +0000] "OPTIONS /property/property_linked HTTP/1.1" 200 410 "-" "Mozilla/5.0 (Windows NT 10.0; Win64; x64) AppleWebKit/537.36 (KHTML, like Gecko) Chrome/68.0.3440.106 Safari/537.36"

ip-10-0-0-64.ap-southeast-2.compute.internal:80 121.244.36.135 - - [11/Sep/2018:11:41:21 +0000] "OPTIONS /loyalty/added HTTP/1.1" 200 410 "-" "Mozilla/5.0 (Windows NT 10.0; Win64; x64) AppleWebKit/537.36 (KHTML, like Gecko) Chrome/68.0.3440.106 Safari/537.36"

ip-10-0-0-64.ap-southeast-2.compute.internal:80 121.244.36.135 - - [11/Sep/2018:11:41:21 +0000] "OPTIONS /property/property_linked HTTP/1.1" 200 410 "-" "Mozilla/5.0 (Windows NT 10.0; Win64; x64) AppleWebKit/537.36 (KHTML, like Gecko) Chrome/68.0.3440.106 Safari/537.36"

ip-10-0-0-64.ap-southeast-2.compute.internal:80 121.244.36.135 - - [11/Sep/2018:11:43:18 +0000] "OPTIONS /compare/in_area HTTP/1.1" 200 410 "-" "Mozilla/5.0 (Windows NT 10.0; Win64; x64) AppleWebKit/537.36 (KHTML, like Gecko) Chrome/68.0.3440.106 Safari/537.36"

ip-10-0-0-64.ap-southeast-2.compute.internal:80 121.244.36.135 - - [11/Sep/2018:11:43:18 +0000] "OPTIONS /surveys/total/points HTTP/1.1" 200 410 "-" "Mozilla/5.0 (Windows NT 10.0; Win64; x64) AppleWebKit/537.36 (KHTML, like Gecko) Chrome/68.0.3440.106 Safari/537.36"

ip-10-0-0-64.ap-southeast-2.compute.internal:80 121.244.36.135 - - [11/Sep/2018:11:43:19 +0000] "OPTIONS /loyalty/redeemed/points HTTP/1.1" 200 410 "-" "Mozilla/5.0 (Windows NT 10.0; Win64; x64) AppleWebKit/537.36 (KHTML, like Gecko) Chrome/68.0.3440.106 Safari/537.36"

ip-10-0-0-64.ap-southeast-2.compute.internal:80 121.244.36.135 - - [11/Sep/2018:11:43:19 +0000] "OPTIONS /map_widget/maps HTTP/1.1" 200 410 "-" "Mozilla/5.0 (Windows NT 10.0; Win64; x64) AppleWebKit/537.36 (KHTML, like Gecko) Chrome/68.0.3440.106 Safari/537.36"

ip-10-0-0-64.ap-southeast-2.compute.internal:80 121.244.36.135 - - [11/Sep/2018:11:43:19 +0000] "OPTIONS /loyalty/added HTTP/1.1" 200 410 "-" "Mozilla/5.0 (Windows NT 10.0; Win64; x64) AppleWebKit/537.36 (KHTML, like Gecko) Chrome/68.0.3440.106 Safari/537.36"

ip-10-0-0-64.ap-southeast-2.compute.internal:80 203.145.182.245 - - [11/Sep/2018:11:43:19 +0000] "OPTIONS /property/property_linked HTTP/1.1" 200 410 "-" "Mozilla/5.0 (Windows NT 10.0; Win64; x64) AppleWebKit/537.36 (KHTML, like Gecko) Chrome/68.0.3440.106 Safari/537.36"

ip-10-0-0-64.ap-southeast-2.compute.internal:80 121.244.36.135 - - [11/Sep/2018:11:43:19 +0000] "OPTIONS /loyalty/added HTTP/1.1" 200 410 "-" "Mozilla/5.0 (Windows NT 10.0; Win64; x64) AppleWebKit/537.36 (KHTML, like Gecko) Chrome/68.0.3440.106 Safari/537.36"

ip-10-0-0-64.ap-southeast-2.compute.internal:80 121.244.36.135 - - [11/Sep/2018:11:43:19 +0000] "OPTIONS /property/property_linked HTTP/1.1" 200 410 "-" "Mozilla/5.0 (Windows NT 10.0; Win64; x64) AppleWebKit/537.36 (KHTML, like Gecko) Chrome/68.0.3440.106 Safari/537.36"

ip-10-0-0-64.ap-southeast-2.compute.internal:80 121.244.36.135 - - [11/Sep/2018:11:43:44 +0000] "OPTIONS /compare/in_area HTTP/1.1" 200 410 "-" "Mozilla/5.0 (Windows NT 10.0; Win64; x64) AppleWebKit/537.36 (KHTML, like Gecko) Chrome/68.0.3440.106 Safari/537.36"

ip-10-0-0-64.ap-southeast-2.compute.internal:80 121.244.36.135 - - [11/Sep/2018:11:43:44 +0000] "OPTIONS /surveys/total/points HTTP/1.1" 200 410 "-" "Mozilla/5.0 (Windows NT 10.0; Win64; x64) AppleWebKit/537.36 (KHTML, like Gecko) Chrome/68.0.3440.106 Safari/537.36"

ip-10-0-0-64.ap-southeast-2.compute.internal:80 121.244.36.135 - - [11/Sep/2018:11:43:44 +0000] "OPTIONS /loyalty/redeemed/points HTTP/1.1" 200 410 "-" "Mozilla/5.0 (Windows NT 10.0; Win64; x64) AppleWebKit/537.36 (KHTML, like Gecko) Chrome/68.0.3440.106 Safari/537.36"

ip-10-0-0-64.ap-southeast-2.compute.internal:80 121.244.36.135 - - [11/Sep/2018:11:43:44 +0000] "OPTIONS /map_widget/maps HTTP/1.1" 200 410 "-" "Mozilla/5.0 (Windows NT 10.0; Win64; x64) AppleWebKit/537.36 (KHTML, like Gecko) Chrome/68.0.3440.106 Safari/537.36"

ip-10-0-0-64.ap-southeast-2.compute.internal:80 121.244.36.135 - - [11/Sep/2018:11:43:44 +0000] "OPTIONS /loyalty/added HTTP/1.1" 200 410 "-" "Mozilla/5.0 (Windows NT 10.0; Win64; x64) AppleWebKit/537.36 (KHTML, like Gecko) Chrome/68.0.3440.106 Safari/537.36"

ip-10-0-0-64.ap-southeast-2.compute.internal:80 121.244.36.135 - - [11/Sep/2018:11:43:45 +0000] "OPTIONS /property/property_linked HTTP/1.1" 200 410 "-" "Mozilla/5.0 (Windows NT 10.0; Win64; x64) AppleWebKit/537.36 (KHTML, like Gecko) Chrome/68.0.3440.106 Safari/537.36"

ip-10-0-0-64.ap-southeast-2.compute.internal:80 121.244.36.135 - - [11/Sep/2018:11:43:45 +0000] "OPTIONS /loyalty/added HTTP/1.1" 200 410 "-" "Mozilla/5.0 (Windows NT 10.0; Win64; x64) AppleWebKit/537.36 (KHTML, like Gecko) Chrome/68.0.3440.106 Safari/537.36"

ip-10-0-0-64.ap-southeast-2.compute.internal:80 121.244.36.135 - - [11/Sep/2018:11:43:45 +0000] "OPTIONS /property/property_linked HTTP/1.1" 200 410 "-" "Mozilla/5.0 (Windows NT 10.0; Win64; x64) AppleWebKit/537.36 (KHTML, like Gecko) Chrome/68.0.3440.106 Safari/537.36"

ip-10-0-0-64.ap-southeast-2.compute.internal:80 121.244.36.135 - - [11/Sep/2018:11:48:14 +0000] "OPTIONS /compare/in_area HTTP/1.1" 200 410 "-" "Mozilla/5.0 (Windows NT 10.0; Win64; x64) AppleWebKit/537.36 (KHTML, like Gecko) Chrome/68.0.3440.106 Safari/537.36"

ip-10-0-0-64.ap-southeast-2.compute.internal:80 121.244.36.135 - - [11/Sep/2018:11:48:14 +0000] "OPTIONS /surveys/total/points HTTP/1.1" 200 410 "-" "Mozilla/5.0 (Windows NT 10.0; Win64; x64) AppleWebKit/537.36 (KHTML, like Gecko) Chrome/68.0.3440.106 Safari/537.36"

ip-10-0-0-64.ap-southeast-2.compute.internal:80 121.244.36.135 - - [11/Sep/2018:11:48:14 +0000] "OPTIONS /loyalty/redeemed/points HTTP/1.1" 200 410 "-" "Mozilla/5.0 (Windows NT 10.0; Win64; x64) AppleWebKit/537.36 (KHTML, like Gecko) Chrome/68.0.3440.106 Safari/537.36"

ip-10-0-0-64.ap-southeast-2.compute.internal:80 121.244.36.135 - - [11/Sep/2018:11:48:14 +0000] "OPTIONS /map_widget/maps HTTP/1.1" 200 410 "-" "Mozilla/5.0 (Windows NT 10.0; Win64; x64) AppleWebKit/537.36 (KHTML, like Gecko) Chrome/68.0.3440.106 Safari/537.36"

ip-10-0-0-64.ap-southeast-2.compute.internal:80 121.244.36.135 - - [11/Sep/2018:11:48:14 +0000] "OPTIONS /loyalty/added HTTP/1.1" 200 410 "-" "Mozilla/5.0 (Windows NT 10.0; Win64; x64) AppleWebKit/537.36 (KHTML, like Gecko) Chrome/68.0.3440.106 Safari/537.36"

ip-10-0-0-64.ap-southeast-2.compute.internal:80 121.244.36.135 - - [11/Sep/2018:11:48:14 +0000] "OPTIONS /property/property_linked HTTP/1.1" 200 410 "-" "Mozilla/5.0 (Windows NT 10.0; Win64; x64) AppleWebKit/537.36 (KHTML, like Gecko) Chrome/68.0.3440.106 Safari/537.36"

ip-10-0-0-64.ap-southeast-2.compute.internal:80 121.244.36.135 - - [11/Sep/2018:11:48:14 +0000] "OPTIONS /loyalty/added HTTP/1.1" 200 410 "-" "Mozilla/5.0 (Windows NT 10.0; Win64; x64) AppleWebKit/537.36 (KHTML, like Gecko) Chrome/68.0.3440.106 Safari/537.36"

ip-10-0-0-64.ap-southeast-2.compute.internal:80 121.244.36.135 - - [11/Sep/2018:11:48:14 +0000] "OPTIONS /property/property_linked HTTP/1.1" 200 410 "-" "Mozilla/5.0 (Windows NT 10.0; Win64; x64) AppleWebKit/537.36 (KHTML, like Gecko) Chrome/68.0.3440.106 Safari/537.36"

ip-10-0-0-64.ap-southeast-2.compute.internal:80 203.145.182.245 - - [11/Sep/2018:11:49:27 +0000] "OPTIONS /lists/get/propertytype HTTP/1.1" 200 410 "-" "Mozilla/5.0 (X11; Linux x86_64) AppleWebKit/537.36 (KHTML, like Gecko) Ubuntu Chromium/68.0.3440.106 Chrome/68.0.3440.106 Safari/537.36"

ip-10-0-0-64.ap-southeast-2.compute.internal:80 121.244.36.135 - - [11/Sep/2018:11:49:55 +0000] "OPTIONS /financial/worth HTTP/1.1" 200 410 "-" "Mozilla/5.0 (Windows NT 10.0; Win64; x64) AppleWebKit/537.36 (KHTML, like Gecko) Chrome/68.0.3440.106 Safari/537.36"

ip-10-0-0-64.ap-southeast-2.compute.internal:80 121.244.36.135 - - [11/Sep/2018:11:49:57 +0000] "OPTIONS /compare/by_salary HTTP/1.1" 200 410 "-" "Mozilla/5.0 (Windows NT 10.0; Win64; x64) AppleWebKit/537.36 (KHTML, like Gecko) Chrome/68.0.3440.106 Safari/537.36"

ip-10-0-0-64.ap-southeast-2.compute.internal:80 121.244.36.135 - - [11/Sep/2018:11:49:57 +0000] "OPTIONS /map_widget/maps HTTP/1.1" 200 410 "-" "Mozilla/5.0 (Windows NT 10.0; Win64; x64) AppleWebKit/537.36 (KHTML, like Gecko) Chrome/68.0.3440.106 Safari/537.36"

ip-10-0-0-64.ap-southeast-2.compute.internal:80 121.244.36.135 - - [11/Sep/2018:11:49:57 +0000] "OPTIONS /financial/summary HTTP/1.1" 200 410 "-" "Mozilla/5.0 (Windows NT 10.0; Win64; x64) AppleWebKit/537.36 (KHTML, like Gecko) Chrome/68.0.3440.106 Safari/537.36"

ip-10-0-0-64.ap-southeast-2.compute.internal:80 203.145.182.245 - - [11/Sep/2018:11:49:58 +0000] "OPTIONS /financial/worth HTTP/1.1" 200 410 "-" "Mozilla/5.0 (Windows NT 10.0; Win64; x64) AppleWebKit/537.36 (KHTML, like Gecko) Chrome/68.0.3440.106 Safari/537.36"

ip-10-0-0-64.ap-southeast-2.compute.internal:80 121.244.36.135 - - [11/Sep/2018:11:50:28 +0000] "OPTIONS /compare/in_area HTTP/1.1" 200 410 "-" "Mozilla/5.0 (X11; Linux x86_64) AppleWebKit/537.36 (KHTML, like Gecko) Ubuntu Chromium/68.0.3440.106 Chrome/68.0.3440.106 Safari/537.36"

ip-10-0-0-64.ap-southeast-2.compute.internal:80 121.244.36.135 - - [11/Sep/2018:11:50:29 +0000] "OPTIONS /surveys/total/points HTTP/1.1" 200 410 "-" "Mozilla/5.0 (X11; Linux x86_64) AppleWebKit/537.36 (KHTML, like Gecko) Ubuntu Chromium/68.0.3440.106 Chrome/68.0.3440.106 Safari/537.36"

ip-10-0-0-64.ap-southeast-2.compute.internal:80 121.244.36.135 - - [11/Sep/2018:11:50:29 +0000] "OPTIONS /loyalty/redeemed/points HTTP/1.1" 200 410 "-" "Mozilla/5.0 (X11; Linux x86_64) AppleWebKit/537.36 (KHTML, like Gecko) Ubuntu Chromium/68.0.3440.106 Chrome/68.0.3440.106 Safari/537.36"

ip-10-0-0-64.ap-southeast-2.compute.internal:80 121.244.36.135 - - [11/Sep/2018:11:50:29 +0000] "OPTIONS /map_widget/maps HTTP/1.1" 200 410 "-" "Mozilla/5.0 (X11; Linux x86_64) AppleWebKit/537.36 (KHTML, like Gecko) Ubuntu Chromium/68.0.3440.106 Chrome/68.0.3440.106 Safari/537.36"

ip-10-0-0-64.ap-southeast-2.compute.internal:80 203.145.182.245 - - [11/Sep/2018:11:50:29 +0000] "OPTIONS /property/property_linked HTTP/1.1" 200 410 "-" "Mozilla/5.0 (X11; Linux x86_64) AppleWebKit/537.36 (KHTML, like Gecko) Ubuntu Chromium/68.0.3440.106 Chrome/68.0.3440.106 Safari/537.36"

ip-10-0-0-64.ap-southeast-2.compute.internal:80 121.244.36.135 - - [11/Sep/2018:11:50:29 +0000] "OPTIONS /property/property_linked HTTP/1.1" 200 410 "-" "Mozilla/5.0 (X11; Linux x86_64) AppleWebKit/537.36 (KHTML, like Gecko) Ubuntu Chromium/68.0.3440.106 Chrome/68.0.3440.106 Safari/537.36"

ip-10-0-0-64.ap-southeast-2.compute.internal:80 121.244.36.135 - - [11/Sep/2018:11:50:35 +0000] "OPTIONS /property/property_linked HTTP/1.1" 200 410 "-" "Mozilla/5.0 (X11; Linux x86_64) AppleWebKit/537.36 (KHTML, like Gecko) Ubuntu Chromium/68.0.3440.106 Chrome/68.0.3440.106 Safari/537.36"

ip-10-0-0-64.ap-southeast-2.compute.internal:80 203.145.182.245 - - [11/Sep/2018:11:50:35 +0000] "OPTIONS /surveys/completeness HTTP/1.1" 200 410 "-" "Mozilla/5.0 (X11; Linux x86_64) AppleWebKit/537.36 (KHTML, like Gecko) Ubuntu Chromium/68.0.3440.106 Chrome/68.0.3440.106 Safari/537.36"

ip-10-0-0-64.ap-southeast-2.compute.internal:80 121.244.36.135 - - [11/Sep/2018:11:50:35 +0000] "OPTIONS //property/property_linked HTTP/1.1" 200 410 "-" "Mozilla/5.0 (X11; Linux x86_64) AppleWebKit/537.36 (KHTML, like Gecko) Ubuntu Chromium/68.0.3440.106 Chrome/68.0.3440.106 Safari/537.36"

ip-10-0-0-64.ap-southeast-2.compute.internal:80 125.17.6.141 - - [11/Sep/2018:11:52:09 +0000] "OPTIONS /loyalty/added HTTP/1.1" 200 410 "-" "Mozilla/5.0 (Windows NT 10.0; Win64; x64; rv:62.0) Gecko/20100101 Firefox/62.0"

ip-10-0-0-64.ap-southeast-2.compute.internal:80 125.17.6.141 - - [11/Sep/2018:11:52:09 +0000] "OPTIONS /property/property_linked HTTP/1.1" 200 410 "-" "Mozilla/5.0 (Windows NT 10.0; Win64; x64; rv:62.0) Gecko/20100101 Firefox/62.0"

ip-10-0-0-64.ap-southeast-2.compute.internal:80 125.17.6.141 - - [11/Sep/2018:11:52:09 +0000] "OPTIONS /surveys/total/points HTTP/1.1" 200 410 "-" "Mozilla/5.0 (Windows NT 10.0; Win64; x64; rv:62.0) Gecko/20100101 Firefox/62.0"

ip-10-0-0-64.ap-southeast-2.compute.internal:80 125.17.6.141 - - [11/Sep/2018:11:52:10 +0000] "OPTIONS /lists/get/all HTTP/1.1" 200 410 "-" "Mozilla/5.0 (Windows NT 10.0; Win64; x64; rv:62.0) Gecko/20100101 Firefox/62.0"

ip-10-0-0-64.ap-southeast-2.compute.internal:80 125.17.6.141 - - [11/Sep/2018:11:52:15 +0000] "OPTIONS /property/property_linked HTTP/1.1" 200 410 "-" "Mozilla/5.0 (Windows NT 10.0; Win64; x64; rv:62.0) Gecko/20100101 Firefox/62.0"

ip-10-0-0-64.ap-southeast-2.compute.internal:80 125.17.6.141 - - [11/Sep/2018:11:52:17 +0000] "OPTIONS /surveys/total/points HTTP/1.1" 200 410 "-" "Mozilla/5.0 (Windows NT 10.0; Win64; x64; rv:62.0) Gecko/20100101 Firefox/62.0"

ip-10-0-0-64.ap-southeast-2.compute.internal:80 203.145.182.245 - - [11/Sep/2018:11:52:22 +0000] "OPTIONS /lists/get/propertytype HTTP/1.1" 200 410 "-" "Mozilla/5.0 (X11; Linux x86_64) AppleWebKit/537.36 (KHTML, like Gecko) Ubuntu Chromium/68.0.3440.106 Chrome/68.0.3440.106 Safari/537.36"

ip-10-0-0-64.ap-southeast-2.compute.internal:80 125.17.6.141 - - [11/Sep/2018:11:52:22 +0000] "OPTIONS /surveys/total/points HTTP/1.1" 200 410 "-" "Mozilla/5.0 (Windows NT 10.0; Win64; x64; rv:62.0) Gecko/20100101 Firefox/62.0"

ip-10-0-0-64.ap-southeast-2.compute.internal:80 125.17.6.141 - - [11/Sep/2018:11:52:39 +0000] "OPTIONS /loyalty/added HTTP/1.1" 200 410 "-" "Mozilla/5.0 (Windows NT 10.0; Win64; x64; rv:62.0) Gecko/20100101 Firefox/62.0"

ip-10-0-0-64.ap-southeast-2.compute.internal:80 125.17.6.141 - - [11/Sep/2018:11:52:39 +0000] "OPTIONS /property/property_linked HTTP/1.1" 200 410 "-" "Mozilla/5.0 (Windows NT 10.0; Win64; x64; rv:62.0) Gecko/20100101 Firefox/62.0"

ip-10-0-0-64.ap-southeast-2.compute.internal:80 125.17.6.141 - - [11/Sep/2018:11:52:40 +0000] "OPTIONS /surveys/total/points HTTP/1.1" 200 410 "-" "Mozilla/5.0 (Windows NT 10.0; Win64; x64; rv:62.0) Gecko/20100101 Firefox/62.0"

ip-10-0-0-64.ap-southeast-2.compute.internal:80 125.17.6.141 - - [11/Sep/2018:11:52:40 +0000] "OPTIONS /loyalty/redeemed/points HTTP/1.1" 200 410 "-" "Mozilla/5.0 (Windows NT 10.0; Win64; x64; rv:62.0) Gecko/20100101 Firefox/62.0"

ip-10-0-0-64.ap-southeast-2.compute.internal:80 125.17.6.141 - - [11/Sep/2018:11:52:40 +0000] "OPTIONS /map_widget/maps HTTP/1.1" 200 410 "-" "Mozilla/5.0 (Windows NT 10.0; Win64; x64; rv:62.0) Gecko/20100101 Firefox/62.0"

ip-10-0-0-64.ap-southeast-2.compute.internal:80 125.17.6.141 - - [11/Sep/2018:11:52:40 +0000] "OPTIONS /loyalty/added HTTP/1.1" 200 410 "-" "Mozilla/5.0 (Windows NT 10.0; Win64; x64; rv:62.0) Gecko/20100101 Firefox/62.0"

ip-10-0-0-64.ap-southeast-2.compute.internal:80 125.17.6.141 - - [11/Sep/2018:11:52:40 +0000] "OPTIONS /property/property_linked HTTP/1.1" 200 410 "-" "Mozilla/5.0 (Windows NT 10.0; Win64; x64; rv:62.0) Gecko/20100101 Firefox/62.0"

ip-10-0-0-64.ap-southeast-2.compute.internal:80 125.17.6.141 - - [11/Sep/2018:11:52:41 +0000] "OPTIONS /loyalty/added HTTP/1.1" 200 410 "-" "Mozilla/5.0 (Windows NT 10.0; Win64; x64; rv:62.0) Gecko/20100101 Firefox/62.0"

ip-10-0-0-64.ap-southeast-2.compute.internal:80 125.17.6.141 - - [11/Sep/2018:11:52:41 +0000] "OPTIONS /property/property_linked HTTP/1.1" 200 410 "-" "Mozilla/5.0 (Windows NT 10.0; Win64; x64; rv:62.0) Gecko/20100101 Firefox/62.0"

ip-10-0-0-64.ap-southeast-2.compute.internal:80 121.244.36.135 - - [11/Sep/2018:11:52:49 +0000] "OPTIONS /lists/get/propertytype HTTP/1.1" 200 410 "-" "Mozilla/5.0 (X11; Linux x86_64) AppleWebKit/537.36 (KHTML, like Gecko) Ubuntu Chromium/68.0.3440.106 Chrome/68.0.3440.106 Safari/537.36"

ip-10-0-0-64.ap-southeast-2.compute.internal:80 125.17.6.141 - - [11/Sep/2018:11:53:15 +0000] "OPTIONS /financial/worth HTTP/1.1" 200 410 "-" "Mozilla/5.0 (Windows NT 10.0; Win64; x64; rv:62.0) Gecko/20100101 Firefox/62.0"

ip-10-0-0-64.ap-southeast-2.compute.internal:80 121.244.36.135 - - [11/Sep/2018:11:53:58 +0000] "OPTIONS /lists/get/propertytype HTTP/1.1" 200 410 "-" "Mozilla/5.0 (X11; Linux x86_64) AppleWebKit/537.36 (KHTML, like Gecko) Ubuntu Chromium/68.0.3440.106 Chrome/68.0.3440.106 Safari/537.36"

ip-10-0-0-64.ap-southeast-2.compute.internal:80 121.244.36.135 - - [11/Sep/2018:11:54:02 +0000] "OPTIONS /property/property_linked HTTP/1.1" 200 410 "-" "Mozilla/5.0 (Windows NT 10.0; Win64; x64) AppleWebKit/537.36 (KHTML, like Gecko) Chrome/68.0.3440.106 Safari/537.36"

ip-10-0-0-64.ap-southeast-2.compute.internal:80 121.244.36.135 - - [11/Sep/2018:11:54:02 +0000] "OPTIONS /loyalty/added HTTP/1.1" 200 410 "-" "Mozilla/5.0 (Windows NT 10.0; Win64; x64) AppleWebKit/537.36 (KHTML, like Gecko) Chrome/68.0.3440.106 Safari/537.36"

ip-10-0-0-64.ap-southeast-2.compute.internal:80 121.244.36.135 - - [11/Sep/2018:11:54:02 +0000] "OPTIONS /property/property_linked HTTP/1.1" 200 410 "-" "Mozilla/5.0 (Windows NT 10.0; Win64; x64) AppleWebKit/537.36 (KHTML, like Gecko) Chrome/68.0.3440.106 Safari/537.36"

ip-10-0-0-64.ap-southeast-2.compute.internal:80 121.244.36.135 - - [11/Sep/2018:11:55:15 +0000] "OPTIONS /lists/get/propertytype HTTP/1.1" 200 410 "-" "Mozilla/5.0 (X11; Linux x86_64) AppleWebKit/537.36 (KHTML, like Gecko) Ubuntu Chromium/68.0.3440.106 Chrome/68.0.3440.106 Safari/537.36"

ip-10-0-0-64.ap-southeast-2.compute.internal:80 203.145.182.245 - - [11/Sep/2018:11:55:20 +0000] "OPTIONS /surveys/total/points HTTP/1.1" 200 410 "-" "Mozilla/5.0 (Windows NT 10.0; Win64; x64) AppleWebKit/537.36 (KHTML, like Gecko) Chrome/68.0.3440.106 Safari/537.36"

ip-10-0-0-64.ap-southeast-2.compute.internal:80 203.145.182.245 - - [11/Sep/2018:11:55:20 +0000] "OPTIONS /loyalty/redeemed/points HTTP/1.1" 200 410 "-" "Mozilla/5.0 (Windows NT 10.0; Win64; x64) AppleWebKit/537.36 (KHTML, like Gecko) Chrome/68.0.3440.106 Safari/537.36"

ip-10-0-0-64.ap-southeast-2.compute.internal:80 203.145.182.245 - - [11/Sep/2018:11:55:21 +0000] "OPTIONS /loyalty/added HTTP/1.1" 200 410 "-" "Mozilla/5.0 (Windows NT 10.0; Win64; x64) AppleWebKit/537.36 (KHTML, like Gecko) Chrome/68.0.3440.106 Safari/537.36"

ip-10-0-0-64.ap-southeast-2.compute.internal:80 203.145.182.245 - - [11/Sep/2018:11:55:21 +0000] "OPTIONS /property/property_linked HTTP/1.1" 200 410 "-" "Mozilla/5.0 (Windows NT 10.0; Win64; x64) AppleWebKit/537.36 (KHTML, like Gecko) Chrome/68.0.3440.106 Safari/537.36"

ip-10-0-0-64.ap-southeast-2.compute.internal:80 203.145.182.245 - - [11/Sep/2018:11:55:21 +0000] "OPTIONS /loyalty/added HTTP/1.1" 200 410 "-" "Mozilla/5.0 (Windows NT 10.0; Win64; x64) AppleWebKit/537.36 (KHTML, like Gecko) Chrome/68.0.3440.106 Safari/537.36"

ip-10-0-0-64.ap-southeast-2.compute.internal:80 203.145.182.245 - - [11/Sep/2018:11:55:22 +0000] "OPTIONS /property/property_linked HTTP/1.1" 200 410 "-" "Mozilla/5.0 (Windows NT 10.0; Win64; x64) AppleWebKit/537.36 (KHTML, like Gecko) Chrome/68.0.3440.106 Safari/537.36"

ip-10-0-0-64.ap-southeast-2.compute.internal:80 121.244.36.135 - - [11/Sep/2018:11:55:19 +0000] "OPTIONS /compare/in_area HTTP/1.1" 200 410 "-" "Mozilla/5.0 (Windows NT 10.0; Win64; x64) AppleWebKit/537.36 (KHTML, like Gecko) Chrome/68.0.3440.106 Safari/537.36"

ip-10-0-0-64.ap-southeast-2.compute.internal:80 121.244.36.135 - - [11/Sep/2018:11:55:20 +0000] "OPTIONS /map_widget/maps HTTP/1.1" 200 410 "-" "Mozilla/5.0 (Windows NT 10.0; Win64; x64) AppleWebKit/537.36 (KHTML, like Gecko) Chrome/68.0.3440.106 Safari/537.36"

ip-10-0-0-64.ap-southeast-2.compute.internal:80 121.244.36.135 - - [11/Sep/2018:11:55:32 +0000] "OPTIONS /lists/get/propertytype HTTP/1.1" 200 410 "-" "Mozilla/5.0 (X11; Linux x86_64) AppleWebKit/537.36 (KHTML, like Gecko) Ubuntu Chromium/68.0.3440.106 Chrome/68.0.3440.106 Safari/537.36"

ip-10-0-0-64.ap-southeast-2.compute.internal:80 121.244.36.135 - - [11/Sep/2018:11:57:00 +0000] "OPTIONS /lists/get/propertytype HTTP/1.1" 200 410 "-" "Mozilla/5.0 (X11; Linux x86_64) AppleWebKit/537.36 (KHTML, like Gecko) Ubuntu Chromium/68.0.3440.106 Chrome/68.0.3440.106 Safari/537.36"

ip-10-0-0-64.ap-southeast-2.compute.internal:80 203.145.182.245 - - [11/Sep/2018:11:57:18 +0000] "OPTIONS //property/property_linked HTTP/1.1" 200 410 "-" "Mozilla/5.0 (X11; Linux x86_64) AppleWebKit/537.36 (KHTML, like Gecko) Ubuntu Chromium/68.0.3440.106 Chrome/68.0.3440.106 Safari/537.36"

ip-10-0-0-64.ap-southeast-2.compute.internal:80 121.244.36.135 - - [11/Sep/2018:11:57:19 +0000] "OPTIONS /surveys/total/points HTTP/1.1" 200 410 "-" "Mozilla/5.0 (Windows NT 10.0; Win64; x64) AppleWebKit/537.36 (KHTML, like Gecko) Chrome/68.0.3440.106 Safari/537.36"

ip-10-0-0-64.ap-southeast-2.compute.internal:80 121.244.36.135 - - [11/Sep/2018:11:57:19 +0000] "OPTIONS /loyalty/redeemed/points HTTP/1.1" 200 410 "-" "Mozilla/5.0 (Windows NT 10.0; Win64; x64) AppleWebKit/537.36 (KHTML, like Gecko) Chrome/68.0.3440.106 Safari/537.36"

ip-10-0-0-64.ap-southeast-2.compute.internal:80 203.145.182.245 - - [11/Sep/2018:11:57:20 +0000] "OPTIONS /property/property_linked HTTP/1.1" 200 410 "-" "Mozilla/5.0 (Windows NT 10.0; Win64; x64) AppleWebKit/537.36 (KHTML, like Gecko) Chrome/68.0.3440.106 Safari/537.36"

ip-10-0-0-64.ap-southeast-2.compute.internal:80 121.244.36.135 - - [11/Sep/2018:11:57:19 +0000] "OPTIONS /loyalty/added HTTP/1.1" 200 410 "-" "Mozilla/5.0 (Windows NT 10.0; Win64; x64) AppleWebKit/537.36 (KHTML, like Gecko) Chrome/68.0.3440.106 Safari/537.36"

ip-10-0-0-64.ap-southeast-2.compute.internal:80 121.244.36.135 - - [11/Sep/2018:11:57:19 +0000] "OPTIONS /compare/in_area HTTP/1.1" 200 410 "-" "Mozilla/5.0 (Windows NT 10.0; Win64; x64) AppleWebKit/537.36 (KHTML, like Gecko) Chrome/68.0.3440.106 Safari/537.36"

ip-10-0-0-64.ap-southeast-2.compute.internal:80 121.244.36.135 - - [11/Sep/2018:11:57:20 +0000] "OPTIONS /property/property_linked HTTP/1.1" 200 410 "-" "Mozilla/5.0 (Windows NT 10.0; Win64; x64) AppleWebKit/537.36 (KHTML, like Gecko) Chrome/68.0.3440.106 Safari/537.36"

ip-10-0-0-64.ap-southeast-2.compute.internal:80 203.145.182.245 - - [11/Sep/2018:11:57:20 +0000] "OPTIONS /loyalty/added HTTP/1.1" 200 410 "-" "Mozilla/5.0 (Windows NT 10.0; Win64; x64) AppleWebKit/537.36 (KHTML, like Gecko) Chrome/68.0.3440.106 Safari/537.36"

ip-10-0-0-64.ap-southeast-2.compute.internal:80 203.145.182.245 - - [11/Sep/2018:11:57:19 +0000] "OPTIONS /map_widget/maps HTTP/1.1" 200 410 "-" "Mozilla/5.0 (Windows NT 10.0; Win64; x64) AppleWebKit/537.36 (KHTML, like Gecko) Chrome/68.0.3440.106 Safari/537.36"

ip-10-0-0-64.ap-southeast-2.compute.internal:80 121.244.36.135 - - [11/Sep/2018:11:57:35 +0000] "OPTIONS /lists/get/propertytype HTTP/1.1" 200 410 "-" "Mozilla/5.0 (X11; Linux x86_64) AppleWebKit/537.36 (KHTML, like Gecko) Ubuntu Chromium/68.0.3440.106 Chrome/68.0.3440.106 Safari/537.36"

ip-10-0-0-64.ap-southeast-2.compute.internal:80 121.244.36.135 - - [11/Sep/2018:11:57:56 +0000] "OPTIONS /loyalty/programs HTTP/1.1" 200 410 "-" "Mozilla/5.0 (Windows NT 10.0; Win64; x64) AppleWebKit/537.36 (KHTML, like Gecko) Chrome/68.0.3440.106 Safari/537.36"

ip-10-0-0-64.ap-southeast-2.compute.internal:80 121.244.36.135 - - [11/Sep/2018:11:58:01 +0000] "OPTIONS /surveys/completeness HTTP/1.1" 200 410 "-" "Mozilla/5.0 (Windows NT 10.0; Win64; x64) AppleWebKit/537.36 (KHTML, like Gecko) Chrome/68.0.3440.106 Safari/537.36"

ip-10-0-0-64.ap-southeast-2.compute.internal:80 121.244.36.135 - - [11/Sep/2018:11:58:02 +0000] "OPTIONS /property/property_linked HTTP/1.1" 200 410 "-" "Mozilla/5.0 (Windows NT 10.0; Win64; x64) AppleWebKit/537.36 (KHTML, like Gecko) Chrome/68.0.3440.106 Safari/537.36"

ip-10-0-0-64.ap-southeast-2.compute.internal:80 121.244.36.135 - - [11/Sep/2018:11:58:02 +0000] "OPTIONS /surveys/total/points HTTP/1.1" 200 410 "-" "Mozilla/5.0 (Windows NT 10.0; Win64; x64) AppleWebKit/537.36 (KHTML, like Gecko) Chrome/68.0.3440.106 Safari/537.36"

ip-10-0-0-64.ap-southeast-2.compute.internal:80 121.244.36.135 - - [11/Sep/2018:11:58:02 +0000] "OPTIONS /loyalty/redeemed/points HTTP/1.1" 200 410 "-" "Mozilla/5.0 (Windows NT 10.0; Win64; x64) AppleWebKit/537.36 (KHTML, like Gecko) Chrome/68.0.3440.106 Safari/537.36"

ip-10-0-0-64.ap-southeast-2.compute.internal:80 121.244.36.135 - - [11/Sep/2018:11:58:02 +0000] "OPTIONS /map_widget/maps HTTP/1.1" 200 410 "-" "Mozilla/5.0 (Windows NT 10.0; Win64; x64) AppleWebKit/537.36 (KHTML, like Gecko) Chrome/68.0.3440.106 Safari/537.36"

ip-10-0-0-64.ap-southeast-2.compute.internal:80 121.244.36.135 - - [11/Sep/2018:11:58:02 +0000] "OPTIONS /loyalty/added HTTP/1.1" 200 410 "-" "Mozilla/5.0 (Windows NT 10.0; Win64; x64) AppleWebKit/537.36 (KHTML, like Gecko) Chrome/68.0.3440.106 Safari/537.36"

ip-10-0-0-64.ap-southeast-2.compute.internal:80 121.244.36.135 - - [11/Sep/2018:11:58:02 +0000] "OPTIONS /property/property_linked HTTP/1.1" 200 410 "-" "Mozilla/5.0 (Windows NT 10.0; Win64; x64) AppleWebKit/537.36 (KHTML, like Gecko) Chrome/68.0.3440.106 Safari/537.36"

ip-10-0-0-64.ap-southeast-2.compute.internal:80 121.244.36.135 - - [11/Sep/2018:11:58:02 +0000] "OPTIONS /loyalty/added HTTP/1.1" 200 410 "-" "Mozilla/5.0 (Windows NT 10.0; Win64; x64) AppleWebKit/537.36 (KHTML, like Gecko) Chrome/68.0.3440.106 Safari/537.36"

ip-10-0-0-64.ap-southeast-2.compute.internal:80 121.244.36.135 - - [11/Sep/2018:11:58:02 +0000] "OPTIONS /property/property_linked HTTP/1.1" 200 410 "-" "Mozilla/5.0 (Windows NT 10.0; Win64; x64) AppleWebKit/537.36 (KHTML, like Gecko) Chrome/68.0.3440.106 Safari/537.36"

ip-10-0-0-64.ap-southeast-2.compute.internal:80 121.244.36.135 - - [11/Sep/2018:11:58:02 +0000] "OPTIONS /loyalty/added HTTP/1.1" 200 410 "-" "Mozilla/5.0 (Windows NT 10.0; Win64; x64) AppleWebKit/537.36 (KHTML, like Gecko) Chrome/68.0.3440.106 Safari/537.36"

ip-10-0-0-64.ap-southeast-2.compute.internal:80 203.145.182.245 - - [11/Sep/2018:11:58:13 +0000] "OPTIONS /surveys/completeness HTTP/1.1" 200 410 "-" "Mozilla/5.0 (Windows NT 10.0; Win64; x64) AppleWebKit/537.36 (KHTML, like Gecko) Chrome/68.0.3440.106 Safari/537.36"

ip-10-0-0-64.ap-southeast-2.compute.internal:80 203.145.182.245 - - [11/Sep/2018:11:58:13 +0000] "OPTIONS /compare/by_salary HTTP/1.1" 200 410 "-" "Mozilla/5.0 (Windows NT 10.0; Win64; x64) AppleWebKit/537.36 (KHTML, like Gecko) Chrome/68.0.3440.106 Safari/537.36"

ip-10-0-0-64.ap-southeast-2.compute.internal:80 203.145.182.245 - - [11/Sep/2018:11:58:13 +0000] "OPTIONS /map_widget/maps HTTP/1.1" 200 410 "-" "Mozilla/5.0 (Windows NT 10.0; Win64; x64) AppleWebKit/537.36 (KHTML, like Gecko) Chrome/68.0.3440.106 Safari/537.36"

ip-10-0-0-64.ap-southeast-2.compute.internal:80 121.244.36.135 - - [11/Sep/2018:11:58:13 +0000] "OPTIONS /financial/summary HTTP/1.1" 200 410 "-" "Mozilla/5.0 (Windows NT 10.0; Win64; x64) AppleWebKit/537.36 (KHTML, like Gecko) Chrome/68.0.3440.106 Safari/537.36"

ip-10-0-0-64.ap-southeast-2.compute.internal:80 203.145.182.245 - - [11/Sep/2018:11:58:13 +0000] "OPTIONS /financial/worth HTTP/1.1" 200 410 "-" "Mozilla/5.0 (Windows NT 10.0; Win64; x64) AppleWebKit/537.36 (KHTML, like Gecko) Chrome/68.0.3440.106 Safari/537.36"

ip-10-0-0-64.ap-southeast-2.compute.internal:80 115.114.47.118 - - [11/Sep/2018:11:58:58 +0000] "OPTIONS /financial/institutions HTTP/1.1" 200 410 "-" "Mozilla/5.0 (Windows NT 6.1) AppleWebKit/537.36 (KHTML, like Gecko) Chrome/68.0.3440.106 Safari/537.36"

ip-10-0-0-64.ap-southeast-2.compute.internal:80 121.244.36.135 - - [11/Sep/2018:12:00:14 +0000] "OPTIONS /compare/by_salary HTTP/1.1" 200 410 "-" "Mozilla/5.0 (Windows NT 10.0; Win64; x64) AppleWebKit/537.36 (KHTML, like Gecko) Chrome/68.0.3440.106 Safari/537.36"

ip-10-0-0-64.ap-southeast-2.compute.internal:80 121.244.36.135 - - [11/Sep/2018:12:00:14 +0000] "OPTIONS /map_widget/maps HTTP/1.1" 200 410 "-" "Mozilla/5.0 (Windows NT 10.0; Win64; x64) AppleWebKit/537.36 (KHTML, like Gecko) Chrome/68.0.3440.106 Safari/537.36"

ip-10-0-0-64.ap-southeast-2.compute.internal:80 121.244.36.135 - - [11/Sep/2018:12:00:14 +0000] "OPTIONS /financial/summary HTTP/1.1" 200 410 "-" "Mozilla/5.0 (Windows NT 10.0; Win64; x64) AppleWebKit/537.36 (KHTML, like Gecko) Chrome/68.0.3440.106 Safari/537.36"

ip-10-0-0-64.ap-southeast-2.compute.internal:80 121.244.36.135 - - [11/Sep/2018:12:00:14 +0000] "OPTIONS /financial/worth HTTP/1.1" 200 410 "-" "Mozilla/5.0 (Windows NT 10.0; Win64; x64) AppleWebKit/537.36 (KHTML, like Gecko) Chrome/68.0.3440.106 Safari/537.36"

ip-10-0-0-64.ap-southeast-2.compute.internal:80 121.244.36.135 - - [11/Sep/2018:12:00:14 +0000] "OPTIONS /lists/get/propertytype HTTP/1.1" 200 410 "-" "Mozilla/5.0 (X11; Linux x86_64) AppleWebKit/537.36 (KHTML, like Gecko) Ubuntu Chromium/68.0.3440.106 Chrome/68.0.3440.106 Safari/537.36"

ip-10-0-0-64.ap-southeast-2.compute.internal:80 121.244.36.135 - - [11/Sep/2018:12:00:52 +0000] "OPTIONS /compare/by_salary HTTP/1.1" 200 410 "-" "Mozilla/5.0 (Windows NT 10.0; Win64; x64) AppleWebKit/537.36 (KHTML, like Gecko) Chrome/68.0.3440.106 Safari/537.36"

ip-10-0-0-64.ap-southeast-2.compute.internal:80 121.244.36.135 - - [11/Sep/2018:12:00:52 +0000] "OPTIONS /map_widget/maps HTTP/1.1" 200 410 "-" "Mozilla/5.0 (Windows NT 10.0; Win64; x64) AppleWebKit/537.36 (KHTML, like Gecko) Chrome/68.0.3440.106 Safari/537.36"

ip-10-0-0-64.ap-southeast-2.compute.internal:80 121.244.36.135 - - [11/Sep/2018:12:00:52 +0000] "OPTIONS /financial/summary HTTP/1.1" 200 410 "-" "Mozilla/5.0 (Windows NT 10.0; Win64; x64) AppleWebKit/537.36 (KHTML, like Gecko) Chrome/68.0.3440.106 Safari/537.36"

ip-10-0-0-64.ap-southeast-2.compute.internal:80 203.145.182.245 - - [11/Sep/2018:12:00:53 +0000] "OPTIONS /financial/worth HTTP/1.1" 200 410 "-" "Mozilla/5.0 (Windows NT 10.0; Win64; x64) AppleWebKit/537.36 (KHTML, like Gecko) Chrome/68.0.3440.106 Safari/537.36"

ip-10-0-0-64.ap-southeast-2.compute.internal:80 121.244.36.135 - - [11/Sep/2018:12:01:41 +0000] "OPTIONS /compare/by_salary HTTP/1.1" 200 410 "-" "Mozilla/5.0 (Windows NT 10.0; Win64; x64) AppleWebKit/537.36 (KHTML, like Gecko) Chrome/68.0.3440.106 Safari/537.36"

ip-10-0-0-64.ap-southeast-2.compute.internal:80 121.244.36.135 - - [11/Sep/2018:12:01:41 +0000] "OPTIONS /map_widget/maps HTTP/1.1" 200 410 "-" "Mozilla/5.0 (Windows NT 10.0; Win64; x64) AppleWebKit/537.36 (KHTML, like Gecko) Chrome/68.0.3440.106 Safari/537.36"

ip-10-0-0-64.ap-southeast-2.compute.internal:80 121.244.36.135 - - [11/Sep/2018:12:01:41 +0000] "OPTIONS /financial/summary HTTP/1.1" 200 410 "-" "Mozilla/5.0 (Windows NT 10.0; Win64; x64) AppleWebKit/537.36 (KHTML, like Gecko) Chrome/68.0.3440.106 Safari/537.36"

ip-10-0-0-64.ap-southeast-2.compute.internal:80 203.145.182.245 - - [11/Sep/2018:12:01:41 +0000] "OPTIONS /financial/worth HTTP/1.1" 200 410 "-" "Mozilla/5.0 (Windows NT 10.0; Win64; x64) AppleWebKit/537.36 (KHTML, like Gecko) Chrome/68.0.3440.106 Safari/537.36"

ip-10-0-0-64.ap-southeast-2.compute.internal:80 203.145.182.245 - - [11/Sep/2018:12:01:41 +0000] "OPTIONS /lists/get/propertytype HTTP/1.1" 200 410 "-" "Mozilla/5.0 (X11; Linux x86_64) AppleWebKit/537.36 (KHTML, like Gecko) Ubuntu Chromium/68.0.3440.106 Chrome/68.0.3440.106 Safari/537.36"

ip-10-0-0-64.ap-southeast-2.compute.internal:80 121.244