ip-10-0-0-64.ap-southeast-2.compute.internal:80 203.145.182.245 - - [29/Aug/2018:07:52:40 +0000] "OPTIONS /signup/status HTTP/1.1" 200 416 "-" "Mozilla/5.0 (Windows NT 10.0; Win64; x64) AppleWebKit/537.36 (KHTML, like Gecko) Chrome/68.0.3440.106 Safari/537.36"
ip-10-0-0-64.ap-southeast-2.compute.internal:80 121.244.36.135 - - [29/Aug/2018:07:52:40 +0000] "GET /loyalty/confirm HTTP/1.1" 401 317 "http://localhost:4200/dashboard/property" "Mozilla/5.0 (Windows NT 10.0; Win64; x64) AppleWebKit/537.36 (KHTML, like Gecko) Chrome/68.0.3440.106 Safari/537.36"
ip-10-0-0-64.ap-southeast-2.compute.internal:80 203.145.182.245 - - [29/Aug/2018:07:52:41 +0000] "GET /settings/profile HTTP/1.1" 401 295 "http://localhost:4200/dashboard/property" "Mozilla/5.0 (Windows NT 10.0; Win64; x64) AppleWebKit/537.36 (KHTML, like Gecko) Chrome/68.0.3440.106 Safari/537.36"
ip-10-0-0-64.ap-southeast-2.compute.internal:80 203.145.182.245 - - [29/Aug/2018:07:52:41 +0000] "GET /signup/status HTTP/1.1" 401 321 "http://localhost:4200/dashboard/property" "Mozilla/5.0 (Windows NT 10.0; Win64; x64) AppleWebKit/537.36 (KHTML, like Gecko) Chrome/68.0.3440.106 Safari/537.36"
ip-10-0-0-64.ap-southeast-2.compute.internal:80 203.145.182.245 - - [29/Aug/2018:07:52:45 +0000] "OPTIONS /misc/get/propertytype HTTP/1.1" 200 410 "-" "Mozilla/5.0 (Windows NT 10.0; Win64; x64) AppleWebKit/537.36 (KHTML, like Gecko) Chrome/68.0.3440.106 Safari/537.36"
ip-10-0-0-64.ap-southeast-2.compute.internal:80 203.145.182.245 - - [29/Aug/2018:07:52:45 +0000] "GET /misc/get/propertytype HTTP/1.1" 200 425 "http://localhost:4200/dashboard/property" "Mozilla/5.0 (Windows NT 10.0; Win64; x64) AppleWebKit/537.36 (KHTML, like Gecko) Chrome/68.0.3440.106 Safari/537.36"
ip-10-0-0-64.ap-southeast-2.compute.internal:80 121.244.36.135 - - [29/Aug/2018:07:53:16 +0000] "OPTIONS /loyalty/confirm HTTP/1.1" 200 416 "-" "Mozilla/5.0 (Windows NT 10.0; Win64; x64) AppleWebKit/537.36 (KHTML, like Gecko) Chrome/68.0.3440.106 Safari/537.36"
ip-10-0-0-64.ap-southeast-2.compute.internal:80 203.145.182.245 - - [29/Aug/2018:07:53:16 +0000] "OPTIONS /settings/profile HTTP/1.1" 200 422 "-" "Mozilla/5.0 (Windows NT 10.0; Win64; x64) AppleWebKit/537.36 (KHTML, like Gecko) Chrome/68.0.3440.106 Safari/537.36"
ip-10-0-0-64.ap-southeast-2.compute.internal:80 203.145.182.245 - - [29/Aug/2018:07:53:16 +0000] "OPTIONS /signup/status HTTP/1.1" 200 416 "-" "Mozilla/5.0 (Windows NT 10.0; Win64; x64) AppleWebKit/537.36 (KHTML, like Gecko) Chrome/68.0.3440.106 Safari/537.36"
ip-10-0-0-64.ap-southeast-2.compute.internal:80 121.244.36.135 - - [29/Aug/2018:07:53:16 +0000] "GET /loyalty/confirm HTTP/1.1" 401 317 "http://localhost:4200/dashboard/property" "Mozilla/5.0 (Windows NT 10.0; Win64; x64) AppleWebKit/537.36 (KHTML, like Gecko) Chrome/68.0.3440.106 Safari/537.36"
ip-10-0-0-64.ap-southeast-2.compute.internal:80 203.145.182.245 - - [29/Aug/2018:07:53:16 +0000] "GET /settings/profile HTTP/1.1" 401 295 "http://localhost:4200/dashboard/property" "Mozilla/5.0 (Windows NT 10.0; Win64; x64) AppleWebKit/537.36 (KHTML, like Gecko) Chrome/68.0.3440.106 Safari/537.36"
ip-10-0-0-64.ap-southeast-2.compute.internal:80 203.145.182.245 - - [29/Aug/2018:07:53:16 +0000] "GET /signup/status HTTP/1.1" 401 321 "http://localhost:4200/dashboard/property" "Mozilla/5.0 (Windows NT 10.0; Win64; x64) AppleWebKit/537.36 (KHTML, like Gecko) Chrome/68.0.3440.106 Safari/537.36"
ip-10-0-0-64.ap-southeast-2.compute.internal:80 203.145.182.245 - - [29/Aug/2018:07:53:16 +0000] "OPTIONS /misc/get/all HTTP/1.1" 200 411 "-" "Mozilla/5.0 (Windows NT 10.0; Win64; x64) AppleWebKit/537.36 (KHTML, like Gecko) Chrome/68.0.3440.106 Safari/537.36"
ip-10-0-0-64.ap-southeast-2.compute.internal:80 203.145.182.245 - - [29/Aug/2018:07:53:17 +0000] "GET /misc/get/all HTTP/1.1" 200 6817 "http://localhost:4200/signUp" "Mozilla/5.0 (Windows NT 10.0; Win64; x64) AppleWebKit/537.36 (KHTML, like Gecko) Chrome/68.0.3440.106 Safari/537.36"
ip-10-0-0-64.ap-southeast-2.compute.internal:80 121.244.36.135 - - [29/Aug/2018:07:54:07 +0000] "GET /signup/users HTTP/1.1" 200 7709 "-" "python-requests/2.19.1"
ip-10-0-0-64.ap-southeast-2.compute.internal:80 203.145.182.245 - - [29/Aug/2018:07:54:20 +0000] "OPTIONS /misc/get/all HTTP/1.1" 200 411 "-" "Mozilla/5.0 (Windows NT 10.0; Win64; x64) AppleWebKit/537.36 (KHTML, like Gecko) Chrome/68.0.3440.106 Safari/537.36"
ip-10-0-0-64.ap-southeast-2.compute.internal:80 203.145.182.245 - - [29/Aug/2018:07:54:20 +0000] "GET /misc/get/all HTTP/1.1" 200 6817 "http://localhost:4200/signUp" "Mozilla/5.0 (Windows NT 10.0; Win64; x64) AppleWebKit/537.36 (KHTML, like Gecko) Chrome/68.0.3440.106 Safari/537.36"
ip-10-0-0-64.ap-southeast-2.compute.internal:80 121.244.36.135 - - [29/Aug/2018:07:54:43 +0000] "GET /settings/faq HTTP/1.1" 200 262 "-" "Mozilla/5.0 (X11; Linux x86_64) AppleWebKit/537.36 (KHTML, like Gecko) Chrome/67.0.3396.99 Safari/537.36"
ip-10-0-0-64.ap-southeast-2.compute.internal:80 203.145.182.245 - - [29/Aug/2018:07:54:57 +0000] "OPTIONS //settings/faq HTTP/1.1" 200 417 "-" "Mozilla/5.0 (Windows NT 10.0; Win64; x64) AppleWebKit/537.36 (KHTML, like Gecko) Chrome/68.0.3440.106 Safari/537.36"
ip-10-0-0-64.ap-southeast-2.compute.internal:80 203.145.182.245 - - [29/Aug/2018:07:54:57 +0000] "GET //settings/faq HTTP/1.1" 200 275 "http://13.54.91.199/userSettings/askHumaniti" "Mozilla/5.0 (Windows NT 10.0; Win64; x64) AppleWebKit/537.36 (KHTML, like Gecko) Chrome/68.0.3440.106 Safari/537.36"
ip-10-0-0-64.ap-southeast-2.compute.internal:80 121.244.36.135 - - [29/Aug/2018:07:55:03 +0000] "OPTIONS /settings/profile HTTP/1.1" 200 422 "-" "Mozilla/5.0 (Windows NT 10.0; Win64; x64) AppleWebKit/537.36 (KHTML, like Gecko) Chrome/68.0.3440.106 Safari/537.36"
ip-10-0-0-64.ap-southeast-2.compute.internal:80 121.244.36.135 - - [29/Aug/2018:07:55:03 +0000] "OPTIONS //settings/faq HTTP/1.1" 200 417 "-" "Mozilla/5.0 (Windows NT 10.0; Win64; x64) AppleWebKit/537.36 (KHTML, like Gecko) Chrome/68.0.3440.106 Safari/537.36"
ip-10-0-0-64.ap-southeast-2.compute.internal:80 121.244.36.135 - - [29/Aug/2018:07:55:03 +0000] "GET /settings/profile HTTP/1.1" 200 2846 "http://13.54.91.199/userSettings/askHumaniti" "Mozilla/5.0 (Windows NT 10.0; Win64; x64) AppleWebKit/537.36 (KHTML, like Gecko) Chrome/68.0.3440.106 Safari/537.36"
ip-10-0-0-64.ap-southeast-2.compute.internal:80 121.244.36.135 - - [29/Aug/2018:07:55:03 +0000] "GET //settings/faq HTTP/1.1" 200 275 "http://13.54.91.199/userSettings/askHumaniti" "Mozilla/5.0 (Windows NT 10.0; Win64; x64) AppleWebKit/537.36 (KHTML, like Gecko) Chrome/68.0.3440.106 Safari/537.36"
ip-10-0-0-64.ap-southeast-2.compute.internal:80 121.244.36.135 - - [29/Aug/2018:07:55:09 +0000] "OPTIONS //settings/faq HTTP/1.1" 200 417 "-" "Mozilla/5.0 (Windows NT 10.0; Win64; x64) AppleWebKit/537.36 (KHTML, like Gecko) Chrome/68.0.3440.106 Safari/537.36"
ip-10-0-0-64.ap-southeast-2.compute.internal:80 121.244.36.135 - - [29/Aug/2018:07:55:09 +0000] "GET //settings/faq HTTP/1.1" 200 275 "http://13.54.91.199/userSettings/askHumaniti" "Mozilla/5.0 (Windows NT 10.0; Win64; x64) AppleWebKit/537.36 (KHTML, like Gecko) Chrome/68.0.3440.106 Safari/537.36"
ip-10-0-0-64.ap-southeast-2.compute.internal:80 121.244.36.135 - - [29/Aug/2018:07:55:29 +0000] "GET /signup/users HTTP/1.1" 200 7709 "-" "python-requests/2.19.1"
ip-10-0-0-64.ap-southeast-2.compute.internal:80 121.244.36.135 - - [29/Aug/2018:07:56:44 +0000] "OPTIONS /loyalty/confirm HTTP/1.1" 200 416 "-" "Mozilla/5.0 (Windows NT 10.0; Win64; x64) AppleWebKit/537.36 (KHTML, like Gecko) Chrome/68.0.3440.106 Safari/537.36"
ip-10-0-0-64.ap-southeast-2.compute.internal:80 121.244.36.135 - - [29/Aug/2018:07:56:44 +0000] "OPTIONS /settings/profile HTTP/1.1" 200 422 "-" "Mozilla/5.0 (Windows NT 10.0; Win64; x64) AppleWebKit/537.36 (KHTML, like Gecko) Chrome/68.0.3440.106 Safari/537.36"
ip-10-0-0-64.ap-southeast-2.compute.internal:80 203.145.182.245 - - [29/Aug/2018:07:56:44 +0000] "OPTIONS /signup/status HTTP/1.1" 200 416 "-" "Mozilla/5.0 (Windows NT 10.0; Win64; x64) AppleWebKit/537.36 (KHTML, like Gecko) Chrome/68.0.3440.106 Safari/537.36"
ip-10-0-0-64.ap-southeast-2.compute.internal:80 121.244.36.135 - - [29/Aug/2018:07:56:44 +0000] "GET /loyalty/confirm HTTP/1.1" 401 317 "http://localhost:4200/dashboard/property" "Mozilla/5.0 (Windows NT 10.0; Win64; x64) AppleWebKit/537.36 (KHTML, like Gecko) Chrome/68.0.3440.106 Safari/537.36"
ip-10-0-0-64.ap-southeast-2.compute.internal:80 121.244.36.135 - - [29/Aug/2018:07:56:44 +0000] "GET /settings/profile HTTP/1.1" 401 295 "http://localhost:4200/dashboard/property" "Mozilla/5.0 (Windows NT 10.0; Win64; x64) AppleWebKit/537.36 (KHTML, like Gecko) Chrome/68.0.3440.106 Safari/537.36"
ip-10-0-0-64.ap-southeast-2.compute.internal:80 203.145.182.245 - - [29/Aug/2018:07:56:44 +0000] "GET /signup/status HTTP/1.1" 401 321 "http://localhost:4200/dashboard/property" "Mozilla/5.0 (Windows NT 10.0; Win64; x64) AppleWebKit/537.36 (KHTML, like Gecko) Chrome/68.0.3440.106 Safari/537.36"
ip-10-0-0-64.ap-southeast-2.compute.internal:80 203.145.182.245 - - [29/Aug/2018:07:57:02 +0000] "OPTIONS /misc/get/all HTTP/1.1" 200 411 "-" "Mozilla/5.0 (Windows NT 10.0; Win64; x64) AppleWebKit/537.36 (KHTML, like Gecko) Chrome/68.0.3440.106 Safari/537.36"
ip-10-0-0-64.ap-southeast-2.compute.internal:80 203.145.182.245 - - [29/Aug/2018:07:57:02 +0000] "GET /misc/get/all HTTP/1.1" 200 6817 "http://localhost:4200/signUp" "Mozilla/5.0 (Windows NT 10.0; Win64; x64) AppleWebKit/537.36 (KHTML, like Gecko) Chrome/68.0.3440.106 Safari/537.36"
ip-10-0-0-64.ap-southeast-2.compute.internal:80 121.244.36.135 - - [29/Aug/2018:07:58:10 +0000] "OPTIONS /loyalty/confirm HTTP/1.1" 200 416 "-" "Mozilla/5.0 (Windows NT 10.0; Win64; x64) AppleWebKit/537.36 (KHTML, like Gecko) Chrome/68.0.3440.106 Safari/537.36"
ip-10-0-0-64.ap-southeast-2.compute.internal:80 203.145.182.245 - - [29/Aug/2018:07:58:10 +0000] "OPTIONS /settings/profile HTTP/1.1" 200 422 "-" "Mozilla/5.0 (Windows NT 10.0; Win64; x64) AppleWebKit/537.36 (KHTML, like Gecko) Chrome/68.0.3440.106 Safari/537.36"
ip-10-0-0-64.ap-southeast-2.compute.internal:80 203.145.182.245 - - [29/Aug/2018:07:58:11 +0000] "OPTIONS /signup/status HTTP/1.1" 200 416 "-" "Mozilla/5.0 (Windows NT 10.0; Win64; x64) AppleWebKit/537.36 (KHTML, like Gecko) Chrome/68.0.3440.106 Safari/537.36"
ip-10-0-0-64.ap-southeast-2.compute.internal:80 121.244.36.135 - - [29/Aug/2018:07:58:11 +0000] "GET /loyalty/confirm HTTP/1.1" 401 317 "http://localhost:4200/dashboard/property" "Mozilla/5.0 (Windows NT 10.0; Win64; x64) AppleWebKit/537.36 (KHTML, like Gecko) Chrome/68.0.3440.106 Safari/537.36"
ip-10-0-0-64.ap-southeast-2.compute.internal:80 203.145.182.245 - - [29/Aug/2018:07:58:11 +0000] "GET /settings/profile HTTP/1.1" 401 295 "http://localhost:4200/dashboard/property" "Mozilla/5.0 (Windows NT 10.0; Win64; x64) AppleWebKit/537.36 (KHTML, like Gecko) Chrome/68.0.3440.106 Safari/537.36"
ip-10-0-0-64.ap-southeast-2.compute.internal:80 203.145.182.245 - - [29/Aug/2018:07:58:11 +0000] "GET /signup/status HTTP/1.1" 401 321 "http://localhost:4200/dashboard/property" "Mozilla/5.0 (Windows NT 10.0; Win64; x64) AppleWebKit/537.36 (KHTML, like Gecko) Chrome/68.0.3440.106 Safari/537.36"
ip-10-0-0-64.ap-southeast-2.compute.internal:80 121.244.36.135 - - [29/Aug/2018:07:58:25 +0000] "GET /signup/users HTTP/1.1" 200 7709 "-" "python-requests/2.19.1"
ip-10-0-0-64.ap-southeast-2.compute.internal:80 203.145.182.245 - - [29/Aug/2018:07:58:28 +0000] "OPTIONS /misc/get/propertytype HTTP/1.1" 200 411 "-" "Mozilla/5.0 (Windows NT 10.0; Win64; x64) AppleWebKit/537.36 (KHTML, like Gecko) Chrome/68.0.3440.106 Safari/537.36"
ip-10-0-0-64.ap-southeast-2.compute.internal:80 203.145.182.245 - - [29/Aug/2018:07:58:29 +0000] "GET /misc/get/propertytype HTTP/1.1" 200 425 "http://localhost:4200/dashboard/property" "Mozilla/5.0 (Windows NT 10.0; Win64; x64) AppleWebKit/537.36 (KHTML, like Gecko) Chrome/68.0.3440.106 Safari/537.36"
ip-10-0-0-64.ap-southeast-2.compute.internal:80 121.244.36.135 - - [29/Aug/2018:07:58:48 +0000] "OPTIONS /misc/get/propertytype HTTP/1.1" 200 411 "-" "Mozilla/5.0 (Windows NT 10.0; Win64; x64) AppleWebKit/537.36 (KHTML, like Gecko) Chrome/68.0.3440.106 Safari/537.36"
ip-10-0-0-64.ap-southeast-2.compute.internal:80 121.244.36.135 - - [29/Aug/2018:07:58:49 +0000] "GET /misc/get/propertytype HTTP/1.1" 200 425 "http://localhost:4200/dashboard/property" "Mozilla/5.0 (Windows NT 10.0; Win64; x64) AppleWebKit/537.36 (KHTML, like Gecko) Chrome/68.0.3440.106 Safari/537.36"
ip-10-0-0-64.ap-southeast-2.compute.internal:80 203.145.182.245 - - [29/Aug/2018:07:58:53 +0000] "OPTIONS /misc/get/all HTTP/1.1" 200 411 "-" "Mozilla/5.0 (Windows NT 10.0; Win64; x64) AppleWebKit/537.36 (KHTML, like Gecko) Chrome/68.0.3440.106 Safari/537.36"
ip-10-0-0-64.ap-southeast-2.compute.internal:80 203.145.182.245 - - [29/Aug/2018:07:58:53 +0000] "GET /misc/get/all HTTP/1.1" 200 6817 "http://localhost:4200/signUp" "Mozilla/5.0 (Windows NT 10.0; Win64; x64) AppleWebKit/537.36 (KHTML, like Gecko) Chrome/68.0.3440.106 Safari/537.36"
ip-10-0-0-64.ap-southeast-2.compute.internal:80 203.145.182.245 - - [29/Aug/2018:08:00:14 +0000] "-" 408 0 "-" "-"
ip-10-0-0-64.ap-southeast-2.compute.internal:80 186.226.218.153 - - [29/Aug/2018:08:01:46 +0000] "GET / HTTP/1.1" 200 262 "-" "Mozilla/5.0 (Windows NT 6.1; WOW64) AppleWebKit/537.36 (KHTML, like Gecko) Chrome/51.0.2704.103 Safari/537.36"
ip-10-0-0-64.ap-southeast-2.compute.internal:80 121.244.36.135 - - [29/Aug/2018:08:04:07 +0000] "OPTIONS /loyalty/confirm HTTP/1.1" 200 416 "-" "Mozilla/5.0 (Windows NT 10.0; Win64; x64) AppleWebKit/537.36 (KHTML, like Gecko) Chrome/68.0.3440.106 Safari/537.36"
ip-10-0-0-64.ap-southeast-2.compute.internal:80 121.244.36.135 - - [29/Aug/2018:08:04:07 +0000] "OPTIONS /signup/status HTTP/1.1" 200 416 "-" "Mozilla/5.0 (Windows NT 10.0; Win64; x64) AppleWebKit/537.36 (KHTML, like Gecko) Chrome/68.0.3440.106 Safari/537.36"
ip-10-0-0-64.ap-southeast-2.compute.internal:80 203.145.182.245 - - [29/Aug/2018:08:04:07 +0000] "OPTIONS /settings/profile HTTP/1.1" 200 422 "-" "Mozilla/5.0 (Windows NT 10.0; Win64; x64) AppleWebKit/537.36 (KHTML, like Gecko) Chrome/68.0.3440.106 Safari/537.36"
ip-10-0-0-64.ap-southeast-2.compute.internal:80 121.244.36.135 - - [29/Aug/2018:08:04:07 +0000] "GET /loyalty/confirm HTTP/1.1" 401 317 "http://localhost:4200/dashboard/property" "Mozilla/5.0 (Windows NT 10.0; Win64; x64) AppleWebKit/537.36 (KHTML, like Gecko) Chrome/68.0.3440.106 Safari/537.36"
ip-10-0-0-64.ap-southeast-2.compute.internal:80 121.244.36.135 - - [29/Aug/2018:08:04:07 +0000] "GET /signup/status HTTP/1.1" 401 321 "http://localhost:4200/dashboard/property" "Mozilla/5.0 (Windows NT 10.0; Win64; x64) AppleWebKit/537.36 (KHTML, like Gecko) Chrome/68.0.3440.106 Safari/537.36"
ip-10-0-0-64.ap-southeast-2.compute.internal:80 203.145.182.245 - - [29/Aug/2018:08:04:08 +0000] "GET /settings/profile HTTP/1.1" 401 295 "http://localhost:4200/dashboard/property" "Mozilla/5.0 (Windows NT 10.0; Win64; x64) AppleWebKit/537.36 (KHTML, like Gecko) Chrome/68.0.3440.106 Safari/537.36"
ip-10-0-0-64.ap-southeast-2.compute.internal:80 121.244.36.135 - - [29/Aug/2018:08:04:45 +0000] "OPTIONS /misc/get/propertytype HTTP/1.1" 200 411 "-" "Mozilla/5.0 (Windows NT 10.0; Win64; x64) AppleWebKit/537.36 (KHTML, like Gecko) Chrome/68.0.3440.106 Safari/537.36"
ip-10-0-0-64.ap-southeast-2.compute.internal:80 121.244.36.135 - - [29/Aug/2018:08:04:45 +0000] "GET /misc/get/propertytype HTTP/1.1" 200 425 "http://localhost:4200/dashboard/property" "Mozilla/5.0 (Windows NT 10.0; Win64; x64) AppleWebKit/537.36 (KHTML, like Gecko) Chrome/68.0.3440.106 Safari/537.36"
ip-10-0-0-64.ap-southeast-2.compute.internal:80 121.244.36.135 - - [29/Aug/2018:08:04:56 +0000] "OPTIONS /misc/get/propertytype HTTP/1.1" 200 411 "-" "Mozilla/5.0 (Windows NT 10.0; Win64; x64) AppleWebKit/537.36 (KHTML, like Gecko) Chrome/68.0.3440.106 Safari/537.36"
ip-10-0-0-64.ap-southeast-2.compute.internal:80 121.244.36.135 - - [29/Aug/2018:08:04:56 +0000] "GET /misc/get/propertytype HTTP/1.1" 200 425 "http://localhost:4200/dashboard/property" "Mozilla/5.0 (Windows NT 10.0; Win64; x64) AppleWebKit/537.36 (KHTML, like Gecko) Chrome/68.0.3440.106 Safari/537.36"
ip-10-0-0-64.ap-southeast-2.compute.internal:80 121.244.36.135 - - [29/Aug/2018:08:06:11 +0000] "OPTIONS /loyalty/confirm HTTP/1.1" 200 416 "-" "Mozilla/5.0 (Windows NT 10.0; Win64; x64) AppleWebKit/537.36 (KHTML, like Gecko) Chrome/68.0.3440.106 Safari/537.36"
ip-10-0-0-64.ap-southeast-2.compute.internal:80 203.145.182.245 - - [29/Aug/2018:08:06:11 +0000] "OPTIONS /settings/profile HTTP/1.1" 200 422 "-" "Mozilla/5.0 (Windows NT 10.0; Win64; x64) AppleWebKit/537.36 (KHTML, like Gecko) Chrome/68.0.3440.106 Safari/537.36"
ip-10-0-0-64.ap-southeast-2.compute.internal:80 203.145.182.245 - - [29/Aug/2018:08:06:11 +0000] "OPTIONS /signup/status HTTP/1.1" 200 416 "-" "Mozilla/5.0 (Windows NT 10.0; Win64; x64) AppleWebKit/537.36 (KHTML, like Gecko) Chrome/68.0.3440.106 Safari/537.36"
ip-10-0-0-64.ap-southeast-2.compute.internal:80 121.244.36.135 - - [29/Aug/2018:08:06:11 +0000] "GET /loyalty/confirm HTTP/1.1" 401 317 "http://localhost:4200/dashboard/property" "Mozilla/5.0 (Windows NT 10.0; Win64; x64) AppleWebKit/537.36 (KHTML, like Gecko) Chrome/68.0.3440.106 Safari/537.36"
ip-10-0-0-64.ap-southeast-2.compute.internal:80 203.145.182.245 - - [29/Aug/2018:08:06:11 +0000] "GET /settings/profile HTTP/1.1" 401 295 "http://localhost:4200/dashboard/property" "Mozilla/5.0 (Windows NT 10.0; Win64; x64) AppleWebKit/537.36 (KHTML, like Gecko) Chrome/68.0.3440.106 Safari/537.36"
ip-10-0-0-64.ap-southeast-2.compute.internal:80 203.145.182.245 - - [29/Aug/2018:08:06:11 +0000] "GET /signup/status HTTP/1.1" 401 321 "http://localhost:4200/dashboard/property" "Mozilla/5.0 (Windows NT 10.0; Win64; x64) AppleWebKit/537.36 (KHTML, like Gecko) Chrome/68.0.3440.106 Safari/537.36"
ip-10-0-0-64.ap-southeast-2.compute.internal:80 121.244.36.135 - - [29/Aug/2018:08:06:18 +0000] "OPTIONS /loyalty/confirm HTTP/1.1" 200 416 "-" "Mozilla/5.0 (Windows NT 10.0; Win64; x64) AppleWebKit/537.36 (KHTML, like Gecko) Chrome/68.0.3440.106 Safari/537.36"
ip-10-0-0-64.ap-southeast-2.compute.internal:80 121.244.36.135 - - [29/Aug/2018:08:06:19 +0000] "OPTIONS /settings/profile HTTP/1.1" 200 421 "-" "Mozilla/5.0 (Windows NT 10.0; Win64; x64) AppleWebKit/537.36 (KHTML, like Gecko) Chrome/68.0.3440.106 Safari/537.36"
ip-10-0-0-64.ap-southeast-2.compute.internal:80 121.244.36.135 - - [29/Aug/2018:08:06:19 +0000] "OPTIONS /signup/status HTTP/1.1" 200 416 "-" "Mozilla/5.0 (Windows NT 10.0; Win64; x64) AppleWebKit/537.36 (KHTML, like Gecko) Chrome/68.0.3440.106 Safari/537.36"
ip-10-0-0-64.ap-southeast-2.compute.internal:80 203.145.182.245 - - [29/Aug/2018:08:06:19 +0000] "GET /loyalty/confirm HTTP/1.1" 401 318 "http://localhost:4200/dashboard/property" "Mozilla/5.0 (Windows NT 10.0; Win64; x64) AppleWebKit/537.36 (KHTML, like Gecko) Chrome/68.0.3440.106 Safari/537.36"
ip-10-0-0-64.ap-southeast-2.compute.internal:80 121.244.36.135 - - [29/Aug/2018:08:06:19 +0000] "GET /settings/profile HTTP/1.1" 401 295 "http://localhost:4200/dashboard/property" "Mozilla/5.0 (Windows NT 10.0; Win64; x64) AppleWebKit/537.36 (KHTML, like Gecko) Chrome/68.0.3440.106 Safari/537.36"
ip-10-0-0-64.ap-southeast-2.compute.internal:80 121.244.36.135 - - [29/Aug/2018:08:06:19 +0000] "GET /signup/status HTTP/1.1" 401 321 "http://localhost:4200/dashboard/property" "Mozilla/5.0 (Windows NT 10.0; Win64; x64) AppleWebKit/537.36 (KHTML, like Gecko) Chrome/68.0.3440.106 Safari/537.36"
ip-10-0-0-64.ap-southeast-2.compute.internal:80 121.244.36.135 - - [29/Aug/2018:08:06:23 +0000] "OPTIONS /misc/get/propertytype HTTP/1.1" 200 410 "-" "Mozilla/5.0 (Windows NT 10.0; Win64; x64) AppleWebKit/537.36 (KHTML, like Gecko) Chrome/68.0.3440.106 Safari/537.36"
ip-10-0-0-64.ap-southeast-2.compute.internal:80 121.244.36.135 - - [29/Aug/2018:08:06:24 +0000] "GET /misc/get/propertytype HTTP/1.1" 200 425 "http://localhost:4200/dashboard/property" "Mozilla/5.0 (Windows NT 10.0; Win64; x64) AppleWebKit/537.36 (KHTML, like Gecko) Chrome/68.0.3440.106 Safari/537.36"
ip-10-0-0-64.ap-southeast-2.compute.internal:80 121.244.36.135 - - [29/Aug/2018:08:06:33 +0000] "OPTIONS /misc/get/propertytype HTTP/1.1" 200 411 "-" "Mozilla/5.0 (Windows NT 10.0; Win64; x64) AppleWebKit/537.36 (KHTML, like Gecko) Chrome/68.0.3440.106 Safari/537.36"
ip-10-0-0-64.ap-southeast-2.compute.internal:80 121.244.36.135 - - [29/Aug/2018:08:06:33 +0000] "GET /misc/get/propertytype HTTP/1.1" 200 425 "http://localhost:4200/dashboard/property" "Mozilla/5.0 (Windows NT 10.0; Win64; x64) AppleWebKit/537.36 (KHTML, like Gecko) Chrome/68.0.3440.106 Safari/537.36"
ip-10-0-0-64.ap-southeast-2.compute.internal:80 121.244.36.135 - - [29/Aug/2018:08:06:39 +0000] "OPTIONS /misc/get/propertytype HTTP/1.1" 200 411 "-" "Mozilla/5.0 (Windows NT 10.0; Win64; x64) AppleWebKit/537.36 (KHTML, like Gecko) Chrome/68.0.3440.106 Safari/537.36"
ip-10-0-0-64.ap-southeast-2.compute.internal:80 121.244.36.135 - - [29/Aug/2018:08:06:40 +0000] "GET /misc/get/propertytype HTTP/1.1" 200 425 "http://localhost:4200/dashboard/property" "Mozilla/5.0 (Windows NT 10.0; Win64; x64) AppleWebKit/537.36 (KHTML, like Gecko) Chrome/68.0.3440.106 Safari/537.36"
ip-10-0-0-64.ap-southeast-2.compute.internal:80 121.244.36.135 - - [29/Aug/2018:08:06:42 +0000] "OPTIONS /signup/status HTTP/1.1" 200 415 "-" "Mozilla/5.0 (Windows NT 10.0; Win64; x64) AppleWebKit/537.36 (KHTML, like Gecko) Chrome/68.0.3440.106 Safari/537.36"
ip-10-0-0-64.ap-southeast-2.compute.internal:80 121.244.36.135 - - [29/Aug/2018:08:06:42 +0000] "GET /signup/status HTTP/1.1" 401 321 "http://localhost:4200/dashboard/property" "Mozilla/5.0 (Windows NT 10.0; Win64; x64) AppleWebKit/537.36 (KHTML, like Gecko) Chrome/68.0.3440.106 Safari/537.36"
ip-10-0-0-64.ap-southeast-2.compute.internal:80 121.244.36.135 - - [29/Aug/2018:08:06:51 +0000] "OPTIONS /misc/get/propertytype HTTP/1.1" 200 411 "-" "Mozilla/5.0 (Windows NT 10.0; Win64; x64) AppleWebKit/537.36 (KHTML, like Gecko) Chrome/68.0.3440.106 Safari/537.36"
ip-10-0-0-64.ap-southeast-2.compute.internal:80 121.244.36.135 - - [29/Aug/2018:08:06:51 +0000] "GET /misc/get/propertytype HTTP/1.1" 200 425 "http://localhost:4200/dashboard/property" "Mozilla/5.0 (Windows NT 10.0; Win64; x64) AppleWebKit/537.36 (KHTML, like Gecko) Chrome/68.0.3440.106 Safari/537.36"
ip-10-0-0-64.ap-southeast-2.compute.internal:80 121.244.36.135 - - [29/Aug/2018:08:06:52 +0000] "GET /misc/get/propertytype HTTP/1.1" 200 425 "http://localhost:4200/dashboard/property" "Mozilla/5.0 (Windows NT 10.0; Win64; x64) AppleWebKit/537.36 (KHTML, like Gecko) Chrome/68.0.3440.106 Safari/537.36"
ip-10-0-0-64.ap-southeast-2.compute.internal:80 121.244.36.135 - - [29/Aug/2018:08:07:05 +0000] "OPTIONS /misc/get/all HTTP/1.1" 200 411 "-" "Mozilla/5.0 (Windows NT 10.0; Win64; x64) AppleWebKit/537.36 (KHTML, like Gecko) Chrome/68.0.3440.106 Safari/537.36"
ip-10-0-0-64.ap-southeast-2.compute.internal:80 121.244.36.135 - - [29/Aug/2018:08:07:05 +0000] "GET /misc/get/all HTTP/1.1" 200 6817 "http://localhost:4200/signUp" "Mozilla/5.0 (Windows NT 10.0; Win64; x64) AppleWebKit/537.36 (KHTML, like Gecko) Chrome/68.0.3440.106 Safari/537.36"
ip-10-0-0-64.ap-southeast-2.compute.internal:80 121.244.36.135 - - [29/Aug/2018:08:07:25 +0000] "OPTIONS /misc/get/propertytype HTTP/1.1" 200 411 "-" "Mozilla/5.0 (Windows NT 10.0; Win64; x64) AppleWebKit/537.36 (KHTML, like Gecko) Chrome/68.0.3440.106 Safari/537.36"
ip-10-0-0-64.ap-southeast-2.compute.internal:80 121.244.36.135 - - [29/Aug/2018:08:07:25 +0000] "GET /misc/get/propertytype HTTP/1.1" 200 425 "http://localhost:4200/dashboard/property" "Mozilla/5.0 (Windows NT 10.0; Win64; x64) AppleWebKit/537.36 (KHTML, like Gecko) Chrome/68.0.3440.106 Safari/537.36"
ip-10-0-0-64.ap-southeast-2.compute.internal:80 121.244.36.135 - - [29/Aug/2018:08:07:26 +0000] "OPTIONS /signup/status HTTP/1.1" 200 415 "-" "Mozilla/5.0 (Windows NT 10.0; Win64; x64) AppleWebKit/537.36 (KHTML, like Gecko) Chrome/68.0.3440.106 Safari/537.36"
ip-10-0-0-64.ap-southeast-2.compute.internal:80 121.244.36.135 - - [29/Aug/2018:08:07:26 +0000] "GET /signup/status HTTP/1.1" 401 321 "http://localhost:4200/dashboard/property" "Mozilla/5.0 (Windows NT 10.0; Win64; x64) AppleWebKit/537.36 (KHTML, like Gecko) Chrome/68.0.3440.106 Safari/537.36"
ip-10-0-0-64.ap-southeast-2.compute.internal:80 121.244.36.135 - - [29/Aug/2018:08:07:28 +0000] "GET /misc/get/propertytype HTTP/1.1" 200 425 "http://localhost:4200/dashboard/property" "Mozilla/5.0 (Windows NT 10.0; Win64; x64) AppleWebKit/537.36 (KHTML, like Gecko) Chrome/68.0.3440.106 Safari/537.36"
ip-10-0-0-64.ap-southeast-2.compute.internal:80 121.244.36.135 - - [29/Aug/2018:08:08:29 +0000] "OPTIONS /loyalty/confirm HTTP/1.1" 200 416 "-" "Mozilla/5.0 (Windows NT 10.0; Win64; x64) AppleWebKit/537.36 (KHTML, like Gecko) Chrome/68.0.3440.106 Safari/537.36"
ip-10-0-0-64.ap-southeast-2.compute.internal:80 203.145.182.245 - - [29/Aug/2018:08:08:29 +0000] "OPTIONS /settings/profile HTTP/1.1" 200 422 "-" "Mozilla/5.0 (Windows NT 10.0; Win64; x64) AppleWebKit/537.36 (KHTML, like Gecko) Chrome/68.0.3440.106 Safari/537.36"
ip-10-0-0-64.ap-southeast-2.compute.internal:80 203.145.182.245 - - [29/Aug/2018:08:08:29 +0000] "OPTIONS /signup/status HTTP/1.1" 200 416 "-" "Mozilla/5.0 (Windows NT 10.0; Win64; x64) AppleWebKit/537.36 (KHTML, like Gecko) Chrome/68.0.3440.106 Safari/537.36"
ip-10-0-0-64.ap-southeast-2.compute.internal:80 121.244.36.135 - - [29/Aug/2018:08:08:29 +0000] "GET /loyalty/confirm HTTP/1.1" 401 317 "http://localhost:4200/dashboard/property" "Mozilla/5.0 (Windows NT 10.0; Win64; x64) AppleWebKit/537.36 (KHTML, like Gecko) Chrome/68.0.3440.106 Safari/537.36"
ip-10-0-0-64.ap-southeast-2.compute.internal:80 203.145.182.245 - - [29/Aug/2018:08:08:29 +0000] "GET /settings/profile HTTP/1.1" 401 295 "http://localhost:4200/dashboard/property" "Mozilla/5.0 (Windows NT 10.0; Win64; x64) AppleWebKit/537.36 (KHTML, like Gecko) Chrome/68.0.3440.106 Safari/537.36"
ip-10-0-0-64.ap-southeast-2.compute.internal:80 203.145.182.245 - - [29/Aug/2018:08:08:29 +0000] "GET /signup/status HTTP/1.1" 401 321 "http://localhost:4200/dashboard/property" "Mozilla/5.0 (Windows NT 10.0; Win64; x64) AppleWebKit/537.36 (KHTML, like Gecko) Chrome/68.0.3440.106 Safari/537.36"
ip-10-0-0-64.ap-southeast-2.compute.internal:80 121.244.36.135 - - [29/Aug/2018:08:08:43 +0000] "OPTIONS /loyalty/confirm HTTP/1.1" 200 416 "-" "Mozilla/5.0 (Windows NT 10.0; Win64; x64) AppleWebKit/537.36 (KHTML, like Gecko) Chrome/68.0.3440.106 Safari/537.36"
ip-10-0-0-64.ap-southeast-2.compute.internal:80 121.244.36.135 - - [29/Aug/2018:08:08:43 +0000] "OPTIONS /settings/profile HTTP/1.1" 200 422 "-" "Mozilla/5.0 (Windows NT 10.0; Win64; x64) AppleWebKit/537.36 (KHTML, like Gecko) Chrome/68.0.3440.106 Safari/537.36"
ip-10-0-0-64.ap-southeast-2.compute.internal:80 203.145.182.245 - - [29/Aug/2018:08:08:44 +0000] "OPTIONS /signup/status HTTP/1.1" 200 416 "-" "Mozilla/5.0 (Windows NT 10.0; Win64; x64) AppleWebKit/537.36 (KHTML, like Gecko) Chrome/68.0.3440.106 Safari/537.36"
ip-10-0-0-64.ap-southeast-2.compute.internal:80 121.244.36.135 - - [29/Aug/2018:08:08:44 +0000] "GET /loyalty/confirm HTTP/1.1" 401 317 "http://localhost:4200/dashboard/property" "Mozilla/5.0 (Windows NT 10.0; Win64; x64) AppleWebKit/537.36 (KHTML, like Gecko) Chrome/68.0.3440.106 Safari/537.36"
ip-10-0-0-64.ap-southeast-2.compute.internal:80 121.244.36.135 - - [29/Aug/2018:08:08:44 +0000] "GET /settings/profile HTTP/1.1" 401 295 "http://localhost:4200/dashboard/property" "Mozilla/5.0 (Windows NT 10.0; Win64; x64) AppleWebKit/537.36 (KHTML, like Gecko) Chrome/68.0.3440.106 Safari/537.36"
ip-10-0-0-64.ap-southeast-2.compute.internal:80 203.145.182.245 - - [29/Aug/2018:08:08:44 +0000] "GET /signup/status HTTP/1.1" 401 321 "http://localhost:4200/dashboard/property" "Mozilla/5.0 (Windows NT 10.0; Win64; x64) AppleWebKit/537.36 (KHTML, like Gecko) Chrome/68.0.3440.106 Safari/537.36"
ip-10-0-0-64.ap-southeast-2.compute.internal:80 203.145.182.245 - - [29/Aug/2018:08:08:57 +0000] "OPTIONS /misc/get/propertytype HTTP/1.1" 200 411 "-" "Mozilla/5.0 (Windows NT 10.0; Win64; x64) AppleWebKit/537.36 (KHTML, like Gecko) Chrome/68.0.3440.106 Safari/537.36"
ip-10-0-0-64.ap-southeast-2.compute.internal:80 203.145.182.245 - - [29/Aug/2018:08:08:58 +0000] "GET /misc/get/propertytype HTTP/1.1" 200 425 "http://localhost:4200/dashboard/property" "Mozilla/5.0 (Windows NT 10.0; Win64; x64) AppleWebKit/537.36 (KHTML, like Gecko) Chrome/68.0.3440.106 Safari/537.36"
ip-10-0-0-64.ap-southeast-2.compute.internal:80 121.244.36.135 - - [29/Aug/2018:08:09:08 +0000] "OPTIONS /misc/get/all HTTP/1.1" 200 411 "-" "Mozilla/5.0 (Windows NT 10.0; Win64; x64) AppleWebKit/537.36 (KHTML, like Gecko) Chrome/68.0.3440.106 Safari/537.36"
ip-10-0-0-64.ap-southeast-2.compute.internal:80 121.244.36.135 - - [29/Aug/2018:08:09:08 +0000] "GET /misc/get/all HTTP/1.1" 200 6817 "http://localhost:4200/signUp" "Mozilla/5.0 (Windows NT 10.0; Win64; x64) AppleWebKit/537.36 (KHTML, like Gecko) Chrome/68.0.3440.106 Safari/537.36"
ip-10-0-0-64.ap-southeast-2.compute.internal:80 121.244.36.135 - - [29/Aug/2018:08:09:14 +0000] "OPTIONS /misc/get/propertytype HTTP/1.1" 200 411 "-" "Mozilla/5.0 (Windows NT 10.0; Win64; x64) AppleWebKit/537.36 (KHTML, like Gecko) Chrome/68.0.3440.106 Safari/537.36"
ip-10-0-0-64.ap-southeast-2.compute.internal:80 121.244.36.135 - - [29/Aug/2018:08:09:14 +0000] "GET /misc/get/propertytype HTTP/1.1" 200 425 "http://localhost:4200/dashboard/property" "Mozilla/5.0 (Windows NT 10.0; Win64; x64) AppleWebKit/537.36 (KHTML, like Gecko) Chrome/68.0.3440.106 Safari/537.36"
ip-10-0-0-64.ap-southeast-2.compute.internal:80 121.244.36.135 - - [29/Aug/2018:08:09:37 +0000] "OPTIONS /misc/get/propertytype HTTP/1.1" 200 411 "-" "Mozilla/5.0 (Windows NT 10.0; Win64; x64) AppleWebKit/537.36 (KHTML, like Gecko) Chrome/68.0.3440.106 Safari/537.36"
ip-10-0-0-64.ap-southeast-2.compute.internal:80 121.244.36.135 - - [29/Aug/2018:08:09:37 +0000] "GET /misc/get/propertytype HTTP/1.1" 200 425 "http://localhost:4200/dashboard/property" "Mozilla/5.0 (Windows NT 10.0; Win64; x64) AppleWebKit/537.36 (KHTML, like Gecko) Chrome/68.0.3440.106 Safari/537.36"
ip-10-0-0-64.ap-southeast-2.compute.internal:80 121.244.36.135 - - [29/Aug/2018:08:09:38 +0000] "OPTIONS /signup/status HTTP/1.1" 200 415 "-" "Mozilla/5.0 (Windows NT 10.0; Win64; x64) AppleWebKit/537.36 (KHTML, like Gecko) Chrome/68.0.3440.106 Safari/537.36"
ip-10-0-0-64.ap-southeast-2.compute.internal:80 121.244.36.135 - - [29/Aug/2018:08:09:38 +0000] "GET /signup/status HTTP/1.1" 401 321 "http://localhost:4200/dashboard/property" "Mozilla/5.0 (Windows NT 10.0; Win64; x64) AppleWebKit/537.36 (KHTML, like Gecko) Chrome/68.0.3440.106 Safari/537.36"
ip-10-0-0-64.ap-southeast-2.compute.internal:80 121.244.36.135 - - [29/Aug/2018:08:09:41 +0000] "GET /misc/get/propertytype HTTP/1.1" 200 425 "http://localhost:4200/dashboard/property" "Mozilla/5.0 (Windows NT 10.0; Win64; x64) AppleWebKit/537.36 (KHTML, like Gecko) Chrome/68.0.3440.106 Safari/537.36"
ip-10-0-0-64.ap-southeast-2.compute.internal:80 121.244.36.135 - - [29/Aug/2018:08:10:56 +0000] "OPTIONS /loyalty/confirm HTTP/1.1" 200 416 "-" "Mozilla/5.0 (Windows NT 10.0; Win64; x64) AppleWebKit/537.36 (KHTML, like Gecko) Chrome/68.0.3440.106 Safari/537.36"
ip-10-0-0-64.ap-southeast-2.compute.internal:80 121.244.36.135 - - [29/Aug/2018:08:10:56 +0000] "OPTIONS /settings/profile HTTP/1.1" 200 422 "-" "Mozilla/5.0 (Windows NT 10.0; Win64; x64) AppleWebKit/537.36 (KHTML, like Gecko) Chrome/68.0.3440.106 Safari/537.36"
ip-10-0-0-64.ap-southeast-2.compute.internal:80 121.244.36.135 - - [29/Aug/2018:08:10:57 +0000] "OPTIONS /signup/status HTTP/1.1" 200 416 "-" "Mozilla/5.0 (Windows NT 10.0; Win64; x64) AppleWebKit/537.36 (KHTML, like Gecko) Chrome/68.0.3440.106 Safari/537.36"
ip-10-0-0-64.ap-southeast-2.compute.internal:80 121.244.36.135 - - [29/Aug/2018:08:10:57 +0000] "GET /loyalty/confirm HTTP/1.1" 401 317 "http://localhost:4200/dashboard/property" "Mozilla/5.0 (Windows NT 10.0; Win64; x64) AppleWebKit/537.36 (KHTML, like Gecko) Chrome/68.0.3440.106 Safari/537.36"
ip-10-0-0-64.ap-southeast-2.compute.internal:80 121.244.36.135 - - [29/Aug/2018:08:10:57 +0000] "GET /settings/profile HTTP/1.1" 401 295 "http://localhost:4200/dashboard/property" "Mozilla/5.0 (Windows NT 10.0; Win64; x64) AppleWebKit/537.36 (KHTML, like Gecko) Chrome/68.0.3440.106 Safari/537.36"
ip-10-0-0-64.ap-southeast-2.compute.internal:80 121.244.36.135 - - [29/Aug/2018:08:10:57 +0000] "GET /signup/status HTTP/1.1" 401 321 "http://localhost:4200/dashboard/property" "Mozilla/5.0 (Windows NT 10.0; Win64; x64) AppleWebKit/537.36 (KHTML, like Gecko) Chrome/68.0.3440.106 Safari/537.36"
ip-10-0-0-64.ap-southeast-2.compute.internal:80 121.244.36.135 - - [29/Aug/2018:08:11:07 +0000] "OPTIONS /misc/get/propertytype HTTP/1.1" 200 411 "-" "Mozilla/5.0 (Windows NT 10.0; Win64; x64) AppleWebKit/537.36 (KHTML, like Gecko) Chrome/68.0.3440.106 Safari/537.36"
ip-10-0-0-64.ap-southeast-2.compute.internal:80 121.244.36.135 - - [29/Aug/2018:08:11:07 +0000] "GET /misc/get/propertytype HTTP/1.1" 200 425 "http://localhost:4200/dashboard/property" "Mozilla/5.0 (Windows NT 10.0; Win64; x64) AppleWebKit/537.36 (KHTML, like Gecko) Chrome/68.0.3440.106 Safari/537.36"
ip-10-0-0-64.ap-southeast-2.compute.internal:80 121.244.36.135 - - [29/Aug/2018:08:11:24 +0000] "OPTIONS /misc/get/propertytype HTTP/1.1" 200 411 "-" "Mozilla/5.0 (Windows NT 10.0; Win64; x64) AppleWebKit/537.36 (KHTML, like Gecko) Chrome/68.0.3440.106 Safari/537.36"
ip-10-0-0-64.ap-southeast-2.compute.internal:80 121.244.36.135 - - [29/Aug/2018:08:11:25 +0000] "GET /misc/get/propertytype HTTP/1.1" 200 425 "http://localhost:4200/dashboard/property" "Mozilla/5.0 (Windows NT 10.0; Win64; x64) AppleWebKit/537.36 (KHTML, like Gecko) Chrome/68.0.3440.106 Safari/537.36"
ip-10-0-0-64.ap-southeast-2.compute.internal:80 121.244.36.135 - - [29/Aug/2018:08:11:26 +0000] "GET /misc/get/propertytype HTTP/1.1" 200 425 "http://localhost:4200/dashboard/property" "Mozilla/5.0 (Windows NT 10.0; Win64; x64) AppleWebKit/537.36 (KHTML, like Gecko) Chrome/68.0.3440.106 Safari/537.36"
ip-10-0-0-64.ap-southeast-2.compute.internal:80 121.244.36.135 - - [29/Aug/2018:08:11:39 +0000] "OPTIONS /loyalty/confirm HTTP/1.1" 200 416 "-" "Mozilla/5.0 (Windows NT 10.0; Win64; x64) AppleWebKit/537.36 (KHTML, like Gecko) Chrome/68.0.3440.106 Safari/537.36"
ip-10-0-0-64.ap-southeast-2.compute.internal:80 121.244.36.135 - - [29/Aug/2018:08:11:39 +0000] "OPTIONS /signup/status HTTP/1.1" 200 416 "-" "Mozilla/5.0 (Windows NT 10.0; Win64; x64) AppleWebKit/537.36 (KHTML, like Gecko) Chrome/68.0.3440.106 Safari/537.36"
ip-10-0-0-64.ap-southeast-2.compute.internal:80 203.145.182.245 - - [29/Aug/2018:08:11:39 +0000] "OPTIONS /settings/profile HTTP/1.1" 200 422 "-" "Mozilla/5.0 (Windows NT 10.0; Win64; x64) AppleWebKit/537.36 (KHTML, like Gecko) Chrome/68.0.3440.106 Safari/537.36"
ip-10-0-0-64.ap-southeast-2.compute.internal:80 121.244.36.135 - - [29/Aug/2018:08:11:39 +0000] "GET /loyalty/confirm HTTP/1.1" 401 317 "http://localhost:4200/dashboard/property" "Mozilla/5.0 (Windows NT 10.0; Win64; x64) AppleWebKit/537.36 (KHTML, like Gecko) Chrome/68.0.3440.106 Safari/537.36"
ip-10-0-0-64.ap-southeast-2.compute.internal:80 121.244.36.135 - - [29/Aug/2018:08:11:39 +0000] "GET /signup/status HTTP/1.1" 401 321 "http://localhost:4200/dashboard/property" "Mozilla/5.0 (Windows NT 10.0; Win64; x64) AppleWebKit/537.36 (KHTML, like Gecko) Chrome/68.0.3440.106 Safari/537.36"
ip-10-0-0-64.ap-southeast-2.compute.internal:80 203.145.182.245 - - [29/Aug/2018:08:11:39 +0000] "GET /settings/profile HTTP/1.1" 401 295 "http://localhost:4200/dashboard/property" "Mozilla/5.0 (Windows NT 10.0; Win64; x64) AppleWebKit/537.36 (KHTML, like Gecko) Chrome/68.0.3440.106 Safari/537.36"
ip-10-0-0-64.ap-southeast-2.compute.internal:80 121.244.36.135 - - [29/Aug/2018:08:11:52 +0000] "OPTIONS /misc/get/all HTTP/1.1" 200 411 "-" "Mozilla/5.0 (Windows NT 10.0; Win64; x64) AppleWebKit/537.36 (KHTML, like Gecko) Chrome/68.0.3440.106 Safari/537.36"
ip-10-0-0-64.ap-southeast-2.compute.internal:80 121.244.36.135 - - [29/Aug/2018:08:11:52 +0000] "GET /misc/get/all HTTP/1.1" 200 6817 "http://localhost:4200/signUp" "Mozilla/5.0 (Windows NT 10.0; Win64; x64) AppleWebKit/537.36 (KHTML, like Gecko) Chrome/68.0.3440.106 Safari/537.36"
ip-10-0-0-64.ap-southeast-2.compute.internal:80 121.244.36.135 - - [29/Aug/2018:08:12:37 +0000] "OPTIONS /loyalty/confirm HTTP/1.1" 200 416 "-" "Mozilla/5.0 (Windows NT 10.0; Win64; x64) AppleWebKit/537.36 (KHTML, like Gecko) Chrome/68.0.3440.106 Safari/537.36"
ip-10-0-0-64.ap-southeast-2.compute.internal:80 203.145.182.245 - - [29/Aug/2018:08:12:37 +0000] "OPTIONS /settings/profile HTTP/1.1" 200 422 "-" "Mozilla/5.0 (Windows NT 10.0; Win64; x64) AppleWebKit/537.36 (KHTML, like Gecko) Chrome/68.0.3440.106 Safari/537.36"
ip-10-0-0-64.ap-southeast-2.compute.internal:80 203.145.182.245 - - [29/Aug/2018:08:12:37 +0000] "OPTIONS /signup/status HTTP/1.1" 200 416 "-" "Mozilla/5.0 (Windows NT 10.0; Win64; x64) AppleWebKit/537.36 (KHTML, like Gecko) Chrome/68.0.3440.106 Safari/537.36"
ip-10-0-0-64.ap-southeast-2.compute.internal:80 121.244.36.135 - - [29/Aug/2018:08:12:38 +0000] "GET /loyalty/confirm HTTP/1.1" 401 317 "http://localhost:4200/dashboard/property" "Mozilla/5.0 (Windows NT 10.0; Win64; x64) AppleWebKit/537.36 (KHTML, like Gecko) Chrome/68.0.3440.106 Safari/537.36"
ip-10-0-0-64.ap-southeast-2.compute.internal:80 203.145.182.245 - - [29/Aug/2018:08:12:38 +0000] "GET /settings/profile HTTP/1.1" 401 295 "http://localhost:4200/dashboard/property" "Mozilla/5.0 (Windows NT 10.0; Win64; x64) AppleWebKit/537.36 (KHTML, like Gecko) Chrome/68.0.3440.106 Safari/537.36"
ip-10-0-0-64.ap-southeast-2.compute.internal:80 203.145.182.245 - - [29/Aug/2018:08:12:38 +0000] "GET /signup/status HTTP/1.1" 401 321 "http://localhost:4200/dashboard/property" "Mozilla/5.0 (Windows NT 10.0; Win64; x64) AppleWebKit/537.36 (KHTML, like Gecko) Chrome/68.0.3440.106 Safari/537.36"
ip-10-0-0-64.ap-southeast-2.compute.internal:80 203.145.182.245 - - [29/Aug/2018:08:12:46 +0000] "OPTIONS /misc/get/propertytype HTTP/1.1" 200 411 "-" "Mozilla/5.0 (Windows NT 10.0; Win64; x64) AppleWebKit/537.36 (KHTML, like Gecko) Chrome/68.0.3440.106 Safari/537.36"
ip-10-0-0-64.ap-southeast-2.compute.internal:80 203.145.182.245 - - [29/Aug/2018:08:12:46 +0000] "GET /misc/get/propertytype HTTP/1.1" 200 425 "http://localhost:4200/dashboard/property" "Mozilla/5.0 (Windows NT 10.0; Win64; x64) AppleWebKit/537.36 (KHTML, like Gecko) Chrome/68.0.3440.106 Safari/537.36"
ip-10-0-0-64.ap-southeast-2.compute.internal:80 203.145.182.245 - - [29/Aug/2018:08:13:05 +0000] "OPTIONS /misc/get/propertytype HTTP/1.1" 200 411 "-" "Mozilla/5.0 (Windows NT 10.0; Win64; x64) AppleWebKit/537.36 (KHTML, like Gecko) Chrome/68.0.3440.106 Safari/537.36"
ip-10-0-0-64.ap-southeast-2.compute.internal:80 203.145.182.245 - - [29/Aug/2018:08:13:05 +0000] "GET /misc/get/propertytype HTTP/1.1" 200 425 "http://localhost:4200/dashboard/property" "Mozilla/5.0 (Windows NT 10.0; Win64; x64) AppleWebKit/537.36 (KHTML, like Gecko) Chrome/68.0.3440.106 Safari/537.36"
ip-10-0-0-64.ap-southeast-2.compute.internal:80 203.145.182.245 - - [29/Aug/2018:08:13:07 +0000] "GET /misc/get/propertytype HTTP/1.1" 200 425 "http://localhost:4200/dashboard/property" "Mozilla/5.0 (Windows NT 10.0; Win64; x64) AppleWebKit/537.36 (KHTML, like Gecko) Chrome/68.0.3440.106 Safari/537.36"
ip-10-0-0-64.ap-southeast-2.compute.internal:80 121.244.36.135 - - [29/Aug/2018:08:13:16 +0000] "OPTIONS /loyalty/confirm HTTP/1.1" 200 416 "-" "Mozilla/5.0 (Windows NT 10.0; Win64; x64) AppleWebKit/537.36 (KHTML, like Gecko) Chrome/68.0.3440.106 Safari/537.36"
ip-10-0-0-64.ap-southeast-2.compute.internal:80 203.145.182.245 - - [29/Aug/2018:08:13:16 +0000] "OPTIONS /settings/profile HTTP/1.1" 200 422 "-" "Mozilla/5.0 (Windows NT 10.0; Win64; x64) AppleWebKit/537.36 (KHTML, like Gecko) Chrome/68.0.3440.106 Safari/537.36"
ip-10-0-0-64.ap-southeast-2.compute.internal:80 203.145.182.245 - - [29/Aug/2018:08:13:16 +0000] "OPTIONS /signup/status HTTP/1.1" 200 416 "-" "Mozilla/5.0 (Windows NT 10.0; Win64; x64) AppleWebKit/537.36 (KHTML, like Gecko) Chrome/68.0.3440.106 Safari/537.36"
ip-10-0-0-64.ap-southeast-2.compute.internal:80 121.244.36.135 - - [29/Aug/2018:08:13:16 +0000] "GET /loyalty/confirm HTTP/1.1" 401 317 "http://localhost:4200/dashboard/property" "Mozilla/5.0 (Windows NT 10.0; Win64; x64) AppleWebKit/537.36 (KHTML, like Gecko) Chrome/68.0.3440.106 Safari/537.36"
ip-10-0-0-64.ap-southeast-2.compute.internal:80 203.145.182.245 - - [29/Aug/2018:08:13:16 +0000] "GET /settings/profile HTTP/1.1" 401 295 "http://localhost:4200/dashboard/property" "Mozilla/5.0 (Windows NT 10.0; Win64; x64) AppleWebKit/537.36 (KHTML, like Gecko) Chrome/68.0.3440.106 Safari/537.36"
ip-10-0-0-64.ap-southeast-2.compute.internal:80 203.145.182.245 - - [29/Aug/2018:08:13:16 +0000] "GET /signup/status HTTP/1.1" 401 321 "http://localhost:4200/dashboard/property" "Mozilla/5.0 (Windows NT 10.0; Win64; x64) AppleWebKit/537.36 (KHTML, like Gecko) Chrome/68.0.3440.106 Safari/537.36"
ip-10-0-0-64.ap-southeast-2.compute.internal:80 203.145.182.245 - - [29/Aug/2018:08:13:20 +0000] "OPTIONS /misc/get/all HTTP/1.1" 200 411 "-" "Mozilla/5.0 (Windows NT 10.0; Win64; x64) AppleWebKit/537.36 (KHTML, like Gecko) Chrome/68.0.3440.106 Safari/537.36"
ip-10-0-0-64.ap-southeast-2.compute.internal:80 203.145.182.245 - - [29/Aug/2018:08:13:20 +0000] "GET /misc/get/all HTTP/1.1" 200 6817 "http://localhost:4200/signUp" "Mozilla/5.0 (Windows NT 10.0; Win64; x64) AppleWebKit/537.36 (KHTML, like Gecko) Chrome/68.0.3440.106 Safari/537.36"
ip-10-0-0-64.ap-southeast-2.compute.internal:80 121.244.36.135 - - [29/Aug/2018:08:17:19 +0000] "OPTIONS /loyalty/confirm HTTP/1.1" 200 416 "-" "Mozilla/5.0 (Windows NT 10.0; Win64; x64) AppleWebKit/537.36 (KHTML, like Gecko) Chrome/68.0.3440.106 Safari/537.36"
ip-10-0-0-64.ap-southeast-2.compute.internal:80 121.244.36.135 - - [29/Aug/2018:08:17:19 +0000] "OPTIONS /signup/status HTTP/1.1" 200 416 "-" "Mozilla/5.0 (Windows NT 10.0; Win64; x64) AppleWebKit/537.36 (KHTML, like Gecko) Chrome/68.0.3440.106 Safari/537.36"
ip-10-0-0-64.ap-southeast-2.compute.internal:80 203.145.182.245 - - [29/Aug/2018:08:17:19 +0000] "OPTIONS /settings/profile HTTP/1.1" 200 422 "-" "Mozilla/5.0 (Windows NT 10.0; Win64; x64) AppleWebKit/537.36 (KHTML, like Gecko) Chrome/68.0.3440.106 Safari/537.36"
ip-10-0-0-64.ap-southeast-2.compute.internal:80 121.244.36.135 - - [29/Aug/2018:08:17:19 +0000] "GET /loyalty/confirm HTTP/1.1" 401 317 "http://localhost:4200/dashboard/property" "Mozilla/5.0 (Windows NT 10.0; Win64; x64) AppleWebKit/537.36 (KHTML, like Gecko) Chrome/68.0.3440.106 Safari/537.36"
ip-10-0-0-64.ap-southeast-2.compute.internal:80 121.244.36.135 - - [29/Aug/2018:08:17:19 +0000] "GET /signup/status HTTP/1.1" 401 321 "http://localhost:4200/dashboard/property" "Mozilla/5.0 (Windows NT 10.0; Win64; x64) AppleWebKit/537.36 (KHTML, like Gecko) Chrome/68.0.3440.106 Safari/537.36"
ip-10-0-0-64.ap-southeast-2.compute.internal:80 203.145.182.245 - - [29/Aug/2018:08:17:19 +0000] "GET /settings/profile HTTP/1.1" 401 295 "http://localhost:4200/dashboard/property" "Mozilla/5.0 (Windows NT 10.0; Win64; x64) AppleWebKit/537.36 (KHTML, like Gecko) Chrome/68.0.3440.106 Safari/537.36"
ip-10-0-0-64.ap-southeast-2.compute.internal:80 115.114.47.118 - - [29/Aug/2018:08:24:07 +0000] "OPTIONS //settings/faq HTTP/1.1" 200 417 "-" "Mozilla/5.0 (Windows NT 6.1) AppleWebKit/537.36 (KHTML, like Gecko) Chrome/68.0.3440.106 Safari/537.36"
ip-10-0-0-64.ap-southeast-2.compute.internal:80 115.114.47.118 - - [29/Aug/2018:08:24:08 +0000] "GET //settings/faq HTTP/1.1" 200 275 "http://localhost:4200/userSettings/askHumaniti" "Mozilla/5.0 (Windows NT 6.1) AppleWebKit/537.36 (KHTML, like Gecko) Chrome/68.0.3440.106 Safari/537.36"
ip-10-0-0-64.ap-southeast-2.compute.internal:80 115.114.47.118 - - [29/Aug/2018:08:24:12 +0000] "OPTIONS /signup/status HTTP/1.1" 200 415 "-" "Mozilla/5.0 (Windows NT 6.1) AppleWebKit/537.36 (KHTML, like Gecko) Chrome/68.0.3440.106 Safari/537.36"
ip-10-0-0-64.ap-southeast-2.compute.internal:80 115.114.47.118 - - [29/Aug/2018:08:24:12 +0000] "OPTIONS /survey/total/points HTTP/1.1" 200 224 "-" "Mozilla/5.0 (Windows NT 6.1) AppleWebKit/537.36 (KHTML, like Gecko) Chrome/68.0.3440.106 Safari/537.36"
ip-10-0-0-64.ap-southeast-2.compute.internal:80 115.114.47.118 - - [29/Aug/2018:08:24:12 +0000] "OPTIONS /settings/profile HTTP/1.1" 200 422 "-" "Mozilla/5.0 (Windows NT 6.1) AppleWebKit/537.36 (KHTML, like Gecko) Chrome/68.0.3440.106 Safari/537.36"
ip-10-0-0-64.ap-southeast-2.compute.internal:80 115.114.47.118 - - [29/Aug/2018:08:24:12 +0000] "OPTIONS /loyalty/confirm HTTP/1.1" 200 416 "-" "Mozilla/5.0 (Windows NT 6.1) AppleWebKit/537.36 (KHTML, like Gecko) Chrome/68.0.3440.106 Safari/537.36"
ip-10-0-0-64.ap-southeast-2.compute.internal:80 115.114.47.118 - - [29/Aug/2018:08:24:12 +0000] "GET /signup/status HTTP/1.1" 401 322 "http://localhost:4200/userSettings/points" "Mozilla/5.0 (Windows NT 6.1) AppleWebKit/537.36 (KHTML, like Gecko) Chrome/68.0.3440.106 Safari/537.36"
ip-10-0-0-64.ap-southeast-2.compute.internal:80 115.114.47.118 - - [29/Aug/2018:08:24:12 +0000] "GET /settings/profile HTTP/1.1" 401 295 "http://localhost:4200/userSettings/points" "Mozilla/5.0 (Windows NT 6.1) AppleWebKit/537.36 (KHTML, like Gecko) Chrome/68.0.3440.106 Safari/537.36"
ip-10-0-0-64.ap-southeast-2.compute.internal:80 115.114.47.118 - - [29/Aug/2018:08:24:12 +0000] "GET /loyalty/confirm HTTP/1.1" 401 317 "http://localhost:4200/userSettings/points" "Mozilla/5.0 (Windows NT 6.1) AppleWebKit/537.36 (KHTML, like Gecko) Chrome/68.0.3440.106 Safari/537.36"
ip-10-0-0-64.ap-southeast-2.compute.internal:80 115.114.47.118 - - [29/Aug/2018:08:24:17 +0000] "OPTIONS /signup/logout HTTP/1.1" 200 406 "-" "Mozilla/5.0 (Windows NT 6.1) AppleWebKit/537.36 (KHTML, like Gecko) Chrome/68.0.3440.106 Safari/537.36"
ip-10-0-0-64.ap-southeast-2.compute.internal:80 115.114.47.118 - - [29/Aug/2018:08:24:18 +0000] "POST /signup/logout HTTP/1.1" 401 321 "http://localhost:4200/userSettings/points" "Mozilla/5.0 (Windows NT 6.1) AppleWebKit/537.36 (KHTML, like Gecko) Chrome/68.0.3440.106 Safari/537.36"
ip-10-0-0-64.ap-southeast-2.compute.internal:80 115.114.47.118 - - [29/Aug/2018:08:24:23 +0000] "OPTIONS /signup/login HTTP/1.1" 200 406 "-" "Mozilla/5.0 (Windows NT 6.1) AppleWebKit/537.36 (KHTML, like Gecko) Chrome/68.0.3440.106 Safari/537.36"
ip-10-0-0-64.ap-southeast-2.compute.internal:80 115.114.47.118 - - [29/Aug/2018:08:24:24 +0000] "POST /signup/login HTTP/1.1" 200 1060 "http://localhost:4200/signIn" "Mozilla/5.0 (Windows NT 6.1) AppleWebKit/537.36 (KHTML, like Gecko) Chrome/68.0.3440.106 Safari/537.36"
ip-10-0-0-64.ap-southeast-2.compute.internal:80 115.114.47.118 - - [29/Aug/2018:08:24:25 +0000] "OPTIONS /signup/status HTTP/1.1" 200 415 "-" "Mozilla/5.0 (Windows NT 6.1) AppleWebKit/537.36 (KHTML, like Gecko) Chrome/68.0.3440.106 Safari/537.36"
ip-10-0-0-64.ap-southeast-2.compute.internal:80 115.114.47.118 - - [29/Aug/2018:08:24:25 +0000] "OPTIONS /settings/profile HTTP/1.1" 200 421 "-" "Mozilla/5.0 (Windows NT 6.1) AppleWebKit/537.36 (KHTML, like Gecko) Chrome/68.0.3440.106 Safari/537.36"
ip-10-0-0-64.ap-southeast-2.compute.internal:80 115.114.47.118 - - [29/Aug/2018:08:24:25 +0000] "GET /signup/status HTTP/1.1" 200 728 "http://localhost:4200/dashboard/home" "Mozilla/5.0 (Windows NT 6.1) AppleWebKit/537.36 (KHTML, like Gecko) Chrome/68.0.3440.106 Safari/537.36"
ip-10-0-0-64.ap-southeast-2.compute.internal:80 115.114.47.118 - - [29/Aug/2018:08:24:25 +0000] "GET /settings/profile HTTP/1.1" 200 1037570 "http://localhost:4200/dashboard/home" "Mozilla/5.0 (Windows NT 6.1) AppleWebKit/537.36 (KHTML, like Gecko) Chrome/68.0.3440.106 Safari/537.36"
ip-10-0-0-64.ap-southeast-2.compute.internal:80 115.114.47.118 - - [29/Aug/2018:08:24:31 +0000] "OPTIONS /signup/status HTTP/1.1" 200 416 "-" "Mozilla/5.0 (Windows NT 6.1) AppleWebKit/537.36 (KHTML, like Gecko) Chrome/68.0.3440.106 Safari/537.36"
ip-10-0-0-64.ap-southeast-2.compute.internal:80 115.114.47.118 - - [29/Aug/2018:08:24:31 +0000] "OPTIONS /settings/profile HTTP/1.1" 200 422 "-" "Mozilla/5.0 (Windows NT 6.1) AppleWebKit/537.36 (KHTML, like Gecko) Chrome/68.0.3440.106 Safari/537.36"
ip-10-0-0-64.ap-southeast-2.compute.internal:80 115.114.47.118 - - [29/Aug/2018:08:24:32 +0000] "OPTIONS /signup/status HTTP/1.1" 200 416 "-" "Mozilla/5.0 (Windows NT 6.1) AppleWebKit/537.36 (KHTML, like Gecko) Chrome/68.0.3440.106 Safari/537.36"
ip-10-0-0-64.ap-southeast-2.compute.internal:80 115.114.47.118 - - [29/Aug/2018:08:24:32 +0000] "OPTIONS /survey/total/points HTTP/1.1" 200 225 "-" "Mozilla/5.0 (Windows NT 6.1) AppleWebKit/537.36 (KHTML, like Gecko) Chrome/68.0.3440.106 Safari/537.36"
ip-10-0-0-64.ap-southeast-2.compute.internal:80 115.114.47.118 - - [29/Aug/2018:08:24:32 +0000] "OPTIONS /settings/profile HTTP/1.1" 200 422 "-" "Mozilla/5.0 (Windows NT 6.1) AppleWebKit/537.36 (KHTML, like Gecko) Chrome/68.0.3440.106 Safari/537.36"
ip-10-0-0-64.ap-southeast-2.compute.internal:80 115.114.47.118 - - [29/Aug/2018:08:24:32 +0000] "OPTIONS /loyalty/confirm HTTP/1.1" 200 416 "-" "Mozilla/5.0 (Windows NT 6.1) AppleWebKit/537.36 (KHTML, like Gecko) Chrome/68.0.3440.106 Safari/537.36"
ip-10-0-0-64.ap-southeast-2.compute.internal:80 115.114.47.118 - - [29/Aug/2018:08:24:32 +0000] "GET /signup/status HTTP/1.1" 200 727 "http://localhost:4200/userSettings/points" "Mozilla/5.0 (Windows NT 6.1) AppleWebKit/537.36 (KHTML, like Gecko) Chrome/68.0.3440.106 Safari/537.36"
