ip-10-0-0-64.ap-southeast-2.compute.internal:80 121.244.36.135 - - [03/Sep/2018:06:54:26 +0000] "GET /signup/status HTTP/1.1" 200 774 "http://localhost:4201/dashboard/home" "Mozilla/5.0 (Windows NT 10.0; Win64; x64) AppleWebKit/537.36 (KHTML, like Gecko) Chrome/68.0.3440.106 Safari/537.36"
ip-10-0-0-64.ap-southeast-2.compute.internal:80 203.145.182.245 - - [03/Sep/2018:06:54:26 +0000] "GET /financial/accounts HTTP/1.1" 200 25325 "http://localhost:4201/dashboard/home" "Mozilla/5.0 (Windows NT 10.0; Win64; x64) AppleWebKit/537.36 (KHTML, like Gecko) Chrome/68.0.3440.106 Safari/537.36"
ip-10-0-0-64.ap-southeast-2.compute.internal:80 121.244.36.135 - - [03/Sep/2018:06:54:26 +0000] "GET /loyalty/confirm HTTP/1.1" 200 10705 "http://localhost:4201/dashboard/home" "Mozilla/5.0 (Windows NT 10.0; Win64; x64) AppleWebKit/537.36 (KHTML, like Gecko) Chrome/68.0.3440.106 Safari/537.36"
ip-10-0-0-64.ap-southeast-2.compute.internal:80 203.145.182.245 - - [03/Sep/2018:06:54:26 +0000] "GET /user_details/user_details HTTP/1.1" 200 854 "http://localhost:4201/dashboard/home" "Mozilla/5.0 (Windows NT 10.0; Win64; x64) AppleWebKit/537.36 (KHTML, like Gecko) Chrome/68.0.3440.106 Safari/537.36"
ip-10-0-0-64.ap-southeast-2.compute.internal:80 121.244.36.135 - - [03/Sep/2018:06:54:26 +0000] "GET /financial/accounts HTTP/1.1" 200 25325 "http://localhost:4201/dashboard/home" "Mozilla/5.0 (Windows NT 10.0; Win64; x64) AppleWebKit/537.36 (KHTML, like Gecko) Chrome/68.0.3440.106 Safari/537.36"
ip-10-0-0-64.ap-southeast-2.compute.internal:80 121.244.36.135 - - [03/Sep/2018:06:54:26 +0000] "GET /loyalty/confirm HTTP/1.1" 200 10705 "http://localhost:4201/dashboard/home" "Mozilla/5.0 (Windows NT 10.0; Win64; x64) AppleWebKit/537.36 (KHTML, like Gecko) Chrome/68.0.3440.106 Safari/537.36"
ip-10-0-0-64.ap-southeast-2.compute.internal:80 203.145.182.245 - - [03/Sep/2018:06:54:27 +0000] "GET /user_details/user_details HTTP/1.1" 200 854 "http://localhost:4201/dashboard/home" "Mozilla/5.0 (Windows NT 10.0; Win64; x64) AppleWebKit/537.36 (KHTML, like Gecko) Chrome/68.0.3440.106 Safari/537.36"
ip-10-0-0-64.ap-southeast-2.compute.internal:80 203.145.182.245 - - [03/Sep/2018:06:54:27 +0000] "GET /financial/accounts HTTP/1.1" 200 25325 "http://localhost:4201/dashboard/home" "Mozilla/5.0 (Windows NT 10.0; Win64; x64) AppleWebKit/537.36 (KHTML, like Gecko) Chrome/68.0.3440.106 Safari/537.36"
ip-10-0-0-64.ap-southeast-2.compute.internal:80 203.145.182.245 - - [03/Sep/2018:06:54:26 +0000] "GET /property/property_linked HTTP/1.1" 200 1793 "http://localhost:4201/dashboard/home" "Mozilla/5.0 (Windows NT 10.0; Win64; x64) AppleWebKit/537.36 (KHTML, like Gecko) Chrome/68.0.3440.106 Safari/537.36"
ip-10-0-0-64.ap-southeast-2.compute.internal:80 203.145.182.245 - - [03/Sep/2018:06:54:27 +0000] "GET /property/property_linked HTTP/1.1" 200 1793 "http://localhost:4201/dashboard/home" "Mozilla/5.0 (Windows NT 10.0; Win64; x64) AppleWebKit/537.36 (KHTML, like Gecko) Chrome/68.0.3440.106 Safari/537.36"
ip-10-0-0-64.ap-southeast-2.compute.internal:80 203.145.182.245 - - [03/Sep/2018:06:54:28 +0000] "OPTIONS /completion/value HTTP/1.1" 200 416 "-" "Mozilla/5.0 (Windows NT 10.0; Win64; x64) AppleWebKit/537.36 (KHTML, like Gecko) Chrome/68.0.3440.106 Safari/537.36"
ip-10-0-0-64.ap-southeast-2.compute.internal:80 203.145.182.245 - - [03/Sep/2018:06:54:29 +0000] "POST /completion/value HTTP/1.1" 200 298 "http://localhost:4201/dashboard/home" "Mozilla/5.0 (Windows NT 10.0; Win64; x64) AppleWebKit/537.36 (KHTML, like Gecko) Chrome/68.0.3440.106 Safari/537.36"
ip-10-0-0-64.ap-southeast-2.compute.internal:80 121.244.36.135 - - [03/Sep/2018:06:54:29 +0000] "GET /completion/value HTTP/1.1" 200 377 "http://localhost:4201/dashboard/home" "Mozilla/5.0 (Windows NT 10.0; Win64; x64) AppleWebKit/537.36 (KHTML, like Gecko) Chrome/68.0.3440.106 Safari/537.36"
ip-10-0-0-64.ap-southeast-2.compute.internal:80 203.145.182.245 - - [03/Sep/2018:06:54:28 +0000] "GET /property/property_linked HTTP/1.1" 200 1793 "http://localhost:4201/dashboard/home" "Mozilla/5.0 (Windows NT 10.0; Win64; x64) AppleWebKit/537.36 (KHTML, like Gecko) Chrome/68.0.3440.106 Safari/537.36"
ip-10-0-0-64.ap-southeast-2.compute.internal:80 121.244.36.135 - - [03/Sep/2018:06:55:14 +0000] "OPTIONS /loyalty/confirm HTTP/1.1" 200 416 "-" "Mozilla/5.0 (Windows NT 10.0; Win64; x64) AppleWebKit/537.36 (KHTML, like Gecko) Chrome/68.0.3440.106 Safari/537.36"
ip-10-0-0-64.ap-southeast-2.compute.internal:80 121.244.36.135 - - [03/Sep/2018:06:55:14 +0000] "OPTIONS /property/property_linked HTTP/1.1" 200 411 "-" "Mozilla/5.0 (Windows NT 10.0; Win64; x64) AppleWebKit/537.36 (KHTML, like Gecko) Chrome/68.0.3440.106 Safari/537.36"
ip-10-0-0-64.ap-southeast-2.compute.internal:80 121.244.36.135 - - [03/Sep/2018:06:55:14 +0000] "OPTIONS /user_details/user_details HTTP/1.1" 200 422 "-" "Mozilla/5.0 (Windows NT 10.0; Win64; x64) AppleWebKit/537.36 (KHTML, like Gecko) Chrome/68.0.3440.106 Safari/537.36"
ip-10-0-0-64.ap-southeast-2.compute.internal:80 203.145.182.245 - - [03/Sep/2018:06:55:14 +0000] "OPTIONS /settings/profile HTTP/1.1" 200 422 "-" "Mozilla/5.0 (Windows NT 10.0; Win64; x64) AppleWebKit/537.36 (KHTML, like Gecko) Chrome/68.0.3440.106 Safari/537.36"
ip-10-0-0-64.ap-southeast-2.compute.internal:80 203.145.182.245 - - [03/Sep/2018:06:55:14 +0000] "OPTIONS /financial/accounts HTTP/1.1" 200 425 "-" "Mozilla/5.0 (Windows NT 10.0; Win64; x64) AppleWebKit/537.36 (KHTML, like Gecko) Chrome/68.0.3440.106 Safari/537.36"
ip-10-0-0-64.ap-southeast-2.compute.internal:80 203.145.182.245 - - [03/Sep/2018:06:55:14 +0000] "OPTIONS /settings/profile HTTP/1.1" 200 422 "-" "Mozilla/5.0 (Windows NT 10.0; Win64; x64) AppleWebKit/537.36 (KHTML, like Gecko) Chrome/68.0.3440.106 Safari/537.36"
ip-10-0-0-64.ap-southeast-2.compute.internal:80 121.244.36.135 - - [03/Sep/2018:06:55:14 +0000] "OPTIONS /surveys/total/points HTTP/1.1" 200 410 "-" "Mozilla/5.0 (Windows NT 10.0; Win64; x64) AppleWebKit/537.36 (KHTML, like Gecko) Chrome/68.0.3440.106 Safari/537.36"
ip-10-0-0-64.ap-southeast-2.compute.internal:80 121.244.36.135 - - [03/Sep/2018:06:55:14 +0000] "OPTIONS /signup/status HTTP/1.1" 200 415 "-" "Mozilla/5.0 (Windows NT 10.0; Win64; x64) AppleWebKit/537.36 (KHTML, like Gecko) Chrome/68.0.3440.106 Safari/537.36"
ip-10-0-0-64.ap-southeast-2.compute.internal:80 121.244.36.135 - - [03/Sep/2018:06:55:14 +0000] "OPTIONS /user_details/user_details HTTP/1.1" 200 421 "-" "Mozilla/5.0 (Windows NT 10.0; Win64; x64) AppleWebKit/537.36 (KHTML, like Gecko) Chrome/68.0.3440.106 Safari/537.36"
ip-10-0-0-64.ap-southeast-2.compute.internal:80 203.145.182.245 - - [03/Sep/2018:06:55:14 +0000] "OPTIONS /lists/get/all HTTP/1.1" 200 410 "-" "Mozilla/5.0 (Windows NT 10.0; Win64; x64) AppleWebKit/537.36 (KHTML, like Gecko) Chrome/68.0.3440.106 Safari/537.36"
ip-10-0-0-64.ap-southeast-2.compute.internal:80 203.145.182.245 - - [03/Sep/2018:06:55:14 +0000] "GET /loyalty/confirm HTTP/1.1" 200 14223 "http://localhost:4200/userSettings/profile" "Mozilla/5.0 (Windows NT 10.0; Win64; x64) AppleWebKit/537.36 (KHTML, like Gecko) Chrome/68.0.3440.106 Safari/537.36"
ip-10-0-0-64.ap-southeast-2.compute.internal:80 121.244.36.135 - - [03/Sep/2018:06:55:14 +0000] "GET /user_details/user_details HTTP/1.1" 200 912 "http://localhost:4200/userSettings/profile" "Mozilla/5.0 (Windows NT 10.0; Win64; x64) AppleWebKit/537.36 (KHTML, like Gecko) Chrome/68.0.3440.106 Safari/537.36"
ip-10-0-0-64.ap-southeast-2.compute.internal:80 121.244.36.135 - - [03/Sep/2018:06:55:14 +0000] "GET /settings/profile HTTP/1.1" 200 2849 "http://localhost:4200/userSettings/profile" "Mozilla/5.0 (Windows NT 10.0; Win64; x64) AppleWebKit/537.36 (KHTML, like Gecko) Chrome/68.0.3440.106 Safari/537.36"
ip-10-0-0-64.ap-southeast-2.compute.internal:80 121.244.36.135 - - [03/Sep/2018:06:55:14 +0000] "GET /financial/accounts HTTP/1.1" 200 36125 "http://localhost:4200/userSettings/profile" "Mozilla/5.0 (Windows NT 10.0; Win64; x64) AppleWebKit/537.36 (KHTML, like Gecko) Chrome/68.0.3440.106 Safari/537.36"
ip-10-0-0-64.ap-southeast-2.compute.internal:80 203.145.182.245 - - [03/Sep/2018:06:55:15 +0000] "GET /surveys/total/points HTTP/1.1" 200 325 "http://localhost:4200/userSettings/profile" "Mozilla/5.0 (Windows NT 10.0; Win64; x64) AppleWebKit/537.36 (KHTML, like Gecko) Chrome/68.0.3440.106 Safari/537.36"
ip-10-0-0-64.ap-southeast-2.compute.internal:80 121.244.36.135 - - [03/Sep/2018:06:55:15 +0000] "GET /signup/status HTTP/1.1" 200 822 "http://localhost:4200/userSettings/profile" "Mozilla/5.0 (Windows NT 10.0; Win64; x64) AppleWebKit/537.36 (KHTML, like Gecko) Chrome/68.0.3440.106 Safari/537.36"
ip-10-0-0-64.ap-southeast-2.compute.internal:80 121.244.36.135 - - [03/Sep/2018:06:55:15 +0000] "GET /lists/get/all HTTP/1.1" 200 6817 "http://localhost:4200/userSettings/profile" "Mozilla/5.0 (Windows NT 10.0; Win64; x64) AppleWebKit/537.36 (KHTML, like Gecko) Chrome/68.0.3440.106 Safari/537.36"
ip-10-0-0-64.ap-southeast-2.compute.internal:80 203.145.182.245 - - [03/Sep/2018:06:55:15 +0000] "GET /user_details/user_details HTTP/1.1" 200 912 "http://localhost:4200/userSettings/profile" "Mozilla/5.0 (Windows NT 10.0; Win64; x64) AppleWebKit/537.36 (KHTML, like Gecko) Chrome/68.0.3440.106 Safari/537.36"
ip-10-0-0-64.ap-southeast-2.compute.internal:80 203.145.182.245 - - [03/Sep/2018:06:55:15 +0000] "GET /settings/profile HTTP/1.1" 200 2849 "http://localhost:4200/userSettings/profile" "Mozilla/5.0 (Windows NT 10.0; Win64; x64) AppleWebKit/537.36 (KHTML, like Gecko) Chrome/68.0.3440.106 Safari/537.36"
ip-10-0-0-64.ap-southeast-2.compute.internal:80 203.145.182.245 - - [03/Sep/2018:06:55:14 +0000] "GET /property/property_linked HTTP/1.1" 200 762 "http://localhost:4200/userSettings/profile" "Mozilla/5.0 (Windows NT 10.0; Win64; x64) AppleWebKit/537.36 (KHTML, like Gecko) Chrome/68.0.3440.106 Safari/537.36"
ip-10-0-0-64.ap-southeast-2.compute.internal:80 121.244.36.135 - - [03/Sep/2018:06:55:15 +0000] "OPTIONS /loyalty/confirm HTTP/1.1" 200 416 "-" "Mozilla/5.0 (Windows NT 10.0; Win64; x64) AppleWebKit/537.36 (KHTML, like Gecko) Chrome/68.0.3440.106 Safari/537.36"
ip-10-0-0-64.ap-southeast-2.compute.internal:80 121.244.36.135 - - [03/Sep/2018:06:55:15 +0000] "OPTIONS /property/property_linked HTTP/1.1" 200 411 "-" "Mozilla/5.0 (Windows NT 10.0; Win64; x64) AppleWebKit/537.36 (KHTML, like Gecko) Chrome/68.0.3440.106 Safari/537.36"
ip-10-0-0-64.ap-southeast-2.compute.internal:80 121.244.36.135 - - [03/Sep/2018:06:55:15 +0000] "OPTIONS /user_details/user_details HTTP/1.1" 200 422 "-" "Mozilla/5.0 (Windows NT 10.0; Win64; x64) AppleWebKit/537.36 (KHTML, like Gecko) Chrome/68.0.3440.106 Safari/537.36"
ip-10-0-0-64.ap-southeast-2.compute.internal:80 203.145.182.245 - - [03/Sep/2018:06:55:15 +0000] "GET /settings/profile HTTP/1.1" 200 2849 "http://localhost:4200/userSettings/profile" "Mozilla/5.0 (Windows NT 10.0; Win64; x64) AppleWebKit/537.36 (KHTML, like Gecko) Chrome/68.0.3440.106 Safari/537.36"
ip-10-0-0-64.ap-southeast-2.compute.internal:80 203.145.182.245 - - [03/Sep/2018:06:55:15 +0000] "OPTIONS /financial/accounts HTTP/1.1" 200 425 "-" "Mozilla/5.0 (Windows NT 10.0; Win64; x64) AppleWebKit/537.36 (KHTML, like Gecko) Chrome/68.0.3440.106 Safari/537.36"
ip-10-0-0-64.ap-southeast-2.compute.internal:80 203.145.182.245 - - [03/Sep/2018:06:55:15 +0000] "OPTIONS /settings/profile HTTP/1.1" 200 422 "-" "Mozilla/5.0 (Windows NT 10.0; Win64; x64) AppleWebKit/537.36 (KHTML, like Gecko) Chrome/68.0.3440.106 Safari/537.36"
ip-10-0-0-64.ap-southeast-2.compute.internal:80 203.145.182.245 - - [03/Sep/2018:06:55:15 +0000] "OPTIONS /loyalty/confirm HTTP/1.1" 200 416 "-" "Mozilla/5.0 (Windows NT 10.0; Win64; x64) AppleWebKit/537.36 (KHTML, like Gecko) Chrome/68.0.3440.106 Safari/537.36"
ip-10-0-0-64.ap-southeast-2.compute.internal:80 121.244.36.135 - - [03/Sep/2018:06:55:15 +0000] "OPTIONS /property/property_linked HTTP/1.1" 200 410 "-" "Mozilla/5.0 (Windows NT 10.0; Win64; x64) AppleWebKit/537.36 (KHTML, like Gecko) Chrome/68.0.3440.106 Safari/537.36"
ip-10-0-0-64.ap-southeast-2.compute.internal:80 121.244.36.135 - - [03/Sep/2018:06:55:15 +0000] "OPTIONS /user_details/user_details HTTP/1.1" 200 421 "-" "Mozilla/5.0 (Windows NT 10.0; Win64; x64) AppleWebKit/537.36 (KHTML, like Gecko) Chrome/68.0.3440.106 Safari/537.36"
ip-10-0-0-64.ap-southeast-2.compute.internal:80 121.244.36.135 - - [03/Sep/2018:06:55:15 +0000] "OPTIONS /financial/accounts HTTP/1.1" 200 424 "-" "Mozilla/5.0 (Windows NT 10.0; Win64; x64) AppleWebKit/537.36 (KHTML, like Gecko) Chrome/68.0.3440.106 Safari/537.36"
ip-10-0-0-64.ap-southeast-2.compute.internal:80 203.145.182.245 - - [03/Sep/2018:06:55:15 +0000] "OPTIONS /loyalty/confirm HTTP/1.1" 200 415 "-" "Mozilla/5.0 (Windows NT 10.0; Win64; x64) AppleWebKit/537.36 (KHTML, like Gecko) Chrome/68.0.3440.106 Safari/537.36"
ip-10-0-0-64.ap-southeast-2.compute.internal:80 203.145.182.245 - - [03/Sep/2018:06:55:15 +0000] "OPTIONS /property/property_linked HTTP/1.1" 200 410 "-" "Mozilla/5.0 (Windows NT 10.0; Win64; x64) AppleWebKit/537.36 (KHTML, like Gecko) Chrome/68.0.3440.106 Safari/537.36"
ip-10-0-0-64.ap-southeast-2.compute.internal:80 203.145.182.245 - - [03/Sep/2018:06:55:15 +0000] "OPTIONS /user_details/user_details HTTP/1.1" 200 421 "-" "Mozilla/5.0 (Windows NT 10.0; Win64; x64) AppleWebKit/537.36 (KHTML, like Gecko) Chrome/68.0.3440.106 Safari/537.36"
ip-10-0-0-64.ap-southeast-2.compute.internal:80 121.244.36.135 - - [03/Sep/2018:06:55:15 +0000] "OPTIONS /financial/accounts HTTP/1.1" 200 424 "-" "Mozilla/5.0 (Windows NT 10.0; Win64; x64) AppleWebKit/537.36 (KHTML, like Gecko) Chrome/68.0.3440.106 Safari/537.36"
ip-10-0-0-64.ap-southeast-2.compute.internal:80 121.244.36.135 - - [03/Sep/2018:06:55:15 +0000] "OPTIONS /signup/status HTTP/1.1" 200 415 "-" "Mozilla/5.0 (Windows NT 10.0; Win64; x64) AppleWebKit/537.36 (KHTML, like Gecko) Chrome/68.0.3440.106 Safari/537.36"
ip-10-0-0-64.ap-southeast-2.compute.internal:80 203.145.182.245 - - [03/Sep/2018:06:55:16 +0000] "GET /user_details/user_details HTTP/1.1" 200 854 "http://localhost:4201/dashboard/home" "Mozilla/5.0 (Windows NT 10.0; Win64; x64) AppleWebKit/537.36 (KHTML, like Gecko) Chrome/68.0.3440.106 Safari/537.36"
ip-10-0-0-64.ap-southeast-2.compute.internal:80 203.145.182.245 - - [03/Sep/2018:06:55:16 +0000] "GET /loyalty/confirm HTTP/1.1" 200 10705 "http://localhost:4201/dashboard/home" "Mozilla/5.0 (Windows NT 10.0; Win64; x64) AppleWebKit/537.36 (KHTML, like Gecko) Chrome/68.0.3440.106 Safari/537.36"
ip-10-0-0-64.ap-southeast-2.compute.internal:80 203.145.182.245 - - [03/Sep/2018:06:55:16 +0000] "GET /financial/accounts HTTP/1.1" 200 25325 "http://localhost:4201/dashboard/home" "Mozilla/5.0 (Windows NT 10.0; Win64; x64) AppleWebKit/537.36 (KHTML, like Gecko) Chrome/68.0.3440.106 Safari/537.36"
ip-10-0-0-64.ap-southeast-2.compute.internal:80 121.244.36.135 - - [03/Sep/2018:06:55:16 +0000] "GET /settings/profile HTTP/1.1" 200 11534 "http://localhost:4201/dashboard/home" "Mozilla/5.0 (Windows NT 10.0; Win64; x64) AppleWebKit/537.36 (KHTML, like Gecko) Chrome/68.0.3440.106 Safari/537.36"
ip-10-0-0-64.ap-southeast-2.compute.internal:80 121.244.36.135 - - [03/Sep/2018:06:55:16 +0000] "GET /signup/status HTTP/1.1" 200 774 "http://localhost:4201/dashboard/home" "Mozilla/5.0 (Windows NT 10.0; Win64; x64) AppleWebKit/537.36 (KHTML, like Gecko) Chrome/68.0.3440.106 Safari/537.36"
ip-10-0-0-64.ap-southeast-2.compute.internal:80 121.244.36.135 - - [03/Sep/2018:06:55:15 +0000] "GET /property/property_linked HTTP/1.1" 200 1793 "http://localhost:4201/dashboard/home" "Mozilla/5.0 (Windows NT 10.0; Win64; x64) AppleWebKit/537.36 (KHTML, like Gecko) Chrome/68.0.3440.106 Safari/537.36"
ip-10-0-0-64.ap-southeast-2.compute.internal:80 203.145.182.245 - - [03/Sep/2018:06:55:16 +0000] "GET /user_details/user_details HTTP/1.1" 200 854 "http://localhost:4201/dashboard/home" "Mozilla/5.0 (Windows NT 10.0; Win64; x64) AppleWebKit/537.36 (KHTML, like Gecko) Chrome/68.0.3440.106 Safari/537.36"
ip-10-0-0-64.ap-southeast-2.compute.internal:80 203.145.182.245 - - [03/Sep/2018:06:55:16 +0000] "GET /loyalty/confirm HTTP/1.1" 200 10705 "http://localhost:4201/dashboard/home" "Mozilla/5.0 (Windows NT 10.0; Win64; x64) AppleWebKit/537.36 (KHTML, like Gecko) Chrome/68.0.3440.106 Safari/537.36"
ip-10-0-0-64.ap-southeast-2.compute.internal:80 121.244.36.135 - - [03/Sep/2018:06:55:16 +0000] "GET /financial/accounts HTTP/1.1" 200 25325 "http://localhost:4201/dashboard/home" "Mozilla/5.0 (Windows NT 10.0; Win64; x64) AppleWebKit/537.36 (KHTML, like Gecko) Chrome/68.0.3440.106 Safari/537.36"
ip-10-0-0-64.ap-southeast-2.compute.internal:80 121.244.36.135 - - [03/Sep/2018:06:55:16 +0000] "GET /loyalty/confirm HTTP/1.1" 200 10705 "http://localhost:4201/dashboard/home" "Mozilla/5.0 (Windows NT 10.0; Win64; x64) AppleWebKit/537.36 (KHTML, like Gecko) Chrome/68.0.3440.106 Safari/537.36"
ip-10-0-0-64.ap-southeast-2.compute.internal:80 203.145.182.245 - - [03/Sep/2018:06:55:16 +0000] "GET /user_details/user_details HTTP/1.1" 200 854 "http://localhost:4201/dashboard/home" "Mozilla/5.0 (Windows NT 10.0; Win64; x64) AppleWebKit/537.36 (KHTML, like Gecko) Chrome/68.0.3440.106 Safari/537.36"
ip-10-0-0-64.ap-southeast-2.compute.internal:80 203.145.182.245 - - [03/Sep/2018:06:55:16 +0000] "GET /financial/accounts HTTP/1.1" 200 25325 "http://localhost:4201/dashboard/home" "Mozilla/5.0 (Windows NT 10.0; Win64; x64) AppleWebKit/537.36 (KHTML, like Gecko) Chrome/68.0.3440.106 Safari/537.36"
ip-10-0-0-64.ap-southeast-2.compute.internal:80 121.244.36.135 - - [03/Sep/2018:06:55:16 +0000] "GET /property/property_linked HTTP/1.1" 200 1793 "http://localhost:4201/dashboard/home" "Mozilla/5.0 (Windows NT 10.0; Win64; x64) AppleWebKit/537.36 (KHTML, like Gecko) Chrome/68.0.3440.106 Safari/537.36"
ip-10-0-0-64.ap-southeast-2.compute.internal:80 121.244.36.135 - - [03/Sep/2018:06:55:17 +0000] "OPTIONS /completion/value HTTP/1.1" 200 417 "-" "Mozilla/5.0 (Windows NT 10.0; Win64; x64) AppleWebKit/537.36 (KHTML, like Gecko) Chrome/68.0.3440.106 Safari/537.36"
ip-10-0-0-64.ap-southeast-2.compute.internal:80 203.145.182.245 - - [03/Sep/2018:06:55:17 +0000] "GET /property/property_linked HTTP/1.1" 200 1793 "http://localhost:4201/dashboard/home" "Mozilla/5.0 (Windows NT 10.0; Win64; x64) AppleWebKit/537.36 (KHTML, like Gecko) Chrome/68.0.3440.106 Safari/537.36"
ip-10-0-0-64.ap-southeast-2.compute.internal:80 121.244.36.135 - - [03/Sep/2018:06:55:17 +0000] "POST /completion/value HTTP/1.1" 200 298 "http://localhost:4200/userSettings/profile" "Mozilla/5.0 (Windows NT 10.0; Win64; x64) AppleWebKit/537.36 (KHTML, like Gecko) Chrome/68.0.3440.106 Safari/537.36"
ip-10-0-0-64.ap-southeast-2.compute.internal:80 121.244.36.135 - - [03/Sep/2018:06:55:17 +0000] "GET /completion/value HTTP/1.1" 200 377 "http://localhost:4200/userSettings/profile" "Mozilla/5.0 (Windows NT 10.0; Win64; x64) AppleWebKit/537.36 (KHTML, like Gecko) Chrome/68.0.3440.106 Safari/537.36"
ip-10-0-0-64.ap-southeast-2.compute.internal:80 203.145.182.245 - - [03/Sep/2018:06:55:18 +0000] "OPTIONS /completion/value HTTP/1.1" 200 416 "-" "Mozilla/5.0 (Windows NT 10.0; Win64; x64) AppleWebKit/537.36 (KHTML, like Gecko) Chrome/68.0.3440.106 Safari/537.36"
ip-10-0-0-64.ap-southeast-2.compute.internal:80 203.145.182.245 - - [03/Sep/2018:06:55:18 +0000] "POST /completion/value HTTP/1.1" 200 298 "http://localhost:4201/dashboard/home" "Mozilla/5.0 (Windows NT 10.0; Win64; x64) AppleWebKit/537.36 (KHTML, like Gecko) Chrome/68.0.3440.106 Safari/537.36"
ip-10-0-0-64.ap-southeast-2.compute.internal:80 203.145.182.245 - - [03/Sep/2018:06:55:18 +0000] "GET /completion/value HTTP/1.1" 200 377 "http://localhost:4201/dashboard/home" "Mozilla/5.0 (Windows NT 10.0; Win64; x64) AppleWebKit/537.36 (KHTML, like Gecko) Chrome/68.0.3440.106 Safari/537.36"
ip-10-0-0-64.ap-southeast-2.compute.internal:80 121.244.36.135 - - [03/Sep/2018:06:55:19 +0000] "OPTIONS /settings/upload HTTP/1.1" 200 390 "-" "Mozilla/5.0 (Windows NT 10.0; Win64; x64) AppleWebKit/537.36 (KHTML, like Gecko) Chrome/68.0.3440.106 Safari/537.36"
ip-10-0-0-64.ap-southeast-2.compute.internal:80 121.244.36.135 - - [03/Sep/2018:06:55:19 +0000] "PUT /settings/upload HTTP/1.1" 200 317 "http://localhost:4200/userSettings/profile" "Mozilla/5.0 (Windows NT 10.0; Win64; x64) AppleWebKit/537.36 (KHTML, like Gecko) Chrome/68.0.3440.106 Safari/537.36"
ip-10-0-0-64.ap-southeast-2.compute.internal:80 121.244.36.135 - - [03/Sep/2018:06:55:20 +0000] "OPTIONS /settings/profile HTTP/1.1" 200 421 "-" "Mozilla/5.0 (Windows NT 10.0; Win64; x64) AppleWebKit/537.36 (KHTML, like Gecko) Chrome/68.0.3440.106 Safari/537.36"
ip-10-0-0-64.ap-southeast-2.compute.internal:80 121.244.36.135 - - [03/Sep/2018:06:55:20 +0000] "GET /settings/profile HTTP/1.1" 200 68448 "http://localhost:4200/userSettings/profile" "Mozilla/5.0 (Windows NT 10.0; Win64; x64) AppleWebKit/537.36 (KHTML, like Gecko) Chrome/68.0.3440.106 Safari/537.36"
ip-10-0-0-64.ap-southeast-2.compute.internal:80 121.244.36.135 - - [03/Sep/2018:06:56:36 +0000] "OPTIONS /loyalty/confirm HTTP/1.1" 200 416 "-" "Mozilla/5.0 (Windows NT 10.0; Win64; x64) AppleWebKit/537.36 (KHTML, like Gecko) Chrome/68.0.3440.106 Safari/537.36"
ip-10-0-0-64.ap-southeast-2.compute.internal:80 121.244.36.135 - - [03/Sep/2018:06:56:36 +0000] "OPTIONS /property/property_linked HTTP/1.1" 200 411 "-" "Mozilla/5.0 (Windows NT 10.0; Win64; x64) AppleWebKit/537.36 (KHTML, like Gecko) Chrome/68.0.3440.106 Safari/537.36"
ip-10-0-0-64.ap-southeast-2.compute.internal:80 121.244.36.135 - - [03/Sep/2018:06:56:36 +0000] "OPTIONS /user_details/user_details HTTP/1.1" 200 422 "-" "Mozilla/5.0 (Windows NT 10.0; Win64; x64) AppleWebKit/537.36 (KHTML, like Gecko) Chrome/68.0.3440.106 Safari/537.36"
ip-10-0-0-64.ap-southeast-2.compute.internal:80 203.145.182.245 - - [03/Sep/2018:06:56:36 +0000] "OPTIONS /financial/accounts HTTP/1.1" 200 425 "-" "Mozilla/5.0 (Windows NT 10.0; Win64; x64) AppleWebKit/537.36 (KHTML, like Gecko) Chrome/68.0.3440.106 Safari/537.36"
ip-10-0-0-64.ap-southeast-2.compute.internal:80 203.145.182.245 - - [03/Sep/2018:06:56:36 +0000] "OPTIONS /settings/profile HTTP/1.1" 200 422 "-" "Mozilla/5.0 (Windows NT 10.0; Win64; x64) AppleWebKit/537.36 (KHTML, like Gecko) Chrome/68.0.3440.106 Safari/537.36"
ip-10-0-0-64.ap-southeast-2.compute.internal:80 203.145.182.245 - - [03/Sep/2018:06:56:36 +0000] "OPTIONS /loyalty/confirm HTTP/1.1" 200 416 "-" "Mozilla/5.0 (Windows NT 10.0; Win64; x64) AppleWebKit/537.36 (KHTML, like Gecko) Chrome/68.0.3440.106 Safari/537.36"
ip-10-0-0-64.ap-southeast-2.compute.internal:80 121.244.36.135 - - [03/Sep/2018:06:56:36 +0000] "OPTIONS /property/property_linked HTTP/1.1" 200 410 "-" "Mozilla/5.0 (Windows NT 10.0; Win64; x64) AppleWebKit/537.36 (KHTML, like Gecko) Chrome/68.0.3440.106 Safari/537.36"
ip-10-0-0-64.ap-southeast-2.compute.internal:80 121.244.36.135 - - [03/Sep/2018:06:56:36 +0000] "OPTIONS /user_details/user_details HTTP/1.1" 200 421 "-" "Mozilla/5.0 (Windows NT 10.0; Win64; x64) AppleWebKit/537.36 (KHTML, like Gecko) Chrome/68.0.3440.106 Safari/537.36"
ip-10-0-0-64.ap-southeast-2.compute.internal:80 121.244.36.135 - - [03/Sep/2018:06:56:36 +0000] "OPTIONS /financial/accounts HTTP/1.1" 200 424 "-" "Mozilla/5.0 (Windows NT 10.0; Win64; x64) AppleWebKit/537.36 (KHTML, like Gecko) Chrome/68.0.3440.106 Safari/537.36"
ip-10-0-0-64.ap-southeast-2.compute.internal:80 203.145.182.245 - - [03/Sep/2018:06:56:36 +0000] "OPTIONS /loyalty/confirm HTTP/1.1" 200 415 "-" "Mozilla/5.0 (Windows NT 10.0; Win64; x64) AppleWebKit/537.36 (KHTML, like Gecko) Chrome/68.0.3440.106 Safari/537.36"
ip-10-0-0-64.ap-southeast-2.compute.internal:80 203.145.182.245 - - [03/Sep/2018:06:56:36 +0000] "OPTIONS /property/property_linked HTTP/1.1" 200 410 "-" "Mozilla/5.0 (Windows NT 10.0; Win64; x64) AppleWebKit/537.36 (KHTML, like Gecko) Chrome/68.0.3440.106 Safari/537.36"
ip-10-0-0-64.ap-southeast-2.compute.internal:80 203.145.182.245 - - [03/Sep/2018:06:56:36 +0000] "OPTIONS /user_details/user_details HTTP/1.1" 200 421 "-" "Mozilla/5.0 (Windows NT 10.0; Win64; x64) AppleWebKit/537.36 (KHTML, like Gecko) Chrome/68.0.3440.106 Safari/537.36"
ip-10-0-0-64.ap-southeast-2.compute.internal:80 121.244.36.135 - - [03/Sep/2018:06:56:36 +0000] "OPTIONS /financial/accounts HTTP/1.1" 200 424 "-" "Mozilla/5.0 (Windows NT 10.0; Win64; x64) AppleWebKit/537.36 (KHTML, like Gecko) Chrome/68.0.3440.106 Safari/537.36"
ip-10-0-0-64.ap-southeast-2.compute.internal:80 121.244.36.135 - - [03/Sep/2018:06:56:36 +0000] "OPTIONS /signup/status HTTP/1.1" 200 415 "-" "Mozilla/5.0 (Windows NT 10.0; Win64; x64) AppleWebKit/537.36 (KHTML, like Gecko) Chrome/68.0.3440.106 Safari/537.36"
ip-10-0-0-64.ap-southeast-2.compute.internal:80 121.244.36.135 - - [03/Sep/2018:06:56:36 +0000] "GET /loyalty/confirm HTTP/1.1" 200 10705 "http://localhost:4201/dashboard/home" "Mozilla/5.0 (Windows NT 10.0; Win64; x64) AppleWebKit/537.36 (KHTML, like Gecko) Chrome/68.0.3440.106 Safari/537.36"
ip-10-0-0-64.ap-southeast-2.compute.internal:80 121.244.36.135 - - [03/Sep/2018:06:56:36 +0000] "GET /settings/profile HTTP/1.1" 200 11534 "http://localhost:4201/dashboard/home" "Mozilla/5.0 (Windows NT 10.0; Win64; x64) AppleWebKit/537.36 (KHTML, like Gecko) Chrome/68.0.3440.106 Safari/537.36"
ip-10-0-0-64.ap-southeast-2.compute.internal:80 121.244.36.135 - - [03/Sep/2018:06:56:36 +0000] "GET /signup/status HTTP/1.1" 200 774 "http://localhost:4201/dashboard/home" "Mozilla/5.0 (Windows NT 10.0; Win64; x64) AppleWebKit/537.36 (KHTML, like Gecko) Chrome/68.0.3440.106 Safari/537.36"
ip-10-0-0-64.ap-southeast-2.compute.internal:80 203.145.182.245 - - [03/Sep/2018:06:56:36 +0000] "GET /user_details/user_details HTTP/1.1" 200 854 "http://localhost:4201/dashboard/home" "Mozilla/5.0 (Windows NT 10.0; Win64; x64) AppleWebKit/537.36 (KHTML, like Gecko) Chrome/68.0.3440.106 Safari/537.36"
ip-10-0-0-64.ap-southeast-2.compute.internal:80 203.145.182.245 - - [03/Sep/2018:06:56:36 +0000] "GET /financial/accounts HTTP/1.1" 200 25325 "http://localhost:4201/dashboard/home" "Mozilla/5.0 (Windows NT 10.0; Win64; x64) AppleWebKit/537.36 (KHTML, like Gecko) Chrome/68.0.3440.106 Safari/537.36"
ip-10-0-0-64.ap-southeast-2.compute.internal:80 121.244.36.135 - - [03/Sep/2018:06:56:36 +0000] "GET /loyalty/confirm HTTP/1.1" 200 10705 "http://localhost:4201/dashboard/home" "Mozilla/5.0 (Windows NT 10.0; Win64; x64) AppleWebKit/537.36 (KHTML, like Gecko) Chrome/68.0.3440.106 Safari/537.36"
ip-10-0-0-64.ap-southeast-2.compute.internal:80 121.244.36.135 - - [03/Sep/2018:06:56:37 +0000] "GET /financial/accounts HTTP/1.1" 200 25325 "http://localhost:4201/dashboard/home" "Mozilla/5.0 (Windows NT 10.0; Win64; x64) AppleWebKit/537.36 (KHTML, like Gecko) Chrome/68.0.3440.106 Safari/537.36"
ip-10-0-0-64.ap-southeast-2.compute.internal:80 121.244.36.135 - - [03/Sep/2018:06:56:37 +0000] "GET /loyalty/confirm HTTP/1.1" 200 10705 "http://localhost:4201/dashboard/home" "Mozilla/5.0 (Windows NT 10.0; Win64; x64) AppleWebKit/537.36 (KHTML, like Gecko) Chrome/68.0.3440.106 Safari/537.36"
ip-10-0-0-64.ap-southeast-2.compute.internal:80 203.145.182.245 - - [03/Sep/2018:06:56:37 +0000] "GET /user_details/user_details HTTP/1.1" 200 854 "http://localhost:4201/dashboard/home" "Mozilla/5.0 (Windows NT 10.0; Win64; x64) AppleWebKit/537.36 (KHTML, like Gecko) Chrome/68.0.3440.106 Safari/537.36"
ip-10-0-0-64.ap-southeast-2.compute.internal:80 121.244.36.135 - - [03/Sep/2018:06:56:37 +0000] "GET /financial/accounts HTTP/1.1" 200 25325 "http://localhost:4201/dashboard/home" "Mozilla/5.0 (Windows NT 10.0; Win64; x64) AppleWebKit/537.36 (KHTML, like Gecko) Chrome/68.0.3440.106 Safari/537.36"
ip-10-0-0-64.ap-southeast-2.compute.internal:80 203.145.182.245 - - [03/Sep/2018:06:56:36 +0000] "GET /property/property_linked HTTP/1.1" 200 1793 "http://localhost:4201/dashboard/home" "Mozilla/5.0 (Windows NT 10.0; Win64; x64) AppleWebKit/537.36 (KHTML, like Gecko) Chrome/68.0.3440.106 Safari/537.36"
ip-10-0-0-64.ap-southeast-2.compute.internal:80 203.145.182.245 - - [03/Sep/2018:06:56:37 +0000] "GET /user_details/user_details HTTP/1.1" 200 854 "http://localhost:4201/dashboard/home" "Mozilla/5.0 (Windows NT 10.0; Win64; x64) AppleWebKit/537.36 (KHTML, like Gecko) Chrome/68.0.3440.106 Safari/537.36"
ip-10-0-0-64.ap-southeast-2.compute.internal:80 121.244.36.135 - - [03/Sep/2018:06:56:37 +0000] "GET /property/property_linked HTTP/1.1" 200 1793 "http://localhost:4201/dashboard/home" "Mozilla/5.0 (Windows NT 10.0; Win64; x64) AppleWebKit/537.36 (KHTML, like Gecko) Chrome/68.0.3440.106 Safari/537.36"
ip-10-0-0-64.ap-southeast-2.compute.internal:80 121.244.36.135 - - [03/Sep/2018:06:56:38 +0000] "GET /property/property_linked HTTP/1.1" 200 1793 "http://localhost:4201/dashboard/home" "Mozilla/5.0 (Windows NT 10.0; Win64; x64) AppleWebKit/537.36 (KHTML, like Gecko) Chrome/68.0.3440.106 Safari/537.36"
ip-10-0-0-64.ap-southeast-2.compute.internal:80 121.244.36.135 - - [03/Sep/2018:06:56:38 +0000] "OPTIONS /completion/value HTTP/1.1" 200 416 "-" "Mozilla/5.0 (Windows NT 10.0; Win64; x64) AppleWebKit/537.36 (KHTML, like Gecko) Chrome/68.0.3440.106 Safari/537.36"
ip-10-0-0-64.ap-southeast-2.compute.internal:80 121.244.36.135 - - [03/Sep/2018:06:56:39 +0000] "POST /completion/value HTTP/1.1" 200 298 "http://localhost:4201/dashboard/home" "Mozilla/5.0 (Windows NT 10.0; Win64; x64) AppleWebKit/537.36 (KHTML, like Gecko) Chrome/68.0.3440.106 Safari/537.36"
ip-10-0-0-64.ap-southeast-2.compute.internal:80 121.244.36.135 - - [03/Sep/2018:06:56:39 +0000] "GET /completion/value HTTP/1.1" 200 377 "http://localhost:4201/dashboard/home" "Mozilla/5.0 (Windows NT 10.0; Win64; x64) AppleWebKit/537.36 (KHTML, like Gecko) Chrome/68.0.3440.106 Safari/537.36"
ip-10-0-0-64.ap-southeast-2.compute.internal:80 203.145.182.245 - - [03/Sep/2018:07:00:10 +0000] "OPTIONS /property/property_linked HTTP/1.1" 200 411 "-" "Mozilla/5.0 (Windows NT 10.0; Win64; x64) AppleWebKit/537.36 (KHTML, like Gecko) Chrome/68.0.3440.106 Safari/537.36"
ip-10-0-0-64.ap-southeast-2.compute.internal:80 203.145.182.245 - - [03/Sep/2018:07:00:10 +0000] "OPTIONS /loyalty/confirm HTTP/1.1" 200 416 "-" "Mozilla/5.0 (Windows NT 10.0; Win64; x64) AppleWebKit/537.36 (KHTML, like Gecko) Chrome/68.0.3440.106 Safari/537.36"
ip-10-0-0-64.ap-southeast-2.compute.internal:80 203.145.182.245 - - [03/Sep/2018:07:00:10 +0000] "OPTIONS /user_details/user_details HTTP/1.1" 200 422 "-" "Mozilla/5.0 (Windows NT 10.0; Win64; x64) AppleWebKit/537.36 (KHTML, like Gecko) Chrome/68.0.3440.106 Safari/537.36"
ip-10-0-0-64.ap-southeast-2.compute.internal:80 203.145.182.245 - - [03/Sep/2018:07:00:10 +0000] "OPTIONS /financial/accounts HTTP/1.1" 200 425 "-" "Mozilla/5.0 (Windows NT 10.0; Win64; x64) AppleWebKit/537.36 (KHTML, like Gecko) Chrome/68.0.3440.106 Safari/537.36"
ip-10-0-0-64.ap-southeast-2.compute.internal:80 203.145.182.245 - - [03/Sep/2018:07:00:10 +0000] "OPTIONS /settings/profile HTTP/1.1" 200 422 "-" "Mozilla/5.0 (Windows NT 10.0; Win64; x64) AppleWebKit/537.36 (KHTML, like Gecko) Chrome/68.0.3440.106 Safari/537.36"
ip-10-0-0-64.ap-southeast-2.compute.internal:80 203.145.182.245 - - [03/Sep/2018:07:00:10 +0000] "OPTIONS /loyalty/confirm HTTP/1.1" 200 416 "-" "Mozilla/5.0 (Windows NT 10.0; Win64; x64) AppleWebKit/537.36 (KHTML, like Gecko) Chrome/68.0.3440.106 Safari/537.36"
ip-10-0-0-64.ap-southeast-2.compute.internal:80 203.145.182.245 - - [03/Sep/2018:07:00:10 +0000] "OPTIONS /property/property_linked HTTP/1.1" 200 410 "-" "Mozilla/5.0 (Windows NT 10.0; Win64; x64) AppleWebKit/537.36 (KHTML, like Gecko) Chrome/68.0.3440.106 Safari/537.36"
ip-10-0-0-64.ap-southeast-2.compute.internal:80 203.145.182.245 - - [03/Sep/2018:07:00:10 +0000] "OPTIONS /user_details/user_details HTTP/1.1" 200 421 "-" "Mozilla/5.0 (Windows NT 10.0; Win64; x64) AppleWebKit/537.36 (KHTML, like Gecko) Chrome/68.0.3440.106 Safari/537.36"
ip-10-0-0-64.ap-southeast-2.compute.internal:80 203.145.182.245 - - [03/Sep/2018:07:00:10 +0000] "OPTIONS /financial/accounts HTTP/1.1" 200 424 "-" "Mozilla/5.0 (Windows NT 10.0; Win64; x64) AppleWebKit/537.36 (KHTML, like Gecko) Chrome/68.0.3440.106 Safari/537.36"
ip-10-0-0-64.ap-southeast-2.compute.internal:80 203.145.182.245 - - [03/Sep/2018:07:00:10 +0000] "OPTIONS /loyalty/confirm HTTP/1.1" 200 415 "-" "Mozilla/5.0 (Windows NT 10.0; Win64; x64) AppleWebKit/537.36 (KHTML, like Gecko) Chrome/68.0.3440.106 Safari/537.36"
ip-10-0-0-64.ap-southeast-2.compute.internal:80 203.145.182.245 - - [03/Sep/2018:07:00:10 +0000] "OPTIONS /property/property_linked HTTP/1.1" 200 410 "-" "Mozilla/5.0 (Windows NT 10.0; Win64; x64) AppleWebKit/537.36 (KHTML, like Gecko) Chrome/68.0.3440.106 Safari/537.36"
ip-10-0-0-64.ap-southeast-2.compute.internal:80 203.145.182.245 - - [03/Sep/2018:07:00:10 +0000] "OPTIONS /user_details/user_details HTTP/1.1" 200 421 "-" "Mozilla/5.0 (Windows NT 10.0; Win64; x64) AppleWebKit/537.36 (KHTML, like Gecko) Chrome/68.0.3440.106 Safari/537.36"
ip-10-0-0-64.ap-southeast-2.compute.internal:80 203.145.182.245 - - [03/Sep/2018:07:00:10 +0000] "OPTIONS /financial/accounts HTTP/1.1" 200 424 "-" "Mozilla/5.0 (Windows NT 10.0; Win64; x64) AppleWebKit/537.36 (KHTML, like Gecko) Chrome/68.0.3440.106 Safari/537.36"
ip-10-0-0-64.ap-southeast-2.compute.internal:80 203.145.182.245 - - [03/Sep/2018:07:00:10 +0000] "OPTIONS /signup/status HTTP/1.1" 200 415 "-" "Mozilla/5.0 (Windows NT 10.0; Win64; x64) AppleWebKit/537.36 (KHTML, like Gecko) Chrome/68.0.3440.106 Safari/537.36"
ip-10-0-0-64.ap-southeast-2.compute.internal:80 203.145.182.245 - - [03/Sep/2018:07:00:10 +0000] "GET /user_details/user_details HTTP/1.1" 200 854 "http://localhost:4201/dashboard/home" "Mozilla/5.0 (Windows NT 10.0; Win64; x64) AppleWebKit/537.36 (KHTML, like Gecko) Chrome/68.0.3440.106 Safari/537.36"
ip-10-0-0-64.ap-southeast-2.compute.internal:80 203.145.182.245 - - [03/Sep/2018:07:00:10 +0000] "GET /loyalty/confirm HTTP/1.1" 200 10705 "http://localhost:4201/dashboard/home" "Mozilla/5.0 (Windows NT 10.0; Win64; x64) AppleWebKit/537.36 (KHTML, like Gecko) Chrome/68.0.3440.106 Safari/537.36"
ip-10-0-0-64.ap-southeast-2.compute.internal:80 203.145.182.245 - - [03/Sep/2018:07:00:10 +0000] "GET /financial/accounts HTTP/1.1" 200 25325 "http://localhost:4201/dashboard/home" "Mozilla/5.0 (Windows NT 10.0; Win64; x64) AppleWebKit/537.36 (KHTML, like Gecko) Chrome/68.0.3440.106 Safari/537.36"
ip-10-0-0-64.ap-southeast-2.compute.internal:80 203.145.182.245 - - [03/Sep/2018:07:00:10 +0000] "GET /settings/profile HTTP/1.1" 200 11534 "http://localhost:4201/dashboard/home" "Mozilla/5.0 (Windows NT 10.0; Win64; x64) AppleWebKit/537.36 (KHTML, like Gecko) Chrome/68.0.3440.106 Safari/537.36"
ip-10-0-0-64.ap-southeast-2.compute.internal:80 203.145.182.245 - - [03/Sep/2018:07:00:11 +0000] "GET /signup/status HTTP/1.1" 200 774 "http://localhost:4201/dashboard/home" "Mozilla/5.0 (Windows NT 10.0; Win64; x64) AppleWebKit/537.36 (KHTML, like Gecko) Chrome/68.0.3440.106 Safari/537.36"
ip-10-0-0-64.ap-southeast-2.compute.internal:80 203.145.182.245 - - [03/Sep/2018:07:00:11 +0000] "GET /user_details/user_details HTTP/1.1" 200 854 "http://localhost:4201/dashboard/home" "Mozilla/5.0 (Windows NT 10.0; Win64; x64) AppleWebKit/537.36 (KHTML, like Gecko) Chrome/68.0.3440.106 Safari/537.36"
ip-10-0-0-64.ap-southeast-2.compute.internal:80 203.145.182.245 - - [03/Sep/2018:07:00:11 +0000] "GET /loyalty/confirm HTTP/1.1" 200 10705 "http://localhost:4201/dashboard/home" "Mozilla/5.0 (Windows NT 10.0; Win64; x64) AppleWebKit/537.36 (KHTML, like Gecko) Chrome/68.0.3440.106 Safari/537.36"
ip-10-0-0-64.ap-southeast-2.compute.internal:80 203.145.182.245 - - [03/Sep/2018:07:00:11 +0000] "GET /user_details/user_details HTTP/1.1" 200 854 "http://localhost:4201/dashboard/home" "Mozilla/5.0 (Windows NT 10.0; Win64; x64) AppleWebKit/537.36 (KHTML, like Gecko) Chrome/68.0.3440.106 Safari/537.36"
ip-10-0-0-64.ap-southeast-2.compute.internal:80 203.145.182.245 - - [03/Sep/2018:07:00:11 +0000] "GET /financial/accounts HTTP/1.1" 200 25325 "http://localhost:4201/dashboard/home" "Mozilla/5.0 (Windows NT 10.0; Win64; x64) AppleWebKit/537.36 (KHTML, like Gecko) Chrome/68.0.3440.106 Safari/537.36"
ip-10-0-0-64.ap-southeast-2.compute.internal:80 203.145.182.245 - - [03/Sep/2018:07:00:10 +0000] "GET /property/property_linked HTTP/1.1" 200 1793 "http://localhost:4201/dashboard/home" "Mozilla/5.0 (Windows NT 10.0; Win64; x64) AppleWebKit/537.36 (KHTML, like Gecko) Chrome/68.0.3440.106 Safari/537.36"
ip-10-0-0-64.ap-southeast-2.compute.internal:80 203.145.182.245 - - [03/Sep/2018:07:00:11 +0000] "GET /loyalty/confirm HTTP/1.1" 200 10705 "http://localhost:4201/dashboard/home" "Mozilla/5.0 (Windows NT 10.0; Win64; x64) AppleWebKit/537.36 (KHTML, like Gecko) Chrome/68.0.3440.106 Safari/537.36"
ip-10-0-0-64.ap-southeast-2.compute.internal:80 203.145.182.245 - - [03/Sep/2018:07:00:11 +0000] "GET /financial/accounts HTTP/1.1" 200 25325 "http://localhost:4201/dashboard/home" "Mozilla/5.0 (Windows NT 10.0; Win64; x64) AppleWebKit/537.36 (KHTML, like Gecko) Chrome/68.0.3440.106 Safari/537.36"
ip-10-0-0-64.ap-southeast-2.compute.internal:80 203.145.182.245 - - [03/Sep/2018:07:00:11 +0000] "GET /property/property_linked HTTP/1.1" 200 1793 "http://localhost:4201/dashboard/home" "Mozilla/5.0 (Windows NT 10.0; Win64; x64) AppleWebKit/537.36 (KHTML, like Gecko) Chrome/68.0.3440.106 Safari/537.36"
ip-10-0-0-64.ap-southeast-2.compute.internal:80 203.145.182.245 - - [03/Sep/2018:07:00:12 +0000] "GET /property/property_linked HTTP/1.1" 200 1793 "http://localhost:4201/dashboard/home" "Mozilla/5.0 (Windows NT 10.0; Win64; x64) AppleWebKit/537.36 (KHTML, like Gecko) Chrome/68.0.3440.106 Safari/537.36"
ip-10-0-0-64.ap-southeast-2.compute.internal:80 203.145.182.245 - - [03/Sep/2018:07:00:13 +0000] "OPTIONS /completion/value HTTP/1.1" 200 416 "-" "Mozilla/5.0 (Windows NT 10.0; Win64; x64) AppleWebKit/537.36 (KHTML, like Gecko) Chrome/68.0.3440.106 Safari/537.36"
ip-10-0-0-64.ap-southeast-2.compute.internal:80 203.145.182.245 - - [03/Sep/2018:07:00:13 +0000] "POST /completion/value HTTP/1.1" 200 298 "http://localhost:4201/dashboard/home" "Mozilla/5.0 (Windows NT 10.0; Win64; x64) AppleWebKit/537.36 (KHTML, like Gecko) Chrome/68.0.3440.106 Safari/537.36"
ip-10-0-0-64.ap-southeast-2.compute.internal:80 203.145.182.245 - - [03/Sep/2018:07:00:13 +0000] "GET /completion/value HTTP/1.1" 200 377 "http://localhost:4201/dashboard/home" "Mozilla/5.0 (Windows NT 10.0; Win64; x64) AppleWebKit/537.36 (KHTML, like Gecko) Chrome/68.0.3440.106 Safari/537.36"
ip-10-0-0-64.ap-southeast-2.compute.internal:80 121.244.36.135 - - [03/Sep/2018:07:01:29 +0000] "OPTIONS /loyalty/confirm HTTP/1.1" 200 416 "-" "Mozilla/5.0 (Windows NT 10.0; Win64; x64) AppleWebKit/537.36 (KHTML, like Gecko) Chrome/68.0.3440.106 Safari/537.36"
ip-10-0-0-64.ap-southeast-2.compute.internal:80 121.244.36.135 - - [03/Sep/2018:07:01:29 +0000] "OPTIONS /property/property_linked HTTP/1.1" 200 411 "-" "Mozilla/5.0 (Windows NT 10.0; Win64; x64) AppleWebKit/537.36 (KHTML, like Gecko) Chrome/68.0.3440.106 Safari/537.36"
ip-10-0-0-64.ap-southeast-2.compute.internal:80 121.244.36.135 - - [03/Sep/2018:07:01:29 +0000] "OPTIONS /user_details/user_details HTTP/1.1" 200 422 "-" "Mozilla/5.0 (Windows NT 10.0; Win64; x64) AppleWebKit/537.36 (KHTML, like Gecko) Chrome/68.0.3440.106 Safari/537.36"
ip-10-0-0-64.ap-southeast-2.compute.internal:80 203.145.182.245 - - [03/Sep/2018:07:01:29 +0000] "OPTIONS /financial/accounts HTTP/1.1" 200 425 "-" "Mozilla/5.0 (Windows NT 10.0; Win64; x64) AppleWebKit/537.36 (KHTML, like Gecko) Chrome/68.0.3440.106 Safari/537.36"
ip-10-0-0-64.ap-southeast-2.compute.internal:80 203.145.182.245 - - [03/Sep/2018:07:01:29 +0000] "OPTIONS /loyalty/confirm HTTP/1.1" 200 416 "-" "Mozilla/5.0 (Windows NT 10.0; Win64; x64) AppleWebKit/537.36 (KHTML, like Gecko) Chrome/68.0.3440.106 Safari/537.36"
ip-10-0-0-64.ap-southeast-2.compute.internal:80 203.145.182.245 - - [03/Sep/2018:07:01:29 +0000] "OPTIONS /settings/profile HTTP/1.1" 200 422 "-" "Mozilla/5.0 (Windows NT 10.0; Win64; x64) AppleWebKit/537.36 (KHTML, like Gecko) Chrome/68.0.3440.106 Safari/537.36"
ip-10-0-0-64.ap-southeast-2.compute.internal:80 121.244.36.135 - - [03/Sep/2018:07:01:29 +0000] "OPTIONS /property/property_linked HTTP/1.1" 200 410 "-" "Mozilla/5.0 (Windows NT 10.0; Win64; x64) AppleWebKit/537.36 (KHTML, like Gecko) Chrome/68.0.3440.106 Safari/537.36"
ip-10-0-0-64.ap-southeast-2.compute.internal:80 121.244.36.135 - - [03/Sep/2018:07:01:29 +0000] "OPTIONS /user_details/user_details HTTP/1.1" 200 421 "-" "Mozilla/5.0 (Windows NT 10.0; Win64; x64) AppleWebKit/537.36 (KHTML, like Gecko) Chrome/68.0.3440.106 Safari/537.36"
ip-10-0-0-64.ap-southeast-2.compute.internal:80 121.244.36.135 - - [03/Sep/2018:07:01:29 +0000] "OPTIONS /financial/accounts HTTP/1.1" 200 424 "-" "Mozilla/5.0 (Windows NT 10.0; Win64; x64) AppleWebKit/537.36 (KHTML, like Gecko) Chrome/68.0.3440.106 Safari/537.36"
ip-10-0-0-64.ap-southeast-2.compute.internal:80 203.145.182.245 - - [03/Sep/2018:07:01:29 +0000] "OPTIONS /loyalty/confirm HTTP/1.1" 200 415 "-" "Mozilla/5.0 (Windows NT 10.0; Win64; x64) AppleWebKit/537.36 (KHTML, like Gecko) Chrome/68.0.3440.106 Safari/537.36"
ip-10-0-0-64.ap-southeast-2.compute.internal:80 203.145.182.245 - - [03/Sep/2018:07:01:29 +0000] "OPTIONS /property/property_linked HTTP/1.1" 200 410 "-" "Mozilla/5.0 (Windows NT 10.0; Win64; x64) AppleWebKit/537.36 (KHTML, like Gecko) Chrome/68.0.3440.106 Safari/537.36"
ip-10-0-0-64.ap-southeast-2.compute.internal:80 203.145.182.245 - - [03/Sep/2018:07:01:29 +0000] "OPTIONS /user_details/user_details HTTP/1.1" 200 421 "-" "Mozilla/5.0 (Windows NT 10.0; Win64; x64) AppleWebKit/537.36 (KHTML, like Gecko) Chrome/68.0.3440.106 Safari/537.36"
ip-10-0-0-64.ap-southeast-2.compute.internal:80 121.244.36.135 - - [03/Sep/2018:07:01:29 +0000] "OPTIONS /financial/accounts HTTP/1.1" 200 424 "-" "Mozilla/5.0 (Windows NT 10.0; Win64; x64) AppleWebKit/537.36 (KHTML, like Gecko) Chrome/68.0.3440.106 Safari/537.36"
ip-10-0-0-64.ap-southeast-2.compute.internal:80 121.244.36.135 - - [03/Sep/2018:07:01:29 +0000] "OPTIONS /signup/status HTTP/1.1" 200 415 "-" "Mozilla/5.0 (Windows NT 10.0; Win64; x64) AppleWebKit/537.36 (KHTML, like Gecko) Chrome/68.0.3440.106 Safari/537.36"
ip-10-0-0-64.ap-southeast-2.compute.internal:80 121.244.36.135 - - [03/Sep/2018:07:01:29 +0000] "GET /loyalty/confirm HTTP/1.1" 200 10705 "http://localhost:4201/dashboard/home" "Mozilla/5.0 (Windows NT 10.0; Win64; x64) AppleWebKit/537.36 (KHTML, like Gecko) Chrome/68.0.3440.106 Safari/537.36"
ip-10-0-0-64.ap-southeast-2.compute.internal:80 121.244.36.135 - - [03/Sep/2018:07:01:29 +0000] "GET /settings/profile HTTP/1.1" 200 11534 "http://localhost:4201/dashboard/home" "Mozilla/5.0 (Windows NT 10.0; Win64; x64) AppleWebKit/537.36 (KHTML, like Gecko) Chrome/68.0.3440.106 Safari/537.36"
ip-10-0-0-64.ap-southeast-2.compute.internal:80 121.244.36.135 - - [03/Sep/2018:07:01:29 +0000] "GET /signup/status HTTP/1.1" 200 774 "http://localhost:4201/dashboard/home" "Mozilla/5.0 (Windows NT 10.0; Win64; x64) AppleWebKit/537.36 (KHTML, like Gecko) Chrome/68.0.3440.106 Safari/537.36"
ip-10-0-0-64.ap-southeast-2.compute.internal:80 203.145.182.245 - - [03/Sep/2018:07:01:30 +0000] "GET /user_details/user_details HTTP/1.1" 200 854 "http://localhost:4201/dashboard/home" "Mozilla/5.0 (Windows NT 10.0; Win64; x64) AppleWebKit/537.36 (KHTML, like Gecko) Chrome/68.0.3440.106 Safari/537.36"
ip-10-0-0-64.ap-southeast-2.compute.internal:80 203.145.182.245 - - [03/Sep/2018:07:01:30 +0000] "GET /financial/accounts HTTP/1.1" 200 25325 "http://localhost:4201/dashboard/home" "Mozilla/5.0 (Windows NT 10.0; Win64; x64) AppleWebKit/537.36 (KHTML, like Gecko) Chrome/68.0.3440.106 Safari/537.36"
ip-10-0-0-64.ap-southeast-2.compute.internal:80 121.244.36.135 - - [03/Sep/2018:07:01:30 +0000] "GET /loyalty/confirm HTTP/1.1" 200 10705 "http://localhost:4201/dashboard/home" "Mozilla/5.0 (Windows NT 10.0; Win64; x64) AppleWebKit/537.36 (KHTML, like Gecko) Chrome/68.0.3440.106 Safari/537.36"
ip-10-0-0-64.ap-southeast-2.compute.internal:80 203.145.182.245 - - [03/Sep/2018:07:01:30 +0000] "GET /user_details/user_details HTTP/1.1" 200 854 "http://localhost:4201/dashboard/home" "Mozilla/5.0 (Windows NT 10.0; Win64; x64) AppleWebKit/537.36 (KHTML, like Gecko) Chrome/68.0.3440.106 Safari/537.36"
ip-10-0-0-64.ap-southeast-2.compute.internal:80 121.244.36.135 - - [03/Sep/2018:07:01:30 +0000] "GET /loyalty/confirm HTTP/1.1" 200 10705 "http://localhost:4201/dashboard/home" "Mozilla/5.0 (Windows NT 10.0; Win64; x64) AppleWebKit/537.36 (KHTML, like Gecko) Chrome/68.0.3440.106 Safari/537.36"
ip-10-0-0-64.ap-southeast-2.compute.internal:80 121.244.36.135 - - [03/Sep/2018:07:01:30 +0000] "GET /financial/accounts HTTP/1.1" 200 25325 "http://localhost:4201/dashboard/home" "Mozilla/5.0 (Windows NT 10.0; Win64; x64) AppleWebKit/537.36 (KHTML, like Gecko) Chrome/68.0.3440.106 Safari/537.36"
ip-10-0-0-64.ap-southeast-2.compute.internal:80 203.145.182.245 - - [03/Sep/2018:07:01:29 +0000] "GET /property/property_linked HTTP/1.1" 200 1793 "http://localhost:4201/dashboard/home" "Mozilla/5.0 (Windows NT 10.0; Win64; x64) AppleWebKit/537.36 (KHTML, like Gecko) Chrome/68.0.3440.106 Safari/537.36"
ip-10-0-0-64.ap-southeast-2.compute.internal:80 121.244.36.135 - - [03/Sep/2018:07:01:30 +0000] "GET /financial/accounts HTTP/1.1" 200 25325 "http://localhost:4201/dashboard/home" "Mozilla/5.0 (Windows NT 10.0; Win64; x64) AppleWebKit/537.36 (KHTML, like Gecko) Chrome/68.0.3440.106 Safari/537.36"
ip-10-0-0-64.ap-southeast-2.compute.internal:80 203.145.182.245 - - [03/Sep/2018:07:01:30 +0000] "GET /user_details/user_details HTTP/1.1" 200 854 "http://localhost:4201/dashboard/home" "Mozilla/5.0 (Windows NT 10.0; Win64; x64) AppleWebKit/537.36 (KHTML, like Gecko) Chrome/68.0.3440.106 Safari/537.36"
ip-10-0-0-64.ap-southeast-2.compute.internal:80 203.145.182.245 - - [03/Sep/2018:07:01:30 +0000] "GET /property/property_linked HTTP/1.1" 200 1793 "http://localhost:4201/dashboard/home" "Mozilla/5.0 (Windows NT 10.0; Win64; x64) AppleWebKit/537.36 (KHTML, like Gecko) Chrome/68.0.3440.106 Safari/537.36"
ip-10-0-0-64.ap-southeast-2.compute.internal:80 121.244.36.135 - - [03/Sep/2018:07:01:31 +0000] "GET /property/property_linked HTTP/1.1" 200 1793 "http://localhost:4201/dashboard/home" "Mozilla/5.0 (Windows NT 10.0; Win64; x64) AppleWebKit/537.36 (KHTML, like Gecko) Chrome/68.0.3440.106 Safari/537.36"
ip-10-0-0-64.ap-southeast-2.compute.internal:80 121.244.36.135 - - [03/Sep/2018:07:01:32 +0000] "OPTIONS /completion/value HTTP/1.1" 200 416 "-" "Mozilla/5.0 (Windows NT 10.0; Win64; x64) AppleWebKit/537.36 (KHTML, like Gecko) Chrome/68.0.3440.106 Safari/537.36"
ip-10-0-0-64.ap-southeast-2.compute.internal:80 121.244.36.135 - - [03/Sep/2018:07:01:32 +0000] "POST /completion/value HTTP/1.1" 200 298 "http://localhost:4201/dashboard/home" "Mozilla/5.0 (Windows NT 10.0; Win64; x64) AppleWebKit/537.36 (KHTML, like Gecko) Chrome/68.0.3440.106 Safari/537.36"
ip-10-0-0-64.ap-southeast-2.compute.internal:80 121.244.36.135 - - [03/Sep/2018:07:01:32 +0000] "GET /completion/value HTTP/1.1" 200 377 "http://localhost:4201/dashboard/home" "Mozilla/5.0 (Windows NT 10.0; Win64; x64) AppleWebKit/537.36 (KHTML, like Gecko) Chrome/68.0.3440.106 Safari/537.36"
ip-10-0-0-64.ap-southeast-2.compute.internal:80 121.244.36.135 - - [03/Sep/2018:07:03:47 +0000] "OPTIONS /user_details/user_details HTTP/1.1" 200 422 "-" "Mozilla/5.0 (Windows NT 10.0; Win64; x64) AppleWebKit/537.36 (KHTML, like Gecko) Chrome/68.0.3440.106 Safari/537.36"
ip-10-0-0-64.ap-southeast-2.compute.internal:80 121.244.36.135 - - [03/Sep/2018:07:03:47 +0000] "OPTIONS /loyalty/confirm HTTP/1.1" 200 416 "-" "Mozilla/5.0 (Windows NT 10.0; Win64; x64) AppleWebKit/537.36 (KHTML, like Gecko) Chrome/68.0.3440.106 Safari/537.36"
ip-10-0-0-64.ap-southeast-2.compute.internal:80 121.244.36.135 - - [03/Sep/2018:07:03:47 +0000] "OPTIONS /property/property_linked HTTP/1.1" 200 411 "-" "Mozilla/5.0 (Windows NT 10.0; Win64; x64) AppleWebKit/537.36 (KHTML, like Gecko) Chrome/68.0.3440.106 Safari/537.36"
ip-10-0-0-64.ap-southeast-2.compute.internal:80 203.145.182.245 - - [03/Sep/2018:07:03:47 +0000] "OPTIONS /financial/accounts HTTP/1.1" 200 425 "-" "Mozilla/5.0 (Windows NT 10.0; Win64; x64) AppleWebKit/537.36 (KHTML, like Gecko) Chrome/68.0.3440.106 Safari/537.36"
ip-10-0-0-64.ap-southeast-2.compute.internal:80 203.145.182.245 - - [03/Sep/2018:07:03:47 +0000] "OPTIONS /settings/profile HTTP/1.1" 200 422 "-" "Mozilla/5.0 (Windows NT 10.0; Win64; x64) AppleWebKit/537.36 (KHTML, like Gecko) Chrome/68.0.3440.106 Safari/537.36"
ip-10-0-0-64.ap-southeast-2.compute.internal:80 203.145.182.245 - - [03/Sep/2018:07:03:47 +0000] "OPTIONS /loyalty/confirm HTTP/1.1" 200 416 "-" "Mozilla/5.0 (Windows NT 10.0; Win64; x64) AppleWebKit/537.36 (KHTML, like Gecko) Chrome/68.0.3440.106 Safari/537.36"
ip-10-0-0-64.ap-southeast-2.compute.internal:80 121.244.36.135 - - [03/Sep/2018:07:03:47 +0000] "OPTIONS /property/property_linked HTTP/1.1" 200 410 "-" "Mozilla/5.0 (Windows NT 10.0; Win64; x64) AppleWebKit/537.36 (KHTML, like Gecko) Chrome/68.0.3440.106 Safari/537.36"
ip-10-0-0-64.ap-southeast-2.compute.internal:80 121.244.36.135 - - [03/Sep/2018:07:03:47 +0000] "OPTIONS /user_details/user_details HTTP/1.1" 200 421 "-" "Mozilla/5.0 (Windows NT 10.0; Win64; x64) AppleWebKit/537.36 (KHTML, like Gecko) Chrome/68.0.3440.106 Safari/537.36"
ip-10-0-0-64.ap-southeast-2.compute.internal:80 121.244.36.135 - - [03/Sep/2018:07:03:47 +0000] "OPTIONS /financial/accounts HTTP/1.1" 200 424 "-" "Mozilla/5.0 (Windows NT 10.0; Win64; x64) AppleWebKit/537.36 (KHTML, like Gecko) Chrome/68.0.3440.106 Safari/537.36"
ip-10-0-0-64.ap-southeast-2.compute.internal:80 203.145.182.245 - - [03/Sep/2018:07:03:47 +0000] "OPTIONS /loyalty/confirm HTTP/1.1" 200 415 "-" "Mozilla/5.0 (Windows NT 10.0; Win64; x64) AppleWebKit/537.36 (KHTML, like Gecko) Chrome/68.0.3440.106 Safari/537.36"
