ip-10-0-0-64.ap-southeast-2.compute.internal:80 121.244.36.135 - - [31/Aug/2018:11:06:02 +0000] "GET /lists/get/propertytype HTTP/1.1" 200 426 "http://localhost:4200/userSettings/property" "Mozilla/5.0 (Windows NT 10.0; Win64; x64) AppleWebKit/537.36 (KHTML, like Gecko) Chrome/68.0.3440.106 Safari/537.36"
ip-10-0-0-64.ap-southeast-2.compute.internal:80 125.17.6.141 - - [31/Aug/2018:11:06:07 +0000] "OPTIONS /signup/register HTTP/1.1" 200 406 "-" "Mozilla/5.0 (Windows NT 10.0; Win64; x64; rv:62.0) Gecko/20100101 Firefox/62.0"
ip-10-0-0-64.ap-southeast-2.compute.internal:80 127.0.0.1 - - [31/Aug/2018:11:06:08 +0000] "POST /settings/profile HTTP/1.1" 201 300 "-" "python-requests/2.19.1"
ip-10-0-0-64.ap-southeast-2.compute.internal:80 125.17.6.141 - - [31/Aug/2018:11:06:08 +0000] "POST /signup/register HTTP/1.1" 201 1034 "http://localhost:4200/signUp" "Mozilla/5.0 (Windows NT 10.0; Win64; x64; rv:62.0) Gecko/20100101 Firefox/62.0"
ip-10-0-0-64.ap-southeast-2.compute.internal:80 121.244.36.135 - - [31/Aug/2018:11:06:02 +0000] "POST /property/property_estimate HTTP/1.1" 201 650 "http://localhost:4200/userSettings/property" "Mozilla/5.0 (Windows NT 10.0; Win64; x64) AppleWebKit/537.36 (KHTML, like Gecko) Chrome/68.0.3440.106 Safari/537.36"
ip-10-0-0-64.ap-southeast-2.compute.internal:80 125.17.6.141 - - [31/Aug/2018:11:06:09 +0000] "OPTIONS /loyalty/confirm HTTP/1.1" 200 415 "-" "Mozilla/5.0 (Windows NT 10.0; Win64; x64; rv:62.0) Gecko/20100101 Firefox/62.0"
ip-10-0-0-64.ap-southeast-2.compute.internal:80 125.17.6.141 - - [31/Aug/2018:11:06:09 +0000] "OPTIONS /property/property_linked HTTP/1.1" 200 410 "-" "Mozilla/5.0 (Windows NT 10.0; Win64; x64; rv:62.0) Gecko/20100101 Firefox/62.0"
ip-10-0-0-64.ap-southeast-2.compute.internal:80 125.17.6.141 - - [31/Aug/2018:11:06:09 +0000] "OPTIONS /user_details/user_details HTTP/1.1" 200 422 "-" "Mozilla/5.0 (Windows NT 10.0; Win64; x64; rv:62.0) Gecko/20100101 Firefox/62.0"
ip-10-0-0-64.ap-southeast-2.compute.internal:80 125.17.6.141 - - [31/Aug/2018:11:06:10 +0000] "OPTIONS /financial/accounts HTTP/1.1" 200 424 "-" "Mozilla/5.0 (Windows NT 10.0; Win64; x64; rv:62.0) Gecko/20100101 Firefox/62.0"
ip-10-0-0-64.ap-southeast-2.compute.internal:80 125.17.6.141 - - [31/Aug/2018:11:06:10 +0000] "OPTIONS /settings/profile HTTP/1.1" 200 422 "-" "Mozilla/5.0 (Windows NT 10.0; Win64; x64; rv:62.0) Gecko/20100101 Firefox/62.0"
ip-10-0-0-64.ap-southeast-2.compute.internal:80 125.17.6.141 - - [31/Aug/2018:11:06:10 +0000] "OPTIONS /lists/get/all HTTP/1.1" 200 411 "-" "Mozilla/5.0 (Windows NT 10.0; Win64; x64; rv:62.0) Gecko/20100101 Firefox/62.0"
ip-10-0-0-64.ap-southeast-2.compute.internal:80 125.17.6.141 - - [31/Aug/2018:11:06:10 +0000] "GET /loyalty/confirm HTTP/1.1" 200 2218 "http://localhost:4200/aboutYou" "Mozilla/5.0 (Windows NT 10.0; Win64; x64; rv:62.0) Gecko/20100101 Firefox/62.0"
ip-10-0-0-64.ap-southeast-2.compute.internal:80 125.17.6.141 - - [31/Aug/2018:11:06:10 +0000] "GET /user_details/user_details HTTP/1.1" 202 310 "http://localhost:4200/aboutYou" "Mozilla/5.0 (Windows NT 10.0; Win64; x64; rv:62.0) Gecko/20100101 Firefox/62.0"
ip-10-0-0-64.ap-southeast-2.compute.internal:80 125.17.6.141 - - [31/Aug/2018:11:06:10 +0000] "GET /financial/accounts HTTP/1.1" 404 318 "http://localhost:4200/aboutYou" "Mozilla/5.0 (Windows NT 10.0; Win64; x64; rv:62.0) Gecko/20100101 Firefox/62.0"
ip-10-0-0-64.ap-southeast-2.compute.internal:80 125.17.6.141 - - [31/Aug/2018:11:06:10 +0000] "GET /settings/profile HTTP/1.1" 200 2848 "http://localhost:4200/aboutYou" "Mozilla/5.0 (Windows NT 10.0; Win64; x64; rv:62.0) Gecko/20100101 Firefox/62.0"
ip-10-0-0-64.ap-southeast-2.compute.internal:80 125.17.6.141 - - [31/Aug/2018:11:06:10 +0000] "GET /lists/get/all HTTP/1.1" 200 6817 "http://localhost:4200/aboutYou" "Mozilla/5.0 (Windows NT 10.0; Win64; x64; rv:62.0) Gecko/20100101 Firefox/62.0"
ip-10-0-0-64.ap-southeast-2.compute.internal:80 125.17.6.141 - - [31/Aug/2018:11:06:10 +0000] "GET /property/property_linked HTTP/1.1" 404 312 "http://localhost:4200/aboutYou" "Mozilla/5.0 (Windows NT 10.0; Win64; x64; rv:62.0) Gecko/20100101 Firefox/62.0"
ip-10-0-0-64.ap-southeast-2.compute.internal:80 125.17.6.141 - - [31/Aug/2018:11:06:12 +0000] "OPTIONS /completion/value HTTP/1.1" 200 416 "-" "Mozilla/5.0 (Windows NT 10.0; Win64; x64; rv:62.0) Gecko/20100101 Firefox/62.0"
ip-10-0-0-64.ap-southeast-2.compute.internal:80 125.17.6.141 - - [31/Aug/2018:11:06:13 +0000] "POST /completion/value HTTP/1.1" 200 298 "http://localhost:4200/aboutYou" "Mozilla/5.0 (Windows NT 10.0; Win64; x64; rv:62.0) Gecko/20100101 Firefox/62.0"
ip-10-0-0-64.ap-southeast-2.compute.internal:80 125.17.6.141 - - [31/Aug/2018:11:06:13 +0000] "OPTIONS /completion/value HTTP/1.1" 200 416 "-" "Mozilla/5.0 (Windows NT 10.0; Win64; x64; rv:62.0) Gecko/20100101 Firefox/62.0"
ip-10-0-0-64.ap-southeast-2.compute.internal:80 125.17.6.141 - - [31/Aug/2018:11:06:13 +0000] "GET /completion/value HTTP/1.1" 200 376 "http://localhost:4200/aboutYou" "Mozilla/5.0 (Windows NT 10.0; Win64; x64; rv:62.0) Gecko/20100101 Firefox/62.0"
ip-10-0-0-64.ap-southeast-2.compute.internal:80 125.17.6.141 - - [31/Aug/2018:11:06:19 +0000] "OPTIONS /lists/get/all HTTP/1.1" 200 411 "-" "Mozilla/5.0 (Windows NT 10.0; Win64; x64; rv:62.0) Gecko/20100101 Firefox/62.0"
ip-10-0-0-64.ap-southeast-2.compute.internal:80 125.17.6.141 - - [31/Aug/2018:11:06:20 +0000] "GET /lists/get/all HTTP/1.1" 200 6818 "http://localhost:4200/aboutYou" "Mozilla/5.0 (Windows NT 10.0; Win64; x64; rv:62.0) Gecko/20100101 Firefox/62.0"
ip-10-0-0-64.ap-southeast-2.compute.internal:80 125.17.6.141 - - [31/Aug/2018:11:06:22 +0000] "OPTIONS /lists/get/all HTTP/1.1" 200 410 "-" "Mozilla/5.0 (Windows NT 10.0; Win64; x64; rv:62.0) Gecko/20100101 Firefox/62.0"
ip-10-0-0-64.ap-southeast-2.compute.internal:80 125.17.6.141 - - [31/Aug/2018:11:06:23 +0000] "GET /lists/get/all HTTP/1.1" 200 6817 "http://localhost:4200/aboutYou" "Mozilla/5.0 (Windows NT 10.0; Win64; x64; rv:62.0) Gecko/20100101 Firefox/62.0"
ip-10-0-0-64.ap-southeast-2.compute.internal:80 125.17.6.141 - - [31/Aug/2018:11:06:24 +0000] "OPTIONS /property/property_linked HTTP/1.1" 200 410 "-" "Mozilla/5.0 (Windows NT 10.0; Win64; x64; rv:62.0) Gecko/20100101 Firefox/62.0"
ip-10-0-0-64.ap-southeast-2.compute.internal:80 125.17.6.141 - - [31/Aug/2018:11:06:24 +0000] "OPTIONS /loyalty/confirm HTTP/1.1" 200 415 "-" "Mozilla/5.0 (Windows NT 10.0; Win64; x64; rv:62.0) Gecko/20100101 Firefox/62.0"
ip-10-0-0-64.ap-southeast-2.compute.internal:80 125.17.6.141 - - [31/Aug/2018:11:06:24 +0000] "OPTIONS /financial/accounts HTTP/1.1" 200 425 "-" "Mozilla/5.0 (Windows NT 10.0; Win64; x64; rv:62.0) Gecko/20100101 Firefox/62.0"
ip-10-0-0-64.ap-southeast-2.compute.internal:80 125.17.6.141 - - [31/Aug/2018:11:06:24 +0000] "OPTIONS /user_details/user_details HTTP/1.1" 200 422 "-" "Mozilla/5.0 (Windows NT 10.0; Win64; x64; rv:62.0) Gecko/20100101 Firefox/62.0"
ip-10-0-0-64.ap-southeast-2.compute.internal:80 125.17.6.141 - - [31/Aug/2018:11:06:25 +0000] "OPTIONS /settings/profile HTTP/1.1" 200 421 "-" "Mozilla/5.0 (Windows NT 10.0; Win64; x64; rv:62.0) Gecko/20100101 Firefox/62.0"
ip-10-0-0-64.ap-southeast-2.compute.internal:80 125.17.6.141 - - [31/Aug/2018:11:06:25 +0000] "OPTIONS /loyalty/confirm HTTP/1.1" 200 416 "-" "Mozilla/5.0 (Windows NT 10.0; Win64; x64; rv:62.0) Gecko/20100101 Firefox/62.0"
ip-10-0-0-64.ap-southeast-2.compute.internal:80 125.17.6.141 - - [31/Aug/2018:11:06:25 +0000] "GET /loyalty/confirm HTTP/1.1" 200 2218 "http://localhost:4200/dashboard/home" "Mozilla/5.0 (Windows NT 10.0; Win64; x64; rv:62.0) Gecko/20100101 Firefox/62.0"
ip-10-0-0-64.ap-southeast-2.compute.internal:80 125.17.6.141 - - [31/Aug/2018:11:06:25 +0000] "OPTIONS /property/property_linked HTTP/1.1" 200 410 "-" "Mozilla/5.0 (Windows NT 10.0; Win64; x64; rv:62.0) Gecko/20100101 Firefox/62.0"
ip-10-0-0-64.ap-southeast-2.compute.internal:80 125.17.6.141 - - [31/Aug/2018:11:06:25 +0000] "GET /financial/accounts HTTP/1.1" 404 318 "http://localhost:4200/dashboard/home" "Mozilla/5.0 (Windows NT 10.0; Win64; x64; rv:62.0) Gecko/20100101 Firefox/62.0"
ip-10-0-0-64.ap-southeast-2.compute.internal:80 125.17.6.141 - - [31/Aug/2018:11:06:25 +0000] "GET /user_details/user_details HTTP/1.1" 202 310 "http://localhost:4200/dashboard/home" "Mozilla/5.0 (Windows NT 10.0; Win64; x64; rv:62.0) Gecko/20100101 Firefox/62.0"
ip-10-0-0-64.ap-southeast-2.compute.internal:80 125.17.6.141 - - [31/Aug/2018:11:06:25 +0000] "GET /settings/profile HTTP/1.1" 200 2848 "http://localhost:4200/dashboard/home" "Mozilla/5.0 (Windows NT 10.0; Win64; x64; rv:62.0) Gecko/20100101 Firefox/62.0"
ip-10-0-0-64.ap-southeast-2.compute.internal:80 125.17.6.141 - - [31/Aug/2018:11:06:25 +0000] "GET /loyalty/confirm HTTP/1.1" 200 2217 "http://localhost:4200/dashboard/home" "Mozilla/5.0 (Windows NT 10.0; Win64; x64; rv:62.0) Gecko/20100101 Firefox/62.0"
ip-10-0-0-64.ap-southeast-2.compute.internal:80 125.17.6.141 - - [31/Aug/2018:11:06:25 +0000] "OPTIONS /user_details/user_details HTTP/1.1" 200 421 "-" "Mozilla/5.0 (Windows NT 10.0; Win64; x64; rv:62.0) Gecko/20100101 Firefox/62.0"
ip-10-0-0-64.ap-southeast-2.compute.internal:80 125.17.6.141 - - [31/Aug/2018:11:06:25 +0000] "OPTIONS /financial/accounts HTTP/1.1" 200 424 "-" "Mozilla/5.0 (Windows NT 10.0; Win64; x64; rv:62.0) Gecko/20100101 Firefox/62.0"
ip-10-0-0-64.ap-southeast-2.compute.internal:80 125.17.6.141 - - [31/Aug/2018:11:06:25 +0000] "OPTIONS /loyalty/confirm HTTP/1.1" 200 415 "-" "Mozilla/5.0 (Windows NT 10.0; Win64; x64; rv:62.0) Gecko/20100101 Firefox/62.0"
ip-10-0-0-64.ap-southeast-2.compute.internal:80 125.17.6.141 - - [31/Aug/2018:11:06:25 +0000] "OPTIONS /property/property_linked HTTP/1.1" 200 410 "-" "Mozilla/5.0 (Windows NT 10.0; Win64; x64; rv:62.0) Gecko/20100101 Firefox/62.0"
ip-10-0-0-64.ap-southeast-2.compute.internal:80 125.17.6.141 - - [31/Aug/2018:11:06:25 +0000] "OPTIONS /user_details/user_details HTTP/1.1" 200 421 "-" "Mozilla/5.0 (Windows NT 10.0; Win64; x64; rv:62.0) Gecko/20100101 Firefox/62.0"
ip-10-0-0-64.ap-southeast-2.compute.internal:80 125.17.6.141 - - [31/Aug/2018:11:06:25 +0000] "GET /user_details/user_details HTTP/1.1" 202 310 "http://localhost:4200/dashboard/home" "Mozilla/5.0 (Windows NT 10.0; Win64; x64; rv:62.0) Gecko/20100101 Firefox/62.0"
ip-10-0-0-64.ap-southeast-2.compute.internal:80 125.17.6.141 - - [31/Aug/2018:11:06:25 +0000] "GET /financial/accounts HTTP/1.1" 404 318 "http://localhost:4200/dashboard/home" "Mozilla/5.0 (Windows NT 10.0; Win64; x64; rv:62.0) Gecko/20100101 Firefox/62.0"
ip-10-0-0-64.ap-southeast-2.compute.internal:80 125.17.6.141 - - [31/Aug/2018:11:06:25 +0000] "GET /loyalty/confirm HTTP/1.1" 200 2217 "http://localhost:4200/dashboard/home" "Mozilla/5.0 (Windows NT 10.0; Win64; x64; rv:62.0) Gecko/20100101 Firefox/62.0"
ip-10-0-0-64.ap-southeast-2.compute.internal:80 125.17.6.141 - - [31/Aug/2018:11:06:26 +0000] "GET /user_details/user_details HTTP/1.1" 202 310 "http://localhost:4200/dashboard/home" "Mozilla/5.0 (Windows NT 10.0; Win64; x64; rv:62.0) Gecko/20100101 Firefox/62.0"
ip-10-0-0-64.ap-southeast-2.compute.internal:80 125.17.6.141 - - [31/Aug/2018:11:06:26 +0000] "OPTIONS /financial/accounts HTTP/1.1" 200 424 "-" "Mozilla/5.0 (Windows NT 10.0; Win64; x64; rv:62.0) Gecko/20100101 Firefox/62.0"
ip-10-0-0-64.ap-southeast-2.compute.internal:80 125.17.6.141 - - [31/Aug/2018:11:06:25 +0000] "GET /property/property_linked HTTP/1.1" 404 312 "http://localhost:4200/dashboard/home" "Mozilla/5.0 (Windows NT 10.0; Win64; x64; rv:62.0) Gecko/20100101 Firefox/62.0"
ip-10-0-0-64.ap-southeast-2.compute.internal:80 125.17.6.141 - - [31/Aug/2018:11:06:26 +0000] "GET /financial/accounts HTTP/1.1" 404 318 "http://localhost:4200/dashboard/home" "Mozilla/5.0 (Windows NT 10.0; Win64; x64; rv:62.0) Gecko/20100101 Firefox/62.0"
ip-10-0-0-64.ap-southeast-2.compute.internal:80 125.17.6.141 - - [31/Aug/2018:11:06:25 +0000] "GET /property/property_linked HTTP/1.1" 404 312 "http://localhost:4200/dashboard/home" "Mozilla/5.0 (Windows NT 10.0; Win64; x64; rv:62.0) Gecko/20100101 Firefox/62.0"
ip-10-0-0-64.ap-southeast-2.compute.internal:80 125.17.6.141 - - [31/Aug/2018:11:06:25 +0000] "GET /property/property_linked HTTP/1.1" 404 312 "http://localhost:4200/dashboard/home" "Mozilla/5.0 (Windows NT 10.0; Win64; x64; rv:62.0) Gecko/20100101 Firefox/62.0"
ip-10-0-0-64.ap-southeast-2.compute.internal:80 125.17.6.141 - - [31/Aug/2018:11:06:27 +0000] "OPTIONS /user_details/user_details HTTP/1.1" 200 421 "-" "Mozilla/5.0 (Windows NT 10.0; Win64; x64; rv:62.0) Gecko/20100101 Firefox/62.0"
ip-10-0-0-64.ap-southeast-2.compute.internal:80 125.17.6.141 - - [31/Aug/2018:11:06:27 +0000] "OPTIONS /financial/accounts HTTP/1.1" 200 424 "-" "Mozilla/5.0 (Windows NT 10.0; Win64; x64; rv:62.0) Gecko/20100101 Firefox/62.0"
ip-10-0-0-64.ap-southeast-2.compute.internal:80 125.17.6.141 - - [31/Aug/2018:11:06:27 +0000] "OPTIONS /property/property_linked HTTP/1.1" 200 410 "-" "Mozilla/5.0 (Windows NT 10.0; Win64; x64; rv:62.0) Gecko/20100101 Firefox/62.0"
ip-10-0-0-64.ap-southeast-2.compute.internal:80 125.17.6.141 - - [31/Aug/2018:11:06:27 +0000] "OPTIONS /loyalty/confirm HTTP/1.1" 200 415 "-" "Mozilla/5.0 (Windows NT 10.0; Win64; x64; rv:62.0) Gecko/20100101 Firefox/62.0"
ip-10-0-0-64.ap-southeast-2.compute.internal:80 125.17.6.141 - - [31/Aug/2018:11:06:27 +0000] "OPTIONS /financial/accounts HTTP/1.1" 200 424 "-" "Mozilla/5.0 (Windows NT 10.0; Win64; x64; rv:62.0) Gecko/20100101 Firefox/62.0"
ip-10-0-0-64.ap-southeast-2.compute.internal:80 125.17.6.141 - - [31/Aug/2018:11:06:27 +0000] "OPTIONS /settings/profile HTTP/1.1" 200 421 "-" "Mozilla/5.0 (Windows NT 10.0; Win64; x64; rv:62.0) Gecko/20100101 Firefox/62.0"
ip-10-0-0-64.ap-southeast-2.compute.internal:80 125.17.6.141 - - [31/Aug/2018:11:06:27 +0000] "OPTIONS //property/property_linked HTTP/1.1" 200 410 "-" "Mozilla/5.0 (Windows NT 10.0; Win64; x64; rv:62.0) Gecko/20100101 Firefox/62.0"
ip-10-0-0-64.ap-southeast-2.compute.internal:80 125.17.6.141 - - [31/Aug/2018:11:06:27 +0000] "GET /user_details/user_details HTTP/1.1" 202 310 "http://localhost:4200/userSettings/myaccount" "Mozilla/5.0 (Windows NT 10.0; Win64; x64; rv:62.0) Gecko/20100101 Firefox/62.0"
ip-10-0-0-64.ap-southeast-2.compute.internal:80 125.17.6.141 - - [31/Aug/2018:11:06:27 +0000] "GET /financial/accounts HTTP/1.1" 404 318 "http://localhost:4200/userSettings/myaccount" "Mozilla/5.0 (Windows NT 10.0; Win64; x64; rv:62.0) Gecko/20100101 Firefox/62.0"
ip-10-0-0-64.ap-southeast-2.compute.internal:80 125.17.6.141 - - [31/Aug/2018:11:06:27 +0000] "GET /settings/profile HTTP/1.1" 200 2848 "http://localhost:4200/userSettings/myaccount" "Mozilla/5.0 (Windows NT 10.0; Win64; x64; rv:62.0) Gecko/20100101 Firefox/62.0"
ip-10-0-0-64.ap-southeast-2.compute.internal:80 125.17.6.141 - - [31/Aug/2018:11:06:27 +0000] "GET /loyalty/confirm HTTP/1.1" 200 2217 "http://localhost:4200/userSettings/myaccount" "Mozilla/5.0 (Windows NT 10.0; Win64; x64; rv:62.0) Gecko/20100101 Firefox/62.0"
ip-10-0-0-64.ap-southeast-2.compute.internal:80 125.17.6.141 - - [31/Aug/2018:11:06:27 +0000] "GET /financial/accounts HTTP/1.1" 404 318 "http://localhost:4200/userSettings/myaccount" "Mozilla/5.0 (Windows NT 10.0; Win64; x64; rv:62.0) Gecko/20100101 Firefox/62.0"
ip-10-0-0-64.ap-southeast-2.compute.internal:80 125.17.6.141 - - [31/Aug/2018:11:06:27 +0000] "OPTIONS /completion/value HTTP/1.1" 200 416 "-" "Mozilla/5.0 (Windows NT 10.0; Win64; x64; rv:62.0) Gecko/20100101 Firefox/62.0"
ip-10-0-0-64.ap-southeast-2.compute.internal:80 125.17.6.141 - - [31/Aug/2018:11:06:28 +0000] "POST /completion/value HTTP/1.1" 200 298 "http://localhost:4200/userSettings/myaccount" "Mozilla/5.0 (Windows NT 10.0; Win64; x64; rv:62.0) Gecko/20100101 Firefox/62.0"
ip-10-0-0-64.ap-southeast-2.compute.internal:80 125.17.6.141 - - [31/Aug/2018:11:06:27 +0000] "GET /property/property_linked HTTP/1.1" 404 312 "http://localhost:4200/userSettings/myaccount" "Mozilla/5.0 (Windows NT 10.0; Win64; x64; rv:62.0) Gecko/20100101 Firefox/62.0"
ip-10-0-0-64.ap-southeast-2.compute.internal:80 125.17.6.141 - - [31/Aug/2018:11:06:27 +0000] "GET //property/property_linked HTTP/1.1" 404 313 "http://localhost:4200/userSettings/myaccount" "Mozilla/5.0 (Windows NT 10.0; Win64; x64; rv:62.0) Gecko/20100101 Firefox/62.0"
ip-10-0-0-64.ap-southeast-2.compute.internal:80 125.17.6.141 - - [31/Aug/2018:11:06:28 +0000] "OPTIONS /completion/value HTTP/1.1" 200 416 "-" "Mozilla/5.0 (Windows NT 10.0; Win64; x64; rv:62.0) Gecko/20100101 Firefox/62.0"
ip-10-0-0-64.ap-southeast-2.compute.internal:80 125.17.6.141 - - [31/Aug/2018:11:06:28 +0000] "GET /completion/value HTTP/1.1" 200 376 "http://localhost:4200/userSettings/myaccount" "Mozilla/5.0 (Windows NT 10.0; Win64; x64; rv:62.0) Gecko/20100101 Firefox/62.0"
ip-10-0-0-64.ap-southeast-2.compute.internal:80 125.17.6.141 - - [31/Aug/2018:11:06:29 +0000] "OPTIONS /property/property HTTP/1.1" 200 410 "-" "Mozilla/5.0 (Windows NT 10.0; Win64; x64; rv:62.0) Gecko/20100101 Firefox/62.0"
ip-10-0-0-64.ap-southeast-2.compute.internal:80 125.17.6.141 - - [31/Aug/2018:11:06:29 +0000] "OPTIONS /signup/status HTTP/1.1" 200 415 "-" "Mozilla/5.0 (Windows NT 10.0; Win64; x64; rv:62.0) Gecko/20100101 Firefox/62.0"
ip-10-0-0-64.ap-southeast-2.compute.internal:80 125.17.6.141 - - [31/Aug/2018:11:06:29 +0000] "GET /signup/status HTTP/1.1" 200 747 "http://localhost:4200/userSettings/property" "Mozilla/5.0 (Windows NT 10.0; Win64; x64; rv:62.0) Gecko/20100101 Firefox/62.0"
ip-10-0-0-64.ap-southeast-2.compute.internal:80 125.17.6.141 - - [31/Aug/2018:11:06:30 +0000] "OPTIONS /completion/value HTTP/1.1" 200 416 "-" "Mozilla/5.0 (Windows NT 10.0; Win64; x64; rv:62.0) Gecko/20100101 Firefox/62.0"
ip-10-0-0-64.ap-southeast-2.compute.internal:80 125.17.6.141 - - [31/Aug/2018:11:06:30 +0000] "POST /completion/value HTTP/1.1" 200 298 "http://localhost:4200/userSettings/property" "Mozilla/5.0 (Windows NT 10.0; Win64; x64; rv:62.0) Gecko/20100101 Firefox/62.0"
ip-10-0-0-64.ap-southeast-2.compute.internal:80 125.17.6.141 - - [31/Aug/2018:11:06:29 +0000] "GET /property/property HTTP/1.1" 200 24241 "http://localhost:4200/userSettings/property" "Mozilla/5.0 (Windows NT 10.0; Win64; x64; rv:62.0) Gecko/20100101 Firefox/62.0"
ip-10-0-0-64.ap-southeast-2.compute.internal:80 125.17.6.141 - - [31/Aug/2018:11:06:30 +0000] "OPTIONS /completion/value HTTP/1.1" 200 416 "-" "Mozilla/5.0 (Windows NT 10.0; Win64; x64; rv:62.0) Gecko/20100101 Firefox/62.0"
ip-10-0-0-64.ap-southeast-2.compute.internal:80 125.17.6.141 - - [31/Aug/2018:11:06:30 +0000] "OPTIONS /financial/institutions HTTP/1.1" 200 410 "-" "Mozilla/5.0 (Windows NT 10.0; Win64; x64; rv:62.0) Gecko/20100101 Firefox/62.0"
ip-10-0-0-64.ap-southeast-2.compute.internal:80 125.17.6.141 - - [31/Aug/2018:11:06:30 +0000] "GET /completion/value HTTP/1.1" 200 376 "http://localhost:4200/userSettings/property" "Mozilla/5.0 (Windows NT 10.0; Win64; x64; rv:62.0) Gecko/20100101 Firefox/62.0"
ip-10-0-0-64.ap-southeast-2.compute.internal:80 125.17.6.141 - - [31/Aug/2018:11:06:31 +0000] "GET /financial/institutions HTTP/1.1" 200 656510 "http://localhost:4200/userSettings/userAccount" "Mozilla/5.0 (Windows NT 10.0; Win64; x64; rv:62.0) Gecko/20100101 Firefox/62.0"
ip-10-0-0-64.ap-southeast-2.compute.internal:80 125.17.6.141 - - [31/Aug/2018:11:06:39 +0000] "OPTIONS /financial/accounts HTTP/1.1" 200 425 "-" "Mozilla/5.0 (Windows NT 10.0; Win64; x64; rv:62.0) Gecko/20100101 Firefox/62.0"
ip-10-0-0-64.ap-southeast-2.compute.internal:80 125.17.6.141 - - [31/Aug/2018:11:06:39 +0000] "POST /financial/accounts HTTP/1.1" 200 347 "http://localhost:4200/userSettings/userAccount" "Mozilla/5.0 (Windows NT 10.0; Win64; x64; rv:62.0) Gecko/20100101 Firefox/62.0"
ip-10-0-0-64.ap-southeast-2.compute.internal:80 125.17.6.141 - - [31/Aug/2018:11:06:40 +0000] "OPTIONS //property/property_linked HTTP/1.1" 200 410 "-" "Mozilla/5.0 (Windows NT 10.0; Win64; x64; rv:62.0) Gecko/20100101 Firefox/62.0"
ip-10-0-0-64.ap-southeast-2.compute.internal:80 125.17.6.141 - - [31/Aug/2018:11:06:40 +0000] "OPTIONS /financial/accounts HTTP/1.1" 200 424 "-" "Mozilla/5.0 (Windows NT 10.0; Win64; x64; rv:62.0) Gecko/20100101 Firefox/62.0"
ip-10-0-0-64.ap-southeast-2.compute.internal:80 125.17.6.141 - - [31/Aug/2018:11:06:40 +0000] "GET /financial/accounts HTTP/1.1" 404 318 "http://localhost:4200/userSettings/myaccount" "Mozilla/5.0 (Windows NT 10.0; Win64; x64; rv:62.0) Gecko/20100101 Firefox/62.0"
ip-10-0-0-64.ap-southeast-2.compute.internal:80 125.17.6.141 - - [31/Aug/2018:11:06:40 +0000] "GET //property/property_linked HTTP/1.1" 404 312 "http://localhost:4200/userSettings/myaccount" "Mozilla/5.0 (Windows NT 10.0; Win64; x64; rv:62.0) Gecko/20100101 Firefox/62.0"
ip-10-0-0-64.ap-southeast-2.compute.internal:80 121.244.36.135 - - [31/Aug/2018:11:06:45 +0000] "OPTIONS /signup/status HTTP/1.1" 200 416 "-" "Mozilla/5.0 (Windows NT 10.0; Win64; x64) AppleWebKit/537.36 (KHTML, like Gecko) Chrome/68.0.3440.106 Safari/537.36"
ip-10-0-0-64.ap-southeast-2.compute.internal:80 203.145.182.245 - - [31/Aug/2018:11:06:45 +0000] "OPTIONS /property/property HTTP/1.1" 200 411 "-" "Mozilla/5.0 (Windows NT 10.0; Win64; x64) AppleWebKit/537.36 (KHTML, like Gecko) Chrome/68.0.3440.106 Safari/537.36"
ip-10-0-0-64.ap-southeast-2.compute.internal:80 121.244.36.135 - - [31/Aug/2018:11:06:45 +0000] "GET /signup/status HTTP/1.1" 200 774 "http://localhost:4200/userSettings/property" "Mozilla/5.0 (Windows NT 10.0; Win64; x64) AppleWebKit/537.36 (KHTML, like Gecko) Chrome/68.0.3440.106 Safari/537.36"
ip-10-0-0-64.ap-southeast-2.compute.internal:80 203.145.182.245 - - [31/Aug/2018:11:06:45 +0000] "GET /property/property HTTP/1.1" 200 24241 "http://localhost:4200/userSettings/property" "Mozilla/5.0 (Windows NT 10.0; Win64; x64) AppleWebKit/537.36 (KHTML, like Gecko) Chrome/68.0.3440.106 Safari/537.36"
ip-10-0-0-64.ap-southeast-2.compute.internal:80 121.244.36.135 - - [31/Aug/2018:11:06:56 +0000] "OPTIONS /lists/get/propertytype HTTP/1.1" 200 411 "-" "Mozilla/5.0 (Windows NT 10.0; Win64; x64) AppleWebKit/537.36 (KHTML, like Gecko) Chrome/68.0.3440.106 Safari/537.36"
ip-10-0-0-64.ap-southeast-2.compute.internal:80 203.145.182.245 - - [31/Aug/2018:11:06:56 +0000] "OPTIONS /property/property_estimate HTTP/1.1" 200 406 "-" "Mozilla/5.0 (Windows NT 10.0; Win64; x64) AppleWebKit/537.36 (KHTML, like Gecko) Chrome/68.0.3440.106 Safari/537.36"
ip-10-0-0-64.ap-southeast-2.compute.internal:80 121.244.36.135 - - [31/Aug/2018:11:06:56 +0000] "GET /lists/get/propertytype HTTP/1.1" 200 425 "http://localhost:4200/userSettings/property" "Mozilla/5.0 (Windows NT 10.0; Win64; x64) AppleWebKit/537.36 (KHTML, like Gecko) Chrome/68.0.3440.106 Safari/537.36"
ip-10-0-0-64.ap-southeast-2.compute.internal:80 203.145.182.245 - - [31/Aug/2018:11:06:56 +0000] "POST /property/property_estimate HTTP/1.1" 201 617 "http://localhost:4200/userSettings/property" "Mozilla/5.0 (Windows NT 10.0; Win64; x64) AppleWebKit/537.36 (KHTML, like Gecko) Chrome/68.0.3440.106 Safari/537.36"
ip-10-0-0-64.ap-southeast-2.compute.internal:80 125.17.6.141 - - [31/Aug/2018:11:07:00 +0000] "OPTIONS /property/property HTTP/1.1" 200 411 "-" "Mozilla/5.0 (Windows NT 10.0; Win64; x64; rv:62.0) Gecko/20100101 Firefox/62.0"
ip-10-0-0-64.ap-southeast-2.compute.internal:80 125.17.6.141 - - [31/Aug/2018:11:07:00 +0000] "OPTIONS /signup/status HTTP/1.1" 200 416 "-" "Mozilla/5.0 (Windows NT 10.0; Win64; x64; rv:62.0) Gecko/20100101 Firefox/62.0"
ip-10-0-0-64.ap-southeast-2.compute.internal:80 125.17.6.141 - - [31/Aug/2018:11:07:00 +0000] "GET /signup/status HTTP/1.1" 200 748 "http://localhost:4200/userSettings/property" "Mozilla/5.0 (Windows NT 10.0; Win64; x64; rv:62.0) Gecko/20100101 Firefox/62.0"
ip-10-0-0-64.ap-southeast-2.compute.internal:80 125.17.6.141 - - [31/Aug/2018:11:07:01 +0000] "OPTIONS /financial/institutions HTTP/1.1" 200 410 "-" "Mozilla/5.0 (Windows NT 10.0; Win64; x64; rv:62.0) Gecko/20100101 Firefox/62.0"
ip-10-0-0-64.ap-southeast-2.compute.internal:80 125.17.6.141 - - [31/Aug/2018:11:07:00 +0000] "GET /property/property HTTP/1.1" 200 24242 "http://localhost:4200/userSettings/property" "Mozilla/5.0 (Windows NT 10.0; Win64; x64; rv:62.0) Gecko/20100101 Firefox/62.0"
ip-10-0-0-64.ap-southeast-2.compute.internal:80 125.17.6.141 - - [31/Aug/2018:11:07:01 +0000] "GET /financial/institutions HTTP/1.1" 200 656510 "http://localhost:4200/userSettings/userAccount" "Mozilla/5.0 (Windows NT 10.0; Win64; x64; rv:62.0) Gecko/20100101 Firefox/62.0"
ip-10-0-0-64.ap-southeast-2.compute.internal:80 85.115.53.202 - - [31/Aug/2018:11:07:06 +0000] "OPTIONS /loyalty/confirm HTTP/1.1" 200 360 "-" "Mozilla/5.0 (Windows NT 10.0; Win64; x64; rv:60.0) Gecko/20100101 Firefox/60.0"
ip-10-0-0-64.ap-southeast-2.compute.internal:80 85.115.53.202 - - [31/Aug/2018:11:07:06 +0000] "OPTIONS /survey/total/points HTTP/1.1" 200 169 "-" "Mozilla/5.0 (Windows NT 10.0; Win64; x64; rv:60.0) Gecko/20100101 Firefox/60.0"
ip-10-0-0-64.ap-southeast-2.compute.internal:80 85.115.53.202 - - [31/Aug/2018:11:07:06 +0000] "OPTIONS /signup/status HTTP/1.1" 200 360 "-" "Mozilla/5.0 (Windows NT 10.0; Win64; x64; rv:60.0) Gecko/20100101 Firefox/60.0"
ip-10-0-0-64.ap-southeast-2.compute.internal:80 85.115.53.202 - - [31/Aug/2018:11:07:07 +0000] "OPTIONS /settings/profile HTTP/1.1" 200 366 "-" "Mozilla/5.0 (Windows NT 10.0; Win64; x64; rv:60.0) Gecko/20100101 Firefox/60.0"
ip-10-0-0-64.ap-southeast-2.compute.internal:80 85.115.53.202 - - [31/Aug/2018:11:07:07 +0000] "GET /signup/status HTTP/1.1" 200 696 "http://13.54.91.199/userSettings/points" "Mozilla/5.0 (Windows NT 10.0; Win64; x64; rv:60.0) Gecko/20100101 Firefox/60.0"
ip-10-0-0-64.ap-southeast-2.compute.internal:80 85.115.53.202 - - [31/Aug/2018:11:07:07 +0000] "GET /loyalty/confirm HTTP/1.1" 200 3979 "http://13.54.91.199/userSettings/points" "Mozilla/5.0 (Windows NT 10.0; Win64; x64; rv:60.0) Gecko/20100101 Firefox/60.0"
ip-10-0-0-64.ap-southeast-2.compute.internal:80 85.115.53.202 - - [31/Aug/2018:11:07:07 +0000] "GET /settings/profile HTTP/1.1" 200 380983 "http://13.54.91.199/userSettings/points" "Mozilla/5.0 (Windows NT 10.0; Win64; x64; rv:60.0) Gecko/20100101 Firefox/60.0"
ip-10-0-0-64.ap-southeast-2.compute.internal:80 121.244.36.135 - - [31/Aug/2018:11:07:29 +0000] "OPTIONS /signup/status HTTP/1.1" 200 416 "-" "Mozilla/5.0 (Windows NT 10.0; Win64; x64) AppleWebKit/537.36 (KHTML, like Gecko) Chrome/68.0.3440.106 Safari/537.36"
ip-10-0-0-64.ap-southeast-2.compute.internal:80 203.145.182.245 - - [31/Aug/2018:11:07:29 +0000] "OPTIONS /property/property HTTP/1.1" 200 411 "-" "Mozilla/5.0 (Windows NT 10.0; Win64; x64) AppleWebKit/537.36 (KHTML, like Gecko) Chrome/68.0.3440.106 Safari/537.36"
ip-10-0-0-64.ap-southeast-2.compute.internal:80 121.244.36.135 - - [31/Aug/2018:11:07:29 +0000] "GET /signup/status HTTP/1.1" 200 822 "http://localhost:4200/userSettings/property" "Mozilla/5.0 (Windows NT 10.0; Win64; x64) AppleWebKit/537.36 (KHTML, like Gecko) Chrome/68.0.3440.106 Safari/537.36"
ip-10-0-0-64.ap-southeast-2.compute.internal:80 203.145.182.245 - - [31/Aug/2018:11:07:29 +0000] "GET /property/property HTTP/1.1" 200 24241 "http://localhost:4200/userSettings/property" "Mozilla/5.0 (Windows NT 10.0; Win64; x64) AppleWebKit/537.36 (KHTML, like Gecko) Chrome/68.0.3440.106 Safari/537.36"
ip-10-0-0-64.ap-southeast-2.compute.internal:80 203.145.182.245 - - [31/Aug/2018:11:07:32 +0000] "OPTIONS /financial/institutions HTTP/1.1" 200 410 "-" "Mozilla/5.0 (Windows NT 10.0; Win64; x64) AppleWebKit/537.36 (KHTML, like Gecko) Chrome/68.0.3440.106 Safari/537.36"
ip-10-0-0-64.ap-southeast-2.compute.internal:80 203.145.182.245 - - [31/Aug/2018:11:07:32 +0000] "GET /financial/institutions HTTP/1.1" 200 656510 "http://localhost:4200/userSettings/userAccount" "Mozilla/5.0 (Windows NT 10.0; Win64; x64) AppleWebKit/537.36 (KHTML, like Gecko) Chrome/68.0.3440.106 Safari/537.36"
ip-10-0-0-64.ap-southeast-2.compute.internal:80 125.17.6.141 - - [31/Aug/2018:11:07:54 +0000] "OPTIONS /financial/accounts HTTP/1.1" 200 425 "-" "Mozilla/5.0 (Windows NT 10.0; Win64; x64; rv:62.0) Gecko/20100101 Firefox/62.0"
ip-10-0-0-64.ap-southeast-2.compute.internal:80 125.17.6.141 - - [31/Aug/2018:11:07:54 +0000] "OPTIONS //property/property_linked HTTP/1.1" 200 411 "-" "Mozilla/5.0 (Windows NT 10.0; Win64; x64; rv:62.0) Gecko/20100101 Firefox/62.0"
ip-10-0-0-64.ap-southeast-2.compute.internal:80 125.17.6.141 - - [31/Aug/2018:11:07:55 +0000] "GET /financial/accounts HTTP/1.1" 404 319 "http://localhost:4200/userSettings/myaccount" "Mozilla/5.0 (Windows NT 10.0; Win64; x64; rv:62.0) Gecko/20100101 Firefox/62.0"
ip-10-0-0-64.ap-southeast-2.compute.internal:80 121.244.36.135 - - [31/Aug/2018:11:07:55 +0000] "OPTIONS /signup/status HTTP/1.1" 200 416 "-" "Mozilla/5.0 (Windows NT 10.0; Win64; x64) AppleWebKit/537.36 (KHTML, like Gecko) Chrome/68.0.3440.106 Safari/537.36"
ip-10-0-0-64.ap-southeast-2.compute.internal:80 203.145.182.245 - - [31/Aug/2018:11:07:55 +0000] "OPTIONS /property/property HTTP/1.1" 200 411 "-" "Mozilla/5.0 (Windows NT 10.0; Win64; x64) AppleWebKit/537.36 (KHTML, like Gecko) Chrome/68.0.3440.106 Safari/537.36"
ip-10-0-0-64.ap-southeast-2.compute.internal:80 125.17.6.141 - - [31/Aug/2018:11:07:55 +0000] "GET //property/property_linked HTTP/1.1" 404 313 "http://localhost:4200/userSettings/myaccount" "Mozilla/5.0 (Windows NT 10.0; Win64; x64; rv:62.0) Gecko/20100101 Firefox/62.0"
ip-10-0-0-64.ap-southeast-2.compute.internal:80 121.244.36.135 - - [31/Aug/2018:11:07:55 +0000] "GET /signup/status HTTP/1.1" 200 774 "http://localhost:4200/userSettings/property" "Mozilla/5.0 (Windows NT 10.0; Win64; x64) AppleWebKit/537.36 (KHTML, like Gecko) Chrome/68.0.3440.106 Safari/537.36"
ip-10-0-0-64.ap-southeast-2.compute.internal:80 203.145.182.245 - - [31/Aug/2018:11:07:55 +0000] "GET /property/property HTTP/1.1" 200 24241 "http://localhost:4200/userSettings/property" "Mozilla/5.0 (Windows NT 10.0; Win64; x64) AppleWebKit/537.36 (KHTML, like Gecko) Chrome/68.0.3440.106 Safari/537.36"
ip-10-0-0-64.ap-southeast-2.compute.internal:80 125.17.6.141 - - [31/Aug/2018:11:07:56 +0000] "OPTIONS /signup/status HTTP/1.1" 200 415 "-" "Mozilla/5.0 (Windows NT 10.0; Win64; x64; rv:62.0) Gecko/20100101 Firefox/62.0"
ip-10-0-0-64.ap-southeast-2.compute.internal:80 125.17.6.141 - - [31/Aug/2018:11:07:56 +0000] "OPTIONS /property/property HTTP/1.1" 200 410 "-" "Mozilla/5.0 (Windows NT 10.0; Win64; x64; rv:62.0) Gecko/20100101 Firefox/62.0"
ip-10-0-0-64.ap-southeast-2.compute.internal:80 125.17.6.141 - - [31/Aug/2018:11:07:56 +0000] "GET /signup/status HTTP/1.1" 200 747 "http://localhost:4200/userSettings/property" "Mozilla/5.0 (Windows NT 10.0; Win64; x64; rv:62.0) Gecko/20100101 Firefox/62.0"
ip-10-0-0-64.ap-southeast-2.compute.internal:80 125.17.6.141 - - [31/Aug/2018:11:07:56 +0000] "GET /property/property HTTP/1.1" 200 24241 "http://localhost:4200/userSettings/property" "Mozilla/5.0 (Windows NT 10.0; Win64; x64; rv:62.0) Gecko/20100101 Firefox/62.0"
ip-10-0-0-64.ap-southeast-2.compute.internal:80 125.17.6.141 - - [31/Aug/2018:11:07:58 +0000] "OPTIONS /financial/institutions HTTP/1.1" 200 410 "-" "Mozilla/5.0 (Windows NT 10.0; Win64; x64; rv:62.0) Gecko/20100101 Firefox/62.0"
ip-10-0-0-64.ap-southeast-2.compute.internal:80 121.244.36.135 - - [31/Aug/2018:11:07:59 +0000] "OPTIONS /property/property_estimate HTTP/1.1" 200 405 "-" "Mozilla/5.0 (Windows NT 10.0; Win64; x64) AppleWebKit/537.36 (KHTML, like Gecko) Chrome/68.0.3440.106 Safari/537.36"
ip-10-0-0-64.ap-southeast-2.compute.internal:80 203.145.182.245 - - [31/Aug/2018:11:07:59 +0000] "OPTIONS /lists/get/propertytype HTTP/1.1" 200 410 "-" "Mozilla/5.0 (Windows NT 10.0; Win64; x64) AppleWebKit/537.36 (KHTML, like Gecko) Chrome/68.0.3440.106 Safari/537.36"
ip-10-0-0-64.ap-southeast-2.compute.internal:80 125.17.6.141 - - [31/Aug/2018:11:07:58 +0000] "GET /financial/institutions HTTP/1.1" 200 656510 "http://localhost:4200/userSettings/userAccount" "Mozilla/5.0 (Windows NT 10.0; Win64; x64; rv:62.0) Gecko/20100101 Firefox/62.0"
ip-10-0-0-64.ap-southeast-2.compute.internal:80 203.145.182.245 - - [31/Aug/2018:11:07:59 +0000] "GET /lists/get/propertytype HTTP/1.1" 200 425 "http://localhost:4200/userSettings/property" "Mozilla/5.0 (Windows NT 10.0; Win64; x64) AppleWebKit/537.36 (KHTML, like Gecko) Chrome/68.0.3440.106 Safari/537.36"
ip-10-0-0-64.ap-southeast-2.compute.internal:80 121.244.36.135 - - [31/Aug/2018:11:07:59 +0000] "POST /property/property_estimate HTTP/1.1" 201 650 "http://localhost:4200/userSettings/property" "Mozilla/5.0 (Windows NT 10.0; Win64; x64) AppleWebKit/537.36 (KHTML, like Gecko) Chrome/68.0.3440.106 Safari/537.36"
ip-10-0-0-64.ap-southeast-2.compute.internal:80 125.17.6.141 - - [31/Aug/2018:11:08:25 +0000] "OPTIONS /financial/accounts HTTP/1.1" 200 425 "-" "Mozilla/5.0 (Windows NT 10.0; Win64; x64; rv:62.0) Gecko/20100101 Firefox/62.0"
ip-10-0-0-64.ap-southeast-2.compute.internal:80 125.17.6.141 - - [31/Aug/2018:11:08:25 +0000] "POST /financial/accounts HTTP/1.1" 200 325 "http://localhost:4200/userSettings/userAccount" "Mozilla/5.0 (Windows NT 10.0; Win64; x64; rv:62.0) Gecko/20100101 Firefox/62.0"
ip-10-0-0-64.ap-southeast-2.compute.internal:80 125.17.6.141 - - [31/Aug/2018:11:08:28 +0000] "OPTIONS //property/property_linked HTTP/1.1" 200 410 "-" "Mozilla/5.0 (Windows NT 10.0; Win64; x64; rv:62.0) Gecko/20100101 Firefox/62.0"
ip-10-0-0-64.ap-southeast-2.compute.internal:80 125.17.6.141 - - [31/Aug/2018:11:08:28 +0000] "OPTIONS /financial/accounts HTTP/1.1" 200 424 "-" "Mozilla/5.0 (Windows NT 10.0; Win64; x64; rv:62.0) Gecko/20100101 Firefox/62.0"
ip-10-0-0-64.ap-southeast-2.compute.internal:80 125.17.6.141 - - [31/Aug/2018:11:08:29 +0000] "GET /financial/accounts HTTP/1.1" 200 25325 "http://localhost:4200/userSettings/myaccount" "Mozilla/5.0 (Windows NT 10.0; Win64; x64; rv:62.0) Gecko/20100101 Firefox/62.0"
ip-10-0-0-64.ap-southeast-2.compute.internal:80 125.17.6.141 - - [31/Aug/2018:11:08:29 +0000] "GET //property/property_linked HTTP/1.1" 404 312 "http://localhost:4200/userSettings/myaccount" "Mozilla/5.0 (Windows NT 10.0; Win64; x64; rv:62.0) Gecko/20100101 Firefox/62.0"
ip-10-0-0-64.ap-southeast-2.compute.internal:80 121.244.36.135 - - [31/Aug/2018:11:08:32 +0000] "OPTIONS /signup/status HTTP/1.1" 200 416 "-" "Mozilla/5.0 (Windows NT 10.0; Win64; x64) AppleWebKit/537.36 (KHTML, like Gecko) Chrome/68.0.3440.106 Safari/537.36"
ip-10-0-0-64.ap-southeast-2.compute.internal:80 203.145.182.245 - - [31/Aug/2018:11:08:32 +0000] "OPTIONS /property/property HTTP/1.1" 200 411 "-" "Mozilla/5.0 (Windows NT 10.0; Win64; x64) AppleWebKit/537.36 (KHTML, like Gecko) Chrome/68.0.3440.106 Safari/537.36"
ip-10-0-0-64.ap-southeast-2.compute.internal:80 121.244.36.135 - - [31/Aug/2018:11:08:32 +0000] "GET /signup/status HTTP/1.1" 200 774 "http://localhost:4200/userSettings/property" "Mozilla/5.0 (Windows NT 10.0; Win64; x64) AppleWebKit/537.36 (KHTML, like Gecko) Chrome/68.0.3440.106 Safari/537.36"
ip-10-0-0-64.ap-southeast-2.compute.internal:80 203.145.182.245 - - [31/Aug/2018:11:08:32 +0000] "GET /property/property HTTP/1.1" 200 24241 "http://localhost:4200/userSettings/property" "Mozilla/5.0 (Windows NT 10.0; Win64; x64) AppleWebKit/537.36 (KHTML, like Gecko) Chrome/68.0.3440.106 Safari/537.36"
ip-10-0-0-64.ap-southeast-2.compute.internal:80 125.17.6.141 - - [31/Aug/2018:11:08:33 +0000] "OPTIONS /signup/status HTTP/1.1" 200 415 "-" "Mozilla/5.0 (Windows NT 10.0; Win64; x64; rv:62.0) Gecko/20100101 Firefox/62.0"
ip-10-0-0-64.ap-southeast-2.compute.internal:80 125.17.6.141 - - [31/Aug/2018:11:08:33 +0000] "OPTIONS /property/property HTTP/1.1" 200 410 "-" "Mozilla/5.0 (Windows NT 10.0; Win64; x64; rv:62.0) Gecko/20100101 Firefox/62.0"
ip-10-0-0-64.ap-southeast-2.compute.internal:80 125.17.6.141 - - [31/Aug/2018:11:08:33 +0000] "GET /signup/status HTTP/1.1" 200 747 "http://localhost:4200/userSettings/property" "Mozilla/5.0 (Windows NT 10.0; Win64; x64; rv:62.0) Gecko/20100101 Firefox/62.0"
ip-10-0-0-64.ap-southeast-2.compute.internal:80 125.17.6.141 - - [31/Aug/2018:11:08:33 +0000] "GET /property/property HTTP/1.1" 200 24241 "http://localhost:4200/userSettings/property" "Mozilla/5.0 (Windows NT 10.0; Win64; x64; rv:62.0) Gecko/20100101 Firefox/62.0"
ip-10-0-0-64.ap-southeast-2.compute.internal:80 125.17.6.141 - - [31/Aug/2018:11:08:40 +0000] "OPTIONS /lists/get/propertytype HTTP/1.1" 200 411 "-" "Mozilla/5.0 (Windows NT 10.0; Win64; x64; rv:62.0) Gecko/20100101 Firefox/62.0"
ip-10-0-0-64.ap-southeast-2.compute.internal:80 125.17.6.141 - - [31/Aug/2018:11:08:40 +0000] "OPTIONS /property/property_estimate HTTP/1.1" 200 406 "-" "Mozilla/5.0 (Windows NT 10.0; Win64; x64; rv:62.0) Gecko/20100101 Firefox/62.0"
ip-10-0-0-64.ap-southeast-2.compute.internal:80 125.17.6.141 - - [31/Aug/2018:11:08:40 +0000] "GET /lists/get/propertytype HTTP/1.1" 200 426 "http://localhost:4200/userSettings/property" "Mozilla/5.0 (Windows NT 10.0; Win64; x64; rv:62.0) Gecko/20100101 Firefox/62.0"
ip-10-0-0-64.ap-southeast-2.compute.internal:80 121.244.36.135 - - [31/Aug/2018:11:08:43 +0000] "OPTIONS /lists/get/propertytype HTTP/1.1" 200 411 "-" "Mozilla/5.0 (Windows NT 10.0; Win64; x64) AppleWebKit/537.36 (KHTML, like Gecko) Chrome/68.0.3440.106 Safari/537.36"
ip-10-0-0-64.ap-southeast-2.compute.internal:80 203.145.182.245 - - [31/Aug/2018:11:08:43 +0000] "OPTIONS /property/property_estimate HTTP/1.1" 200 406 "-" "Mozilla/5.0 (Windows NT 10.0; Win64; x64) AppleWebKit/537.36 (KHTML, like Gecko) Chrome/68.0.3440.106 Safari/537.36"
ip-10-0-0-64.ap-southeast-2.compute.internal:80 121.244.36.135 - - [31/Aug/2018:11:08:43 +0000] "GET /lists/get/propertytype HTTP/1.1" 200 425 "http://localhost:4200/userSettings/property" "Mozilla/5.0 (Windows NT 10.0; Win64; x64) AppleWebKit/537.36 (KHTML, like Gecko) Chrome/68.0.3440.106 Safari/537.36"
ip-10-0-0-64.ap-southeast-2.compute.internal:80 203.145.182.245 - - [31/Aug/2018:11:08:43 +0000] "POST /property/property_estimate HTTP/1.1" 201 622 "http://localhost:4200/userSettings/property" "Mozilla/5.0 (Windows NT 10.0; Win64; x64) AppleWebKit/537.36 (KHTML, like Gecko) Chrome/68.0.3440.106 Safari/537.36"
ip-10-0-0-64.ap-southeast-2.compute.internal:80 125.17.6.141 - - [31/Aug/2018:11:08:40 +0000] "POST /property/property_estimate HTTP/1.1" 201 651 "http://localhost:4200/userSettings/property" "Mozilla/5.0 (Windows NT 10.0; Win64; x64; rv:62.0) Gecko/20100101 Firefox/62.0"
ip-10-0-0-64.ap-southeast-2.compute.internal:80 125.17.6.141 - - [31/Aug/2018:11:08:51 +0000] "OPTIONS /property/create_property HTTP/1.1" 200 405 "-" "Mozilla/5.0 (Windows NT 10.0; Win64; x64; rv:62.0) Gecko/20100101 Firefox/62.0"
ip-10-0-0-64.ap-southeast-2.compute.internal:80 125.17.6.141 - - [31/Aug/2018:11:08:51 +0000] "POST /property/create_property HTTP/1.1" 201 309 "http://localhost:4200/userSettings/property" "Mozilla/5.0 (Windows NT 10.0; Win64; x64; rv:62.0) Gecko/20100101 Firefox/62.0"
ip-10-0-0-64.ap-southeast-2.compute.internal:80 125.17.6.141 - - [31/Aug/2018:11:08:52 +0000] "OPTIONS //property/property_linked HTTP/1.1" 200 410 "-" "Mozilla/5.0 (Windows NT 10.0; Win64; x64; rv:62.0) Gecko/20100101 Firefox/62.0"
ip-10-0-0-64.ap-southeast-2.compute.internal:80 125.17.6.141 - - [31/Aug/2018:11:08:52 +0000] "OPTIONS /financial/accounts HTTP/1.1" 200 425 "-" "Mozilla/5.0 (Windows NT 10.0; Win64; x64; rv:62.0) Gecko/20100101 Firefox/62.0"
ip-10-0-0-64.ap-southeast-2.compute.internal:80 125.17.6.141 - - [31/Aug/2018:11:08:52 +0000] "GET /financial/accounts HTTP/1.1" 200 25325 "http://localhost:4200/userSettings/myaccount" "Mozilla/5.0 (Windows NT 10.0; Win64; x64; rv:62.0) Gecko/20100101 Firefox/62.0"
ip-10-0-0-64.ap-southeast-2.compute.internal:80 125.17.6.141 - - [31/Aug/2018:11:08:52 +0000] "GET //property/property_linked HTTP/1.1" 200 726 "http://localhost:4200/userSettings/myaccount" "Mozilla/5.0 (Windows NT 10.0; Win64; x64; rv:62.0) Gecko/20100101 Firefox/62.0"
ip-10-0-0-64.ap-southeast-2.compute.internal:80 125.17.6.141 - - [31/Aug/2018:11:09:53 +0000] "OPTIONS //lists/get/transactioncategory HTTP/1.1" 200 411 "-" "Mozilla/5.0 (Windows NT 10.0; Win64; x64; rv:62.0) Gecko/20100101 Firefox/62.0"
ip-10-0-0-64.ap-southeast-2.compute.internal:80 125.17.6.141 - - [31/Aug/2018:11:09:53 +0000] "OPTIONS //transaction/transactions?from=&to=&account=&category=&transaction_type= HTTP/1.1" 200 416 "-" "Mozilla/5.0 (Windows NT 10.0; Win64; x64; rv:62.0) Gecko/20100101 Firefox/62.0"
ip-10-0-0-64.ap-southeast-2.compute.internal:80 125.17.6.141 - - [31/Aug/2018:11:09:53 +0000] "OPTIONS //lists/get/accounttype HTTP/1.1" 200 411 "-" "Mozilla/5.0 (Windows NT 10.0; Win64; x64; rv:62.0) Gecko/20100101 Firefox/62.0"
ip-10-0-0-64.ap-southeast-2.compute.internal:80 125.17.6.141 - - [31/Aug/2018:11:09:53 +0000] "OPTIONS //lists/get/transactiontype HTTP/1.1" 200 411 "-" "Mozilla/5.0 (Windows NT 10.0; Win64; x64; rv:62.0) Gecko/20100101 Firefox/62.0"
ip-10-0-0-64.ap-southeast-2.compute.internal:80 125.17.6.141 - - [31/Aug/2018:11:09:53 +0000] "GET //lists/get/transactioncategory HTTP/1.1" 200 2842 "http://localhost:4200/userSettings/myaccount" "Mozilla/5.0 (Windows NT 10.0; Win64; x64; rv:62.0) Gecko/20100101 Firefox/62.0"
ip-10-0-0-64.ap-southeast-2.compute.internal:80 125.17.6.141 - - [31/Aug/2018:11:09:53 +0000] "GET //lists/get/transactiontype HTTP/1.1" 200 396 "http://localhost:4200/userSettings/myaccount" "Mozilla/5.0 (Windows NT 10.0; Win64; x64; rv:62.0) Gecko/20100101 Firefox/62.0"
ip-10-0-0-64.ap-southeast-2.compute.internal:80 125.17.6.141 - - [31/Aug/2018:11:09:53 +0000] "GET //lists/get/accounttype HTTP/1.1" 200 652 "http://localhost:4200/userSettings/myaccount" "Mozilla/5.0 (Windows NT 10.0; Win64; x64; rv:62.0) Gecko/20100101 Firefox/62.0"
ip-10-0-0-64.ap-southeast-2.compute.internal:80 125.17.6.141 - - [31/Aug/2018:11:09:53 +0000] "GET //transaction/transactions?from=&to=&account=&category=&transaction_type= HTTP/1.1" 400 286 "http://localhost:4200/userSettings/myaccount" "Mozilla/5.0 (Windows NT 10.0; Win64; x64; rv:62.0) Gecko/20100101 Firefox/62.0"
ip-10-0-0-64.ap-southeast-2.compute.internal:80 125.17.6.141 - - [31/Aug/2018:11:10:08 +0000] "OPTIONS /signup/logout HTTP/1.1" 200 406 "-" "Mozilla/5.0 (Windows NT 10.0; Win64; x64; rv:62.0) Gecko/20100101 Firefox/62.0"
ip-10-0-0-64.ap-southeast-2.compute.internal:80 125.17.6.141 - - [31/Aug/2018:11:10:08 +0000] "POST /signup/logout HTTP/1.1" 200 300 "http://localhost:4200/userSettings/myaccount" "Mozilla/5.0 (Windows NT 10.0; Win64; x64; rv:62.0) Gecko/20100101 Firefox/62.0"
ip-10-0-0-64.ap-southeast-2.compute.internal:80 125.17.6.141 - - [31/Aug/2018:11:10:11 +0000] "OPTIONS /signup/login HTTP/1.1" 200 405 "-" "Mozilla/5.0 (Windows NT 10.0; Win64; x64; rv:62.0) Gecko/20100101 Firefox/62.0"
ip-10-0-0-64.ap-southeast-2.compute.internal:80 125.17.6.141 - - [31/Aug/2018:11:10:11 +0000] "POST /signup/login HTTP/1.1" 404 305 "http://localhost:4200/signIn" "Mozilla/5.0 (Windows NT 10.0; Win64; x64; rv:62.0) Gecko/20100101 Firefox/62.0"
ip-10-0-0-64.ap-southeast-2.compute.internal:80 125.17.6.141 - - [31/Aug/2018:11:10:17 +0000] "OPTIONS /signup/login HTTP/1.1" 200 406 "-" "Mozilla/5.0 (Windows NT 10.0; Win64; x64; rv:62.0) Gecko/20100101 Firefox/62.0"
ip-10-0-0-64.ap-southeast-2.compute.internal:80 125.17.6.141 - - [31/Aug/2018:11:10:18 +0000] "POST /signup/login HTTP/1.1" 200 1051 "http://localhost:4200/signIn" "Mozilla/5.0 (Windows NT 10.0; Win64; x64; rv:62.0) Gecko/20100101 Firefox/62.0"
ip-10-0-0-64.ap-southeast-2.compute.internal:80 125.17.6.141 - - [31/Aug/2018:11:10:18 +0000] "OPTIONS /loyalty/confirm HTTP/1.1" 200 415 "-" "Mozilla/5.0 (Windows NT 10.0; Win64; x64; rv:62.0) Gecko/20100101 Firefox/62.0"
ip-10-0-0-64.ap-southeast-2.compute.internal:80 125.17.6.141 - - [31/Aug/2018:11:10:18 +0000] "OPTIONS /property/property_linked HTTP/1.1" 200 410 "-" "Mozilla/5.0 (Windows NT 10.0; Win64; x64; rv:62.0) Gecko/20100101 Firefox/62.0"
ip-10-0-0-64.ap-southeast-2.compute.internal:80 125.17.6.141 - - [31/Aug/2018:11:10:18 +0000] "OPTIONS /user_details/user_details HTTP/1.1" 200 421 "-" "Mozilla/5.0 (Windows NT 10.0; Win64; x64; rv:62.0) Gecko/20100101 Firefox/62.0"
ip-10-0-0-64.ap-southeast-2.compute.internal:80 125.17.6.141 - - [31/Aug/2018:11:10:18 +0000] "OPTIONS /financial/accounts HTTP/1.1" 200 425 "-" "Mozilla/5.0 (Windows NT 10.0; Win64; x64; rv:62.0) Gecko/20100101 Firefox/62.0"
ip-10-0-0-64.ap-southeast-2.compute.internal:80 125.17.6.141 - - [31/Aug/2018:11:10:18 +0000] "OPTIONS /loyalty/confirm HTTP/1.1" 200 416 "-" "Mozilla/5.0 (Windows NT 10.0; Win64; x64; rv:62.0) Gecko/20100101 Firefox/62.0"
ip-10-0-0-64.ap-southeast-2.compute.internal:80 125.17.6.141 - - [31/Aug/2018:11:10:18 +0000] "GET /loyalty/confirm HTTP/1.1" 200 2217 "http://localhost:4200/dashboard/home" "Mozilla/5.0 (Windows NT 10.0; Win64; x64; rv:62.0) Gecko/20100101 Firefox/62.0"
ip-10-0-0-64.ap-southeast-2.compute.internal:80 125.17.6.141 - - [31/Aug/2018:11:10:18 +0000] "OPTIONS /settings/profile HTTP/1.1" 200 422 "-" "Mozilla/5.0 (Windows NT 10.0; Win64; x64; rv:62.0) Gecko/20100101 Firefox/62.0"
ip-10-0-0-64.ap-southeast-2.compute.internal:80 125.17.6.141 - - [31/Aug/2018:11:10:18 +0000] "OPTIONS /property/property_linked HTTP/1.1" 200 410 "-" "Mozilla/5.0 (Windows NT 10.0; Win64; x64; rv:62.0) Gecko/20100101 Firefox/62.0"
ip-10-0-0-64.ap-southeast-2.compute.internal:80 125.17.6.141 - - [31/Aug/2018:11:10:19 +0000] "GET /user_details/user_details HTTP/1.1" 202 309 "http://localhost:4200/dashboard/home" "Mozilla/5.0 (Windows NT 10.0; Win64; x64; rv:62.0) Gecko/20100101 Firefox/62.0"
ip-10-0-0-64.ap-southeast-2.compute.internal:80 125.17.6.141 - - [31/Aug/2018:11:10:19 +0000] "OPTIONS /user_details/user_details HTTP/1.1" 200 421 "-" "Mozilla/5.0 (Windows NT 10.0; Win64; x64; rv:62.0) Gecko/20100101 Firefox/62.0"
ip-10-0-0-64.ap-southeast-2.compute.internal:80 125.17.6.141 - - [31/Aug/2018:11:10:19 +0000] "GET /financial/accounts HTTP/1.1" 404 318 "http://localhost:4200/dashboard/home" "Mozilla/5.0 (Windows NT 10.0; Win64; x64; rv:62.0) Gecko/20100101 Firefox/62.0"
ip-10-0-0-64.ap-southeast-2.compute.internal:80 125.17.6.141 - - [31/Aug/2018:11:10:19 +0000] "GET /loyalty/confirm HTTP/1.1" 200 2216 "http://localhost:4200/dashboard/home" "Mozilla/5.0 (Windows NT 10.0; Win64; x64; rv:62.0) Gecko/20100101 Firefox/62.0"
ip-10-0-0-64.ap-southeast-2.compute.internal:80 125.17.6.141 - - [31/Aug/2018:11:10:19 +0000] "OPTIONS /financial/accounts HTTP/1.1" 200 424 "-" "Mozilla/5.0 (Windows NT 10.0; Win64; x64; rv:62.0) Gecko/20100101 Firefox/62.0"
ip-10-0-0-64.ap-southeast-2.compute.internal:80 125.17.6.141 - - [31/Aug/2018:11:10:19 +0000] "GET /settings/profile HTTP/1.1" 200 2846 "http://localhost:4200/dashboard/home" "Mozilla/5.0 (Windows NT 10.0; Win64; x64; rv:62.0) Gecko/20100101 Firefox/62.0"
ip-10-0-0-64.ap-southeast-2.compute.internal:80 125.17.6.141 - - [31/Aug/2018:11:10:19 +0000] "GET /user_details/user_details HTTP/1.1" 202 309 "http://localhost:4200/dashboard/home" "Mozilla/5.0 (Windows NT 10.0; Win64; x64; rv:62.0) Gecko/20100101 Firefox/62.0"
ip-10-0-0-64.ap-southeast-2.compute.internal:80 125.17.6.141 - - [31/Aug/2018:11:10:19 +0000] "OPTIONS /loyalty/confirm HTTP/1.1" 200 415 "-" "Mozilla/5.0 (Windows NT 10.0; Win64; x64; rv:62.0) Gecko/20100101 Firefox/62.0"
ip-10-0-0-64.ap-southeast-2.compute.internal:80 125.17.6.141 - - [31/Aug/2018:11:10:19 +0000] "OPTIONS /property/property_linked HTTP/1.1" 200 410 "-" "Mozilla/5.0 (Windows NT 10.0; Win64; x64; rv:62.0) Gecko/20100101 Firefox/62.0"
ip-10-0-0-64.ap-southeast-2.compute.internal:80 125.17.6.141 - - [31/Aug/2018:11:10:19 +0000] "GET /property/property_linked HTTP/1.1" 200 1170 "http://localhost:4200/dashboard/home" "Mozilla/5.0 (Windows NT 10.0; Win64; x64; rv:62.0) Gecko/20100101 Firefox/62.0"
ip-10-0-0-64.ap-southeast-2.compute.internal:80 125.17.6.141 - - [31/Aug/2018:11:10:19 +0000] "GET /financial/accounts HTTP/1.1" 404 318 "http://localhost:4200/dashboard/home" "Mozilla/5.0 (Windows NT 10.0; Win64; x64; rv:62.0) Gecko/20100101 Firefox/62.0"
ip-10-0-0-64.ap-southeast-2.compute.internal:80 125.17.6.141 - - [31/Aug/2018:11:10:19 +0000] "OPTIONS /user_details/user_details HTTP/1.1" 200 421 "-" "Mozilla/5.0 (Windows NT 10.0; Win64; x64; rv:62.0) Gecko/20100101 Firefox/62.0"
ip-10-0-0-64.ap-southeast-2.compute.internal:80 125.17.6.141 - - [31/Aug/2018:11:10:19 +0000] "OPTIONS /financial/accounts HTTP/1.1" 200 424 "-" "Mozilla/5.0 (Windows NT 10.0; Win64; x64; rv:62.0) Gecko/20100101 Firefox/62.0"
ip-10-0-0-64.ap-southeast-2.compute.internal:80 125.17.6.141 - - [31/Aug/2018:11:10:19 +0000] "GET /loyalty/confirm HTTP/1.1" 200 2216 "http://localhost:4200/dashboard/home" "Mozilla/5.0 (Windows NT 10.0; Win64; x64; rv:62.0) Gecko/20100101 Firefox/62.0"
ip-10-0-0-64.ap-southeast-2.compute.internal:80 125.17.6.141 - - [31/Aug/2018:11:10:19 +0000] "GET /user_details/user_details HTTP/1.1" 202 309 "http://localhost:4200/dashboard/home" "Mozilla/5.0 (Windows NT 10.0; Win64; x64; rv:62.0) Gecko/20100101 Firefox/62.0"
ip-10-0-0-64.ap-southeast-2.compute.internal:80 125.17.6.141 - - [31/Aug/2018:11:10:19 +0000] "GET /property/property_linked HTTP/1.1" 200 1170 "http://localhost:4200/dashboard/home" "Mozilla/5.0 (Windows NT 10.0; Win64; x64; rv:62.0) Gecko/20100101 Firefox/62.0"
ip-10-0-0-64.ap-southeast-2.compute.internal:80 125.17.6.141 - - [31/Aug/2018:11:10:19 +0000] "GET /financial/accounts HTTP/1.1" 404 318 "http://localhost:4200/dashboard/home" "Mozilla/5.0 (Windows NT 10.0; Win64; x64; rv:62.0) Gecko/20100101 Firefox/62.0"
ip-10-0-0-64.ap-southeast-2.compute.internal:80 125.17.6.141 - - [31/Aug/2018:11:10:19 +0000] "GET /property/property_linked HTTP/1.1" 200 1170 "http://localhost:4200/dashboard/home" "Mozilla/5.0 (Windows NT 10.0; Win64; x64; rv:62.0) Gecko/20100101 Firefox/62.0"
ip-10-0-0-64.ap-southeast-2.compute.internal:80 125.17.6.141 - - [31/Aug/2018:11:10:21 +0000] "OPTIONS /loyalty/confirm HTTP/1.1" 200 415 "-" "Mozilla/5.0 (Windows NT 10.0; Win64; x64; rv:62.0) Gecko/20100101 Firefox/62.0"
