ip-10-0-0-64.ap-southeast-2.compute.internal:80 125.17.6.141 - - [29/Aug/2018:07:28:10 +0000] "GET //misc/get/transactioncategory HTTP/1.1" 200 2841 "http://localhost:4200/userSettings/myaccount" "Mozilla/5.0 (Windows NT 10.0; Win64; x64; rv:62.0) Gecko/20100101 Firefox/62.0"
ip-10-0-0-64.ap-southeast-2.compute.internal:80 125.17.6.141 - - [29/Aug/2018:07:28:10 +0000] "GET //misc/get/transactiontype HTTP/1.1" 200 397 "http://localhost:4200/userSettings/myaccount" "Mozilla/5.0 (Windows NT 10.0; Win64; x64; rv:62.0) Gecko/20100101 Firefox/62.0"
ip-10-0-0-64.ap-southeast-2.compute.internal:80 125.17.6.141 - - [29/Aug/2018:07:28:10 +0000] "GET //misc/get/accounttype HTTP/1.1" 200 652 "http://localhost:4200/userSettings/myaccount" "Mozilla/5.0 (Windows NT 10.0; Win64; x64; rv:62.0) Gecko/20100101 Firefox/62.0"
ip-10-0-0-64.ap-southeast-2.compute.internal:80 125.17.6.141 - - [29/Aug/2018:07:28:10 +0000] "GET //transaction/transactions?from=&to=&account=&category=&transaction_type= HTTP/1.1" 200 1859 "http://localhost:4200/userSettings/myaccount" "Mozilla/5.0 (Windows NT 10.0; Win64; x64; rv:62.0) Gecko/20100101 Firefox/62.0"
ip-10-0-0-64.ap-southeast-2.compute.internal:80 125.17.6.141 - - [29/Aug/2018:07:28:10 +0000] "OPTIONS //transaction/category HTTP/1.1" 200 410 "-" "Mozilla/5.0 (Windows NT 10.0; Win64; x64; rv:62.0) Gecko/20100101 Firefox/62.0"
ip-10-0-0-64.ap-southeast-2.compute.internal:80 159.203.196.79 - - [29/Aug/2018:07:28:10 +0000] "GET /misc/get/transactioncategory HTTP/1.1" 200 2791 "http://localhost:4200/userSettings/myaccount" "Mozilla/5.0 (Windows NT 6.1; WOW64; rv:33.0) Gecko/20100101 Firefox/33.0"
ip-10-0-0-64.ap-southeast-2.compute.internal:80 125.17.6.141 - - [29/Aug/2018:07:28:11 +0000] "GET //transaction/category HTTP/1.1" 200 17187 "http://localhost:4200/userSettings/myaccount" "Mozilla/5.0 (Windows NT 10.0; Win64; x64; rv:62.0) Gecko/20100101 Firefox/62.0"
ip-10-0-0-64.ap-southeast-2.compute.internal:80 121.244.36.135 - - [29/Aug/2018:07:28:31 +0000] "OPTIONS /signup/status HTTP/1.1" 200 416 "-" "Mozilla/5.0 (X11; Linux x86_64) AppleWebKit/537.36 (KHTML, like Gecko) Ubuntu Chromium/68.0.3440.106 Chrome/68.0.3440.106 Safari/537.36"
ip-10-0-0-64.ap-southeast-2.compute.internal:80 203.145.182.245 - - [29/Aug/2018:07:28:31 +0000] "OPTIONS /settings/profile HTTP/1.1" 200 422 "-" "Mozilla/5.0 (X11; Linux x86_64) AppleWebKit/537.36 (KHTML, like Gecko) Ubuntu Chromium/68.0.3440.106 Chrome/68.0.3440.106 Safari/537.36"
ip-10-0-0-64.ap-southeast-2.compute.internal:80 121.244.36.135 - - [29/Aug/2018:07:28:31 +0000] "GET /signup/status HTTP/1.1" 401 317 "http://localhost:4200/dashboard/home" "Mozilla/5.0 (X11; Linux x86_64) AppleWebKit/537.36 (KHTML, like Gecko) Ubuntu Chromium/68.0.3440.106 Chrome/68.0.3440.106 Safari/537.36"
ip-10-0-0-64.ap-southeast-2.compute.internal:80 203.145.182.245 - - [29/Aug/2018:07:28:31 +0000] "GET /settings/profile HTTP/1.1" 401 295 "http://localhost:4200/dashboard/home" "Mozilla/5.0 (X11; Linux x86_64) AppleWebKit/537.36 (KHTML, like Gecko) Ubuntu Chromium/68.0.3440.106 Chrome/68.0.3440.106 Safari/537.36"
ip-10-0-0-64.ap-southeast-2.compute.internal:80 115.114.47.118 - - [29/Aug/2018:07:28:37 +0000] "OPTIONS /signup/status HTTP/1.1" 200 416 "-" "Mozilla/5.0 (Windows NT 6.1) AppleWebKit/537.36 (KHTML, like Gecko) Chrome/68.0.3440.106 Safari/537.36"
ip-10-0-0-64.ap-southeast-2.compute.internal:80 115.114.47.118 - - [29/Aug/2018:07:28:37 +0000] "OPTIONS /settings/profile HTTP/1.1" 200 422 "-" "Mozilla/5.0 (Windows NT 6.1) AppleWebKit/537.36 (KHTML, like Gecko) Chrome/68.0.3440.106 Safari/537.36"
ip-10-0-0-64.ap-southeast-2.compute.internal:80 115.114.47.118 - - [29/Aug/2018:07:28:37 +0000] "GET /signup/status HTTP/1.1" 200 727 "http://localhost:4200/dashboard/home" "Mozilla/5.0 (Windows NT 6.1) AppleWebKit/537.36 (KHTML, like Gecko) Chrome/68.0.3440.106 Safari/537.36"
ip-10-0-0-64.ap-southeast-2.compute.internal:80 115.114.47.118 - - [29/Aug/2018:07:28:37 +0000] "GET /settings/profile HTTP/1.1" 200 1037570 "http://localhost:4200/dashboard/home" "Mozilla/5.0 (Windows NT 6.1) AppleWebKit/537.36 (KHTML, like Gecko) Chrome/68.0.3440.106 Safari/537.36"
ip-10-0-0-64.ap-southeast-2.compute.internal:80 115.114.47.118 - - [29/Aug/2018:07:28:39 +0000] "OPTIONS /loyalty/programs HTTP/1.1" 200 410 "-" "Mozilla/5.0 (Windows NT 6.1) AppleWebKit/537.36 (KHTML, like Gecko) Chrome/68.0.3440.106 Safari/537.36"
ip-10-0-0-64.ap-southeast-2.compute.internal:80 115.114.47.118 - - [29/Aug/2018:07:28:39 +0000] "GET /signup/status HTTP/1.1" 200 727 "http://localhost:4200/loyalty/loyalty" "Mozilla/5.0 (Windows NT 6.1) AppleWebKit/537.36 (KHTML, like Gecko) Chrome/68.0.3440.106 Safari/537.36"
ip-10-0-0-64.ap-southeast-2.compute.internal:80 115.114.47.118 - - [29/Aug/2018:07:28:40 +0000] "GET /loyalty/programs HTTP/1.1" 200 430 "http://localhost:4200/loyalty/loyalty" "Mozilla/5.0 (Windows NT 6.1) AppleWebKit/537.36 (KHTML, like Gecko) Chrome/68.0.3440.106 Safari/537.36"
ip-10-0-0-64.ap-southeast-2.compute.internal:80 115.114.47.118 - - [29/Aug/2018:07:28:40 +0000] "GET /settings/profile HTTP/1.1" 200 1037570 "http://localhost:4200/loyalty/loyalty" "Mozilla/5.0 (Windows NT 6.1) AppleWebKit/537.36 (KHTML, like Gecko) Chrome/68.0.3440.106 Safari/537.36"
ip-10-0-0-64.ap-southeast-2.compute.internal:80 125.17.6.141 - - [29/Aug/2018:07:28:58 +0000] "OPTIONS /signup/status HTTP/1.1" 200 416 "-" "Mozilla/5.0 (Windows NT 10.0; Win64; x64; rv:62.0) Gecko/20100101 Firefox/62.0"
ip-10-0-0-64.ap-southeast-2.compute.internal:80 125.17.6.141 - - [29/Aug/2018:07:28:58 +0000] "OPTIONS /settings/profile HTTP/1.1" 200 422 "-" "Mozilla/5.0 (Windows NT 10.0; Win64; x64; rv:62.0) Gecko/20100101 Firefox/62.0"
ip-10-0-0-64.ap-southeast-2.compute.internal:80 125.17.6.141 - - [29/Aug/2018:07:28:58 +0000] "OPTIONS //property/property_linked HTTP/1.1" 200 411 "-" "Mozilla/5.0 (Windows NT 10.0; Win64; x64; rv:62.0) Gecko/20100101 Firefox/62.0"
ip-10-0-0-64.ap-southeast-2.compute.internal:80 125.17.6.141 - - [29/Aug/2018:07:28:58 +0000] "OPTIONS /financial/accounts HTTP/1.1" 200 425 "-" "Mozilla/5.0 (Windows NT 10.0; Win64; x64; rv:62.0) Gecko/20100101 Firefox/62.0"
ip-10-0-0-64.ap-southeast-2.compute.internal:80 125.17.6.141 - - [29/Aug/2018:07:28:58 +0000] "GET /signup/status HTTP/1.1" 200 720 "http://localhost:4200/userSettings/myaccount" "Mozilla/5.0 (Windows NT 10.0; Win64; x64; rv:62.0) Gecko/20100101 Firefox/62.0"
ip-10-0-0-64.ap-southeast-2.compute.internal:80 125.17.6.141 - - [29/Aug/2018:07:28:58 +0000] "GET /settings/profile HTTP/1.1" 200 2847 "http://localhost:4200/userSettings/myaccount" "Mozilla/5.0 (Windows NT 10.0; Win64; x64; rv:62.0) Gecko/20100101 Firefox/62.0"
ip-10-0-0-64.ap-southeast-2.compute.internal:80 125.17.6.141 - - [29/Aug/2018:07:28:58 +0000] "GET /financial/accounts HTTP/1.1" 400 400 "http://localhost:4200/userSettings/myaccount" "Mozilla/5.0 (Windows NT 10.0; Win64; x64; rv:62.0) Gecko/20100101 Firefox/62.0"
ip-10-0-0-64.ap-southeast-2.compute.internal:80 125.17.6.141 - - [29/Aug/2018:07:28:58 +0000] "GET //property/property_linked HTTP/1.1" 200 1628 "http://localhost:4200/userSettings/myaccount" "Mozilla/5.0 (Windows NT 10.0; Win64; x64; rv:62.0) Gecko/20100101 Firefox/62.0"
ip-10-0-0-64.ap-southeast-2.compute.internal:80 125.17.6.141 - - [29/Aug/2018:07:29:10 +0000] "OPTIONS //misc/get/accounttype HTTP/1.1" 200 411 "-" "Mozilla/5.0 (Windows NT 10.0; Win64; x64; rv:62.0) Gecko/20100101 Firefox/62.0"
ip-10-0-0-64.ap-southeast-2.compute.internal:80 125.17.6.141 - - [29/Aug/2018:07:29:10 +0000] "OPTIONS //misc/get/transactiontype HTTP/1.1" 200 411 "-" "Mozilla/5.0 (Windows NT 10.0; Win64; x64; rv:62.0) Gecko/20100101 Firefox/62.0"
ip-10-0-0-64.ap-southeast-2.compute.internal:80 125.17.6.141 - - [29/Aug/2018:07:29:10 +0000] "OPTIONS //transaction/transactions?from=&to=&account=&category=&transaction_type= HTTP/1.1" 200 416 "-" "Mozilla/5.0 (Windows NT 10.0; Win64; x64; rv:62.0) Gecko/20100101 Firefox/62.0"
ip-10-0-0-64.ap-southeast-2.compute.internal:80 125.17.6.141 - - [29/Aug/2018:07:29:10 +0000] "OPTIONS //misc/get/transactioncategory HTTP/1.1" 200 411 "-" "Mozilla/5.0 (Windows NT 10.0; Win64; x64; rv:62.0) Gecko/20100101 Firefox/62.0"
ip-10-0-0-64.ap-southeast-2.compute.internal:80 125.17.6.141 - - [29/Aug/2018:07:29:11 +0000] "GET //misc/get/accounttype HTTP/1.1" 200 653 "http://localhost:4200/userSettings/myaccount" "Mozilla/5.0 (Windows NT 10.0; Win64; x64; rv:62.0) Gecko/20100101 Firefox/62.0"
ip-10-0-0-64.ap-southeast-2.compute.internal:80 125.17.6.141 - - [29/Aug/2018:07:29:11 +0000] "GET //misc/get/transactioncategory HTTP/1.1" 200 2841 "http://localhost:4200/userSettings/myaccount" "Mozilla/5.0 (Windows NT 10.0; Win64; x64; rv:62.0) Gecko/20100101 Firefox/62.0"
ip-10-0-0-64.ap-southeast-2.compute.internal:80 125.17.6.141 - - [29/Aug/2018:07:29:11 +0000] "GET //misc/get/transactiontype HTTP/1.1" 200 396 "http://localhost:4200/userSettings/myaccount" "Mozilla/5.0 (Windows NT 10.0; Win64; x64; rv:62.0) Gecko/20100101 Firefox/62.0"
ip-10-0-0-64.ap-southeast-2.compute.internal:80 125.17.6.141 - - [29/Aug/2018:07:29:11 +0000] "GET //transaction/transactions?from=&to=&account=&category=&transaction_type= HTTP/1.1" 200 1860 "http://localhost:4200/userSettings/myaccount" "Mozilla/5.0 (Windows NT 10.0; Win64; x64; rv:62.0) Gecko/20100101 Firefox/62.0"
ip-10-0-0-64.ap-southeast-2.compute.internal:80 125.17.6.141 - - [29/Aug/2018:07:29:11 +0000] "OPTIONS //transaction/category HTTP/1.1" 200 410 "-" "Mozilla/5.0 (Windows NT 10.0; Win64; x64; rv:62.0) Gecko/20100101 Firefox/62.0"
ip-10-0-0-64.ap-southeast-2.compute.internal:80 125.17.6.141 - - [29/Aug/2018:07:29:12 +0000] "GET //transaction/category HTTP/1.1" 200 17187 "http://localhost:4200/userSettings/myaccount" "Mozilla/5.0 (Windows NT 10.0; Win64; x64; rv:62.0) Gecko/20100101 Firefox/62.0"
ip-10-0-0-64.ap-southeast-2.compute.internal:80 121.244.36.135 - - [29/Aug/2018:07:29:17 +0000] "OPTIONS /signup/status HTTP/1.1" 200 416 "-" "Mozilla/5.0 (X11; Linux x86_64) AppleWebKit/537.36 (KHTML, like Gecko) Ubuntu Chromium/68.0.3440.106 Chrome/68.0.3440.106 Safari/537.36"
ip-10-0-0-64.ap-southeast-2.compute.internal:80 203.145.182.245 - - [29/Aug/2018:07:29:17 +0000] "OPTIONS /settings/profile HTTP/1.1" 200 422 "-" "Mozilla/5.0 (X11; Linux x86_64) AppleWebKit/537.36 (KHTML, like Gecko) Ubuntu Chromium/68.0.3440.106 Chrome/68.0.3440.106 Safari/537.36"
ip-10-0-0-64.ap-southeast-2.compute.internal:80 121.244.36.135 - - [29/Aug/2018:07:29:17 +0000] "GET /signup/status HTTP/1.1" 401 317 "http://localhost:4200/dashboard/home" "Mozilla/5.0 (X11; Linux x86_64) AppleWebKit/537.36 (KHTML, like Gecko) Ubuntu Chromium/68.0.3440.106 Chrome/68.0.3440.106 Safari/537.36"
ip-10-0-0-64.ap-southeast-2.compute.internal:80 121.244.36.135 - - [29/Aug/2018:07:29:17 +0000] "GET /settings/profile HTTP/1.1" 401 295 "http://localhost:4200/dashboard/home" "Mozilla/5.0 (X11; Linux x86_64) AppleWebKit/537.36 (KHTML, like Gecko) Ubuntu Chromium/68.0.3440.106 Chrome/68.0.3440.106 Safari/537.36"
ip-10-0-0-64.ap-southeast-2.compute.internal:80 121.244.36.135 - - [29/Aug/2018:07:29:26 +0000] "OPTIONS /loyalty/confirm HTTP/1.1" 200 416 "-" "Mozilla/5.0 (Windows NT 10.0; Win64; x64) AppleWebKit/537.36 (KHTML, like Gecko) Chrome/68.0.3440.106 Safari/537.36"
ip-10-0-0-64.ap-southeast-2.compute.internal:80 203.145.182.245 - - [29/Aug/2018:07:29:26 +0000] "OPTIONS /settings/profile HTTP/1.1" 200 422 "-" "Mozilla/5.0 (Windows NT 10.0; Win64; x64) AppleWebKit/537.36 (KHTML, like Gecko) Chrome/68.0.3440.106 Safari/537.36"
ip-10-0-0-64.ap-southeast-2.compute.internal:80 121.244.36.135 - - [29/Aug/2018:07:29:26 +0000] "GET /loyalty/confirm HTTP/1.1" 401 317 "http://localhost:4200/dashboard/property-success" "Mozilla/5.0 (Windows NT 10.0; Win64; x64) AppleWebKit/537.36 (KHTML, like Gecko) Chrome/68.0.3440.106 Safari/537.36"
ip-10-0-0-64.ap-southeast-2.compute.internal:80 203.145.182.245 - - [29/Aug/2018:07:29:26 +0000] "GET /settings/profile HTTP/1.1" 401 295 "http://localhost:4200/dashboard/property-success" "Mozilla/5.0 (Windows NT 10.0; Win64; x64) AppleWebKit/537.36 (KHTML, like Gecko) Chrome/68.0.3440.106 Safari/537.36"
ip-10-0-0-64.ap-southeast-2.compute.internal:80 121.244.36.135 - - [29/Aug/2018:07:30:10 +0000] "OPTIONS /loyalty/confirm HTTP/1.1" 200 416 "-" "Mozilla/5.0 (Windows NT 10.0; Win64; x64) AppleWebKit/537.36 (KHTML, like Gecko) Chrome/68.0.3440.106 Safari/537.36"
ip-10-0-0-64.ap-southeast-2.compute.internal:80 203.145.182.245 - - [29/Aug/2018:07:30:10 +0000] "OPTIONS /settings/profile HTTP/1.1" 200 422 "-" "Mozilla/5.0 (Windows NT 10.0; Win64; x64) AppleWebKit/537.36 (KHTML, like Gecko) Chrome/68.0.3440.106 Safari/537.36"
ip-10-0-0-64.ap-southeast-2.compute.internal:80 121.244.36.135 - - [29/Aug/2018:07:30:10 +0000] "GET /loyalty/confirm HTTP/1.1" 401 317 "http://localhost:4200/dashboard/property-success" "Mozilla/5.0 (Windows NT 10.0; Win64; x64) AppleWebKit/537.36 (KHTML, like Gecko) Chrome/68.0.3440.106 Safari/537.36"
ip-10-0-0-64.ap-southeast-2.compute.internal:80 203.145.182.245 - - [29/Aug/2018:07:30:10 +0000] "GET /settings/profile HTTP/1.1" 401 295 "http://localhost:4200/dashboard/property-success" "Mozilla/5.0 (Windows NT 10.0; Win64; x64) AppleWebKit/537.36 (KHTML, like Gecko) Chrome/68.0.3440.106 Safari/537.36"
ip-10-0-0-64.ap-southeast-2.compute.internal:80 121.244.36.135 - - [29/Aug/2018:07:30:12 +0000] "GET /settings/profile HTTP/1.1" 401 295 "http://localhost:4200/dashboard/home" "Mozilla/5.0 (Windows NT 10.0; Win64; x64) AppleWebKit/537.36 (KHTML, like Gecko) Chrome/68.0.3440.106 Safari/537.36"
ip-10-0-0-64.ap-southeast-2.compute.internal:80 203.145.182.245 - - [29/Aug/2018:07:30:12 +0000] "GET /loyalty/confirm HTTP/1.1" 401 317 "http://localhost:4200/dashboard/home" "Mozilla/5.0 (Windows NT 10.0; Win64; x64) AppleWebKit/537.36 (KHTML, like Gecko) Chrome/68.0.3440.106 Safari/537.36"
ip-10-0-0-64.ap-southeast-2.compute.internal:80 121.244.36.135 - - [29/Aug/2018:07:30:13 +0000] "GET /settings/profile HTTP/1.1" 401 295 "http://localhost:4200/dashboard/property-success" "Mozilla/5.0 (Windows NT 10.0; Win64; x64) AppleWebKit/537.36 (KHTML, like Gecko) Chrome/68.0.3440.106 Safari/537.36"
ip-10-0-0-64.ap-southeast-2.compute.internal:80 203.145.182.245 - - [29/Aug/2018:07:30:13 +0000] "GET /loyalty/confirm HTTP/1.1" 401 317 "http://localhost:4200/dashboard/property-success" "Mozilla/5.0 (Windows NT 10.0; Win64; x64) AppleWebKit/537.36 (KHTML, like Gecko) Chrome/68.0.3440.106 Safari/537.36"
ip-10-0-0-64.ap-southeast-2.compute.internal:80 121.244.36.135 - - [29/Aug/2018:07:30:38 +0000] "OPTIONS /loyalty/confirm HTTP/1.1" 200 416 "-" "Mozilla/5.0 (Windows NT 10.0; Win64; x64) AppleWebKit/537.36 (KHTML, like Gecko) Chrome/68.0.3440.106 Safari/537.36"
ip-10-0-0-64.ap-southeast-2.compute.internal:80 203.145.182.245 - - [29/Aug/2018:07:30:38 +0000] "OPTIONS /settings/profile HTTP/1.1" 200 422 "-" "Mozilla/5.0 (Windows NT 10.0; Win64; x64) AppleWebKit/537.36 (KHTML, like Gecko) Chrome/68.0.3440.106 Safari/537.36"
ip-10-0-0-64.ap-southeast-2.compute.internal:80 121.244.36.135 - - [29/Aug/2018:07:30:38 +0000] "GET /loyalty/confirm HTTP/1.1" 401 317 "http://localhost:4200/dashboard/property-success" "Mozilla/5.0 (Windows NT 10.0; Win64; x64) AppleWebKit/537.36 (KHTML, like Gecko) Chrome/68.0.3440.106 Safari/537.36"
ip-10-0-0-64.ap-southeast-2.compute.internal:80 203.145.182.245 - - [29/Aug/2018:07:30:38 +0000] "GET /settings/profile HTTP/1.1" 401 295 "http://localhost:4200/dashboard/property-success" "Mozilla/5.0 (Windows NT 10.0; Win64; x64) AppleWebKit/537.36 (KHTML, like Gecko) Chrome/68.0.3440.106 Safari/537.36"
ip-10-0-0-64.ap-southeast-2.compute.internal:80 121.244.36.135 - - [29/Aug/2018:07:30:40 +0000] "GET /settings/profile HTTP/1.1" 401 295 "http://localhost:4200/dashboard/stats" "Mozilla/5.0 (Windows NT 10.0; Win64; x64) AppleWebKit/537.36 (KHTML, like Gecko) Chrome/68.0.3440.106 Safari/537.36"
ip-10-0-0-64.ap-southeast-2.compute.internal:80 203.145.182.245 - - [29/Aug/2018:07:30:40 +0000] "GET /loyalty/confirm HTTP/1.1" 401 317 "http://localhost:4200/dashboard/stats" "Mozilla/5.0 (Windows NT 10.0; Win64; x64) AppleWebKit/537.36 (KHTML, like Gecko) Chrome/68.0.3440.106 Safari/537.36"
ip-10-0-0-64.ap-southeast-2.compute.internal:80 121.244.36.135 - - [29/Aug/2018:07:30:43 +0000] "GET /settings/profile HTTP/1.1" 401 295 "http://localhost:4200/dashboard/property-success" "Mozilla/5.0 (Windows NT 10.0; Win64; x64) AppleWebKit/537.36 (KHTML, like Gecko) Chrome/68.0.3440.106 Safari/537.36"
ip-10-0-0-64.ap-southeast-2.compute.internal:80 203.145.182.245 - - [29/Aug/2018:07:30:43 +0000] "GET /loyalty/confirm HTTP/1.1" 401 317 "http://localhost:4200/dashboard/property-success" "Mozilla/5.0 (Windows NT 10.0; Win64; x64) AppleWebKit/537.36 (KHTML, like Gecko) Chrome/68.0.3440.106 Safari/537.36"
ip-10-0-0-64.ap-southeast-2.compute.internal:80 125.17.6.141 - - [29/Aug/2018:07:31:04 +0000] "OPTIONS /loyalty/confirm HTTP/1.1" 200 416 "-" "Mozilla/5.0 (Windows NT 10.0; Win64; x64; rv:62.0) Gecko/20100101 Firefox/62.0"
ip-10-0-0-64.ap-southeast-2.compute.internal:80 125.17.6.141 - - [29/Aug/2018:07:31:04 +0000] "OPTIONS /settings/profile HTTP/1.1" 200 422 "-" "Mozilla/5.0 (Windows NT 10.0; Win64; x64; rv:62.0) Gecko/20100101 Firefox/62.0"
ip-10-0-0-64.ap-southeast-2.compute.internal:80 125.17.6.141 - - [29/Aug/2018:07:31:04 +0000] "OPTIONS //property/property_linked HTTP/1.1" 200 411 "-" "Mozilla/5.0 (Windows NT 10.0; Win64; x64; rv:62.0) Gecko/20100101 Firefox/62.0"
ip-10-0-0-64.ap-southeast-2.compute.internal:80 125.17.6.141 - - [29/Aug/2018:07:31:04 +0000] "OPTIONS /financial/accounts HTTP/1.1" 200 425 "-" "Mozilla/5.0 (Windows NT 10.0; Win64; x64; rv:62.0) Gecko/20100101 Firefox/62.0"
ip-10-0-0-64.ap-southeast-2.compute.internal:80 125.17.6.141 - - [29/Aug/2018:07:31:05 +0000] "GET /loyalty/confirm HTTP/1.1" 200 434 "http://localhost:4200/userSettings/myaccount" "Mozilla/5.0 (Windows NT 10.0; Win64; x64; rv:62.0) Gecko/20100101 Firefox/62.0"
ip-10-0-0-64.ap-southeast-2.compute.internal:80 125.17.6.141 - - [29/Aug/2018:07:31:05 +0000] "GET /settings/profile HTTP/1.1" 200 2847 "http://localhost:4200/userSettings/myaccount" "Mozilla/5.0 (Windows NT 10.0; Win64; x64; rv:62.0) Gecko/20100101 Firefox/62.0"
ip-10-0-0-64.ap-southeast-2.compute.internal:80 125.17.6.141 - - [29/Aug/2018:07:31:05 +0000] "GET /financial/accounts HTTP/1.1" 400 400 "http://localhost:4200/userSettings/myaccount" "Mozilla/5.0 (Windows NT 10.0; Win64; x64; rv:62.0) Gecko/20100101 Firefox/62.0"
ip-10-0-0-64.ap-southeast-2.compute.internal:80 125.17.6.141 - - [29/Aug/2018:07:31:05 +0000] "GET //property/property_linked HTTP/1.1" 200 1628 "http://localhost:4200/userSettings/myaccount" "Mozilla/5.0 (Windows NT 10.0; Win64; x64; rv:62.0) Gecko/20100101 Firefox/62.0"
ip-10-0-0-64.ap-southeast-2.compute.internal:80 121.244.36.135 - - [29/Aug/2018:07:31:17 +0000] "GET /signup/users HTTP/1.1" 200 7709 "-" "python-requests/2.18.4"
ip-10-0-0-64.ap-southeast-2.compute.internal:80 121.244.36.135 - - [29/Aug/2018:07:31:19 +0000] "OPTIONS /loyalty/confirm HTTP/1.1" 200 416 "-" "Mozilla/5.0 (Windows NT 10.0; Win64; x64) AppleWebKit/537.36 (KHTML, like Gecko) Chrome/68.0.3440.106 Safari/537.36"
ip-10-0-0-64.ap-southeast-2.compute.internal:80 203.145.182.245 - - [29/Aug/2018:07:31:19 +0000] "OPTIONS /settings/profile HTTP/1.1" 200 422 "-" "Mozilla/5.0 (Windows NT 10.0; Win64; x64) AppleWebKit/537.36 (KHTML, like Gecko) Chrome/68.0.3440.106 Safari/537.36"
ip-10-0-0-64.ap-southeast-2.compute.internal:80 121.244.36.135 - - [29/Aug/2018:07:31:19 +0000] "GET /loyalty/confirm HTTP/1.1" 401 317 "http://localhost:4200/dashboard/property-success" "Mozilla/5.0 (Windows NT 10.0; Win64; x64) AppleWebKit/537.36 (KHTML, like Gecko) Chrome/68.0.3440.106 Safari/537.36"
ip-10-0-0-64.ap-southeast-2.compute.internal:80 203.145.182.245 - - [29/Aug/2018:07:31:19 +0000] "GET /settings/profile HTTP/1.1" 401 295 "http://localhost:4200/dashboard/property-success" "Mozilla/5.0 (Windows NT 10.0; Win64; x64) AppleWebKit/537.36 (KHTML, like Gecko) Chrome/68.0.3440.106 Safari/537.36"
ip-10-0-0-64.ap-southeast-2.compute.internal:80 121.244.36.135 - - [29/Aug/2018:07:31:31 +0000] "OPTIONS /loyalty/confirm HTTP/1.1" 200 416 "-" "Mozilla/5.0 (Windows NT 10.0; Win64; x64) AppleWebKit/537.36 (KHTML, like Gecko) Chrome/68.0.3440.106 Safari/537.36"
ip-10-0-0-64.ap-southeast-2.compute.internal:80 203.145.182.245 - - [29/Aug/2018:07:31:31 +0000] "OPTIONS /settings/profile HTTP/1.1" 200 422 "-" "Mozilla/5.0 (Windows NT 10.0; Win64; x64) AppleWebKit/537.36 (KHTML, like Gecko) Chrome/68.0.3440.106 Safari/537.36"
ip-10-0-0-64.ap-southeast-2.compute.internal:80 121.244.36.135 - - [29/Aug/2018:07:31:32 +0000] "GET /loyalty/confirm HTTP/1.1" 401 317 "http://localhost:4200/dashboard/property-success" "Mozilla/5.0 (Windows NT 10.0; Win64; x64) AppleWebKit/537.36 (KHTML, like Gecko) Chrome/68.0.3440.106 Safari/537.36"
ip-10-0-0-64.ap-southeast-2.compute.internal:80 203.145.182.245 - - [29/Aug/2018:07:31:32 +0000] "GET /settings/profile HTTP/1.1" 401 295 "http://localhost:4200/dashboard/property-success" "Mozilla/5.0 (Windows NT 10.0; Win64; x64) AppleWebKit/537.36 (KHTML, like Gecko) Chrome/68.0.3440.106 Safari/537.36"
ip-10-0-0-64.ap-southeast-2.compute.internal:80 115.114.47.118 - - [29/Aug/2018:07:31:39 +0000] "OPTIONS /signup/status HTTP/1.1" 200 416 "-" "Mozilla/5.0 (Windows NT 6.1) AppleWebKit/537.36 (KHTML, like Gecko) Chrome/68.0.3440.106 Safari/537.36"
ip-10-0-0-64.ap-southeast-2.compute.internal:80 115.114.47.118 - - [29/Aug/2018:07:31:39 +0000] "OPTIONS /settings/profile HTTP/1.1" 200 422 "-" "Mozilla/5.0 (Windows NT 6.1) AppleWebKit/537.36 (KHTML, like Gecko) Chrome/68.0.3440.106 Safari/537.36"
ip-10-0-0-64.ap-southeast-2.compute.internal:80 115.114.47.118 - - [29/Aug/2018:07:31:39 +0000] "OPTIONS /signup/status HTTP/1.1" 200 416 "-" "Mozilla/5.0 (Windows NT 6.1) AppleWebKit/537.36 (KHTML, like Gecko) Chrome/68.0.3440.106 Safari/537.36"
ip-10-0-0-64.ap-southeast-2.compute.internal:80 115.114.47.118 - - [29/Aug/2018:07:31:39 +0000] "OPTIONS /survey/total/points HTTP/1.1" 200 225 "-" "Mozilla/5.0 (Windows NT 6.1) AppleWebKit/537.36 (KHTML, like Gecko) Chrome/68.0.3440.106 Safari/537.36"
ip-10-0-0-64.ap-southeast-2.compute.internal:80 115.114.47.118 - - [29/Aug/2018:07:31:39 +0000] "OPTIONS /settings/profile HTTP/1.1" 200 422 "-" "Mozilla/5.0 (Windows NT 6.1) AppleWebKit/537.36 (KHTML, like Gecko) Chrome/68.0.3440.106 Safari/537.36"
ip-10-0-0-64.ap-southeast-2.compute.internal:80 115.114.47.118 - - [29/Aug/2018:07:31:39 +0000] "OPTIONS /loyalty/confirm HTTP/1.1" 200 416 "-" "Mozilla/5.0 (Windows NT 6.1) AppleWebKit/537.36 (KHTML, like Gecko) Chrome/68.0.3440.106 Safari/537.36"
ip-10-0-0-64.ap-southeast-2.compute.internal:80 115.114.47.118 - - [29/Aug/2018:07:31:39 +0000] "GET /signup/status HTTP/1.1" 200 727 "http://localhost:4200/userSettings/points" "Mozilla/5.0 (Windows NT 6.1) AppleWebKit/537.36 (KHTML, like Gecko) Chrome/68.0.3440.106 Safari/537.36"
ip-10-0-0-64.ap-southeast-2.compute.internal:80 115.114.47.118 - - [29/Aug/2018:07:31:39 +0000] "GET /loyalty/confirm HTTP/1.1" 200 538 "http://localhost:4200/userSettings/points" "Mozilla/5.0 (Windows NT 6.1) AppleWebKit/537.36 (KHTML, like Gecko) Chrome/68.0.3440.106 Safari/537.36"
ip-10-0-0-64.ap-southeast-2.compute.internal:80 115.114.47.118 - - [29/Aug/2018:07:31:40 +0000] "GET /signup/status HTTP/1.1" 200 727 "http://localhost:4200/userSettings/points" "Mozilla/5.0 (Windows NT 6.1) AppleWebKit/537.36 (KHTML, like Gecko) Chrome/68.0.3440.106 Safari/537.36"
ip-10-0-0-64.ap-southeast-2.compute.internal:80 115.114.47.118 - - [29/Aug/2018:07:31:39 +0000] "GET /settings/profile HTTP/1.1" 200 1037570 "http://localhost:4200/userSettings/points" "Mozilla/5.0 (Windows NT 6.1) AppleWebKit/537.36 (KHTML, like Gecko) Chrome/68.0.3440.106 Safari/537.36"
ip-10-0-0-64.ap-southeast-2.compute.internal:80 125.17.6.141 - - [29/Aug/2018:07:31:42 +0000] "OPTIONS //transaction/transactions?from=&to=&account=&category=&transaction_type= HTTP/1.1" 200 416 "-" "Mozilla/5.0 (Windows NT 10.0; Win64; x64; rv:62.0) Gecko/20100101 Firefox/62.0"
ip-10-0-0-64.ap-southeast-2.compute.internal:80 125.17.6.141 - - [29/Aug/2018:07:31:42 +0000] "OPTIONS //misc/get/accounttype HTTP/1.1" 200 411 "-" "Mozilla/5.0 (Windows NT 10.0; Win64; x64; rv:62.0) Gecko/20100101 Firefox/62.0"
ip-10-0-0-64.ap-southeast-2.compute.internal:80 125.17.6.141 - - [29/Aug/2018:07:31:42 +0000] "OPTIONS //misc/get/transactioncategory HTTP/1.1" 200 411 "-" "Mozilla/5.0 (Windows NT 10.0; Win64; x64; rv:62.0) Gecko/20100101 Firefox/62.0"
ip-10-0-0-64.ap-southeast-2.compute.internal:80 125.17.6.141 - - [29/Aug/2018:07:31:42 +0000] "OPTIONS //misc/get/transactiontype HTTP/1.1" 200 411 "-" "Mozilla/5.0 (Windows NT 10.0; Win64; x64; rv:62.0) Gecko/20100101 Firefox/62.0"
ip-10-0-0-64.ap-southeast-2.compute.internal:80 125.17.6.141 - - [29/Aug/2018:07:31:42 +0000] "GET //misc/get/transactiontype HTTP/1.1" 200 396 "http://localhost:4200/userSettings/myaccount" "Mozilla/5.0 (Windows NT 10.0; Win64; x64; rv:62.0) Gecko/20100101 Firefox/62.0"
ip-10-0-0-64.ap-southeast-2.compute.internal:80 125.17.6.141 - - [29/Aug/2018:07:31:42 +0000] "GET //misc/get/transactioncategory HTTP/1.1" 200 2842 "http://localhost:4200/userSettings/myaccount" "Mozilla/5.0 (Windows NT 10.0; Win64; x64; rv:62.0) Gecko/20100101 Firefox/62.0"
ip-10-0-0-64.ap-southeast-2.compute.internal:80 125.17.6.141 - - [29/Aug/2018:07:31:42 +0000] "GET //misc/get/accounttype HTTP/1.1" 200 652 "http://localhost:4200/userSettings/myaccount" "Mozilla/5.0 (Windows NT 10.0; Win64; x64; rv:62.0) Gecko/20100101 Firefox/62.0"
ip-10-0-0-64.ap-southeast-2.compute.internal:80 125.17.6.141 - - [29/Aug/2018:07:31:42 +0000] "GET //transaction/transactions?from=&to=&account=&category=&transaction_type= HTTP/1.1" 200 1860 "http://localhost:4200/userSettings/myaccount" "Mozilla/5.0 (Windows NT 10.0; Win64; x64; rv:62.0) Gecko/20100101 Firefox/62.0"
ip-10-0-0-64.ap-southeast-2.compute.internal:80 125.17.6.141 - - [29/Aug/2018:07:31:43 +0000] "OPTIONS //transaction/category HTTP/1.1" 200 410 "-" "Mozilla/5.0 (Windows NT 10.0; Win64; x64; rv:62.0) Gecko/20100101 Firefox/62.0"
ip-10-0-0-64.ap-southeast-2.compute.internal:80 125.17.6.141 - - [29/Aug/2018:07:31:43 +0000] "GET //transaction/category HTTP/1.1" 200 17187 "http://localhost:4200/userSettings/myaccount" "Mozilla/5.0 (Windows NT 10.0; Win64; x64; rv:62.0) Gecko/20100101 Firefox/62.0"
ip-10-0-0-64.ap-southeast-2.compute.internal:80 115.114.47.118 - - [29/Aug/2018:07:31:40 +0000] "GET /settings/profile HTTP/1.1" 200 1037570 "http://localhost:4200/userSettings/points" "Mozilla/5.0 (Windows NT 6.1) AppleWebKit/537.36 (KHTML, like Gecko) Chrome/68.0.3440.106 Safari/537.36"
ip-10-0-0-64.ap-southeast-2.compute.internal:80 125.17.6.141 - - [29/Aug/2018:07:31:51 +0000] "OPTIONS //transaction/transactions?from=2018/05/31&to=2018/08/29&account=&category=15&transaction_type= HTTP/1.1" 200 416 "-" "Mozilla/5.0 (Windows NT 10.0; Win64; x64; rv:62.0) Gecko/20100101 Firefox/62.0"
ip-10-0-0-64.ap-southeast-2.compute.internal:80 125.17.6.141 - - [29/Aug/2018:07:31:51 +0000] "GET //transaction/transactions?from=2018/05/31&to=2018/08/29&account=&category=15&transaction_type= HTTP/1.1" 400 285 "http://localhost:4200/userSettings/myaccount" "Mozilla/5.0 (Windows NT 10.0; Win64; x64; rv:62.0) Gecko/20100101 Firefox/62.0"
ip-10-0-0-64.ap-southeast-2.compute.internal:80 125.17.6.141 - - [29/Aug/2018:07:31:53 +0000] "OPTIONS //property/property_linked HTTP/1.1" 200 410 "-" "Mozilla/5.0 (Windows NT 10.0; Win64; x64; rv:62.0) Gecko/20100101 Firefox/62.0"
ip-10-0-0-64.ap-southeast-2.compute.internal:80 125.17.6.141 - - [29/Aug/2018:07:31:53 +0000] "OPTIONS /financial/accounts HTTP/1.1" 200 425 "-" "Mozilla/5.0 (Windows NT 10.0; Win64; x64; rv:62.0) Gecko/20100101 Firefox/62.0"
ip-10-0-0-64.ap-southeast-2.compute.internal:80 125.17.6.141 - - [29/Aug/2018:07:31:53 +0000] "GET /financial/accounts HTTP/1.1" 400 400 "http://localhost:4200/userSettings/myaccount" "Mozilla/5.0 (Windows NT 10.0; Win64; x64; rv:62.0) Gecko/20100101 Firefox/62.0"
ip-10-0-0-64.ap-southeast-2.compute.internal:80 125.17.6.141 - - [29/Aug/2018:07:31:53 +0000] "GET //property/property_linked HTTP/1.1" 200 1628 "http://localhost:4200/userSettings/myaccount" "Mozilla/5.0 (Windows NT 10.0; Win64; x64; rv:62.0) Gecko/20100101 Firefox/62.0"
ip-10-0-0-64.ap-southeast-2.compute.internal:80 121.244.36.135 - - [29/Aug/2018:07:31:54 +0000] "OPTIONS /loyalty/confirm HTTP/1.1" 200 416 "-" "Mozilla/5.0 (Windows NT 10.0; Win64; x64) AppleWebKit/537.36 (KHTML, like Gecko) Chrome/68.0.3440.106 Safari/537.36"
ip-10-0-0-64.ap-southeast-2.compute.internal:80 203.145.182.245 - - [29/Aug/2018:07:31:54 +0000] "OPTIONS /settings/profile HTTP/1.1" 200 422 "-" "Mozilla/5.0 (Windows NT 10.0; Win64; x64) AppleWebKit/537.36 (KHTML, like Gecko) Chrome/68.0.3440.106 Safari/537.36"
ip-10-0-0-64.ap-southeast-2.compute.internal:80 121.244.36.135 - - [29/Aug/2018:07:31:54 +0000] "GET /loyalty/confirm HTTP/1.1" 401 317 "http://localhost:4200/dashboard/property-success" "Mozilla/5.0 (Windows NT 10.0; Win64; x64) AppleWebKit/537.36 (KHTML, like Gecko) Chrome/68.0.3440.106 Safari/537.36"
ip-10-0-0-64.ap-southeast-2.compute.internal:80 203.145.182.245 - - [29/Aug/2018:07:31:54 +0000] "GET /settings/profile HTTP/1.1" 401 295 "http://localhost:4200/dashboard/property-success" "Mozilla/5.0 (Windows NT 10.0; Win64; x64) AppleWebKit/537.36 (KHTML, like Gecko) Chrome/68.0.3440.106 Safari/537.36"
ip-10-0-0-64.ap-southeast-2.compute.internal:80 121.244.36.135 - - [29/Aug/2018:07:31:57 +0000] "GET /settings/profile HTTP/1.1" 401 295 "http://localhost:4200/dashboard/surveys" "Mozilla/5.0 (Windows NT 10.0; Win64; x64) AppleWebKit/537.36 (KHTML, like Gecko) Chrome/68.0.3440.106 Safari/537.36"
ip-10-0-0-64.ap-southeast-2.compute.internal:80 203.145.182.245 - - [29/Aug/2018:07:31:57 +0000] "GET /loyalty/confirm HTTP/1.1" 401 317 "http://localhost:4200/dashboard/surveys" "Mozilla/5.0 (Windows NT 10.0; Win64; x64) AppleWebKit/537.36 (KHTML, like Gecko) Chrome/68.0.3440.106 Safari/537.36"
ip-10-0-0-64.ap-southeast-2.compute.internal:80 121.244.36.135 - - [29/Aug/2018:07:31:59 +0000] "GET /settings/profile HTTP/1.1" 401 295 "http://localhost:4200/dashboard/property-success" "Mozilla/5.0 (Windows NT 10.0; Win64; x64) AppleWebKit/537.36 (KHTML, like Gecko) Chrome/68.0.3440.106 Safari/537.36"
ip-10-0-0-64.ap-southeast-2.compute.internal:80 203.145.182.245 - - [29/Aug/2018:07:31:59 +0000] "GET /loyalty/confirm HTTP/1.1" 401 317 "http://localhost:4200/dashboard/property-success" "Mozilla/5.0 (Windows NT 10.0; Win64; x64) AppleWebKit/537.36 (KHTML, like Gecko) Chrome/68.0.3440.106 Safari/537.36"
ip-10-0-0-64.ap-southeast-2.compute.internal:80 121.244.36.135 - - [29/Aug/2018:07:32:21 +0000] "OPTIONS //property/property_linked HTTP/1.1" 200 411 "-" "Mozilla/5.0 (Windows NT 10.0; Win64; x64) AppleWebKit/537.36 (KHTML, like Gecko) Chrome/68.0.3440.106 Safari/537.36"
ip-10-0-0-64.ap-southeast-2.compute.internal:80 121.244.36.135 - - [29/Aug/2018:07:32:21 +0000] "OPTIONS //financial/accounts HTTP/1.1" 200 425 "-" "Mozilla/5.0 (Windows NT 10.0; Win64; x64) AppleWebKit/537.36 (KHTML, like Gecko) Chrome/68.0.3440.106 Safari/537.36"
ip-10-0-0-64.ap-southeast-2.compute.internal:80 121.244.36.135 - - [29/Aug/2018:07:32:21 +0000] "GET //financial/accounts HTTP/1.1" 400 400 "http://13.54.91.199/userSettings/myaccount" "Mozilla/5.0 (Windows NT 10.0; Win64; x64) AppleWebKit/537.36 (KHTML, like Gecko) Chrome/68.0.3440.106 Safari/537.36"
ip-10-0-0-64.ap-southeast-2.compute.internal:80 121.244.36.135 - - [29/Aug/2018:07:32:21 +0000] "GET //property/property_linked HTTP/1.1" 200 1628 "http://13.54.91.199/userSettings/myaccount" "Mozilla/5.0 (Windows NT 10.0; Win64; x64) AppleWebKit/537.36 (KHTML, like Gecko) Chrome/68.0.3440.106 Safari/537.36"
ip-10-0-0-64.ap-southeast-2.compute.internal:80 121.244.36.135 - - [29/Aug/2018:07:32:25 +0000] "OPTIONS /loyalty/confirm HTTP/1.1" 200 416 "-" "Mozilla/5.0 (Windows NT 10.0; Win64; x64) AppleWebKit/537.36 (KHTML, like Gecko) Chrome/68.0.3440.106 Safari/537.36"
ip-10-0-0-64.ap-southeast-2.compute.internal:80 121.244.36.135 - - [29/Aug/2018:07:32:25 +0000] "OPTIONS /settings/profile HTTP/1.1" 200 422 "-" "Mozilla/5.0 (Windows NT 10.0; Win64; x64) AppleWebKit/537.36 (KHTML, like Gecko) Chrome/68.0.3440.106 Safari/537.36"
ip-10-0-0-64.ap-southeast-2.compute.internal:80 121.244.36.135 - - [29/Aug/2018:07:32:25 +0000] "GET /loyalty/confirm HTTP/1.1" 401 317 "http://localhost:4200/dashboard/home" "Mozilla/5.0 (Windows NT 10.0; Win64; x64) AppleWebKit/537.36 (KHTML, like Gecko) Chrome/68.0.3440.106 Safari/537.36"
ip-10-0-0-64.ap-southeast-2.compute.internal:80 121.244.36.135 - - [29/Aug/2018:07:32:25 +0000] "GET /settings/profile HTTP/1.1" 401 295 "http://localhost:4200/dashboard/home" "Mozilla/5.0 (Windows NT 10.0; Win64; x64) AppleWebKit/537.36 (KHTML, like Gecko) Chrome/68.0.3440.106 Safari/537.36"
ip-10-0-0-64.ap-southeast-2.compute.internal:80 121.244.36.135 - - [29/Aug/2018:07:32:26 +0000] "OPTIONS /signup/status HTTP/1.1" 200 415 "-" "Mozilla/5.0 (Windows NT 10.0; Win64; x64) AppleWebKit/537.36 (KHTML, like Gecko) Chrome/68.0.3440.106 Safari/537.36"
ip-10-0-0-64.ap-southeast-2.compute.internal:80 121.244.36.135 - - [29/Aug/2018:07:32:26 +0000] "GET /signup/status HTTP/1.1" 401 321 "http://localhost:4200/dashboard/property" "Mozilla/5.0 (Windows NT 10.0; Win64; x64) AppleWebKit/537.36 (KHTML, like Gecko) Chrome/68.0.3440.106 Safari/537.36"
ip-10-0-0-64.ap-southeast-2.compute.internal:80 115.114.47.118 - - [29/Aug/2018:07:33:27 +0000] "OPTIONS //settings/faq HTTP/1.1" 200 417 "-" "Mozilla/5.0 (Windows NT 6.1) AppleWebKit/537.36 (KHTML, like Gecko) Chrome/68.0.3440.106 Safari/537.36"
ip-10-0-0-64.ap-southeast-2.compute.internal:80 115.114.47.118 - - [29/Aug/2018:07:33:27 +0000] "GET //settings/faq HTTP/1.1" 200 275 "http://localhost:4200/userSettings/askHumaniti" "Mozilla/5.0 (Windows NT 6.1) AppleWebKit/537.36 (KHTML, like Gecko) Chrome/68.0.3440.106 Safari/537.36"
ip-10-0-0-64.ap-southeast-2.compute.internal:80 121.244.36.135 - - [29/Aug/2018:07:33:28 +0000] "GET /signup/users HTTP/1.1" 200 7709 "-" "python-requests/2.19.1"
ip-10-0-0-64.ap-southeast-2.compute.internal:80 115.114.47.118 - - [29/Aug/2018:07:33:39 +0000] "OPTIONS //settings/faq HTTP/1.1" 200 417 "-" "Mozilla/5.0 (Windows NT 6.1) AppleWebKit/537.36 (KHTML, like Gecko) Chrome/68.0.3440.106 Safari/537.36"
ip-10-0-0-64.ap-southeast-2.compute.internal:80 115.114.47.118 - - [29/Aug/2018:07:33:39 +0000] "GET //settings/faq HTTP/1.1" 200 275 "http://localhost:4200/userSettings/askHumaniti" "Mozilla/5.0 (Windows NT 6.1) AppleWebKit/537.36 (KHTML, like Gecko) Chrome/68.0.3440.106 Safari/537.36"
ip-10-0-0-64.ap-southeast-2.compute.internal:80 121.244.36.135 - - [29/Aug/2018:07:33:49 +0000] "GET /signup/users HTTP/1.1" 200 7709 "-" "python-requests/2.19.1"
ip-10-0-0-64.ap-southeast-2.compute.internal:80 203.145.182.245 - - [29/Aug/2018:07:34:23 +0000] "GET /signup/users HTTP/1.1" 200 7709 "-" "python-requests/2.19.1"
ip-10-0-0-64.ap-southeast-2.compute.internal:80 121.244.36.135 - - [29/Aug/2018:07:34:52 +0000] "OPTIONS /loyalty/confirm HTTP/1.1" 200 416 "-" "Mozilla/5.0 (Windows NT 10.0; Win64; x64) AppleWebKit/537.36 (KHTML, like Gecko) Chrome/68.0.3440.106 Safari/537.36"
ip-10-0-0-64.ap-southeast-2.compute.internal:80 203.145.182.245 - - [29/Aug/2018:07:34:52 +0000] "OPTIONS /settings/profile HTTP/1.1" 200 422 "-" "Mozilla/5.0 (Windows NT 10.0; Win64; x64) AppleWebKit/537.36 (KHTML, like Gecko) Chrome/68.0.3440.106 Safari/537.36"
ip-10-0-0-64.ap-southeast-2.compute.internal:80 121.244.36.135 - - [29/Aug/2018:07:34:52 +0000] "GET /loyalty/confirm HTTP/1.1" 401 317 "http://localhost:4200/learnMore" "Mozilla/5.0 (Windows NT 10.0; Win64; x64) AppleWebKit/537.36 (KHTML, like Gecko) Chrome/68.0.3440.106 Safari/537.36"
ip-10-0-0-64.ap-southeast-2.compute.internal:80 203.145.182.245 - - [29/Aug/2018:07:34:52 +0000] "GET /settings/profile HTTP/1.1" 401 295 "http://localhost:4200/learnMore" "Mozilla/5.0 (Windows NT 10.0; Win64; x64) AppleWebKit/537.36 (KHTML, like Gecko) Chrome/68.0.3440.106 Safari/537.36"
ip-10-0-0-64.ap-southeast-2.compute.internal:80 115.114.47.118 - - [29/Aug/2018:07:35:19 +0000] "OPTIONS /signup/status HTTP/1.1" 200 416 "-" "Mozilla/5.0 (Windows NT 6.1) AppleWebKit/537.36 (KHTML, like Gecko) Chrome/68.0.3440.106 Safari/537.36"
ip-10-0-0-64.ap-southeast-2.compute.internal:80 115.114.47.118 - - [29/Aug/2018:07:35:19 +0000] "OPTIONS /settings/profile HTTP/1.1" 200 421 "-" "Mozilla/5.0 (Windows NT 6.1) AppleWebKit/537.36 (KHTML, like Gecko) Chrome/68.0.3440.106 Safari/537.36"
ip-10-0-0-64.ap-southeast-2.compute.internal:80 115.114.47.118 - - [29/Aug/2018:07:35:19 +0000] "OPTIONS //settings/faq HTTP/1.1" 200 417 "-" "Mozilla/5.0 (Windows NT 6.1) AppleWebKit/537.36 (KHTML, like Gecko) Chrome/68.0.3440.106 Safari/537.36"
ip-10-0-0-64.ap-southeast-2.compute.internal:80 115.114.47.118 - - [29/Aug/2018:07:35:21 +0000] "GET /signup/status HTTP/1.1" 200 728 "http://localhost:4200/userSettings/askHumaniti" "Mozilla/5.0 (Windows NT 6.1) AppleWebKit/537.36 (KHTML, like Gecko) Chrome/68.0.3440.106 Safari/537.36"
ip-10-0-0-64.ap-southeast-2.compute.internal:80 115.114.47.118 - - [29/Aug/2018:07:35:21 +0000] "GET //settings/faq HTTP/1.1" 200 276 "http://localhost:4200/userSettings/askHumaniti" "Mozilla/5.0 (Windows NT 6.1) AppleWebKit/537.36 (KHTML, like Gecko) Chrome/68.0.3440.106 Safari/537.36"
ip-10-0-0-64.ap-southeast-2.compute.internal:80 115.114.47.118 - - [29/Aug/2018:07:35:21 +0000] "GET /settings/profile HTTP/1.1" 200 1037571 "http://localhost:4200/userSettings/askHumaniti" "Mozilla/5.0 (Windows NT 6.1) AppleWebKit/537.36 (KHTML, like Gecko) Chrome/68.0.3440.106 Safari/537.36"
ip-10-0-0-64.ap-southeast-2.compute.internal:80 115.114.47.118 - - [29/Aug/2018:07:35:28 +0000] "OPTIONS //settings/faq HTTP/1.1" 200 417 "-" "Mozilla/5.0 (Windows NT 6.1) AppleWebKit/537.36 (KHTML, like Gecko) Chrome/68.0.3440.106 Safari/537.36"
ip-10-0-0-64.ap-southeast-2.compute.internal:80 115.114.47.118 - - [29/Aug/2018:07:35:28 +0000] "GET //settings/faq HTTP/1.1" 200 275 "http://localhost:4200/userSettings/askHumaniti" "Mozilla/5.0 (Windows NT 6.1) AppleWebKit/537.36 (KHTML, like Gecko) Chrome/68.0.3440.106 Safari/537.36"
ip-10-0-0-64.ap-southeast-2.compute.internal:80 115.114.47.118 - - [29/Aug/2018:07:35:34 +0000] "OPTIONS /signup/status HTTP/1.1" 200 416 "-" "Mozilla/5.0 (Windows NT 6.1) AppleWebKit/537.36 (KHTML, like Gecko) Chrome/68.0.3440.106 Safari/537.36"
ip-10-0-0-64.ap-southeast-2.compute.internal:80 115.114.47.118 - - [29/Aug/2018:07:35:34 +0000] "OPTIONS /survey/total/points HTTP/1.1" 200 225 "-" "Mozilla/5.0 (Windows NT 6.1) AppleWebKit/537.36 (KHTML, like Gecko) Chrome/68.0.3440.106 Safari/537.36"
ip-10-0-0-64.ap-southeast-2.compute.internal:80 115.114.47.118 - - [29/Aug/2018:07:35:34 +0000] "OPTIONS /settings/profile HTTP/1.1" 200 422 "-" "Mozilla/5.0 (Windows NT 6.1) AppleWebKit/537.36 (KHTML, like Gecko) Chrome/68.0.3440.106 Safari/537.36"
ip-10-0-0-64.ap-southeast-2.compute.internal:80 115.114.47.118 - - [29/Aug/2018:07:35:34 +0000] "OPTIONS /loyalty/confirm HTTP/1.1" 200 416 "-" "Mozilla/5.0 (Windows NT 6.1) AppleWebKit/537.36 (KHTML, like Gecko) Chrome/68.0.3440.106 Safari/537.36"
ip-10-0-0-64.ap-southeast-2.compute.internal:80 115.114.47.118 - - [29/Aug/2018:07:35:35 +0000] "GET /signup/status HTTP/1.1" 200 727 "http://localhost:4200/userSettings/points" "Mozilla/5.0 (Windows NT 6.1) AppleWebKit/537.36 (KHTML, like Gecko) Chrome/68.0.3440.106 Safari/537.36"
ip-10-0-0-64.ap-southeast-2.compute.internal:80 115.114.47.118 - - [29/Aug/2018:07:35:35 +0000] "GET /loyalty/confirm HTTP/1.1" 200 538 "http://localhost:4200/userSettings/points" "Mozilla/5.0 (Windows NT 6.1) AppleWebKit/537.36 (KHTML, like Gecko) Chrome/68.0.3440.106 Safari/537.36"
ip-10-0-0-64.ap-southeast-2.compute.internal:80 115.114.47.118 - - [29/Aug/2018:07:35:35 +0000] "GET /settings/profile HTTP/1.1" 200 1037570 "http://localhost:4200/userSettings/points" "Mozilla/5.0 (Windows NT 6.1) AppleWebKit/537.36 (KHTML, like Gecko) Chrome/68.0.3440.106 Safari/537.36"
ip-10-0-0-64.ap-southeast-2.compute.internal:80 115.114.47.118 - - [29/Aug/2018:07:35:37 +0000] "OPTIONS /loyalty/programs HTTP/1.1" 200 410 "-" "Mozilla/5.0 (Windows NT 6.1) AppleWebKit/537.36 (KHTML, like Gecko) Chrome/68.0.3440.106 Safari/537.36"
ip-10-0-0-64.ap-southeast-2.compute.internal:80 115.114.47.118 - - [29/Aug/2018:07:35:37 +0000] "GET /loyalty/programs HTTP/1.1" 200 429 "http://localhost:4200/userSettings/points" "Mozilla/5.0 (Windows NT 6.1) AppleWebKit/537.36 (KHTML, like Gecko) Chrome/68.0.3440.106 Safari/537.36"
ip-10-0-0-64.ap-southeast-2.compute.internal:80 115.114.47.118 - - [29/Aug/2018:07:35:38 +0000] "GET /loyalty/confirm HTTP/1.1" 200 538 "http://localhost:4200/userSettings/points" "Mozilla/5.0 (Windows NT 6.1) AppleWebKit/537.36 (KHTML, like Gecko) Chrome/68.0.3440.106 Safari/537.36"
ip-10-0-0-64.ap-southeast-2.compute.internal:80 115.114.47.118 - - [29/Aug/2018:07:36:03 +0000] "OPTIONS /signup/status HTTP/1.1" 200 416 "-" "Mozilla/5.0 (Windows NT 6.1) AppleWebKit/537.36 (KHTML, like Gecko) Chrome/68.0.3440.106 Safari/537.36"
ip-10-0-0-64.ap-southeast-2.compute.internal:80 115.114.47.118 - - [29/Aug/2018:07:36:03 +0000] "OPTIONS /settings/profile HTTP/1.1" 200 422 "-" "Mozilla/5.0 (Windows NT 6.1) AppleWebKit/537.36 (KHTML, like Gecko) Chrome/68.0.3440.106 Safari/537.36"
ip-10-0-0-64.ap-southeast-2.compute.internal:80 115.114.47.118 - - [29/Aug/2018:07:36:03 +0000] "OPTIONS /signup/status HTTP/1.1" 200 416 "-" "Mozilla/5.0 (Windows NT 6.1) AppleWebKit/537.36 (KHTML, like Gecko) Chrome/68.0.3440.106 Safari/537.36"
ip-10-0-0-64.ap-southeast-2.compute.internal:80 115.114.47.118 - - [29/Aug/2018:07:36:03 +0000] "OPTIONS /survey/total/points HTTP/1.1" 200 225 "-" "Mozilla/5.0 (Windows NT 6.1) AppleWebKit/537.36 (KHTML, like Gecko) Chrome/68.0.3440.106 Safari/537.36"
ip-10-0-0-64.ap-southeast-2.compute.internal:80 115.114.47.118 - - [29/Aug/2018:07:36:03 +0000] "OPTIONS /settings/profile HTTP/1.1" 200 422 "-" "Mozilla/5.0 (Windows NT 6.1) AppleWebKit/537.36 (KHTML, like Gecko) Chrome/68.0.3440.106 Safari/537.36"
ip-10-0-0-64.ap-southeast-2.compute.internal:80 115.114.47.118 - - [29/Aug/2018:07:36:03 +0000] "OPTIONS /loyalty/confirm HTTP/1.1" 200 416 "-" "Mozilla/5.0 (Windows NT 6.1) AppleWebKit/537.36 (KHTML, like Gecko) Chrome/68.0.3440.106 Safari/537.36"
ip-10-0-0-64.ap-southeast-2.compute.internal:80 115.114.47.118 - - [29/Aug/2018:07:36:03 +0000] "GET /signup/status HTTP/1.1" 200 727 "http://localhost:4200/userSettings/points" "Mozilla/5.0 (Windows NT 6.1) AppleWebKit/537.36 (KHTML, like Gecko) Chrome/68.0.3440.106 Safari/537.36"
ip-10-0-0-64.ap-southeast-2.compute.internal:80 115.114.47.118 - - [29/Aug/2018:07:36:03 +0000] "GET /loyalty/confirm HTTP/1.1" 200 538 "http://localhost:4200/userSettings/points" "Mozilla/5.0 (Windows NT 6.1) AppleWebKit/537.36 (KHTML, like Gecko) Chrome/68.0.3440.106 Safari/537.36"
ip-10-0-0-64.ap-southeast-2.compute.internal:80 115.114.47.118 - - [29/Aug/2018:07:36:03 +0000] "GET /signup/status HTTP/1.1" 200 727 "http://localhost:4200/userSettings/points" "Mozilla/5.0 (Windows NT 6.1) AppleWebKit/537.36 (KHTML, like Gecko) Chrome/68.0.3440.106 Safari/537.36"
ip-10-0-0-64.ap-southeast-2.compute.internal:80 115.114.47.118 - - [29/Aug/2018:07:36:03 +0000] "GET /settings/profile HTTP/1.1" 200 1037570 "http://localhost:4200/userSettings/points" "Mozilla/5.0 (Windows NT 6.1) AppleWebKit/537.36 (KHTML, like Gecko) Chrome/68.0.3440.106 Safari/537.36"
ip-10-0-0-64.ap-southeast-2.compute.internal:80 115.114.47.118 - - [29/Aug/2018:07:36:03 +0000] "GET /settings/profile HTTP/1.1" 200 1037570 "http://localhost:4200/userSettings/points" "Mozilla/5.0 (Windows NT 6.1) AppleWebKit/537.36 (KHTML, like Gecko) Chrome/68.0.3440.106 Safari/537.36"
ip-10-0-0-64.ap-southeast-2.compute.internal:80 115.114.47.118 - - [29/Aug/2018:07:36:11 +0000] "OPTIONS /loyalty/programs HTTP/1.1" 200 411 "-" "Mozilla/5.0 (Windows NT 6.1) AppleWebKit/537.36 (KHTML, like Gecko) Chrome/68.0.3440.106 Safari/537.36"
ip-10-0-0-64.ap-southeast-2.compute.internal:80 115.114.47.118 - - [29/Aug/2018:07:36:11 +0000] "GET /loyalty/programs HTTP/1.1" 200 429 "http://localhost:4200/userSettings/points" "Mozilla/5.0 (Windows NT 6.1) AppleWebKit/537.36 (KHTML, like Gecko) Chrome/68.0.3440.106 Safari/537.36"
ip-10-0-0-64.ap-southeast-2.compute.internal:80 115.114.47.118 - - [29/Aug/2018:07:36:13 +0000] "OPTIONS /loyalty/confirm HTTP/1.1" 200 415 "-" "Mozilla/5.0 (Windows NT 6.1) AppleWebKit/537.36 (KHTML, like Gecko) Chrome/68.0.3440.106 Safari/537.36"
ip-10-0-0-64.ap-southeast-2.compute.internal:80 115.114.47.118 - - [29/Aug/2018:07:36:13 +0000] "GET /loyalty/confirm HTTP/1.1" 200 538 "http://localhost:4200/userSettings/points" "Mozilla/5.0 (Windows NT 6.1) AppleWebKit/537.36 (KHTML, like Gecko) Chrome/68.0.3440.106 Safari/537.36"
ip-10-0-0-64.ap-southeast-2.compute.internal:80 115.114.47.118 - - [29/Aug/2018:07:36:14 +0000] "GET /loyalty/programs HTTP/1.1" 200 429 "http://localhost:4200/userSettings/points" "Mozilla/5.0 (Windows NT 6.1) AppleWebKit/537.36 (KHTML, like Gecko) Chrome/68.0.3440.106 Safari/537.36"
ip-10-0-0-64.ap-southeast-2.compute.internal:80 115.114.47.118 - - [29/Aug/2018:07:36:15 +0000] "GET /loyalty/confirm HTTP/1.1" 200 538 "http://localhost:4200/userSettings/points" "Mozilla/5.0 (Windows NT 6.1) AppleWebKit/537.36 (KHTML, like Gecko) Chrome/68.0.3440.106 Safari/537.36"
ip-10-0-0-64.ap-southeast-2.compute.internal:80 115.114.47.118 - - [29/Aug/2018:07:36:31 +0000] "OPTIONS /loyalty/programs HTTP/1.1" 200 411 "-" "Mozilla/5.0 (Windows NT 6.1) AppleWebKit/537.36 (KHTML, like Gecko) Chrome/68.0.3440.106 Safari/537.36"
ip-10-0-0-64.ap-southeast-2.compute.internal:80 115.114.47.118 - - [29/Aug/2018:07:36:32 +0000] "GET /loyalty/programs HTTP/1.1" 200 429 "http://localhost:4200/userSettings/points" "Mozilla/5.0 (Windows NT 6.1) AppleWebKit/537.36 (KHTML, like Gecko) Chrome/68.0.3440.106 Safari/537.36"
ip-10-0-0-64.ap-southeast-2.compute.internal:80 115.114.47.118 - - [29/Aug/2018:07:36:32 +0000] "OPTIONS /loyalty/confirm HTTP/1.1" 200 415 "-" "Mozilla/5.0 (Windows NT 6.1) AppleWebKit/537.36 (KHTML, like Gecko) Chrome/68.0.3440.106 Safari/537.36"
ip-10-0-0-64.ap-southeast-2.compute.internal:80 115.114.47.118 - - [29/Aug/2018:07:36:32 +0000] "GET /loyalty/confirm HTTP/1.1" 200 538 "http://localhost:4200/userSettings/points" "Mozilla/5.0 (Windows NT 6.1) AppleWebKit/537.36 (KHTML, like Gecko) Chrome/68.0.3440.106 Safari/537.36"
ip-10-0-0-64.ap-southeast-2.compute.internal:80 115.114.47.118 - - [29/Aug/2018:07:36:33 +0000] "GET /loyalty/programs HTTP/1.1" 200 429 "http://localhost:4200/userSettings/points" "Mozilla/5.0 (Windows NT 6.1) AppleWebKit/537.36 (KHTML, like Gecko) Chrome/68.0.3440.106 Safari/537.36"
ip-10-0-0-64.ap-southeast-2.compute.internal:80 115.114.47.118 - - [29/Aug/2018:07:36:34 +0000] "GET /loyalty/confirm HTTP/1.1" 200 538 "http://localhost:4200/userSettings/points" "Mozilla/5.0 (Windows NT 6.1) AppleWebKit/537.36 (KHTML, like Gecko) Chrome/68.0.3440.106 Safari/537.36"
ip-10-0-0-64.ap-southeast-2.compute.internal:80 121.244.36.135 - - [29/Aug/2018:07:37:06 +0000] "GET /signup/users HTTP/1.1" 200 7709 "-" "python-requests/2.19.1"
ip-10-0-0-64.ap-southeast-2.compute.internal:80 203.145.182.245 - - [29/Aug/2018:07:38:26 +0000] "GET /signup/users HTTP/1.1" 200 7709 "-" "python-requests/2.19.1"
ip-10-0-0-64.ap-southeast-2.compute.internal:80 121.244.36.135 - - [29/Aug/2018:07:38:35 +0000] "OPTIONS /loyalty/confirm HTTP/1.1" 200 416 "-" "Mozilla/5.0 (Windows NT 10.0; Win64; x64) AppleWebKit/537.36 (KHTML, like Gecko) Chrome/68.0.3440.106 Safari/537.36"
ip-10-0-0-64.ap-southeast-2.compute.internal:80 203.145.182.245 - - [29/Aug/2018:07:38:35 +0000] "OPTIONS /settings/profile HTTP/1.1" 200 422 "-" "Mozilla/5.0 (Windows NT 10.0; Win64; x64) AppleWebKit/537.36 (KHTML, like Gecko) Chrome/68.0.3440.106 Safari/537.36"
ip-10-0-0-64.ap-southeast-2.compute.internal:80 203.145.182.245 - - [29/Aug/2018:07:38:35 +0000] "OPTIONS /misc/get/all HTTP/1.1" 200 411 "-" "Mozilla/5.0 (Windows NT 10.0; Win64; x64) AppleWebKit/537.36 (KHTML, like Gecko) Chrome/68.0.3440.106 Safari/537.36"
ip-10-0-0-64.ap-southeast-2.compute.internal:80 121.244.36.135 - - [29/Aug/2018:07:38:35 +0000] "GET /loyalty/confirm HTTP/1.1" 401 317 "http://localhost:4200/aboutYou" "Mozilla/5.0 (Windows NT 10.0; Win64; x64) AppleWebKit/537.36 (KHTML, like Gecko) Chrome/68.0.3440.106 Safari/537.36"
ip-10-0-0-64.ap-southeast-2.compute.internal:80 203.145.182.245 - - [29/Aug/2018:07:38:35 +0000] "GET /settings/profile HTTP/1.1" 401 295 "http://localhost:4200/aboutYou" "Mozilla/5.0 (Windows NT 10.0; Win64; x64) AppleWebKit/537.36 (KHTML, like Gecko) Chrome/68.0.3440.106 Safari/537.36"
ip-10-0-0-64.ap-southeast-2.compute.internal:80 203.145.182.245 - - [29/Aug/2018:07:38:35 +0000] "GET /misc/get/all HTTP/1.1" 200 6817 "http://localhost:4200/aboutYou" "Mozilla/5.0 (Windows NT 10.0; Win64; x64) AppleWebKit/537.36 (KHTML, like Gecko) Chrome/68.0.3440.106 Safari/537.36"
ip-10-0-0-64.ap-southeast-2.compute.internal:80 121.244.36.135 - - [29/Aug/2018:07:38:44 +0000] "OPTIONS /loyalty/confirm HTTP/1.1" 200 416 "-" "Mozilla/5.0 (Windows NT 10.0; Win64; x64) AppleWebKit/537.36 (KHTML, like Gecko) Chrome/68.0.3440.106 Safari/537.36"
ip-10-0-0-64.ap-southeast-2.compute.internal:80 203.145.182.245 - - [29/Aug/2018:07:38:44 +0000] "OPTIONS /settings/profile HTTP/1.1" 200 422 "-" "Mozilla/5.0 (Windows NT 10.0; Win64; x64) AppleWebKit/537.36 (KHTML, like Gecko) Chrome/68.0.3440.106 Safari/537.36"
